 Volume aiea-review4-t6xh_private-data Creating 
 Volume aiea-review4-t6xh_pgdata Creating 
 Network aiea-review4-t6xh_default Creating 
 Volume aiea-review4-t6xh_private-data Creating 
 Network aiea-review4-t6xh_default Creating 
 Volume aiea-review4-t6xh_pgdata Creating 
 Volume aiea-review4-t6xh_private-data Created 
 Volume aiea-review4-t6xh_private-data Created 
 Volume aiea-review4-t6xh_pgdata Created 
 Volume aiea-review4-t6xh_pgdata Created 
 Network aiea-review4-t6xh_default Created 
 Network aiea-review4-t6xh_default Created 
 Container aiea-review4-t6xh-postgres-1 Creating 
 Container aiea-review4-t6xh-postgres-1 Created 
 Container aiea-review4-t6xh-worker-1 Creating 
 Container aiea-review4-t6xh-web-1 Creating 
 Container aiea-review4-t6xh-web-1 Created 
 Container aiea-review4-t6xh-worker-1 Created 
 Container aiea-review4-t6xh-postgres-1 Starting 
 Container aiea-review4-t6xh-postgres-1 Started 
 Container aiea-review4-t6xh-postgres-1 Waiting 
 Container aiea-review4-t6xh-postgres-1 Waiting 
 Container aiea-review4-t6xh-postgres-1 Healthy 
 Container aiea-review4-t6xh-postgres-1 Healthy 
 Container aiea-review4-t6xh-worker-1 Starting 
 Container aiea-review4-t6xh-web-1 Starting 
 Container aiea-review4-t6xh-worker-1 Started 
 Container aiea-review4-t6xh-web-1 Started 
