Client: Docker Engine - Community
 Version:    29.8.0
 Context:    colima
 Debug Mode: false
 Plugins:
  compose: Docker Compose (Docker Inc.)
    Version:  5.5.1
    Path:     /Users/yuyuyu/.docker/cli-plugins/docker-compose

Server:
 Containers: 0
  Running: 0
  Paused: 0
  Stopped: 0
 Images: 67
 Server Version: 29.5.2
 Storage Driver: overlayfs
  driver-type: io.containerd.snapshotter.v1
 Logging Driver: json-file
 Cgroup Driver: cgroupfs
 Cgroup Version: 2
 Plugins:
  Volume: local
  Network: bridge host ipvlan macvlan null overlay
  Log: awslogs fluentd gcplogs gelf journald json-file local splunk syslog
 CDI spec directories:
  /etc/cdi
  /var/run/cdi
 Swarm: inactive
 Runtimes: runc io.containerd.runc.v2
 Default Runtime: runc
 Init Binary: docker-init
 containerd version: 193637f7ee8ae5f5aa5248f49e7baa3e6164966e
 runc version: v1.3.5-0-g488fc13e
 init version: de40ad0
 Security Options:
  apparmor
  seccomp
   Profile: builtin
  cgroupns
 Kernel Version: 6.8.0-117-generic
 Operating System: Ubuntu 24.04.4 LTS
 OSType: linux
 Architecture: aarch64
 CPUs: 2
 Total Memory: 3.813GiB
 Name: colima
 ID: ece0b435-b944-4799-9936-4e8535bdbe82
 Docker Root Dir: /var/lib/docker
 Debug Mode: false
 Experimental: false
 Insecure Registries:
  ::1/128
  127.0.0.0/8
 Live Restore Enabled: false
 Firewall Backend: iptables
  EnableUserlandProxy: true
  UserlandProxyPath: /usr/bin/docker-proxy

