(node:44905) DeprecationWarning: Calling client.query() when the client is already executing a query is deprecated and will be removed in pg@9.0. Use async/await or an external async flow control mechanism instead.
(Use `node --trace-deprecation ...` to show where the warning was created)
valid-tail PASS {
  status: 201,
  code: undefined,
  hadSpoolBeforeTermination: true,
  newTemporaryFiles: 0,
  newTasks: 1,
  health: 200
}
truncated-tail FAIL {
  status: 422,
  code: 'VALIDATION_ERROR',
  hadSpoolBeforeTermination: true,
  newTemporaryFiles: 1,
  newTasks: 0,
  health: 200
}
socket-abort FAIL {
  aborted: true,
  hadSpoolBeforeTermination: true,
  newTemporaryFiles: 1,
  newTasks: 0,
  health: 200
}
