 Container aiea-r4fix-web-1 Stopping 
 Container aiea-r4fix-worker-1 Stopping 
 Container aiea-r4fix-worker-1 Stopped 
 Container aiea-r4fix-worker-1 Removing 
 Container aiea-r4fix-worker-1 Removed 
 Container aiea-r4fix-web-1 Stopped 
 Container aiea-r4fix-web-1 Removing 
 Container aiea-r4fix-web-1 Removed 
 Container aiea-r4fix-postgres-1 Stopping 
 Container aiea-r4fix-postgres-1 Stopped 
 Container aiea-r4fix-postgres-1 Removing 
 Container aiea-r4fix-postgres-1 Removed 
 Dangling images Removing 
 Volume aiea-r4fix_private-data Removing 
 Network aiea-r4fix_default Removing 
 Volume aiea-r4fix_pgdata Removing 
 Volume aiea-r4fix_private-data Removed 
 Volume aiea-r4fix_pgdata Removed 
 Dangling images Removed 
 Network aiea-r4fix_default Removed 
