 Volume aiea-r4fix_private-data Creating 
 Network aiea-r4fix_default Creating 
 Volume aiea-r4fix_pgdata Creating 
 Volume aiea-r4fix_private-data Creating 
 Volume aiea-r4fix_pgdata Creating 
 Network aiea-r4fix_default Creating 
 Volume aiea-r4fix_private-data Created 
 Volume aiea-r4fix_private-data Created 
 Volume aiea-r4fix_pgdata Created 
 Volume aiea-r4fix_pgdata Created 
 Network aiea-r4fix_default Created 
 Network aiea-r4fix_default Created 
 Container aiea-r4fix-postgres-1 Creating 
 Container aiea-r4fix-postgres-1 Created 
 Container aiea-r4fix-web-1 Creating 
 Container aiea-r4fix-worker-1 Creating 
 Container aiea-r4fix-worker-1 Created 
 Container aiea-r4fix-web-1 Created 
 Container aiea-r4fix-postgres-1 Starting 
 Container aiea-r4fix-postgres-1 Started 
 Container aiea-r4fix-postgres-1 Waiting 
 Container aiea-r4fix-postgres-1 Waiting 
 Container aiea-r4fix-postgres-1 Healthy 
 Container aiea-r4fix-postgres-1 Healthy 
 Container aiea-r4fix-worker-1 Starting 
 Container aiea-r4fix-web-1 Starting 
 Container aiea-r4fix-worker-1 Started 
 Container aiea-r4fix-web-1 Started 
