2026-09-27 02:14:56.761 CST [2009] LOG:  starting PostgreSQL 17.11 (Homebrew) on aarch64-apple-darwin25.6.0, compiled by Apple clang version 21.0.0 (clang-2100.1.1.101), 64-bit
2026-09-27 02:14:56.762 CST [2009] LOG:  listening on IPv4 address "127.0.0.1", port 55483
2026-09-27 02:14:56.762 CST [2009] LOG:  listening on Unix socket "/tmp/aiea-g3r1-20260927-sxfw4c8z/pgsock/.s.PGSQL.55483"
2026-09-27 02:14:56.764 CST [2012] LOG:  database system was shut down at 2026-09-27 02:14:56 CST
2026-09-27 02:14:56.765 CST [2009] LOG:  database system is ready to accept connections
2026-09-27 02:18:40.517 CST [2237] ERROR:  duplicate key value violates unique constraint "import_task_active_content_key"
2026-09-27 02:18:40.517 CST [2237] DETAIL:  Key (org_id, store_id, data_source_id, source_kind, file_sha256)=(61ddf994-7153-4ddc-bfa9-997d161e591e, 36fc1913-2710-47b0-93fc-fa36d260e075, 6cc9f9b9-3903-4672-a8f7-43c8dd19e477, products, 9482c7771fa4012b5b081a2b9853a3a64052861744dcd0f268a7f2c8766b8799) already exists.
2026-09-27 02:18:40.517 CST [2237] STATEMENT:  INSERT INTO "public"."import_task" ("id","org_id","store_id","data_source_id","source_kind","status","original_filename","raw_object_key","file_sha256","mapping","coverage_declaration","upload_request_key","idempotency_key","preview_version","base_dataset_version","row_count","valid_count","error_count","insert_count","update_count","unchanged_count","outbox_status","created_by","created_at","updated_at","row_version") VALUES ($1,$2,$3,$4,CAST($5::text AS "public"."ImportSourceKind"),CAST($6::text AS "public"."ImportStatus"),$7,$8,$9,$10,$11,$12,$13,$14,$15,$16,$17,$18,$19,$20,$21,CAST($22::text AS "public"."OutboxStatus"),$23,$24,$25,$26) RETURNING "public"."import_task"."id", "public"."import_task"."org_id", "public"."import_task"."store_id", "public"."import_task"."data_source_id", "public"."import_task"."source_kind"::text, "public"."import_task"."status"::text, "public"."import_task"."original_filename", "public"."import_task"."raw_object_key", "public"."import_task"."file_sha256", "public"."import_task"."mapping", "public"."import_task"."coverage_declaration", "public"."import_task"."upload_request_key", "public"."import_task"."idempotency_key", "public"."import_task"."preview_version", "public"."import_task"."base_dataset_version", "public"."import_task"."committed_dataset_version", "public"."import_task"."committed_ruleset_version", "public"."import_task"."committed_evaluation_at", "public"."import_task"."row_count", "public"."import_task"."valid_count", "public"."import_task"."error_count", "public"."import_task"."insert_count", "public"."import_task"."update_count", "public"."import_task"."unchanged_count", "public"."import_task"."staging_object_key", "public"."import_task"."error_object_key", "public"."import_task"."outbox_status"::text, "public"."import_task"."created_by", "public"."import_task"."confirmed_at", "public"."import_task"."committed_at", "public"."import_task"."error_code", "public"."import_task"."created_at", "public"."import_task"."updated_at", "public"."import_task"."row_version"
2026-09-27 02:18:40.517 CST [2236] ERROR:  duplicate key value violates unique constraint "import_task_active_content_key"
2026-09-27 02:18:40.517 CST [2236] DETAIL:  Key (org_id, store_id, data_source_id, source_kind, file_sha256)=(61ddf994-7153-4ddc-bfa9-997d161e591e, 36fc1913-2710-47b0-93fc-fa36d260e075, 6cc9f9b9-3903-4672-a8f7-43c8dd19e477, products, 9482c7771fa4012b5b081a2b9853a3a64052861744dcd0f268a7f2c8766b8799) already exists.
2026-09-27 02:18:40.517 CST [2236] STATEMENT:  INSERT INTO "public"."import_task" ("id","org_id","store_id","data_source_id","source_kind","status","original_filename","raw_object_key","file_sha256","mapping","coverage_declaration","upload_request_key","idempotency_key","preview_version","base_dataset_version","row_count","valid_count","error_count","insert_count","update_count","unchanged_count","outbox_status","created_by","created_at","updated_at","row_version") VALUES ($1,$2,$3,$4,CAST($5::text AS "public"."ImportSourceKind"),CAST($6::text AS "public"."ImportStatus"),$7,$8,$9,$10,$11,$12,$13,$14,$15,$16,$17,$18,$19,$20,$21,CAST($22::text AS "public"."OutboxStatus"),$23,$24,$25,$26) RETURNING "public"."import_task"."id", "public"."import_task"."org_id", "public"."import_task"."store_id", "public"."import_task"."data_source_id", "public"."import_task"."source_kind"::text, "public"."import_task"."status"::text, "public"."import_task"."original_filename", "public"."import_task"."raw_object_key", "public"."import_task"."file_sha256", "public"."import_task"."mapping", "public"."import_task"."coverage_declaration", "public"."import_task"."upload_request_key", "public"."import_task"."idempotency_key", "public"."import_task"."preview_version", "public"."import_task"."base_dataset_version", "public"."import_task"."committed_dataset_version", "public"."import_task"."committed_ruleset_version", "public"."import_task"."committed_evaluation_at", "public"."import_task"."row_count", "public"."import_task"."valid_count", "public"."import_task"."error_count", "public"."import_task"."insert_count", "public"."import_task"."update_count", "public"."import_task"."unchanged_count", "public"."import_task"."staging_object_key", "public"."import_task"."error_object_key", "public"."import_task"."outbox_status"::text, "public"."import_task"."created_by", "public"."import_task"."confirmed_at", "public"."import_task"."committed_at", "public"."import_task"."error_code", "public"."import_task"."created_at", "public"."import_task"."updated_at", "public"."import_task"."row_version"
2026-09-27 02:18:40.518 CST [2241] ERROR:  duplicate key value violates unique constraint "import_task_active_content_key"
2026-09-27 02:18:40.518 CST [2241] DETAIL:  Key (org_id, store_id, data_source_id, source_kind, file_sha256)=(61ddf994-7153-4ddc-bfa9-997d161e591e, 36fc1913-2710-47b0-93fc-fa36d260e075, 6cc9f9b9-3903-4672-a8f7-43c8dd19e477, products, 9482c7771fa4012b5b081a2b9853a3a64052861744dcd0f268a7f2c8766b8799) already exists.
2026-09-27 02:18:40.518 CST [2241] STATEMENT:  INSERT INTO "public"."import_task" ("id","org_id","store_id","data_source_id","source_kind","status","original_filename","raw_object_key","file_sha256","mapping","coverage_declaration","upload_request_key","idempotency_key","preview_version","base_dataset_version","row_count","valid_count","error_count","insert_count","update_count","unchanged_count","outbox_status","created_by","created_at","updated_at","row_version") VALUES ($1,$2,$3,$4,CAST($5::text AS "public"."ImportSourceKind"),CAST($6::text AS "public"."ImportStatus"),$7,$8,$9,$10,$11,$12,$13,$14,$15,$16,$17,$18,$19,$20,$21,CAST($22::text AS "public"."OutboxStatus"),$23,$24,$25,$26) RETURNING "public"."import_task"."id", "public"."import_task"."org_id", "public"."import_task"."store_id", "public"."import_task"."data_source_id", "public"."import_task"."source_kind"::text, "public"."import_task"."status"::text, "public"."import_task"."original_filename", "public"."import_task"."raw_object_key", "public"."import_task"."file_sha256", "public"."import_task"."mapping", "public"."import_task"."coverage_declaration", "public"."import_task"."upload_request_key", "public"."import_task"."idempotency_key", "public"."import_task"."preview_version", "public"."import_task"."base_dataset_version", "public"."import_task"."committed_dataset_version", "public"."import_task"."committed_ruleset_version", "public"."import_task"."committed_evaluation_at", "public"."import_task"."row_count", "public"."import_task"."valid_count", "public"."import_task"."error_count", "public"."import_task"."insert_count", "public"."import_task"."update_count", "public"."import_task"."unchanged_count", "public"."import_task"."staging_object_key", "public"."import_task"."error_object_key", "public"."import_task"."outbox_status"::text, "public"."import_task"."created_by", "public"."import_task"."confirmed_at", "public"."import_task"."committed_at", "public"."import_task"."error_code", "public"."import_task"."created_at", "public"."import_task"."updated_at", "public"."import_task"."row_version"
2026-09-27 02:18:45.805 CST [2237] ERROR:  duplicate key value violates unique constraint "http_idempotency_org_id_user_id_endpoint_request_key_key"
2026-09-27 02:18:45.805 CST [2237] DETAIL:  Key (org_id, user_id, endpoint, request_key)=(61ddf994-7153-4ddc-bfa9-997d161e591e, 12326165-95cf-48d4-bda7-75eb42df6905, /api/v1/imports, d34313d936f49948cae43bf317b53f0e3b6ee3507d7d2351) already exists.
2026-09-27 02:18:45.805 CST [2237] STATEMENT:  INSERT INTO "public"."http_idempotency" ("id","org_id","user_id","endpoint","request_key","request_hash","response_status","response_body","created_at") VALUES ($1,$2,$3,$4,$5,$6,$7,$8,$9) RETURNING "public"."http_idempotency"."id", "public"."http_idempotency"."org_id", "public"."http_idempotency"."user_id", "public"."http_idempotency"."endpoint", "public"."http_idempotency"."request_key", "public"."http_idempotency"."request_hash", "public"."http_idempotency"."response_status", "public"."http_idempotency"."response_body", "public"."http_idempotency"."created_at"
2026-09-27 02:18:45.811 CST [2237] ERROR:  column http_idempotency.request_hash does not exist at character 202
2026-09-27 02:18:45.811 CST [2237] STATEMENT:  SELECT "public"."http_idempotency"."id", "public"."http_idempotency"."org_id", "public"."http_idempotency"."user_id", "public"."http_idempotency"."endpoint", "public"."http_idempotency"."request_key", "public"."http_idempotency"."request_hash", "public"."http_idempotency"."response_status", "public"."http_idempotency"."response_body", "public"."http_idempotency"."created_at" FROM "public"."http_idempotency" WHERE (("public"."http_idempotency"."org_id" = $1 AND "public"."http_idempotency"."user_id" = $2 AND "public"."http_idempotency"."endpoint" = $3 AND "public"."http_idempotency"."request_key" = $4) AND 1=1) LIMIT $5 OFFSET $6
2026-09-27 02:18:46.683 CST [2236] ERROR:  duplicate key value violates unique constraint "import_task_active_content_key"
2026-09-27 02:18:46.683 CST [2236] DETAIL:  Key (org_id, store_id, data_source_id, source_kind, file_sha256)=(61ddf994-7153-4ddc-bfa9-997d161e591e, 36fc1913-2710-47b0-93fc-fa36d260e075, 6cc9f9b9-3903-4672-a8f7-43c8dd19e477, products, afb0a97b82e3283cd034fccde924ddc4431e2658ae0771033ea956fa73735448) already exists.
2026-09-27 02:18:46.683 CST [2236] STATEMENT:  INSERT INTO "public"."import_task" ("id","org_id","store_id","data_source_id","source_kind","status","original_filename","raw_object_key","file_sha256","mapping","coverage_declaration","upload_request_key","idempotency_key","preview_version","base_dataset_version","row_count","valid_count","error_count","insert_count","update_count","unchanged_count","outbox_status","created_by","created_at","updated_at","row_version") VALUES ($1,$2,$3,$4,CAST($5::text AS "public"."ImportSourceKind"),CAST($6::text AS "public"."ImportStatus"),$7,$8,$9,$10,$11,$12,$13,$14,$15,$16,$17,$18,$19,$20,$21,CAST($22::text AS "public"."OutboxStatus"),$23,$24,$25,$26) RETURNING "public"."import_task"."id", "public"."import_task"."org_id", "public"."import_task"."store_id", "public"."import_task"."data_source_id", "public"."import_task"."source_kind"::text, "public"."import_task"."status"::text, "public"."import_task"."original_filename", "public"."import_task"."raw_object_key", "public"."import_task"."file_sha256", "public"."import_task"."mapping", "public"."import_task"."coverage_declaration", "public"."import_task"."upload_request_key", "public"."import_task"."idempotency_key", "public"."import_task"."preview_version", "public"."import_task"."base_dataset_version", "public"."import_task"."committed_dataset_version", "public"."import_task"."committed_ruleset_version", "public"."import_task"."committed_evaluation_at", "public"."import_task"."row_count", "public"."import_task"."valid_count", "public"."import_task"."error_count", "public"."import_task"."insert_count", "public"."import_task"."update_count", "public"."import_task"."unchanged_count", "public"."import_task"."staging_object_key", "public"."import_task"."error_object_key", "public"."import_task"."outbox_status"::text, "public"."import_task"."created_by", "public"."import_task"."confirmed_at", "public"."import_task"."committed_at", "public"."import_task"."error_code", "public"."import_task"."created_at", "public"."import_task"."updated_at", "public"."import_task"."row_version"
2026-09-27 02:18:46.683 CST [2243] ERROR:  duplicate key value violates unique constraint "import_task_active_content_key"
2026-09-27 02:18:46.683 CST [2243] DETAIL:  Key (org_id, store_id, data_source_id, source_kind, file_sha256)=(61ddf994-7153-4ddc-bfa9-997d161e591e, 36fc1913-2710-47b0-93fc-fa36d260e075, 6cc9f9b9-3903-4672-a8f7-43c8dd19e477, products, afb0a97b82e3283cd034fccde924ddc4431e2658ae0771033ea956fa73735448) already exists.
2026-09-27 02:18:46.683 CST [2243] STATEMENT:  INSERT INTO "public"."import_task" ("id","org_id","store_id","data_source_id","source_kind","status","original_filename","raw_object_key","file_sha256","mapping","coverage_declaration","upload_request_key","idempotency_key","preview_version","base_dataset_version","row_count","valid_count","error_count","insert_count","update_count","unchanged_count","outbox_status","created_by","created_at","updated_at","row_version") VALUES ($1,$2,$3,$4,CAST($5::text AS "public"."ImportSourceKind"),CAST($6::text AS "public"."ImportStatus"),$7,$8,$9,$10,$11,$12,$13,$14,$15,$16,$17,$18,$19,$20,$21,CAST($22::text AS "public"."OutboxStatus"),$23,$24,$25,$26) RETURNING "public"."import_task"."id", "public"."import_task"."org_id", "public"."import_task"."store_id", "public"."import_task"."data_source_id", "public"."import_task"."source_kind"::text, "public"."import_task"."status"::text, "public"."import_task"."original_filename", "public"."import_task"."raw_object_key", "public"."import_task"."file_sha256", "public"."import_task"."mapping", "public"."import_task"."coverage_declaration", "public"."import_task"."upload_request_key", "public"."import_task"."idempotency_key", "public"."import_task"."preview_version", "public"."import_task"."base_dataset_version", "public"."import_task"."committed_dataset_version", "public"."import_task"."committed_ruleset_version", "public"."import_task"."committed_evaluation_at", "public"."import_task"."row_count", "public"."import_task"."valid_count", "public"."import_task"."error_count", "public"."import_task"."insert_count", "public"."import_task"."update_count", "public"."import_task"."unchanged_count", "public"."import_task"."staging_object_key", "public"."import_task"."error_object_key", "public"."import_task"."outbox_status"::text, "public"."import_task"."created_by", "public"."import_task"."confirmed_at", "public"."import_task"."committed_at", "public"."import_task"."error_code", "public"."import_task"."created_at", "public"."import_task"."updated_at", "public"."import_task"."row_version"
2026-09-27 02:18:46.683 CST [2242] ERROR:  duplicate key value violates unique constraint "import_task_active_content_key"
2026-09-27 02:18:46.683 CST [2242] DETAIL:  Key (org_id, store_id, data_source_id, source_kind, file_sha256)=(61ddf994-7153-4ddc-bfa9-997d161e591e, 36fc1913-2710-47b0-93fc-fa36d260e075, 6cc9f9b9-3903-4672-a8f7-43c8dd19e477, products, afb0a97b82e3283cd034fccde924ddc4431e2658ae0771033ea956fa73735448) already exists.
2026-09-27 02:18:46.683 CST [2242] STATEMENT:  INSERT INTO "public"."import_task" ("id","org_id","store_id","data_source_id","source_kind","status","original_filename","raw_object_key","file_sha256","mapping","coverage_declaration","upload_request_key","idempotency_key","preview_version","base_dataset_version","row_count","valid_count","error_count","insert_count","update_count","unchanged_count","outbox_status","created_by","created_at","updated_at","row_version") VALUES ($1,$2,$3,$4,CAST($5::text AS "public"."ImportSourceKind"),CAST($6::text AS "public"."ImportStatus"),$7,$8,$9,$10,$11,$12,$13,$14,$15,$16,$17,$18,$19,$20,$21,CAST($22::text AS "public"."OutboxStatus"),$23,$24,$25,$26) RETURNING "public"."import_task"."id", "public"."import_task"."org_id", "public"."import_task"."store_id", "public"."import_task"."data_source_id", "public"."import_task"."source_kind"::text, "public"."import_task"."status"::text, "public"."import_task"."original_filename", "public"."import_task"."raw_object_key", "public"."import_task"."file_sha256", "public"."import_task"."mapping", "public"."import_task"."coverage_declaration", "public"."import_task"."upload_request_key", "public"."import_task"."idempotency_key", "public"."import_task"."preview_version", "public"."import_task"."base_dataset_version", "public"."import_task"."committed_dataset_version", "public"."import_task"."committed_ruleset_version", "public"."import_task"."committed_evaluation_at", "public"."import_task"."row_count", "public"."import_task"."valid_count", "public"."import_task"."error_count", "public"."import_task"."insert_count", "public"."import_task"."update_count", "public"."import_task"."unchanged_count", "public"."import_task"."staging_object_key", "public"."import_task"."error_object_key", "public"."import_task"."outbox_status"::text, "public"."import_task"."created_by", "public"."import_task"."confirmed_at", "public"."import_task"."committed_at", "public"."import_task"."error_code", "public"."import_task"."created_at", "public"."import_task"."updated_at", "public"."import_task"."row_version"
2026-09-27 02:18:46.687 CST [2236] ERROR:  duplicate key value violates unique constraint "http_idempotency_org_id_user_id_endpoint_request_key_key"
2026-09-27 02:18:46.687 CST [2236] DETAIL:  Key (org_id, user_id, endpoint, request_key)=(61ddf994-7153-4ddc-bfa9-997d161e591e, e7b106f2-bade-483a-939a-f1dcf32c054f, /api/v1/imports, 236fc118adcdab1a65c8d1186c718c7b9e50611e1aa1f911) already exists.
2026-09-27 02:18:46.687 CST [2236] STATEMENT:  INSERT INTO "public"."http_idempotency" ("id","org_id","user_id","endpoint","request_key","request_hash","response_status","response_body","created_at") VALUES ($1,$2,$3,$4,$5,$6,$7,$8,$9) RETURNING "public"."http_idempotency"."id", "public"."http_idempotency"."org_id", "public"."http_idempotency"."user_id", "public"."http_idempotency"."endpoint", "public"."http_idempotency"."request_key", "public"."http_idempotency"."request_hash", "public"."http_idempotency"."response_status", "public"."http_idempotency"."response_body", "public"."http_idempotency"."created_at"
2026-09-27 02:18:46.687 CST [2242] ERROR:  duplicate key value violates unique constraint "http_idempotency_org_id_user_id_endpoint_request_key_key"
2026-09-27 02:18:46.687 CST [2242] DETAIL:  Key (org_id, user_id, endpoint, request_key)=(61ddf994-7153-4ddc-bfa9-997d161e591e, e7b106f2-bade-483a-939a-f1dcf32c054f, /api/v1/imports, 236fc118adcdab1a65c8d1186c718c7b9e50611e1aa1f911) already exists.
2026-09-27 02:18:46.687 CST [2242] STATEMENT:  INSERT INTO "public"."http_idempotency" ("id","org_id","user_id","endpoint","request_key","request_hash","response_status","response_body","created_at") VALUES ($1,$2,$3,$4,$5,$6,$7,$8,$9) RETURNING "public"."http_idempotency"."id", "public"."http_idempotency"."org_id", "public"."http_idempotency"."user_id", "public"."http_idempotency"."endpoint", "public"."http_idempotency"."request_key", "public"."http_idempotency"."request_hash", "public"."http_idempotency"."response_status", "public"."http_idempotency"."response_body", "public"."http_idempotency"."created_at"
2026-09-27 02:18:46.690 CST [2243] ERROR:  duplicate key value violates unique constraint "http_idempotency_org_id_user_id_endpoint_request_key_key"
2026-09-27 02:18:46.690 CST [2243] DETAIL:  Key (org_id, user_id, endpoint, request_key)=(61ddf994-7153-4ddc-bfa9-997d161e591e, e7b106f2-bade-483a-939a-f1dcf32c054f, /api/v1/imports, 236fc118adcdab1a65c8d1186c718c7b9e50611e1aa1f911) already exists.
2026-09-27 02:18:46.690 CST [2243] STATEMENT:  INSERT INTO "public"."http_idempotency" ("id","org_id","user_id","endpoint","request_key","request_hash","response_status","response_body","created_at") VALUES ($1,$2,$3,$4,$5,$6,$7,$8,$9) RETURNING "public"."http_idempotency"."id", "public"."http_idempotency"."org_id", "public"."http_idempotency"."user_id", "public"."http_idempotency"."endpoint", "public"."http_idempotency"."request_key", "public"."http_idempotency"."request_hash", "public"."http_idempotency"."response_status", "public"."http_idempotency"."response_body", "public"."http_idempotency"."created_at"
2026-09-27 02:18:49.187 CST [2245] ERROR:  new row for relation "sku" violates check constraint "ck_t9_inject"
2026-09-27 02:18:49.187 CST [2245] DETAIL:  Failing row contains (6ba2ddc9-8dac-46cc-a73f-d133b4ab90bb, 61ddf994-7153-4ddc-bfa9-997d161e591e, 36fc1913-2710-47b0-93fc-fa36d260e075, ns-import, 2026-09-11 01:00:00+00, 7e0f9bf3-92e2-4df5-864c-1ae95131f4b4, 17871c8a451e836053d66079a294cc53b4d116cff093c9c8ec2ba8f252480283, dca9a89a-8422-410a-bc03-415aedb7d1d4, R9C, R9C-CODE, 杯R9C, null, active, 2026-09-26 18:18:49.187+00, 2026-09-26 18:18:49.187+00, 1).
2026-09-27 02:18:49.187 CST [2245] STATEMENT:  INSERT INTO "public"."sku" ("id","org_id","store_id","source_namespace","source_updated_at","import_task_id","row_hash","product_id","external_sku_id","sku_code","name","specification","status","created_at","updated_at","row_version") VALUES ($1,$2,$3,$4,$5,$6,$7,$8,$9,$10,$11,$12,CAST($13::text AS "public"."SkuStatus"),$14,$15,$16) ON CONFLICT ("org_id","store_id","source_namespace","external_sku_id") DO UPDATE SET "name" = $17, "specification" = $18, "status" = CAST($19::text AS "public"."SkuStatus"), "product_id" = $20, "source_updated_at" = $21, "row_hash" = $22, "import_task_id" = $23, "updated_at" = $24 WHERE (("public"."sku"."org_id" = $25 AND "public"."sku"."store_id" = $26 AND "public"."sku"."source_namespace" = $27 AND "public"."sku"."external_sku_id" = $28) AND 1=1) RETURNING "public"."sku"."id", "public"."sku"."org_id", "public"."sku"."store_id", "public"."sku"."source_namespace", "public"."sku"."source_updated_at", "public"."sku"."import_task_id", "public"."sku"."row_hash", "public"."sku"."product_id", "public"."sku"."external_sku_id", "public"."sku"."sku_code", "public"."sku"."name", "public"."sku"."specification", "public"."sku"."status"::text, "public"."sku"."created_at", "public"."sku"."updated_at", "public"."sku"."row_version"
2026-09-27 02:18:49.236 CST [2241] ERROR:  duplicate key value violates unique constraint "sku_alias_org_id_store_id_source_namespace_external_sku_id_key"
2026-09-27 02:18:49.236 CST [2241] DETAIL:  Key (org_id, store_id, source_namespace, external_sku_id)=(61ddf994-7153-4ddc-bfa9-997d161e591e, 36fc1913-2710-47b0-93fc-fa36d260e075, ns-import, ALIAS-R9E) already exists.
2026-09-27 02:18:49.236 CST [2241] STATEMENT:  INSERT INTO "public"."sku_alias" ("id","org_id","store_id","source_namespace","external_sku_id","sku_id","created_by","created_at","updated_at","row_version") VALUES ($1,$2,$3,$4,$5,$6,$7,$8,$9,$10) RETURNING "public"."sku_alias"."id", "public"."sku_alias"."org_id", "public"."sku_alias"."store_id", "public"."sku_alias"."source_namespace", "public"."sku_alias"."external_sku_id", "public"."sku_alias"."sku_id", "public"."sku_alias"."created_by", "public"."sku_alias"."created_at", "public"."sku_alias"."updated_at", "public"."sku_alias"."row_version"
2026-09-27 02:18:49.557 CST [2240] FATAL:  terminating connection due to administrator command
2026-09-27 02:18:49.557 CST [2239] FATAL:  terminating connection due to administrator command
2026-09-27 02:18:49.559 CST [2010] LOG:  checkpoint starting: immediate force wait
2026-09-27 02:18:49.595 CST [2010] LOG:  checkpoint complete: wrote 344 buffers (2.1%); 0 WAL file(s) added, 0 removed, 1 recycled; write=0.015 s, sync=0.014 s, total=0.037 s; sync files=766, longest=0.001 s, average=0.001 s; distance=12589 kB, estimate=12589 kB; lsn=0/2165E40, redo lsn=0/2165DE8
2026-09-27 02:18:50.071 CST [2250] ERROR:  duplicate key value violates unique constraint "store_org_id_name_key"
2026-09-27 02:18:50.071 CST [2250] DETAIL:  Key (org_id, name)=(3580e562-0871-4b59-b954-ebfdb29752e1, 旗舰店) already exists.
2026-09-27 02:18:50.071 CST [2250] STATEMENT:  INSERT INTO "public"."store" ("id","org_id","name","external_store_id","status","demo_mode","platform","currency","timezone","dataset_version","ruleset_version","snapshot_status","settings","created_at","updated_at","row_version") VALUES ($1,$2,$3,$4,CAST($5::text AS "public"."StoreStatus"),$6,$7,$8,$9,$10,$11,CAST($12::text AS "public"."SnapshotStatus"),$13,$14,$15,$16) RETURNING "public"."store"."id", "public"."store"."org_id", "public"."store"."name", "public"."store"."external_store_id", "public"."store"."status"::text, "public"."store"."demo_mode", "public"."store"."platform", "public"."store"."currency", "public"."store"."timezone", "public"."store"."dataset_version", "public"."store"."input_evaluation_at", "public"."store"."last_evaluation_date", "public"."store"."current_snapshot_version", "public"."store"."ruleset_version", "public"."store"."current_snapshot_ruleset_version", "public"."store"."current_snapshot_evaluation_at", "public"."store"."previous_snapshot_version", "public"."store"."previous_snapshot_ruleset_version", "public"."store"."previous_snapshot_evaluation_at", "public"."store"."snapshot_status"::text, "public"."store"."settings", "public"."store"."created_at", "public"."store"."updated_at", "public"."store"."row_version"
2026-09-27 02:18:50.074 CST [2250] ERROR:  duplicate key value violates unique constraint "store_org_id_external_store_id_key"
2026-09-27 02:18:50.074 CST [2250] DETAIL:  Key (org_id, external_store_id)=(3580e562-0871-4b59-b954-ebfdb29752e1, ext-main) already exists.
2026-09-27 02:18:50.074 CST [2250] STATEMENT:  INSERT INTO "public"."store" ("id","org_id","name","external_store_id","status","demo_mode","platform","currency","timezone","dataset_version","ruleset_version","snapshot_status","settings","created_at","updated_at","row_version") VALUES ($1,$2,$3,$4,CAST($5::text AS "public"."StoreStatus"),$6,$7,$8,$9,$10,$11,CAST($12::text AS "public"."SnapshotStatus"),$13,$14,$15,$16) RETURNING "public"."store"."id", "public"."store"."org_id", "public"."store"."name", "public"."store"."external_store_id", "public"."store"."status"::text, "public"."store"."demo_mode", "public"."store"."platform", "public"."store"."currency", "public"."store"."timezone", "public"."store"."dataset_version", "public"."store"."input_evaluation_at", "public"."store"."last_evaluation_date", "public"."store"."current_snapshot_version", "public"."store"."ruleset_version", "public"."store"."current_snapshot_ruleset_version", "public"."store"."current_snapshot_evaluation_at", "public"."store"."previous_snapshot_version", "public"."store"."previous_snapshot_ruleset_version", "public"."store"."previous_snapshot_evaluation_at", "public"."store"."snapshot_status"::text, "public"."store"."settings", "public"."store"."created_at", "public"."store"."updated_at", "public"."store"."row_version"
2026-09-27 02:18:50.143 CST [2251] ERROR:  duplicate key value violates unique constraint "store_org_id_name_key"
2026-09-27 02:18:50.143 CST [2251] DETAIL:  Key (org_id, name)=(3580e562-0871-4b59-b954-ebfdb29752e1, 旗舰店) already exists.
2026-09-27 02:18:50.143 CST [2251] STATEMENT:  UPDATE "public"."store" SET "name" = $1, "status" = CAST($2::text AS "public"."StoreStatus"), "currency" = $3, "timezone" = $4, "settings" = $5, "row_version" = ("public"."store"."row_version" + $6), "updated_at" = $7 WHERE ("public"."store"."org_id" = $8 AND "public"."store"."id" = $9 AND "public"."store"."row_version" = $10)
2026-09-27 02:18:50.147 CST [2250] ERROR:  duplicate key value violates unique constraint "store_org_id_name_key"
2026-09-27 02:18:50.147 CST [2250] DETAIL:  Key (org_id, name)=(3580e562-0871-4b59-b954-ebfdb29752e1, 并发同名店) already exists.
2026-09-27 02:18:50.147 CST [2250] STATEMENT:  INSERT INTO "public"."store" ("id","org_id","name","external_store_id","status","demo_mode","platform","currency","timezone","dataset_version","ruleset_version","snapshot_status","settings","created_at","updated_at","row_version") VALUES ($1,$2,$3,$4,CAST($5::text AS "public"."StoreStatus"),$6,$7,$8,$9,$10,$11,CAST($12::text AS "public"."SnapshotStatus"),$13,$14,$15,$16) RETURNING "public"."store"."id", "public"."store"."org_id", "public"."store"."name", "public"."store"."external_store_id", "public"."store"."status"::text, "public"."store"."demo_mode", "public"."store"."platform", "public"."store"."currency", "public"."store"."timezone", "public"."store"."dataset_version", "public"."store"."input_evaluation_at", "public"."store"."last_evaluation_date", "public"."store"."current_snapshot_version", "public"."store"."ruleset_version", "public"."store"."current_snapshot_ruleset_version", "public"."store"."current_snapshot_evaluation_at", "public"."store"."previous_snapshot_version", "public"."store"."previous_snapshot_ruleset_version", "public"."store"."previous_snapshot_evaluation_at", "public"."store"."snapshot_status"::text, "public"."store"."settings", "public"."store"."created_at", "public"."store"."updated_at", "public"."store"."row_version"
2026-09-27 02:18:50.149 CST [2252] ERROR:  duplicate key value violates unique constraint "store_org_id_name_key"
2026-09-27 02:18:50.149 CST [2252] DETAIL:  Key (org_id, name)=(3580e562-0871-4b59-b954-ebfdb29752e1, 并发同名店) already exists.
2026-09-27 02:18:50.149 CST [2252] STATEMENT:  INSERT INTO "public"."store" ("id","org_id","name","external_store_id","status","demo_mode","platform","currency","timezone","dataset_version","ruleset_version","snapshot_status","settings","created_at","updated_at","row_version") VALUES ($1,$2,$3,$4,CAST($5::text AS "public"."StoreStatus"),$6,$7,$8,$9,$10,$11,CAST($12::text AS "public"."SnapshotStatus"),$13,$14,$15,$16) RETURNING "public"."store"."id", "public"."store"."org_id", "public"."store"."name", "public"."store"."external_store_id", "public"."store"."status"::text, "public"."store"."demo_mode", "public"."store"."platform", "public"."store"."currency", "public"."store"."timezone", "public"."store"."dataset_version", "public"."store"."input_evaluation_at", "public"."store"."last_evaluation_date", "public"."store"."current_snapshot_version", "public"."store"."ruleset_version", "public"."store"."current_snapshot_ruleset_version", "public"."store"."current_snapshot_evaluation_at", "public"."store"."previous_snapshot_version", "public"."store"."previous_snapshot_ruleset_version", "public"."store"."previous_snapshot_evaluation_at", "public"."store"."snapshot_status"::text, "public"."store"."settings", "public"."store"."created_at", "public"."store"."updated_at", "public"."store"."row_version"
2026-09-27 02:18:50.200 CST [2010] LOG:  checkpoint starting: immediate force wait
2026-09-27 02:18:50.201 CST [2010] LOG:  checkpoint complete: wrote 4 buffers (0.0%); 0 WAL file(s) added, 0 removed, 0 recycled; write=0.001 s, sync=0.001 s, total=0.001 s; sync files=4, longest=0.001 s, average=0.001 s; distance=7718 kB, estimate=12102 kB; lsn=0/28EF6C8, redo lsn=0/28EF670
2026-09-27 02:18:50.489 CST [2257] FATAL:  database "aiea_t_c91eb367" does not exist
2026-09-27 02:18:50.490 CST [2258] FATAL:  database "aiea_t_c91eb367" does not exist
2026-09-27 02:18:51.027 CST [2256] ERROR:  new row for relation "audit_log" violates check constraint "ck_inject_audit_fail"
2026-09-27 02:18:51.027 CST [2256] DETAIL:  Failing row contains (1418d4ec-6f14-4b9e-8fed-fb8ffe9bdb2a, 318ba38a-eb17-45fa-aabd-b5ce51fada47, null, d2463d80-95dd-43f4-9d08-4ca76016746f, user, invite_create, invitation, 74c5899b-c675-48fd-8b7c-03eccd8a9006, null, {"role": "operator", "email": "a*****************@example.com", ..., 72d9f161-8679-480c-b73d-ee8401b1d756, 2026-09-26 18:18:51.026+00, 2026-09-26 18:18:51.026+00, 1).
2026-09-27 02:18:51.027 CST [2256] STATEMENT:  INSERT INTO "public"."audit_log" ("id","org_id","store_id","actor_user_id","actor_type","action","entity_type","entity_id","after_summary","request_id","created_at","updated_at","row_version") VALUES ($1,$2,$3,$4,CAST($5::text AS "public"."ActorType"),$6,$7,$8,$9,$10,$11,$12,$13) RETURNING "public"."audit_log"."id", "public"."audit_log"."org_id", "public"."audit_log"."store_id", "public"."audit_log"."actor_user_id", "public"."audit_log"."actor_type"::text, "public"."audit_log"."action", "public"."audit_log"."entity_type", "public"."audit_log"."entity_id", "public"."audit_log"."before_summary", "public"."audit_log"."after_summary", "public"."audit_log"."request_id", "public"."audit_log"."created_at", "public"."audit_log"."updated_at", "public"."audit_log"."row_version"
2026-09-27 02:18:51.689 CST [2256] ERROR:  new row for relation "auth_rate_limit" violates check constraint "ck_m03_block_invite"
2026-09-27 02:18:51.689 CST [2256] DETAIL:  Failing row contains (ed59b5ff-9157-4d61-b30d-3b2cd376464c, invite-preview:direct, 1, 2026-09-26 18:19:51.689415+00, 2026-09-26 18:18:51.689415+00).
2026-09-27 02:18:51.689 CST [2256] STATEMENT:  
	    INSERT INTO auth_rate_limit (id, key, count, expires_at, updated_at)
	    VALUES (gen_random_uuid(), $1, 1, now() + make_interval(secs => $2), now())
	    ON CONFLICT (key) DO UPDATE SET
	      count = CASE WHEN auth_rate_limit.expires_at <= now() THEN 1 ELSE auth_rate_limit.count + 1 END,
	      expires_at = CASE WHEN auth_rate_limit.expires_at <= now()
	                        THEN now() + make_interval(secs => $3)
	                        ELSE auth_rate_limit.expires_at END,
	      updated_at = now()
	    RETURNING count, CEIL(EXTRACT(EPOCH FROM (auth_rate_limit.expires_at - now())))::bigint AS retry_after_s
2026-09-27 02:18:51.690 CST [2259] ERROR:  new row for relation "auth_rate_limit" violates check constraint "ck_m03_block_invite"
2026-09-27 02:18:51.690 CST [2259] DETAIL:  Failing row contains (d6eca05b-477b-4043-926f-55658fdac969, invite-accept:direct, 1, 2026-09-26 18:19:51.690302+00, 2026-09-26 18:18:51.690302+00).
2026-09-27 02:18:51.690 CST [2259] STATEMENT:  
	    INSERT INTO auth_rate_limit (id, key, count, expires_at, updated_at)
	    VALUES (gen_random_uuid(), $1, 1, now() + make_interval(secs => $2), now())
	    ON CONFLICT (key) DO UPDATE SET
	      count = CASE WHEN auth_rate_limit.expires_at <= now() THEN 1 ELSE auth_rate_limit.count + 1 END,
	      expires_at = CASE WHEN auth_rate_limit.expires_at <= now()
	                        THEN now() + make_interval(secs => $3)
	                        ELSE auth_rate_limit.expires_at END,
	      updated_at = now()
	    RETURNING count, CEIL(EXTRACT(EPOCH FROM (auth_rate_limit.expires_at - now())))::bigint AS retry_after_s
2026-09-27 02:18:51.694 CST [2010] LOG:  checkpoint starting: immediate force wait
2026-09-27 02:18:51.695 CST [2010] LOG:  checkpoint complete: wrote 5 buffers (0.0%); 0 WAL file(s) added, 0 removed, 1 recycled; write=0.001 s, sync=0.001 s, total=0.001 s; sync files=4, longest=0.001 s, average=0.001 s; distance=7671 kB, estimate=11659 kB; lsn=0/306D5F8, redo lsn=0/306D5A0
2026-09-27 02:18:51.963 CST [2264] ERROR:  audit_log store_id 9e067a31-a22b-4123-9181-85483474178f 不属于 org_id 对应组织（同域校验失败）
2026-09-27 02:18:51.963 CST [2264] CONTEXT:  PL/pgSQL function audit_log_store_same_domain() line 6 at RAISE
2026-09-27 02:18:51.963 CST [2264] STATEMENT:  INSERT INTO "public"."audit_log" ("id","org_id","store_id","actor_type","action","entity_type","entity_id","request_id","created_at","updated_at","row_version") VALUES ($1,$2,$3,CAST($4::text AS "public"."ActorType"),$5,$6,$7,$8,$9,$10,$11) RETURNING "public"."audit_log"."id", "public"."audit_log"."org_id", "public"."audit_log"."store_id", "public"."audit_log"."actor_user_id", "public"."audit_log"."actor_type"::text, "public"."audit_log"."action", "public"."audit_log"."entity_type", "public"."audit_log"."entity_id", "public"."audit_log"."before_summary", "public"."audit_log"."after_summary", "public"."audit_log"."request_id", "public"."audit_log"."created_at", "public"."audit_log"."updated_at", "public"."audit_log"."row_version"
2026-09-27 02:18:52.279 CST [2268] ERROR:  insert or update on table "audit_log" violates foreign key constraint "audit_log_org_id_store_id_fkey"
2026-09-27 02:18:52.279 CST [2268] DETAIL:  Key (org_id, store_id)=(7d50203a-38d3-4f37-ab10-5110bc440fca, 1cc5b6e8-34cf-45cd-998f-d23ced896078) is not present in table "store".
2026-09-27 02:18:52.279 CST [2268] STATEMENT:  INSERT INTO audit_log (id,org_id,store_id,action,entity_type,entity_id,request_id,updated_at)
	         VALUES ($1,$2,$3,'race','probe',$4,$5,now())
2026-09-27 02:18:52.614 CST [2269] ERROR:  store c0054fd8-19db-4e56-aa56-f3fbbf9fe54d 的组织归属变更会使既有审计引用脱离同域，已阻断
2026-09-27 02:18:52.614 CST [2269] CONTEXT:  PL/pgSQL function store_org_reassign_guard() line 7 at RAISE
2026-09-27 02:18:52.614 CST [2269] STATEMENT:  UPDATE store SET org_id=$1 WHERE id=$2
2026-09-27 02:18:52.636 CST [2266] ERROR:  new row for relation "job_run" violates check constraint "ck_domain_uuid_job_run"
2026-09-27 02:18:52.636 CST [2266] DETAIL:  Failing row contains (not-a-uuid-review, ddd52a63-6471-4565-811e-c2a7ede58487, f2d9e133-42b3-4636-8192-0b973c4d85c9, recompute_snapshot, idem-4931739a, {}, null, user, null, 1, v1, succeeded, 1, pending, null, null, null, 2026-09-26 18:18:52.635833+00, 2026-09-26 18:18:52.635833+00, 1).
2026-09-27 02:18:52.636 CST [2266] STATEMENT:  
	      INSERT INTO job_run (id, org_id, store_id, job_kind, idempotency_key, context, dataset_version, ruleset_version, status, attempt_count, created_at, updated_at, row_version)
	      VALUES ('not-a-uuid-review', $1, $2, 'recompute_snapshot', $3, '{}'::jsonb, 1, 'v1', 'succeeded', 1, now(), now(), 1)
2026-09-27 02:18:52.669 CST [2271] ERROR:  store 78784feb-4fe5-433f-8bff-f6b8b6e4307f 的组织归属变更会使既有审计引用脱离同域，已阻断
2026-09-27 02:18:52.669 CST [2271] CONTEXT:  PL/pgSQL function store_org_reassign_guard() line 7 at RAISE
2026-09-27 02:18:52.669 CST [2271] STATEMENT:  UPDATE "public"."store" SET "org_id" = $1, "updated_at" = $2 WHERE ("public"."store"."id" = $3 AND 1=1) RETURNING "public"."store"."id", "public"."store"."org_id", "public"."store"."name", "public"."store"."external_store_id", "public"."store"."status"::text, "public"."store"."demo_mode", "public"."store"."platform", "public"."store"."currency", "public"."store"."timezone", "public"."store"."dataset_version", "public"."store"."input_evaluation_at", "public"."store"."last_evaluation_date", "public"."store"."current_snapshot_version", "public"."store"."ruleset_version", "public"."store"."current_snapshot_ruleset_version", "public"."store"."current_snapshot_evaluation_at", "public"."store"."previous_snapshot_version", "public"."store"."previous_snapshot_ruleset_version", "public"."store"."previous_snapshot_evaluation_at", "public"."store"."snapshot_status"::text, "public"."store"."settings", "public"."store"."created_at", "public"."store"."updated_at", "public"."store"."row_version"
2026-09-27 02:18:52.897 CST [2276] ERROR:  audit_log 存在 1 条跨组织店铺引用，拒绝升级；请先人工核对这些历史行
2026-09-27 02:18:52.897 CST [2276] CONTEXT:  PL/pgSQL function inline_code_block line 8 at RAISE
2026-09-27 02:18:52.897 CST [2276] STATEMENT:  -- Gate-01 H08（正式复核）｜审计同域的持续维护：
	-- 1) 升级守卫：存在跨域审计引用时拒绝静默通过（明确报错并给出数量，不自动改写历史）；
	-- 2) 父行保护：store.org_id 变更若使既有 audit_log 引用脱离同域，则阻断该变更；
	-- 3) 删除语义维持既有单列 FK：删除店铺仅清空可空 store_id、保留 org_id。
	-- 说明：p0_audit_tenant_fk 的 audit 行级触发器继续生效（插入/更新同域校验）。
	
	-- 1) 升级守卫（DO 块在迁移事务内失败即整体回滚）
	DO $$
	DECLARE bad BIGINT;
	BEGIN
	  SELECT count(*) INTO bad FROM audit_log a
	  WHERE a.store_id IS NOT NULL
	    AND NOT EXISTS (SELECT 1 FROM store s WHERE s.org_id = a.org_id AND s.id = a.store_id);
	  IF bad > 0 THEN
	    RAISE EXCEPTION 'audit_log 存在 % 条跨组织店铺引用，拒绝升级；请先人工核对这些历史行', bad;
	  END IF;
	END $$;
	
	-- 2) 父行保护函数与触发器
	CREATE FUNCTION "store_org_reassign_guard"() RETURNS trigger AS $$
	BEGIN
	  IF NEW."org_id" IS DISTINCT FROM OLD."org_id" AND EXISTS (
	    SELECT 1 FROM audit_log al
	    WHERE al."store_id" = NEW."id" AND al."org_id" IS DISTINCT FROM NEW."org_id"
	  ) THEN
	    RAISE EXCEPTION 'store % 的组织归属变更会使既有审计引用脱离同域，已阻断', NEW."id";
	  END IF;
	  RETURN NEW;
	END;
	$$ LANGUAGE plpgsql;
	
	CREATE TRIGGER "store_org_reassign_guard_trg"
	  BEFORE UPDATE OF "org_id" ON "store"
	  FOR EACH ROW EXECUTE FUNCTION "store_org_reassign_guard"();
	
2026-09-27 02:18:52.900 CST [2275] FATAL:  terminating connection due to administrator command
2026-09-27 02:18:52.900 CST [2010] LOG:  checkpoint starting: immediate force wait
2026-09-27 02:18:52.946 CST [2010] LOG:  checkpoint complete: wrote 1214 buffers (7.4%); 0 WAL file(s) added, 0 removed, 0 recycled; write=0.024 s, sync=0.014 s, total=0.046 s; sync files=1001, longest=0.001 s, average=0.001 s; distance=14980 kB, estimate=14980 kB; lsn=0/3F0E988, redo lsn=0/3F0E930
2026-09-27 02:18:52.978 CST [2272] ERROR:  insert or update on table "domain_user" violates foreign key constraint "domain_user_auth_user_id_fkey"
2026-09-27 02:18:52.978 CST [2272] DETAIL:  Key (auth_user_id)=(ghost-bd4fd6e1) is not present in table "user".
2026-09-27 02:18:52.978 CST [2272] STATEMENT:  INSERT INTO "public"."domain_user" ("id","auth_user_id","email","display_name","status","created_at","updated_at") VALUES ($1,$2,$3,$4,CAST($5::text AS "public"."UserStatus"),$6,$7) RETURNING "public"."domain_user"."id", "public"."domain_user"."auth_user_id", "public"."domain_user"."email", "public"."domain_user"."display_name", "public"."domain_user"."status"::text, "public"."domain_user"."created_at", "public"."domain_user"."updated_at"
2026-09-27 02:18:53.168 CST [2010] LOG:  checkpoint starting: immediate force wait
2026-09-27 02:18:53.170 CST [2010] LOG:  checkpoint complete: wrote 40 buffers (0.2%); 0 WAL file(s) added, 0 removed, 1 recycled; write=0.001 s, sync=0.001 s, total=0.002 s; sync files=27, longest=0.001 s, average=0.001 s; distance=6959 kB, estimate=14178 kB; lsn=0/45DA6A0, redo lsn=0/45DA648
2026-09-27 02:18:53.742 CST [2010] LOG:  checkpoint starting: immediate force wait
2026-09-27 02:18:53.742 CST [2010] LOG:  checkpoint complete: wrote 2 buffers (0.0%); 0 WAL file(s) added, 0 removed, 0 recycled; write=0.001 s, sync=0.001 s, total=0.001 s; sync files=2, longest=0.001 s, average=0.001 s; distance=73 kB, estimate=12768 kB; lsn=0/45ECD70, redo lsn=0/45ECD18
2026-09-27 02:18:54.498 CST [2294] ERROR:  new row for relation "audit_log" violates check constraint "ck_inject_member_audit"
2026-09-27 02:18:54.498 CST [2294] DETAIL:  Failing row contains (6f140bb4-cc23-464f-8f03-7a94cee23fb7, 2fcb6132-16b2-4cae-bcc5-5142c5162f7c, null, 2868289b-0d03-4bfa-a638-b2cbf5cc5260, user, member_update, membership, 32772e16-b0d3-4cdf-83aa-9a434d6218f3, {"role": "operator", "status": "active"}, {"role": "admin", "status": "active"}, 6730be0d-f8e8-4b61-a9a6-0e97f30fceab, 2026-09-26 18:18:54.497+00, 2026-09-26 18:18:54.497+00, 1).
2026-09-27 02:18:54.498 CST [2294] STATEMENT:  INSERT INTO "public"."audit_log" ("id","org_id","store_id","actor_user_id","actor_type","action","entity_type","entity_id","before_summary","after_summary","request_id","created_at","updated_at","row_version") VALUES ($1,$2,$3,$4,CAST($5::text AS "public"."ActorType"),$6,$7,$8,$9,$10,$11,$12,$13,$14) RETURNING "public"."audit_log"."id", "public"."audit_log"."org_id", "public"."audit_log"."store_id", "public"."audit_log"."actor_user_id", "public"."audit_log"."actor_type"::text, "public"."audit_log"."action", "public"."audit_log"."entity_type", "public"."audit_log"."entity_id", "public"."audit_log"."before_summary", "public"."audit_log"."after_summary", "public"."audit_log"."request_id", "public"."audit_log"."created_at", "public"."audit_log"."updated_at", "public"."audit_log"."row_version"
2026-09-27 02:18:54.504 CST [2294] ERROR:  new row for relation "audit_log" violates check constraint "ck_inject_org_audit"
2026-09-27 02:18:54.504 CST [2294] DETAIL:  Failing row contains (0722a2a7-5967-43d5-8616-e44a25cbe6be, 2fcb6132-16b2-4cae-bcc5-5142c5162f7c, null, 2868289b-0d03-4bfa-a638-b2cbf5cc5260, user, org_update, organization, 2fcb6132-16b2-4cae-bcc5-5142c5162f7c, null, {"name": "不该生效"}, 28ec97b5-6689-4152-b0f1-229caa11b2f3, 2026-09-26 18:18:54.503+00, 2026-09-26 18:18:54.503+00, 1).
2026-09-27 02:18:54.504 CST [2294] STATEMENT:  INSERT INTO "public"."audit_log" ("id","org_id","store_id","actor_user_id","actor_type","action","entity_type","entity_id","after_summary","request_id","created_at","updated_at","row_version") VALUES ($1,$2,$3,$4,CAST($5::text AS "public"."ActorType"),$6,$7,$8,$9,$10,$11,$12,$13) RETURNING "public"."audit_log"."id", "public"."audit_log"."org_id", "public"."audit_log"."store_id", "public"."audit_log"."actor_user_id", "public"."audit_log"."actor_type"::text, "public"."audit_log"."action", "public"."audit_log"."entity_type", "public"."audit_log"."entity_id", "public"."audit_log"."before_summary", "public"."audit_log"."after_summary", "public"."audit_log"."request_id", "public"."audit_log"."created_at", "public"."audit_log"."updated_at", "public"."audit_log"."row_version"
2026-09-27 02:18:54.508 CST [2010] LOG:  checkpoint starting: immediate force wait
2026-09-27 02:18:54.509 CST [2010] LOG:  checkpoint complete: wrote 4 buffers (0.0%); 0 WAL file(s) added, 0 removed, 0 recycled; write=0.001 s, sync=0.001 s, total=0.001 s; sync files=4, longest=0.001 s, average=0.001 s; distance=7564 kB, estimate=12247 kB; lsn=0/4D4FEE8, redo lsn=0/4D4FE90
2026-09-27 02:18:54.951 CST [2298] ERROR:  duplicate key value violates unique constraint "uq_membership_single_owner"
2026-09-27 02:18:54.951 CST [2298] DETAIL:  Key (org_id)=(83d7d388-0bd4-4af1-8f7c-274ce9e922a6) already exists.
2026-09-27 02:18:54.951 CST [2298] STATEMENT:  INSERT INTO "public"."membership" ("id","org_id","user_id","role","status","created_at","updated_at","row_version") VALUES ($1,$2,$3,CAST($4::text AS "public"."MemberRole"),CAST($5::text AS "public"."MemberStatus"),$6,$7,$8) RETURNING "public"."membership"."id", "public"."membership"."org_id", "public"."membership"."user_id", "public"."membership"."role"::text, "public"."membership"."status"::text, "public"."membership"."created_at", "public"."membership"."updated_at", "public"."membership"."row_version"
2026-09-27 02:18:55.294 CST [2010] LOG:  checkpoint starting: immediate force wait
2026-09-27 02:18:55.295 CST [2010] LOG:  checkpoint complete: wrote 4 buffers (0.0%); 0 WAL file(s) added, 0 removed, 1 recycled; write=0.001 s, sync=0.001 s, total=0.001 s; sync files=4, longest=0.001 s, average=0.001 s; distance=7588 kB, estimate=11781 kB; lsn=0/54B9268, redo lsn=0/54B9210
2026-09-27 02:18:55.490 CST [2305] FATAL:  database "aiea_t_c91eb367" does not exist
2026-09-27 02:18:55.490 CST [2306] FATAL:  database "aiea_t_c91eb367" does not exist
2026-09-27 02:18:56.044 CST [2010] LOG:  checkpoint starting: immediate force wait
2026-09-27 02:18:56.045 CST [2010] LOG:  checkpoint complete: wrote 4 buffers (0.0%); 0 WAL file(s) added, 0 removed, 0 recycled; write=0.001 s, sync=0.001 s, total=0.002 s; sync files=4, longest=0.001 s, average=0.001 s; distance=7573 kB, estimate=11361 kB; lsn=0/5C1E840, redo lsn=0/5C1E7E8
2026-09-27 02:18:56.305 CST [2313] ERROR:  insert or update on table "order_item" violates foreign key constraint "order_item_org_id_store_id_import_task_id_fkey"
2026-09-27 02:18:56.305 CST [2313] DETAIL:  Key (org_id, store_id, import_task_id)=(1a0c2023-bc57-4bac-9b80-37f3db766bb3, a48ca130-a901-4c09-a37b-0aa11dfd4bd3, 6637bcae-a309-4b61-b257-bfc483e623de) is not present in table "import_task".
2026-09-27 02:18:56.305 CST [2313] STATEMENT:  INSERT INTO "public"."order_item" ("id","org_id","store_id","source_namespace","source_updated_at","import_task_id","row_hash","order_id","external_order_item_id","sku_id","quantity","item_paid_amount","currency","created_at","updated_at","row_version") VALUES ($1,$2,$3,$4,$5,$6,$7,$8,$9,$10,$11,$12,$13,$14,$15,$16) RETURNING "public"."order_item"."id", "public"."order_item"."org_id", "public"."order_item"."store_id", "public"."order_item"."source_namespace", "public"."order_item"."source_updated_at", "public"."order_item"."import_task_id", "public"."order_item"."row_hash", "public"."order_item"."order_id", "public"."order_item"."external_order_item_id", "public"."order_item"."sku_id", "public"."order_item"."quantity", "public"."order_item"."item_paid_amount", "public"."order_item"."currency", "public"."order_item"."created_at", "public"."order_item"."updated_at", "public"."order_item"."row_version"
2026-09-27 02:18:56.314 CST [2314] ERROR:  duplicate key value violates unique constraint "sku_org_id_store_id_source_namespace_external_sku_id_key"
2026-09-27 02:18:56.314 CST [2314] DETAIL:  Key (org_id, store_id, source_namespace, external_sku_id)=(b767bdc7-b036-4387-a32d-6b6c1dd17d10, e08a5110-f2d7-407c-a16c-424d15e64b51, ns-dup, S-dup) already exists.
2026-09-27 02:18:56.314 CST [2314] STATEMENT:  INSERT INTO "public"."sku" ("id","org_id","store_id","source_namespace","source_updated_at","import_task_id","row_hash","product_id","external_sku_id","sku_code","name","status","created_at","updated_at","row_version") VALUES ($1,$2,$3,$4,$5,$6,$7,$8,$9,$10,$11,CAST($12::text AS "public"."SkuStatus"),$13,$14,$15) RETURNING "public"."sku"."id", "public"."sku"."org_id", "public"."sku"."store_id", "public"."sku"."source_namespace", "public"."sku"."source_updated_at", "public"."sku"."import_task_id", "public"."sku"."row_hash", "public"."sku"."product_id", "public"."sku"."external_sku_id", "public"."sku"."sku_code", "public"."sku"."name", "public"."sku"."specification", "public"."sku"."status"::text, "public"."sku"."created_at", "public"."sku"."updated_at", "public"."sku"."row_version"
2026-09-27 02:18:56.322 CST [2315] ERROR:  duplicate key value violates unique constraint "uq_membership_single_owner"
2026-09-27 02:18:56.322 CST [2315] DETAIL:  Key (org_id)=(d99b2258-089b-4f33-a760-e4c483583c59) already exists.
2026-09-27 02:18:56.322 CST [2315] STATEMENT:  INSERT INTO "public"."membership" ("id","org_id","user_id","role","status","created_at","updated_at","row_version") VALUES ($1,$2,$3,CAST($4::text AS "public"."MemberRole"),CAST($5::text AS "public"."MemberStatus"),$6,$7,$8) RETURNING "public"."membership"."id", "public"."membership"."org_id", "public"."membership"."user_id", "public"."membership"."role"::text, "public"."membership"."status"::text, "public"."membership"."created_at", "public"."membership"."updated_at", "public"."membership"."row_version"
2026-09-27 02:18:56.331 CST [2316] ERROR:  new row for relation "order_item" violates check constraint "ck_order_item_quantity_range"
2026-09-27 02:18:56.331 CST [2316] DETAIL:  Failing row contains (1486ef7b-127e-458b-b1c0-0be63ddaf21c, d4daedb2-11e3-422a-a933-71cc6b5cd700, a84c4adf-753f-46a8-ae74-82ee8690fa5f, ns-negqty, 2026-09-26 18:18:56.33+00, 04e4d02a-506c-414c-b156-492708f3138a, c1bfc1b7-9b9b-4a7b-ba2a-05c582fb776e, 3c34240d-ec4a-48d5-8bb2-7633041aff88, L2, ec6faa01-c08c-4514-9cee-d49f6dd02bdb, -1, 5.000000, CNY, 2026-09-26 18:18:56.33+00, 2026-09-26 18:18:56.33+00, 1).
2026-09-27 02:18:56.331 CST [2316] STATEMENT:  INSERT INTO "public"."order_item" ("id","org_id","store_id","source_namespace","source_updated_at","import_task_id","row_hash","order_id","external_order_item_id","sku_id","quantity","item_paid_amount","currency","created_at","updated_at","row_version") VALUES ($1,$2,$3,$4,$5,$6,$7,$8,$9,$10,$11,$12,$13,$14,$15,$16) RETURNING "public"."order_item"."id", "public"."order_item"."org_id", "public"."order_item"."store_id", "public"."order_item"."source_namespace", "public"."order_item"."source_updated_at", "public"."order_item"."import_task_id", "public"."order_item"."row_hash", "public"."order_item"."order_id", "public"."order_item"."external_order_item_id", "public"."order_item"."sku_id", "public"."order_item"."quantity", "public"."order_item"."item_paid_amount", "public"."order_item"."currency", "public"."order_item"."created_at", "public"."order_item"."updated_at", "public"."order_item"."row_version"
2026-09-27 02:18:56.338 CST [2317] ERROR:  new row for relation "order" violates check constraint "ck_order_currency"
2026-09-27 02:18:56.338 CST [2317] DETAIL:  Failing row contains (b7eba764-c7ed-4bb9-b6e4-d9d3ed503284, 0883b8f6-c1d9-480c-9306-f17e18717ab8, a1088279-739e-4ada-8d84-5b8867be7e2f, ns-badcur, 2026-09-26 18:18:56.338+00, 52314221-99c3-45a8-ad7c-dae54f2d82d0, 75cf68c9-62ea-43c5-b0dc-8cc09f16b660, O-badcur-1, unpaid, null, 2026-09-26 18:18:56.338+00, cny, 1, 2026-09-26 18:18:56.338+00, 2026-09-26 18:18:56.338+00, 1).
2026-09-27 02:18:56.338 CST [2317] STATEMENT:  INSERT INTO "public"."order" ("id","org_id","store_id","source_namespace","source_updated_at","import_task_id","row_hash","external_order_id","payment_status","ordered_at","currency","expected_item_count","created_at","updated_at","row_version") VALUES ($1,$2,$3,$4,$5,$6,$7,$8,CAST($9::text AS "public"."OrderPaymentStatus"),$10,$11,$12,$13,$14,$15) RETURNING "public"."order"."id", "public"."order"."org_id", "public"."order"."store_id", "public"."order"."source_namespace", "public"."order"."source_updated_at", "public"."order"."import_task_id", "public"."order"."row_hash", "public"."order"."external_order_id", "public"."order"."payment_status"::text, "public"."order"."paid_at", "public"."order"."ordered_at", "public"."order"."currency", "public"."order"."expected_item_count", "public"."order"."created_at", "public"."order"."updated_at", "public"."order"."row_version"
2026-09-27 02:18:56.342 CST [2318] ERROR:  value too long for type character(3)
2026-09-27 02:18:56.342 CST [2318] STATEMENT:  UPDATE "public"."store" SET "currency" = $1, "updated_at" = $2 WHERE (("public"."store"."org_id" = $3 AND "public"."store"."external_store_id" = $4) AND 1=1) RETURNING "public"."store"."id", "public"."store"."org_id", "public"."store"."name", "public"."store"."external_store_id", "public"."store"."status"::text, "public"."store"."demo_mode", "public"."store"."platform", "public"."store"."currency", "public"."store"."timezone", "public"."store"."dataset_version", "public"."store"."input_evaluation_at", "public"."store"."last_evaluation_date", "public"."store"."current_snapshot_version", "public"."store"."ruleset_version", "public"."store"."current_snapshot_ruleset_version", "public"."store"."current_snapshot_evaluation_at", "public"."store"."previous_snapshot_version", "public"."store"."previous_snapshot_ruleset_version", "public"."store"."previous_snapshot_evaluation_at", "public"."store"."snapshot_status"::text, "public"."store"."settings", "public"."store"."created_at", "public"."store"."updated_at", "public"."store"."row_version"
2026-09-27 02:18:56.350 CST [2319] ERROR:  new row for relation "refund_event" violates check constraint "ck_refund_succeeded_fields"
2026-09-27 02:18:56.350 CST [2319] DETAIL:  Failing row contains (e7759ced-26b7-4d84-a858-7beb851bb9fe, 1fe5b094-fd68-4cf7-9b63-11d2a7815c8d, e2f0b66e-f2cb-4c5f-a873-5a5e32f2f62d, ns-refund, 2026-09-26 18:18:56.349+00, 2519b7e7-5cf6-4ca9-9135-9e291f2cdfb7, 35af325a-7b59-4c7d-a6fd-ef720d90490a, RF-1, b10c1423-6f55-4487-8511-2ad2b6aea26f, 7cdc2fce-f83f-4a72-a357-8fec19801ee1, null, 2026-09-26 18:18:56.349+00, succeeded, 2026-09-26 18:18:56.349+00, null, null, CNY, quality, null, 2026-09-26 18:18:56.349+00, 2026-09-26 18:18:56.349+00, 1).
2026-09-27 02:18:56.350 CST [2319] STATEMENT:  INSERT INTO "public"."refund_event" ("id","org_id","store_id","source_namespace","source_updated_at","import_task_id","row_hash","external_record_id","order_id","order_item_id","occurred_at","status","completed_at","currency","reason_code","created_at","updated_at","row_version") VALUES ($1,$2,$3,$4,$5,$6,$7,$8,$9,$10,$11,CAST($12::text AS "public"."RefundStatus"),$13,$14,$15,$16,$17,$18) RETURNING "public"."refund_event"."id", "public"."refund_event"."org_id", "public"."refund_event"."store_id", "public"."refund_event"."source_namespace", "public"."refund_event"."source_updated_at", "public"."refund_event"."import_task_id", "public"."refund_event"."row_hash", "public"."refund_event"."external_record_id", "public"."refund_event"."order_id", "public"."refund_event"."order_item_id", "public"."refund_event"."after_sale_record_id", "public"."refund_event"."occurred_at", "public"."refund_event"."status"::text, "public"."refund_event"."completed_at", "public"."refund_event"."refund_amount", "public"."refund_event"."refunded_quantity_cumulative", "public"."refund_event"."currency", "public"."refund_event"."reason_code", "public"."refund_event"."reason_text", "public"."refund_event"."created_at", "public"."refund_event"."updated_at", "public"."refund_event"."row_version"
2026-09-27 02:18:56.356 CST [2010] LOG:  checkpoint starting: immediate force wait
2026-09-27 02:18:56.357 CST [2010] LOG:  checkpoint complete: wrote 4 buffers (0.0%); 0 WAL file(s) added, 0 removed, 1 recycled; write=0.001 s, sync=0.001 s, total=0.001 s; sync files=4, longest=0.001 s, average=0.001 s; distance=7625 kB, estimate=10987 kB; lsn=0/6390FF0, redo lsn=0/6390F98
2026-09-27 02:23:44.952 CST [2698] FATAL:  terminating connection due to administrator command
2026-09-27 02:23:44.952 CST [2699] FATAL:  terminating connection due to administrator command
2026-09-27 02:23:45.055 CST [2010] LOG:  checkpoint starting: immediate force wait
2026-09-27 02:23:45.069 CST [2010] LOG:  checkpoint complete: wrote 295 buffers (1.8%); 0 WAL file(s) added, 0 removed, 0 recycled; write=0.012 s, sync=0.003 s, total=0.015 s; sync files=77, longest=0.001 s, average=0.001 s; distance=9475 kB, estimate=10836 kB; lsn=0/6CD1D30, redo lsn=0/6CD1CD8
2026-09-27 02:25:01.486 CST [2759] FATAL:  terminating connection due to administrator command
2026-09-27 02:25:01.486 CST [2758] FATAL:  terminating connection due to administrator command
2026-09-27 02:25:01.487 CST [2010] LOG:  checkpoint starting: immediate force wait
2026-09-27 02:25:01.488 CST [2010] LOG:  checkpoint complete: wrote 4 buffers (0.0%); 0 WAL file(s) added, 0 removed, 1 recycled; write=0.001 s, sync=0.001 s, total=0.002 s; sync files=4, longest=0.001 s, average=0.001 s; distance=8027 kB, estimate=10555 kB; lsn=0/74A8BF0, redo lsn=0/74A8B98
2026-09-27 02:26:05.624 CST [2809] FATAL:  terminating connection due to administrator command
2026-09-27 02:26:05.624 CST [2808] FATAL:  terminating connection due to administrator command
2026-09-27 02:26:05.625 CST [2010] LOG:  checkpoint starting: immediate force wait
2026-09-27 02:26:05.626 CST [2010] LOG:  checkpoint complete: wrote 4 buffers (0.0%); 0 WAL file(s) added, 0 removed, 0 recycled; write=0.001 s, sync=0.001 s, total=0.002 s; sync files=4, longest=0.001 s, average=0.001 s; distance=7983 kB, estimate=10298 kB; lsn=0/7C748A8, redo lsn=0/7C74850
2026-09-27 02:31:05.661 CST [2010] LOG:  checkpoint starting: time
2026-09-27 02:31:05.769 CST [2010] LOG:  checkpoint complete: wrote 2 buffers (0.0%); 0 WAL file(s) added, 0 removed, 0 recycled; write=0.103 s, sync=0.001 s, total=0.108 s; sync files=2, longest=0.001 s, average=0.001 s; distance=0 kB, estimate=9268 kB; lsn=0/7C74A40, redo lsn=0/7C749E8
2026-09-27 02:35:53.111 CST [2009] LOG:  received fast shutdown request
2026-09-27 02:35:53.111 CST [2009] LOG:  aborting any active transactions
2026-09-27 02:35:53.112 CST [2009] LOG:  background worker "logical replication launcher" (PID 2015) exited with exit code 1
2026-09-27 02:35:53.112 CST [2010] LOG:  shutting down
2026-09-27 02:35:53.112 CST [2010] LOG:  checkpoint starting: shutdown immediate
2026-09-27 02:35:53.113 CST [2010] LOG:  checkpoint complete: wrote 0 buffers (0.0%); 0 WAL file(s) added, 0 removed, 0 recycled; write=0.001 s, sync=0.001 s, total=0.001 s; sync files=0, longest=0.000 s, average=0.000 s; distance=0 kB, estimate=8341 kB; lsn=0/7C74AF0, redo lsn=0/7C74AF0
2026-09-27 02:35:53.114 CST [2009] LOG:  database system is shut down
