DEPRECATED: The legacy builder is deprecated and will be removed in a future release.
            BuildKit is currently disabled; enable it by removing the DOCKER_BUILDKIT=0
            environment-variable.

Sending build context to Docker daemon  650.8kB

Step 1/26 : FROM node:24.21.0-bookworm-slim AS deps
 ---> 2fe369e96955
Step 2/26 : WORKDIR /app
 ---> Using cache
 ---> 5a2c2d81d5cf
Step 3/26 : RUN corepack enable
 ---> Using cache
 ---> d8a0c62eae9d
Step 4/26 : COPY package.json pnpm-lock.yaml pnpm-workspace.yaml .npmrc ./
 ---> 8ca130e4f6b8
Step 5/26 : COPY prisma/schema.prisma ./prisma/schema.prisma
 ---> 27ce9a62d439
Step 6/26 : COPY prisma.config.ts ./
 ---> b53394ed07fc
Step 7/26 : RUN pnpm install --frozen-lockfile
 ---> Running in c0ebce3117d2
[91m! Corepack is about to download https://registry.npmjs.org/pnpm/-/pnpm-10.34.5.tgz
[0mLockfile is up to date, resolution step is skipped
Progress: resolved 1, reused 0, downloaded 0, added 0
Packages: +277
++++++++++++++++++++++++++++++++++++++++++++++++++++++++++++++++++++++++++++++++
Progress: resolved 277, reused 0, downloaded 1, added 1

   ╭──────────────────────────────────────────────╮
   │                                              │
   │     Update available! 10.34.5 → 12.4.1.      │
   │     Changelog: https://pnpm.io/v/12.4.1      │
   │   To update, run: corepack use pnpm@12.4.1   │
   │                                              │
   ╰──────────────────────────────────────────────╯

Progress: resolved 277, reused 0, downloaded 15, added 15
Progress: resolved 277, reused 0, downloaded 35, added 35
Progress: resolved 277, reused 0, downloaded 40, added 40
Progress: resolved 277, reused 0, downloaded 43, added 43
Progress: resolved 277, reused 0, downloaded 44, added 44
Progress: resolved 277, reused 0, downloaded 47, added 47
Progress: resolved 277, reused 0, downloaded 48, added 48
 WARN  Tarball download average speed 49 KiB/s (size 251 KiB) is below 50 KiB/s: https://registry.npmjs.org/@prisma/streams-local/-/streams-local-0.1.11.tgz (GET)
Progress: resolved 277, reused 0, downloaded 52, added 52
Progress: resolved 277, reused 0, downloaded 54, added 54
Progress: resolved 277, reused 0, downloaded 58, added 58
Progress: resolved 277, reused 0, downloaded 62, added 62
Progress: resolved 277, reused 0, downloaded 68, added 68
 WARN  Tarball download average speed 20 KiB/s (size 27 KiB) is below 50 KiB/s: https://registry.npmjs.org/pg/-/pg-8.23.0.tgz (GET)
Progress: resolved 277, reused 0, downloaded 76, added 76
Progress: resolved 277, reused 0, downloaded 80, added 80
Progress: resolved 277, reused 0, downloaded 83, added 83
Progress: resolved 277, reused 0, downloaded 84, added 84
Progress: resolved 277, reused 0, downloaded 86, added 86
Progress: resolved 277, reused 0, downloaded 87, added 87
 WARN  Tarball download average speed 22 KiB/s (size 75 KiB) is below 50 KiB/s: https://registry.npmjs.org/@types/react/-/react-19.3.0.tgz (GET)
Progress: resolved 277, reused 0, downloaded 91, added 91
Progress: resolved 277, reused 0, downloaded 92, added 92
Progress: resolved 277, reused 0, downloaded 93, added 93
 WARN  Tarball download average speed 29 KiB/s (size 242 KiB) is below 50 KiB/s: https://registry.npmjs.org/@prisma/get-platform/-/get-platform-7.10.0.tgz (GET)
Progress: resolved 277, reused 0, downloaded 95, added 95
Progress: resolved 277, reused 0, downloaded 98, added 98
Progress: resolved 277, reused 0, downloaded 99, added 99
 WARN  Tarball download average speed 25 KiB/s (size 105 KiB) is below 50 KiB/s: https://registry.npmjs.org/@visx/vendor/-/vendor-4.0.0-alpha.0.tgz (GET)
Progress: resolved 277, reused 0, downloaded 101, added 101
Progress: resolved 277, reused 0, downloaded 104, added 104
Progress: resolved 277, reused 0, downloaded 106, added 106
Progress: resolved 277, reused 0, downloaded 116, added 116
Progress: resolved 277, reused 0, downloaded 127, added 127
Progress: resolved 277, reused 0, downloaded 131, added 131
 WARN  Tarball download average speed 34 KiB/s (size 969 KiB) is below 50 KiB/s: https://registry.npmjs.org/@prisma/query-plan-executor/-/query-plan-executor-7.2.0.tgz (GET)
Progress: resolved 277, reused 0, downloaded 136, added 136
Progress: resolved 277, reused 0, downloaded 143, added 143
Progress: resolved 277, reused 0, downloaded 148, added 148
Progress: resolved 277, reused 0, downloaded 151, added 151
Progress: resolved 277, reused 0, downloaded 162, added 162
Progress: resolved 277, reused 0, downloaded 170, added 170
Progress: resolved 277, reused 0, downloaded 172, added 172
Progress: resolved 277, reused 0, downloaded 173, added 173
Progress: resolved 277, reused 0, downloaded 176, added 176
Progress: resolved 277, reused 0, downloaded 177, added 177
Progress: resolved 277, reused 0, downloaded 180, added 180
Progress: resolved 277, reused 0, downloaded 184, added 184
 WARN  Tarball download average speed 47 KiB/s (size 1246 KiB) is below 50 KiB/s: https://registry.npmjs.org/react-dom/-/react-dom-19.2.8.tgz (GET)
Progress: resolved 277, reused 0, downloaded 187, added 187
Progress: resolved 277, reused 0, downloaded 191, added 191
Progress: resolved 277, reused 0, downloaded 193, added 193
Progress: resolved 277, reused 0, downloaded 196, added 196
Progress: resolved 277, reused 0, downloaded 199, added 199
Progress: resolved 277, reused 0, downloaded 200, added 200
Progress: resolved 277, reused 0, downloaded 204, added 204
Progress: resolved 277, reused 0, downloaded 205, added 205
Progress: resolved 277, reused 0, downloaded 206, added 206
Progress: resolved 277, reused 0, downloaded 207, added 207
Progress: resolved 277, reused 0, downloaded 208, added 207
Progress: resolved 277, reused 0, downloaded 209, added 209
Progress: resolved 277, reused 0, downloaded 210, added 210
 WARN  Tarball download average speed 43 KiB/s (size 183 KiB) is below 50 KiB/s: https://registry.npmjs.org/tsx/-/tsx-4.23.13.tgz (GET)
Progress: resolved 277, reused 0, downloaded 211, added 211
Progress: resolved 277, reused 0, downloaded 213, added 213
Progress: resolved 277, reused 0, downloaded 214, added 214
Progress: resolved 277, reused 0, downloaded 219, added 219
Progress: resolved 277, reused 0, downloaded 220, added 220
Progress: resolved 277, reused 0, downloaded 222, added 222
 WARN  Tarball download average speed 49 KiB/s (size 65 KiB) is below 50 KiB/s: https://registry.npmjs.org/vite-node/-/vite-node-3.2.4.tgz (GET)
Progress: resolved 277, reused 0, downloaded 229, added 229
Progress: resolved 277, reused 0, downloaded 230, added 229
Progress: resolved 277, reused 0, downloaded 234, added 234
Progress: resolved 277, reused 0, downloaded 237, added 237
Progress: resolved 277, reused 0, downloaded 238, added 238
Progress: resolved 277, reused 0, downloaded 239, added 238
Progress: resolved 277, reused 0, downloaded 246, added 246
Progress: resolved 277, reused 0, downloaded 247, added 247
Progress: resolved 277, reused 0, downloaded 248, added 247
Progress: resolved 277, reused 0, downloaded 249, added 249
Progress: resolved 277, reused 0, downloaded 250, added 250
Progress: resolved 277, reused 0, downloaded 252, added 252
Progress: resolved 277, reused 0, downloaded 253, added 253
Progress: resolved 277, reused 0, downloaded 257, added 257
Progress: resolved 277, reused 0, downloaded 258, added 258
Progress: resolved 277, reused 0, downloaded 260, added 260
Progress: resolved 277, reused 0, downloaded 264, added 264
Progress: resolved 277, reused 0, downloaded 265, added 265
Progress: resolved 277, reused 0, downloaded 268, added 268
 WARN  Tarball download average speed 49 KiB/s (size 4102 KiB) is below 50 KiB/s: https://registry.npmjs.org/effect/-/effect-3.20.0.tgz (GET)
Progress: resolved 277, reused 0, downloaded 269, added 269
Progress: resolved 277, reused 0, downloaded 270, added 269
Progress: resolved 277, reused 0, downloaded 270, added 270
Progress: resolved 277, reused 0, downloaded 271, added 270
Progress: resolved 277, reused 0, downloaded 271, added 271
Progress: resolved 277, reused 0, downloaded 272, added 271
Progress: resolved 277, reused 0, downloaded 272, added 272
Progress: resolved 277, reused 0, downloaded 273, added 272
Progress: resolved 277, reused 0, downloaded 273, added 273
Progress: resolved 277, reused 0, downloaded 274, added 273
Progress: resolved 277, reused 0, downloaded 274, added 274
Progress: resolved 277, reused 0, downloaded 275, added 274
Progress: resolved 277, reused 0, downloaded 275, added 275
Progress: resolved 277, reused 0, downloaded 276, added 275
Progress: resolved 277, reused 0, downloaded 276, added 276
Progress: resolved 277, reused 0, downloaded 277, added 276
Progress: resolved 277, reused 0, downloaded 277, added 277, done
.../esbuild@0.25.12/node_modules/esbuild postinstall$ node install.js
.../esbuild@0.28.2/node_modules/esbuild postinstall$ node install.js
.../esbuild@0.28.2/node_modules/esbuild postinstall: Done
.../esbuild@0.25.12/node_modules/esbuild postinstall: Done

dependencies:
+ @prisma/adapter-pg 7.10.0
+ @prisma/client 7.10.0
+ better-auth 1.7.4
+ next 16.3.5
+ pg 8.23.0
+ pino 10.3.1
+ react 19.2.8
+ react-dom 19.2.8
+ zod 4.6.2

devDependencies:
+ @playwright/test 1.63.0
+ @tailwindcss/postcss 4.3.3
+ @types/node 24.13.4
+ @types/pg 8.23.1
+ @types/react 19.3.0
+ @types/react-dom 19.3.0
+ esbuild 0.25.12
+ prisma 7.10.0
+ tailwindcss 4.3.3
+ tsx 4.23.13
+ typescript 5.9.3
+ vitest 3.2.7

. postinstall$ prisma generate
. postinstall: Loaded Prisma config from prisma.config.ts.
. postinstall: prisma:warn Prisma failed to detect the libssl/openssl version to use, and may not work as expected. Defaulting to "openssl-1.1.x".
. postinstall: Please manually install OpenSSL via `apt-get update -y && apt-get install -y openssl` and try installing Prisma again. If you're running Prisma on Docker, add this command to your Dockerfile, or switch to an image that already has OpenSSL installed.
. postinstall: prisma:warn Prisma failed to detect the libssl/openssl version to use, and may not work as expected. Defaulting to "openssl-1.1.x".
. postinstall: Please manually install OpenSSL via `apt-get update -y && apt-get install -y openssl` and try installing Prisma again. If you're running Prisma on Docker, add this command to your Dockerfile, or switch to an image that already has OpenSSL installed.
. postinstall: Prisma schema loaded from prisma/schema.prisma.
. postinstall: ✔ Generated Prisma Client (7.10.0) to ./src/generated/prisma in 426ms
. postinstall: Done
╭ Warning ─────────────────────────────────────────────────────────────────────╮
│                                                                              │
│   Ignored build scripts: @prisma/engines@7.10.0, prisma@7.10.0.              │
│   Run "pnpm approve-builds" to pick which dependencies should be allowed     │
│   to run scripts.                                                            │
│                                                                              │
╰──────────────────────────────────────────────────────────────────────────────╯
Done in 2m 36.5s using pnpm v10.34.5
 ---> Removed intermediate container c0ebce3117d2
 ---> 294a4a5719d8
Step 8/26 : FROM node:24.21.0-bookworm-slim AS build
 ---> 2fe369e96955
Step 9/26 : WORKDIR /app
 ---> Using cache
 ---> 5a2c2d81d5cf
Step 10/26 : RUN corepack enable
 ---> Using cache
 ---> d8a0c62eae9d
Step 11/26 : COPY --from=deps /app/node_modules ./node_modules
 ---> dde2dcb78100
Step 12/26 : COPY --from=deps /app/src/generated ./src/generated
 ---> 5c448873e5ee
Step 13/26 : COPY . .
 ---> a86339a388fc
Step 14/26 : ENV NEXT_TELEMETRY_DISABLED=1
 ---> Running in d2df047f8d23
 ---> Removed intermediate container d2df047f8d23
 ---> e90a8343d26d
Step 15/26 : ENV DATABASE_URL=postgres://placeholder:placeholder@127.0.0.1:5432/placeholder
 ---> Running in 5308dd88c1de
 ---> Removed intermediate container 5308dd88c1de
 ---> 47f5ee7996b3
Step 16/26 : ENV BETTER_AUTH_SECRET=build-time-placeholder-not-a-secret
 ---> Running in 5eade42056a3
 ---> Removed intermediate container 5eade42056a3
 ---> fd3e71c50efd
Step 17/26 : ENV BETTER_AUTH_URL=http://localhost:3000
 ---> Running in f648c6cde903
 ---> Removed intermediate container f648c6cde903
 ---> 167a49093851
Step 18/26 : RUN pnpm build
 ---> Running in 54fbb1c5add1
[91m! Corepack is about to download https://registry.npmjs.org/pnpm/-/pnpm-10.34.5.tgz
[0m
> ai-ecommerce-assistant@0.1.0 build /app
> next build && pnpm build:worker

▲ Next.js 16.3.5 (Turbopack)
✓ Running next.config.ts took 32ms

  Creating an optimized production build ...
✓ Compiled successfully in 9.8s
  Running TypeScript ...
  Finished TypeScript in 5.6s ...
  Collecting page data using 1 worker ...
  Generating static pages using 1 worker (0/9) ...
  Generating static pages using 1 worker (2/9) 
  Generating static pages using 1 worker (4/9) 
  Generating static pages using 1 worker (6/9) 
✓ Generating static pages using 1 worker (9/9) in 116ms
  Finalizing page optimization ...

Route (app)
┌ ○ /
├ ○ /_not-found
├ ƒ /api/auth/[...all]
├ ƒ /api/health
├ ƒ /api/v1/invitations
├ ƒ /api/v1/invitations/[idOrToken]
├ ƒ /api/v1/invitations/[idOrToken]/accept
├ ƒ /api/v1/me
├ ƒ /api/v1/me/active-organization
├ ƒ /api/v1/members
├ ƒ /api/v1/members/[id]
├ ƒ /api/v1/organization
├ ƒ /invite/[token]
└ ○ /login


○  (Static)   prerendered as static content
ƒ  (Dynamic)  server-rendered on demand


> ai-ecommerce-assistant@0.1.0 build:worker /app
> esbuild src/jobs/worker.ts src/jobs/status.ts --bundle --platform=node --target=node24 --format=cjs --outdir=dist/jobs

[91m
  dist/jobs/worker.js  1.0mb ⚠️
  dist/jobs/status.js  2.6kb

⚡ Done in 87ms
[0m ---> Removed intermediate container 54fbb1c5add1
 ---> d74be89adda3
Step 19/26 : FROM node:24.21.0-bookworm-slim AS runner
 ---> 2fe369e96955
Step 20/26 : WORKDIR /app
 ---> Using cache
 ---> 5a2c2d81d5cf
Step 21/26 : RUN corepack enable
 ---> Using cache
 ---> d8a0c62eae9d
Step 22/26 : ENV NODE_ENV=production
 ---> Using cache
 ---> b246ed7908ca
Step 23/26 : ENV NEXT_TELEMETRY_DISABLED=1
 ---> Using cache
 ---> ebb979070110
Step 24/26 : COPY --from=build /app ./
 ---> bccb275e256e
Step 25/26 : EXPOSE 3000
 ---> Running in 266a6bbe6581
 ---> Removed intermediate container 266a6bbe6581
 ---> f366e0674b6c
Step 26/26 : CMD ["node", "node_modules/next/dist/bin/next", "start"]
 ---> Running in cb023d18d37d
 ---> Removed intermediate container cb023d18d37d
 ---> 22994dc757ea
Successfully built 22994dc757ea
Successfully tagged aiea-r3-review:clean-9a5798c
