
> ai-ecommerce-assistant@0.1.0 test:integration /private/var/folders/97/qcrpjlq567dghr53z360_d240000gn/T/aiea-r3-review-j0wq0rck/repo/ai-ecommerce-assistant
> env -u HTTP_PROXY -u HTTPS_PROXY -u ALL_PROXY -u http_proxy -u https_proxy -u all_proxy PRISMA_HIDE_UPDATE_MESSAGE=1 vitest run tests/integration --maxWorkers=1 --minWorkers=1


 RUN  v3.2.7 /private/var/folders/97/qcrpjlq567dghr53z360_d240000gn/T/aiea-r3-review-j0wq0rck/repo/ai-ecommerce-assistant

stderr | tests/integration/gate01.access.test.ts > Gate-01 H07｜成员/组织管理与审计原子 > 成员 PATCH：审计故障 → 角色与版本零提交
[internal] 0d0b58a9-267c-40e8-8b9d-dbab5de352d6 
Invalid `db.auditLog.create()` invocation in
/private/var/folders/97/qcrpjlq567dghr53z360_d240000gn/T/aiea-r3-review-j0wq0rck/repo/ai-ecommerce-assistant/src/services/audit.ts:21:21

  18 }
  19 
  20 export async function writeAudit(db: Prisma.TransactionClient, entry: AuditEntry): Promise<void> {
→ 21   await db.auditLog.create(
Database error. Code: `23514`. Message: `new row for relation "audit_log" violates check constraint "ck_inject_member_audit"`

stderr | tests/integration/gate01.access.test.ts > Gate-01 H07｜成员/组织管理与审计原子 > 组织 PATCH：审计故障 → 名称与版本零提交
[internal] 8e538d58-d8cd-49a2-852c-8af5a5d034ad 
Invalid `db.auditLog.create()` invocation in
/private/var/folders/97/qcrpjlq567dghr53z360_d240000gn/T/aiea-r3-review-j0wq0rck/repo/ai-ecommerce-assistant/src/services/audit.ts:21:21

  18 }
  19 
  20 export async function writeAudit(db: Prisma.TransactionClient, entry: AuditEntry): Promise<void> {
→ 21   await db.auditLog.create(
Database error. Code: `23514`. Message: `new row for relation "audit_log" violates check constraint "ck_inject_org_audit"`

 ✓ tests/integration/gate01.access.test.ts (7 tests) 1919ms
 ✓ tests/integration/gate01.auth.test.ts (11 tests) 2346ms
 ✓ tests/integration/permissions.test.ts (7 tests) 1408ms
 ✓ tests/integration/auth.test.ts (8 tests) 1572ms
 ✓ tests/integration/gate01.db.test.ts (7 tests) 1109ms
   ✓ Gate-01 正式复核 H08/H09/M04 增补 > H08：升级守卫——存量跨域引用使 v2 迁移失败（拒绝静默通过）  586ms
 ✓ tests/integration/database.test.ts (9 tests) 588ms
 ✓ tests/integration/db.test.ts (4 tests) 8ms

 Test Files  7 passed (7)
      Tests  53 passed (53)
   Start at  15:49:09
   Duration  9.83s (transform 271ms, setup 526ms, collect 139ms, tests 8.95s, environment 0ms, prepare 52ms)

