 Network aiea-g2r2-9hnwja_default Creating 
 Volume aiea-g2r2-9hnwja_pgdata Creating 
 Volume aiea-g2r2-9hnwja_pgdata Creating 
 Network aiea-g2r2-9hnwja_default Creating 
 Volume aiea-g2r2-9hnwja_private-data Creating 
 Volume aiea-g2r2-9hnwja_private-data Creating 
 Volume aiea-g2r2-9hnwja_pgdata Created 
 Volume aiea-g2r2-9hnwja_pgdata Created 
 Volume aiea-g2r2-9hnwja_private-data Created 
 Volume aiea-g2r2-9hnwja_private-data Created 
 Network aiea-g2r2-9hnwja_default Created 
 Network aiea-g2r2-9hnwja_default Created 
 Container aiea-g2r2-9hnwja-postgres-1 Creating 
 Container aiea-g2r2-9hnwja-postgres-1 Created 
 Container aiea-g2r2-9hnwja-web-1 Creating 
 Container aiea-g2r2-9hnwja-worker-1 Creating 
 Container aiea-g2r2-9hnwja-web-1 Created 
 Container aiea-g2r2-9hnwja-worker-1 Created 
 Container aiea-g2r2-9hnwja-postgres-1 Starting 
 Container aiea-g2r2-9hnwja-postgres-1 Started 
 Container aiea-g2r2-9hnwja-postgres-1 Waiting 
 Container aiea-g2r2-9hnwja-postgres-1 Waiting 
 Container aiea-g2r2-9hnwja-postgres-1 Healthy 
 Container aiea-g2r2-9hnwja-postgres-1 Healthy 
 Container aiea-g2r2-9hnwja-worker-1 Starting 
 Container aiea-g2r2-9hnwja-web-1 Starting 
 Container aiea-g2r2-9hnwja-worker-1 Started 
 Container aiea-g2r2-9hnwja-web-1 Started 
