DEPRECATED: The legacy builder is deprecated and will be removed in a future release.
            Install the buildx component to build images with BuildKit:
            https://docs.docker.com/go/buildx/

Sending build context to Docker daemon   5.34MB

Step 1/27 : FROM node:24.21.0-bookworm-slim AS deps
24.21.0-bookworm-slim: Pulling from library/node
8e61afb24d69: Pulling fs layer
2a39367545e5: Pulling fs layer
75782e20ea1f: Pulling fs layer
56ee9ff3d678: Pulling fs layer
552633c16762: Pulling fs layer
e7cfd29ec2a8: Download complete
8e61afb24d69: Download complete
56ee9ff3d678: Download complete
0c1366319f63: Download complete
2a39367545e5: Download complete
75782e20ea1f: Download complete
8e61afb24d69: Pull complete
75782e20ea1f: Pull complete
552633c16762: Download complete
552633c16762: Pull complete
56ee9ff3d678: Pull complete
2a39367545e5: Pull complete
Digest: sha256:2fe369e969550cde8e867afc3fe370b260140cab4a23d467074295b42163d553
Status: Downloaded newer image for node:24.21.0-bookworm-slim
 ---> 2fe369e96955
Step 2/27 : WORKDIR /app
 ---> Running in 66e2827cb404
 ---> Removed intermediate container 66e2827cb404
 ---> 424e0506d9c1
Step 3/27 : RUN corepack enable
 ---> Running in 258d5ae87df0
 ---> Removed intermediate container 258d5ae87df0
 ---> b3f65328b892
Step 4/27 : COPY package.json pnpm-lock.yaml pnpm-workspace.yaml .npmrc ./
 ---> 89c7d624bcc9
Step 5/27 : COPY prisma/schema.prisma ./prisma/schema.prisma
 ---> 88e4acc2f280
Step 6/27 : COPY prisma.config.ts ./
 ---> 26948082ae98
Step 7/27 : COPY src/lib/dbUrl.ts ./src/lib/dbUrl.ts
 ---> de29a3196907
Step 8/27 : RUN pnpm install --frozen-lockfile
 ---> Running in 5fdd4f6fdfd2
[91m! Corepack is about to download https://registry.npmjs.org/pnpm/-/pnpm-10.34.5.tgz
[0mLockfile is up to date, resolution step is skipped
Progress: resolved 1, reused 0, downloaded 0, added 0
Packages: +375
++++++++++++++++++++++++++++++++++++++++++++++++++++++++++++++++++++++++++++++++
Progress: resolved 375, reused 0, downloaded 0, added 0
Progress: resolved 375, reused 0, downloaded 14, added 14

   ╭──────────────────────────────────────────────╮
   │                                              │
   │     Update available! 10.34.5 → 12.4.2.      │
   │     Changelog: https://pnpm.io/v/12.4.2      │
   │   To update, run: corepack use pnpm@12.4.2   │
   │                                              │
   ╰──────────────────────────────────────────────╯

Progress: resolved 375, reused 0, downloaded 35, added 35
Progress: resolved 375, reused 0, downloaded 45, added 45
Progress: resolved 375, reused 0, downloaded 59, added 59
Progress: resolved 375, reused 0, downloaded 76, added 76
Progress: resolved 375, reused 0, downloaded 84, added 84
Progress: resolved 375, reused 0, downloaded 93, added 93
Progress: resolved 375, reused 0, downloaded 105, added 105
Progress: resolved 375, reused 0, downloaded 119, added 119
Progress: resolved 375, reused 0, downloaded 129, added 129
Progress: resolved 375, reused 0, downloaded 142, added 142
Progress: resolved 375, reused 0, downloaded 152, added 152
Progress: resolved 375, reused 0, downloaded 160, added 160
Progress: resolved 375, reused 0, downloaded 165, added 165
Progress: resolved 375, reused 0, downloaded 170, added 170
 WARN  Tarball download average speed 29 KiB/s (size 34 KiB) is below 50 KiB/s: https://registry.npmjs.org/source-map-js/-/source-map-js-1.2.1.tgz (GET)
Progress: resolved 375, reused 0, downloaded 172, added 172
Progress: resolved 375, reused 0, downloaded 175, added 175
Progress: resolved 375, reused 0, downloaded 177, added 177
Progress: resolved 375, reused 0, downloaded 178, added 178
Progress: resolved 375, reused 0, downloaded 181, added 181
Progress: resolved 375, reused 0, downloaded 183, added 183
Progress: resolved 375, reused 0, downloaded 185, added 185
Progress: resolved 375, reused 0, downloaded 190, added 190
Progress: resolved 375, reused 0, downloaded 196, added 196
Progress: resolved 375, reused 0, downloaded 200, added 200
Progress: resolved 375, reused 0, downloaded 203, added 203
Progress: resolved 375, reused 0, downloaded 204, added 203
Progress: resolved 375, reused 0, downloaded 208, added 207
Progress: resolved 375, reused 0, downloaded 212, added 208
Progress: resolved 375, reused 0, downloaded 212, added 209
Progress: resolved 375, reused 0, downloaded 232, added 232
Progress: resolved 375, reused 0, downloaded 243, added 243
Progress: resolved 375, reused 0, downloaded 256, added 256
Progress: resolved 375, reused 0, downloaded 264, added 264
Progress: resolved 375, reused 0, downloaded 271, added 271
Progress: resolved 375, reused 0, downloaded 281, added 281
Progress: resolved 375, reused 0, downloaded 295, added 295
Progress: resolved 375, reused 0, downloaded 316, added 316
Progress: resolved 375, reused 0, downloaded 343, added 343
Progress: resolved 375, reused 0, downloaded 358, added 357
Progress: resolved 375, reused 0, downloaded 365, added 365
Progress: resolved 375, reused 0, downloaded 366, added 365
Progress: resolved 375, reused 0, downloaded 367, added 367
Progress: resolved 375, reused 0, downloaded 368, added 368
Progress: resolved 375, reused 0, downloaded 369, added 368
Progress: resolved 375, reused 0, downloaded 370, added 370
Progress: resolved 375, reused 0, downloaded 371, added 370
Progress: resolved 375, reused 0, downloaded 372, added 372
Progress: resolved 375, reused 0, downloaded 373, added 372
Progress: resolved 375, reused 0, downloaded 373, added 373
Progress: resolved 375, reused 0, downloaded 374, added 373
Progress: resolved 375, reused 0, downloaded 374, added 374
Progress: resolved 375, reused 0, downloaded 375, added 374
Progress: resolved 375, reused 0, downloaded 375, added 375, done
.../esbuild@0.28.2/node_modules/esbuild postinstall$ node install.js
.../esbuild@0.25.12/node_modules/esbuild postinstall$ node install.js
.../esbuild@0.25.12/node_modules/esbuild postinstall: Done
.../esbuild@0.28.2/node_modules/esbuild postinstall: Done

dependencies:
+ @prisma/adapter-pg 7.10.0
+ @prisma/client 7.10.0
+ better-auth 1.7.4
+ busboy 1.6.0
+ csv-parse 5.6.0
+ next 16.3.5
+ pg 8.23.0
+ pg-boss 12.32.0
+ pino 10.3.1
+ react 19.2.8
+ react-dom 19.2.8
+ zod 4.6.2

devDependencies:
+ @playwright/test 1.63.0
+ @tailwindcss/postcss 4.3.3
+ @types/ali-oss 6.23.3
+ @types/busboy 1.5.4
+ @types/node 24.13.4
+ @types/pg 8.23.1
+ @types/react 19.3.0
+ @types/react-dom 19.3.0
+ ali-oss 6.23.0
+ esbuild 0.25.12
+ prisma 7.10.0
+ tailwindcss 4.3.3
+ tsx 4.23.13
+ typescript 5.9.3
+ vitest 3.2.7

. postinstall$ prisma generate
. postinstall: Loaded Prisma config from prisma.config.ts.
. postinstall: prisma:warn Prisma failed to detect the libssl/openssl version to use, and may not work as expected. Defaulting to "openssl-1.1.x".
. postinstall: Please manually install OpenSSL via `apt-get update -y && apt-get install -y openssl` and try installing Prisma again. If you're running Prisma on Docker, add this command to your Dockerfile, or switch to an image that already has OpenSSL installed.
. postinstall: prisma:warn Prisma failed to detect the libssl/openssl version to use, and may not work as expected. Defaulting to "openssl-1.1.x".
. postinstall: Please manually install OpenSSL via `apt-get update -y && apt-get install -y openssl` and try installing Prisma again. If you're running Prisma on Docker, add this command to your Dockerfile, or switch to an image that already has OpenSSL installed.
. postinstall: Prisma schema loaded from prisma/schema.prisma.
. postinstall: ✔ Generated Prisma Client (7.10.0) to ./src/generated/prisma in 745ms
. postinstall: Done
╭ Warning ─────────────────────────────────────────────────────────────────────╮
│                                                                              │
│   Ignored build scripts: @prisma/engines@7.10.0, prisma@7.10.0.              │
│   Run "pnpm approve-builds" to pick which dependencies should be allowed     │
│   to run scripts.                                                            │
│                                                                              │
╰──────────────────────────────────────────────────────────────────────────────╯
Done in 1m 42.3s using pnpm v10.34.5
 ---> Removed intermediate container 5fdd4f6fdfd2
 ---> 6eca71859f0b
Step 9/27 : FROM node:24.21.0-bookworm-slim AS build
 ---> 2fe369e96955
Step 10/27 : WORKDIR /app
 ---> Using cache
 ---> 424e0506d9c1
Step 11/27 : RUN corepack enable
 ---> Using cache
 ---> b3f65328b892
Step 12/27 : COPY --from=deps /app/node_modules ./node_modules
 ---> 14f905086924
Step 13/27 : COPY --from=deps /app/src/generated ./src/generated
 ---> bd55f0dca88d
Step 14/27 : COPY . .
 ---> a217fbc188b6
Step 15/27 : ENV NEXT_TELEMETRY_DISABLED=1
 ---> Running in 7e30b95b935c
 ---> Removed intermediate container 7e30b95b935c
 ---> 0553d5c0cf78
Step 16/27 : ENV DATABASE_URL=postgres://placeholder:placeholder@127.0.0.1:5432/placeholder
 ---> Running in e49e061fc464
 ---> Removed intermediate container e49e061fc464
 ---> 4bf29484bc53
Step 17/27 : ENV BETTER_AUTH_SECRET=build-time-placeholder-not-a-secret
 ---> Running in 32a2c431fb9f
 ---> Removed intermediate container 32a2c431fb9f
 ---> a2bb8d1a428a
Step 18/27 : ENV BETTER_AUTH_URL=http://localhost:3000
 ---> Running in 2ead7521f70e
 ---> Removed intermediate container 2ead7521f70e
 ---> b3ad3cd38aef
Step 19/27 : RUN pnpm build
 ---> Running in 0ad92407797c
[91m! Corepack is about to download https://registry.npmjs.org/pnpm/-/pnpm-10.34.5.tgz
[0m
> ai-ecommerce-assistant@0.1.0 build /app
> next build && pnpm build:worker && pnpm build:scripts

▲ Next.js 16.3.5 (Turbopack)
✓ Running next.config.ts took 24ms

  Creating an optimized production build ...
✓ Compiled successfully in 9.5s
  Running TypeScript ...
  Finished TypeScript in 5.5s ...
  Collecting page data using 1 worker ...
  Generating static pages using 1 worker (0/12) ...
  Generating static pages using 1 worker (3/12) 
  Generating static pages using 1 worker (6/12) 
  Generating static pages using 1 worker (9/12) 
✓ Generating static pages using 1 worker (12/12) in 142ms
  Finalizing page optimization ...

Route (app)
┌ ○ /
├ ○ /_not-found
├ ƒ /api/auth/[...all]
├ ƒ /api/health
├ ƒ /api/v1/data-sources
├ ƒ /api/v1/imports
├ ƒ /api/v1/imports/[id]
├ ƒ /api/v1/imports/[id]/file
├ ƒ /api/v1/invitations
├ ƒ /api/v1/invitations/[idOrToken]
├ ƒ /api/v1/invitations/[idOrToken]/accept
├ ƒ /api/v1/me
├ ƒ /api/v1/me/active-organization
├ ƒ /api/v1/members
├ ƒ /api/v1/members/[id]
├ ƒ /api/v1/organization
├ ƒ /api/v1/stores
├ ƒ /api/v1/stores/[id]
├ ƒ /invite/[token]
└ ○ /login


○  (Static)   prerendered as static content
ƒ  (Dynamic)  server-rendered on demand


> ai-ecommerce-assistant@0.1.0 build:worker /app
> esbuild src/jobs/worker.ts src/jobs/status.ts --bundle --platform=node --target=node24 --format=cjs --outdir=dist/jobs --external:ali-oss --external:proxy-agent --banner:js="var __aieaImportMetaUrl=require('url').pathToFileURL(__filename).href;" --define:import.meta.url=__aieaImportMetaUrl

[91m
  dist/jobs/worker.js  7.5mb ⚠️
  dist/jobs/status.js  2.6kb

⚡ Done in 345ms
[0m
> ai-ecommerce-assistant@0.1.0 build:scripts /app
> esbuild scripts/init-owner.ts scripts/reset-owner-password.ts --bundle --platform=node --target=node24 --format=cjs --outdir=dist/scripts --external:ali-oss --external:proxy-agent --banner:js="var __aieaImportMetaUrl=require('url').pathToFileURL(__filename).href;" --define:import.meta.url=__aieaImportMetaUrl

[91m
  dist/scripts/init-owner.js            7.7mb ⚠️
  dist/scripts/reset-owner-password.js  6.1mb ⚠️

⚡ Done in 333ms
[0m ---> Removed intermediate container 0ad92407797c
 ---> 07b41a2c0ce7
Step 20/27 : FROM node:24.21.0-bookworm-slim AS runner
 ---> 2fe369e96955
Step 21/27 : WORKDIR /app
 ---> Using cache
 ---> 424e0506d9c1
Step 22/27 : RUN corepack enable
 ---> Using cache
 ---> b3f65328b892
Step 23/27 : ENV NODE_ENV=production
 ---> Running in 340836e50512
 ---> Removed intermediate container 340836e50512
 ---> 8262631db60e
Step 24/27 : ENV NEXT_TELEMETRY_DISABLED=1
 ---> Running in 9d0708aa78c1
 ---> Removed intermediate container 9d0708aa78c1
 ---> 987cd9123fdb
Step 25/27 : COPY --from=build /app ./
 ---> 8931b38357b2
Step 26/27 : EXPOSE 3000
 ---> Running in 6fa278473fad
 ---> Removed intermediate container 6fa278473fad
 ---> ab1d8458fc41
Step 27/27 : CMD ["node", "node_modules/next/dist/bin/next", "start"]
 ---> Running in 1ea1538c13ae
 ---> Removed intermediate container 1ea1538c13ae
 ---> 90eb9ccd6705
Successfully built 90eb9ccd6705
Successfully tagged aiea-g2r2-review:072f9ba
