2026-09-16 13:36:47.711 CST [54241] LOG:  starting PostgreSQL 17.11 (Homebrew) on aarch64-apple-darwin25.6.0, compiled by Apple clang version 21.0.0 (clang-2100.1.1.101), 64-bit
2026-09-16 13:36:47.712 CST [54241] LOG:  listening on IPv4 address "127.0.0.1", port 55574
2026-09-16 13:36:47.712 CST [54241] LOG:  listening on Unix socket "/tmp/aiea-g2r2-9hnwja_c/.s.PGSQL.55574"
2026-09-16 13:36:47.716 CST [54244] LOG:  database system was shut down at 2026-09-16 13:36:47 CST
2026-09-16 13:36:47.719 CST [54241] LOG:  database system is ready to accept connections
2026-09-16 13:40:35.486 CST [54619] ERROR:  duplicate key value violates unique constraint "import_task_active_content_key"
2026-09-16 13:40:35.486 CST [54619] DETAIL:  Key (org_id, store_id, data_source_id, source_kind, file_sha256)=(3b5bcb9e-897f-4c0c-ad80-2b835aa8a9d8, 515e1bf8-f56e-4eb4-8c3d-4202a46475f3, 465d2a52-baf2-47bb-88ad-210fb9718e6c, products, 9482c7771fa4012b5b081a2b9853a3a64052861744dcd0f268a7f2c8766b8799) already exists.
2026-09-16 13:40:35.486 CST [54619] STATEMENT:  INSERT INTO "public"."import_task" ("id","org_id","store_id","data_source_id","source_kind","status","original_filename","raw_object_key","file_sha256","mapping","coverage_declaration","upload_request_key","idempotency_key","preview_version","base_dataset_version","row_count","valid_count","error_count","insert_count","update_count","unchanged_count","outbox_status","created_by","created_at","updated_at","row_version") VALUES ($1,$2,$3,$4,CAST($5::text AS "public"."ImportSourceKind"),CAST($6::text AS "public"."ImportStatus"),$7,$8,$9,$10,$11,$12,$13,$14,$15,$16,$17,$18,$19,$20,$21,CAST($22::text AS "public"."OutboxStatus"),$23,$24,$25,$26) RETURNING "public"."import_task"."id", "public"."import_task"."org_id", "public"."import_task"."store_id", "public"."import_task"."data_source_id", "public"."import_task"."source_kind"::text, "public"."import_task"."status"::text, "public"."import_task"."original_filename", "public"."import_task"."raw_object_key", "public"."import_task"."file_sha256", "public"."import_task"."mapping", "public"."import_task"."coverage_declaration", "public"."import_task"."upload_request_key", "public"."import_task"."idempotency_key", "public"."import_task"."preview_version", "public"."import_task"."base_dataset_version", "public"."import_task"."committed_dataset_version", "public"."import_task"."committed_ruleset_version", "public"."import_task"."committed_evaluation_at", "public"."import_task"."row_count", "public"."import_task"."valid_count", "public"."import_task"."error_count", "public"."import_task"."insert_count", "public"."import_task"."update_count", "public"."import_task"."unchanged_count", "public"."import_task"."staging_object_key", "public"."import_task"."error_object_key", "public"."import_task"."outbox_status"::text, "public"."import_task"."created_by", "public"."import_task"."confirmed_at", "public"."import_task"."committed_at", "public"."import_task"."error_code", "public"."import_task"."created_at", "public"."import_task"."updated_at", "public"."import_task"."row_version"
2026-09-16 13:40:45.063 CST [54616] FATAL:  terminating connection due to administrator command
2026-09-16 13:40:45.063 CST [54618] FATAL:  terminating connection due to administrator command
2026-09-16 13:40:45.066 CST [54242] LOG:  checkpoint starting: immediate force wait
2026-09-16 13:40:45.177 CST [54242] LOG:  checkpoint complete: wrote 1178 buffers (7.2%); 0 WAL file(s) added, 0 removed, 1 recycled; write=0.065 s, sync=0.029 s, total=0.112 s; sync files=1011, longest=0.001 s, average=0.001 s; distance=15871 kB, estimate=15871 kB; lsn=0/249A5D0, redo lsn=0/249A578
2026-09-16 13:40:45.700 CST [54637] FATAL:  database "aiea_t_d31436d7" does not exist
2026-09-16 13:40:45.700 CST [54638] FATAL:  database "aiea_t_d31436d7" does not exist
2026-09-16 13:40:46.948 CST [54639] ERROR:  new row for relation "audit_log" violates check constraint "ck_inject_audit_fail"
2026-09-16 13:40:46.948 CST [54639] DETAIL:  Failing row contains (894c57b6-7a74-46c7-af52-35c5177c5ccc, b7e4fd2b-5a0b-4b68-9712-2c7661114236, null, e5f9abdc-deb1-4665-85b5-dd5b07b72821, user, invite_create, invitation, 83de7429-aa6c-4313-9335-03e2f4662bc0, null, {"role": "operator", "email": "a*****************@example.com", ..., 9db20788-13eb-4135-8b27-8c44b5d12ef9, 2026-09-16 05:40:46.947+00, 2026-09-16 05:40:46.947+00, 1).
2026-09-16 13:40:46.948 CST [54639] STATEMENT:  INSERT INTO "public"."audit_log" ("id","org_id","store_id","actor_user_id","actor_type","action","entity_type","entity_id","after_summary","request_id","created_at","updated_at","row_version") VALUES ($1,$2,$3,$4,CAST($5::text AS "public"."ActorType"),$6,$7,$8,$9,$10,$11,$12,$13) RETURNING "public"."audit_log"."id", "public"."audit_log"."org_id", "public"."audit_log"."store_id", "public"."audit_log"."actor_user_id", "public"."audit_log"."actor_type"::text, "public"."audit_log"."action", "public"."audit_log"."entity_type", "public"."audit_log"."entity_id", "public"."audit_log"."before_summary", "public"."audit_log"."after_summary", "public"."audit_log"."request_id", "public"."audit_log"."created_at", "public"."audit_log"."updated_at", "public"."audit_log"."row_version"
2026-09-16 13:40:48.332 CST [54639] ERROR:  new row for relation "auth_rate_limit" violates check constraint "ck_m03_block_invite"
2026-09-16 13:40:48.332 CST [54639] DETAIL:  Failing row contains (aaa34bb5-4b9d-46de-a280-8228ed90ba41, invite-preview:direct, 1, 2026-09-16 05:41:48.331836+00, 2026-09-16 05:40:48.331836+00).
2026-09-16 13:40:48.332 CST [54639] STATEMENT:  
	    INSERT INTO auth_rate_limit (id, key, count, expires_at, updated_at)
	    VALUES (gen_random_uuid(), $1, 1, now() + make_interval(secs => $2), now())
	    ON CONFLICT (key) DO UPDATE SET
	      count = CASE WHEN auth_rate_limit.expires_at <= now() THEN 1 ELSE auth_rate_limit.count + 1 END,
	      expires_at = CASE WHEN auth_rate_limit.expires_at <= now()
	                        THEN now() + make_interval(secs => $3)
	                        ELSE auth_rate_limit.expires_at END,
	      updated_at = now()
	    RETURNING count, CEIL(EXTRACT(EPOCH FROM (auth_rate_limit.expires_at - now())))::bigint AS retry_after_s
2026-09-16 13:40:48.336 CST [54640] ERROR:  new row for relation "auth_rate_limit" violates check constraint "ck_m03_block_invite"
2026-09-16 13:40:48.336 CST [54640] DETAIL:  Failing row contains (8c2ca122-b755-4ab0-abd4-fcd2aa865d2c, invite-accept:direct, 1, 2026-09-16 05:41:48.335749+00, 2026-09-16 05:40:48.335749+00).
2026-09-16 13:40:48.336 CST [54640] STATEMENT:  
	    INSERT INTO auth_rate_limit (id, key, count, expires_at, updated_at)
	    VALUES (gen_random_uuid(), $1, 1, now() + make_interval(secs => $2), now())
	    ON CONFLICT (key) DO UPDATE SET
	      count = CASE WHEN auth_rate_limit.expires_at <= now() THEN 1 ELSE auth_rate_limit.count + 1 END,
	      expires_at = CASE WHEN auth_rate_limit.expires_at <= now()
	                        THEN now() + make_interval(secs => $3)
	                        ELSE auth_rate_limit.expires_at END,
	      updated_at = now()
	    RETURNING count, CEIL(EXTRACT(EPOCH FROM (auth_rate_limit.expires_at - now())))::bigint AS retry_after_s
2026-09-16 13:40:48.345 CST [54242] LOG:  checkpoint starting: immediate force wait
2026-09-16 13:40:48.349 CST [54242] LOG:  checkpoint complete: wrote 218 buffers (1.3%); 0 WAL file(s) added, 0 removed, 0 recycled; write=0.002 s, sync=0.002 s, total=0.005 s; sync files=33, longest=0.001 s, average=0.001 s; distance=8548 kB, estimate=15138 kB; lsn=0/2CF3928, redo lsn=0/2CF38D0
2026-09-16 13:40:49.298 CST [54648] ERROR:  duplicate key value violates unique constraint "store_org_id_name_key"
2026-09-16 13:40:49.298 CST [54648] DETAIL:  Key (org_id, name)=(1a7e89a7-65e4-4030-8578-76a85bbcbbc8, 旗舰店) already exists.
2026-09-16 13:40:49.298 CST [54648] STATEMENT:  INSERT INTO "public"."store" ("id","org_id","name","external_store_id","status","demo_mode","platform","currency","timezone","dataset_version","ruleset_version","snapshot_status","settings","created_at","updated_at","row_version") VALUES ($1,$2,$3,$4,CAST($5::text AS "public"."StoreStatus"),$6,$7,$8,$9,$10,$11,CAST($12::text AS "public"."SnapshotStatus"),$13,$14,$15,$16) RETURNING "public"."store"."id", "public"."store"."org_id", "public"."store"."name", "public"."store"."external_store_id", "public"."store"."status"::text, "public"."store"."demo_mode", "public"."store"."platform", "public"."store"."currency", "public"."store"."timezone", "public"."store"."dataset_version", "public"."store"."input_evaluation_at", "public"."store"."last_evaluation_date", "public"."store"."current_snapshot_version", "public"."store"."ruleset_version", "public"."store"."current_snapshot_ruleset_version", "public"."store"."current_snapshot_evaluation_at", "public"."store"."previous_snapshot_version", "public"."store"."previous_snapshot_ruleset_version", "public"."store"."previous_snapshot_evaluation_at", "public"."store"."snapshot_status"::text, "public"."store"."settings", "public"."store"."created_at", "public"."store"."updated_at", "public"."store"."row_version"
2026-09-16 13:40:49.304 CST [54648] ERROR:  duplicate key value violates unique constraint "store_org_id_external_store_id_key"
2026-09-16 13:40:49.304 CST [54648] DETAIL:  Key (org_id, external_store_id)=(1a7e89a7-65e4-4030-8578-76a85bbcbbc8, ext-main) already exists.
2026-09-16 13:40:49.304 CST [54648] STATEMENT:  INSERT INTO "public"."store" ("id","org_id","name","external_store_id","status","demo_mode","platform","currency","timezone","dataset_version","ruleset_version","snapshot_status","settings","created_at","updated_at","row_version") VALUES ($1,$2,$3,$4,CAST($5::text AS "public"."StoreStatus"),$6,$7,$8,$9,$10,$11,CAST($12::text AS "public"."SnapshotStatus"),$13,$14,$15,$16) RETURNING "public"."store"."id", "public"."store"."org_id", "public"."store"."name", "public"."store"."external_store_id", "public"."store"."status"::text, "public"."store"."demo_mode", "public"."store"."platform", "public"."store"."currency", "public"."store"."timezone", "public"."store"."dataset_version", "public"."store"."input_evaluation_at", "public"."store"."last_evaluation_date", "public"."store"."current_snapshot_version", "public"."store"."ruleset_version", "public"."store"."current_snapshot_ruleset_version", "public"."store"."current_snapshot_evaluation_at", "public"."store"."previous_snapshot_version", "public"."store"."previous_snapshot_ruleset_version", "public"."store"."previous_snapshot_evaluation_at", "public"."store"."snapshot_status"::text, "public"."store"."settings", "public"."store"."created_at", "public"."store"."updated_at", "public"."store"."row_version"
2026-09-16 13:40:49.443 CST [54649] ERROR:  duplicate key value violates unique constraint "store_org_id_name_key"
2026-09-16 13:40:49.443 CST [54649] DETAIL:  Key (org_id, name)=(1a7e89a7-65e4-4030-8578-76a85bbcbbc8, 旗舰店) already exists.
2026-09-16 13:40:49.443 CST [54649] STATEMENT:  UPDATE "public"."store" SET "name" = $1, "status" = CAST($2::text AS "public"."StoreStatus"), "currency" = $3, "timezone" = $4, "settings" = $5, "row_version" = ("public"."store"."row_version" + $6), "updated_at" = $7 WHERE ("public"."store"."org_id" = $8 AND "public"."store"."id" = $9 AND "public"."store"."row_version" = $10)
2026-09-16 13:40:49.462 CST [54648] ERROR:  duplicate key value violates unique constraint "store_org_id_name_key"
2026-09-16 13:40:49.462 CST [54648] DETAIL:  Key (org_id, name)=(1a7e89a7-65e4-4030-8578-76a85bbcbbc8, 并发同名店) already exists.
2026-09-16 13:40:49.462 CST [54648] STATEMENT:  INSERT INTO "public"."store" ("id","org_id","name","external_store_id","status","demo_mode","platform","currency","timezone","dataset_version","ruleset_version","snapshot_status","settings","created_at","updated_at","row_version") VALUES ($1,$2,$3,$4,CAST($5::text AS "public"."StoreStatus"),$6,$7,$8,$9,$10,$11,CAST($12::text AS "public"."SnapshotStatus"),$13,$14,$15,$16) RETURNING "public"."store"."id", "public"."store"."org_id", "public"."store"."name", "public"."store"."external_store_id", "public"."store"."status"::text, "public"."store"."demo_mode", "public"."store"."platform", "public"."store"."currency", "public"."store"."timezone", "public"."store"."dataset_version", "public"."store"."input_evaluation_at", "public"."store"."last_evaluation_date", "public"."store"."current_snapshot_version", "public"."store"."ruleset_version", "public"."store"."current_snapshot_ruleset_version", "public"."store"."current_snapshot_evaluation_at", "public"."store"."previous_snapshot_version", "public"."store"."previous_snapshot_ruleset_version", "public"."store"."previous_snapshot_evaluation_at", "public"."store"."snapshot_status"::text, "public"."store"."settings", "public"."store"."created_at", "public"."store"."updated_at", "public"."store"."row_version"
2026-09-16 13:40:49.470 CST [54650] ERROR:  duplicate key value violates unique constraint "store_org_id_name_key"
2026-09-16 13:40:49.470 CST [54650] DETAIL:  Key (org_id, name)=(1a7e89a7-65e4-4030-8578-76a85bbcbbc8, 并发同名店) already exists.
2026-09-16 13:40:49.470 CST [54650] STATEMENT:  INSERT INTO "public"."store" ("id","org_id","name","external_store_id","status","demo_mode","platform","currency","timezone","dataset_version","ruleset_version","snapshot_status","settings","created_at","updated_at","row_version") VALUES ($1,$2,$3,$4,CAST($5::text AS "public"."StoreStatus"),$6,$7,$8,$9,$10,$11,CAST($12::text AS "public"."SnapshotStatus"),$13,$14,$15,$16) RETURNING "public"."store"."id", "public"."store"."org_id", "public"."store"."name", "public"."store"."external_store_id", "public"."store"."status"::text, "public"."store"."demo_mode", "public"."store"."platform", "public"."store"."currency", "public"."store"."timezone", "public"."store"."dataset_version", "public"."store"."input_evaluation_at", "public"."store"."last_evaluation_date", "public"."store"."current_snapshot_version", "public"."store"."ruleset_version", "public"."store"."current_snapshot_ruleset_version", "public"."store"."current_snapshot_evaluation_at", "public"."store"."previous_snapshot_version", "public"."store"."previous_snapshot_ruleset_version", "public"."store"."previous_snapshot_evaluation_at", "public"."store"."snapshot_status"::text, "public"."store"."settings", "public"."store"."created_at", "public"."store"."updated_at", "public"."store"."row_version"
2026-09-16 13:40:49.511 CST [54242] LOG:  checkpoint starting: immediate force wait
2026-09-16 13:40:49.513 CST [54242] LOG:  checkpoint complete: wrote 4 buffers (0.0%); 0 WAL file(s) added, 0 removed, 1 recycled; write=0.001 s, sync=0.001 s, total=0.003 s; sync files=4, longest=0.001 s, average=0.001 s; distance=7583 kB, estimate=14383 kB; lsn=0/345B808, redo lsn=0/345B7B0
2026-09-16 13:40:50.018 CST [54655] ERROR:  audit_log store_id be7be324-13e2-489e-8a6b-da9917fef4e8 不属于 org_id 对应组织（同域校验失败）
2026-09-16 13:40:50.018 CST [54655] CONTEXT:  PL/pgSQL function audit_log_store_same_domain() line 6 at RAISE
2026-09-16 13:40:50.018 CST [54655] STATEMENT:  INSERT INTO "public"."audit_log" ("id","org_id","store_id","actor_type","action","entity_type","entity_id","request_id","created_at","updated_at","row_version") VALUES ($1,$2,$3,CAST($4::text AS "public"."ActorType"),$5,$6,$7,$8,$9,$10,$11) RETURNING "public"."audit_log"."id", "public"."audit_log"."org_id", "public"."audit_log"."store_id", "public"."audit_log"."actor_user_id", "public"."audit_log"."actor_type"::text, "public"."audit_log"."action", "public"."audit_log"."entity_type", "public"."audit_log"."entity_id", "public"."audit_log"."before_summary", "public"."audit_log"."after_summary", "public"."audit_log"."request_id", "public"."audit_log"."created_at", "public"."audit_log"."updated_at", "public"."audit_log"."row_version"
2026-09-16 13:40:50.349 CST [54658] ERROR:  insert or update on table "audit_log" violates foreign key constraint "audit_log_org_id_store_id_fkey"
2026-09-16 13:40:50.349 CST [54658] DETAIL:  Key (org_id, store_id)=(2be0256d-a76c-4bef-8ea1-0a927bfa8f69, 6276f45c-fdff-4a22-a02b-3980ed66741b) is not present in table "store".
2026-09-16 13:40:50.349 CST [54658] STATEMENT:  INSERT INTO audit_log (id,org_id,store_id,action,entity_type,entity_id,request_id,updated_at)
	         VALUES ($1,$2,$3,'race','probe',$4,$5,now())
2026-09-16 13:40:50.689 CST [54661] ERROR:  store acf4104e-4305-46fc-81cb-5aa1e8d3e3c9 的组织归属变更会使既有审计引用脱离同域，已阻断
2026-09-16 13:40:50.689 CST [54661] CONTEXT:  PL/pgSQL function store_org_reassign_guard() line 7 at RAISE
2026-09-16 13:40:50.689 CST [54661] STATEMENT:  UPDATE store SET org_id=$1 WHERE id=$2
2026-09-16 13:40:50.701 CST [54663] FATAL:  database "aiea_t_d31436d7" does not exist
2026-09-16 13:40:50.702 CST [54664] FATAL:  database "aiea_t_d31436d7" does not exist
2026-09-16 13:40:50.710 CST [54656] ERROR:  new row for relation "job_run" violates check constraint "ck_domain_uuid_job_run"
2026-09-16 13:40:50.710 CST [54656] DETAIL:  Failing row contains (not-a-uuid-review, 007780be-b64f-4257-a9f5-b9d064123049, 06fabc75-e5e2-4631-bffd-e95d48154b0b, recompute_snapshot, idem-2bafa1b0, {}, null, user, null, 1, v1, succeeded, 1, pending, null, null, null, 2026-09-16 05:40:50.710251+00, 2026-09-16 05:40:50.710251+00, 1).
2026-09-16 13:40:50.710 CST [54656] STATEMENT:  
	      INSERT INTO job_run (id, org_id, store_id, job_kind, idempotency_key, context, dataset_version, ruleset_version, status, attempt_count, created_at, updated_at, row_version)
	      VALUES ('not-a-uuid-review', $1, $2, 'recompute_snapshot', $3, '{}'::jsonb, 1, 'v1', 'succeeded', 1, now(), now(), 1)
2026-09-16 13:40:50.751 CST [54665] ERROR:  store eef24504-3499-4903-bf59-de378de50924 的组织归属变更会使既有审计引用脱离同域，已阻断
2026-09-16 13:40:50.751 CST [54665] CONTEXT:  PL/pgSQL function store_org_reassign_guard() line 7 at RAISE
2026-09-16 13:40:50.751 CST [54665] STATEMENT:  UPDATE "public"."store" SET "org_id" = $1, "updated_at" = $2 WHERE ("public"."store"."id" = $3 AND 1=1) RETURNING "public"."store"."id", "public"."store"."org_id", "public"."store"."name", "public"."store"."external_store_id", "public"."store"."status"::text, "public"."store"."demo_mode", "public"."store"."platform", "public"."store"."currency", "public"."store"."timezone", "public"."store"."dataset_version", "public"."store"."input_evaluation_at", "public"."store"."last_evaluation_date", "public"."store"."current_snapshot_version", "public"."store"."ruleset_version", "public"."store"."current_snapshot_ruleset_version", "public"."store"."current_snapshot_evaluation_at", "public"."store"."previous_snapshot_version", "public"."store"."previous_snapshot_ruleset_version", "public"."store"."previous_snapshot_evaluation_at", "public"."store"."snapshot_status"::text, "public"."store"."settings", "public"."store"."created_at", "public"."store"."updated_at", "public"."store"."row_version"
2026-09-16 13:40:51.303 CST [54670] ERROR:  audit_log 存在 1 条跨组织店铺引用，拒绝升级；请先人工核对这些历史行
2026-09-16 13:40:51.303 CST [54670] CONTEXT:  PL/pgSQL function inline_code_block line 8 at RAISE
2026-09-16 13:40:51.303 CST [54670] STATEMENT:  -- Gate-01 H08（正式复核）｜审计同域的持续维护：
	-- 1) 升级守卫：存在跨域审计引用时拒绝静默通过（明确报错并给出数量，不自动改写历史）；
	-- 2) 父行保护：store.org_id 变更若使既有 audit_log 引用脱离同域，则阻断该变更；
	-- 3) 删除语义维持既有单列 FK：删除店铺仅清空可空 store_id、保留 org_id。
	-- 说明：p0_audit_tenant_fk 的 audit 行级触发器继续生效（插入/更新同域校验）。
	
	-- 1) 升级守卫（DO 块在迁移事务内失败即整体回滚）
	DO $$
	DECLARE bad BIGINT;
	BEGIN
	  SELECT count(*) INTO bad FROM audit_log a
	  WHERE a.store_id IS NOT NULL
	    AND NOT EXISTS (SELECT 1 FROM store s WHERE s.org_id = a.org_id AND s.id = a.store_id);
	  IF bad > 0 THEN
	    RAISE EXCEPTION 'audit_log 存在 % 条跨组织店铺引用，拒绝升级；请先人工核对这些历史行', bad;
	  END IF;
	END $$;
	
	-- 2) 父行保护函数与触发器
	CREATE FUNCTION "store_org_reassign_guard"() RETURNS trigger AS $$
	BEGIN
	  IF NEW."org_id" IS DISTINCT FROM OLD."org_id" AND EXISTS (
	    SELECT 1 FROM audit_log al
	    WHERE al."store_id" = NEW."id" AND al."org_id" IS DISTINCT FROM NEW."org_id"
	  ) THEN
	    RAISE EXCEPTION 'store % 的组织归属变更会使既有审计引用脱离同域，已阻断', NEW."id";
	  END IF;
	  RETURN NEW;
	END;
	$$ LANGUAGE plpgsql;
	
	CREATE TRIGGER "store_org_reassign_guard_trg"
	  BEFORE UPDATE OF "org_id" ON "store"
	  FOR EACH ROW EXECUTE FUNCTION "store_org_reassign_guard"();
	
2026-09-16 13:40:51.317 CST [54669] FATAL:  terminating connection due to administrator command
2026-09-16 13:40:51.322 CST [54242] LOG:  checkpoint starting: immediate force wait
2026-09-16 13:40:51.458 CST [54242] LOG:  checkpoint complete: wrote 1214 buffers (7.4%); 0 WAL file(s) added, 0 removed, 1 recycled; write=0.058 s, sync=0.051 s, total=0.136 s; sync files=1001, longest=0.001 s, average=0.001 s; distance=14981 kB, estimate=14981 kB; lsn=0/42FCC50, redo lsn=0/42FCBF8
2026-09-16 13:40:51.549 CST [54666] ERROR:  insert or update on table "domain_user" violates foreign key constraint "domain_user_auth_user_id_fkey"
2026-09-16 13:40:51.549 CST [54666] DETAIL:  Key (auth_user_id)=(ghost-a49f522d) is not present in table "user".
2026-09-16 13:40:51.549 CST [54666] STATEMENT:  INSERT INTO "public"."domain_user" ("id","auth_user_id","email","display_name","status","created_at","updated_at") VALUES ($1,$2,$3,$4,CAST($5::text AS "public"."UserStatus"),$6,$7) RETURNING "public"."domain_user"."id", "public"."domain_user"."auth_user_id", "public"."domain_user"."email", "public"."domain_user"."display_name", "public"."domain_user"."status"::text, "public"."domain_user"."created_at", "public"."domain_user"."updated_at"
2026-09-16 13:40:52.021 CST [54242] LOG:  checkpoint starting: immediate force wait
2026-09-16 13:40:52.023 CST [54242] LOG:  checkpoint complete: wrote 40 buffers (0.2%); 0 WAL file(s) added, 0 removed, 0 recycled; write=0.002 s, sync=0.001 s, total=0.003 s; sync files=27, longest=0.001 s, average=0.001 s; distance=6959 kB, estimate=14178 kB; lsn=0/49C8A00, redo lsn=0/49C89A8
2026-09-16 13:40:53.050 CST [54242] LOG:  checkpoint starting: immediate force wait
2026-09-16 13:40:53.051 CST [54242] LOG:  checkpoint complete: wrote 2 buffers (0.0%); 0 WAL file(s) added, 0 removed, 0 recycled; write=0.001 s, sync=0.001 s, total=0.002 s; sync files=2, longest=0.001 s, average=0.001 s; distance=73 kB, estimate=12768 kB; lsn=0/49DB158, redo lsn=0/49DB100
2026-09-16 13:40:54.612 CST [54688] ERROR:  new row for relation "audit_log" violates check constraint "ck_inject_member_audit"
2026-09-16 13:40:54.612 CST [54688] DETAIL:  Failing row contains (33649e0d-be91-4781-a41e-be1292a6e9f9, 569a1be4-1194-43ab-9827-8d7a8630d3cd, null, 9212e5ff-bf42-4a6b-aa5a-8bf1d378d806, user, member_update, membership, 7329d0b8-0e5c-4911-a7f1-7eaf754c7e1a, {"role": "operator", "status": "active"}, {"role": "admin", "status": "active"}, 6d9a842f-e6e0-4ed8-b7d2-5a7af52c0b70, 2026-09-16 05:40:54.612+00, 2026-09-16 05:40:54.612+00, 1).
2026-09-16 13:40:54.612 CST [54688] STATEMENT:  INSERT INTO "public"."audit_log" ("id","org_id","store_id","actor_user_id","actor_type","action","entity_type","entity_id","before_summary","after_summary","request_id","created_at","updated_at","row_version") VALUES ($1,$2,$3,$4,CAST($5::text AS "public"."ActorType"),$6,$7,$8,$9,$10,$11,$12,$13,$14) RETURNING "public"."audit_log"."id", "public"."audit_log"."org_id", "public"."audit_log"."store_id", "public"."audit_log"."actor_user_id", "public"."audit_log"."actor_type"::text, "public"."audit_log"."action", "public"."audit_log"."entity_type", "public"."audit_log"."entity_id", "public"."audit_log"."before_summary", "public"."audit_log"."after_summary", "public"."audit_log"."request_id", "public"."audit_log"."created_at", "public"."audit_log"."updated_at", "public"."audit_log"."row_version"
2026-09-16 13:40:54.626 CST [54688] ERROR:  new row for relation "audit_log" violates check constraint "ck_inject_org_audit"
2026-09-16 13:40:54.626 CST [54688] DETAIL:  Failing row contains (cc996370-1f0a-420a-8ecd-83e3d5280d46, 569a1be4-1194-43ab-9827-8d7a8630d3cd, null, 9212e5ff-bf42-4a6b-aa5a-8bf1d378d806, user, org_update, organization, 569a1be4-1194-43ab-9827-8d7a8630d3cd, null, {"name": "不该生效"}, dc00ad58-2a68-4da9-9277-258f04ba4743, 2026-09-16 05:40:54.625+00, 2026-09-16 05:40:54.625+00, 1).
2026-09-16 13:40:54.626 CST [54688] STATEMENT:  INSERT INTO "public"."audit_log" ("id","org_id","store_id","actor_user_id","actor_type","action","entity_type","entity_id","after_summary","request_id","created_at","updated_at","row_version") VALUES ($1,$2,$3,$4,CAST($5::text AS "public"."ActorType"),$6,$7,$8,$9,$10,$11,$12,$13) RETURNING "public"."audit_log"."id", "public"."audit_log"."org_id", "public"."audit_log"."store_id", "public"."audit_log"."actor_user_id", "public"."audit_log"."actor_type"::text, "public"."audit_log"."action", "public"."audit_log"."entity_type", "public"."audit_log"."entity_id", "public"."audit_log"."before_summary", "public"."audit_log"."after_summary", "public"."audit_log"."request_id", "public"."audit_log"."created_at", "public"."audit_log"."updated_at", "public"."audit_log"."row_version"
2026-09-16 13:40:54.635 CST [54242] LOG:  checkpoint starting: immediate force wait
2026-09-16 13:40:54.637 CST [54242] LOG:  checkpoint complete: wrote 4 buffers (0.0%); 0 WAL file(s) added, 0 removed, 1 recycled; write=0.001 s, sync=0.001 s, total=0.002 s; sync files=4, longest=0.001 s, average=0.001 s; distance=7564 kB, estimate=12248 kB; lsn=0/513E3B8, redo lsn=0/513E360
2026-09-16 13:40:55.476 CST [54695] ERROR:  duplicate key value violates unique constraint "uq_membership_single_owner"
2026-09-16 13:40:55.476 CST [54695] DETAIL:  Key (org_id)=(b25ee700-618d-4ed1-8a37-3ce7f0050044) already exists.
2026-09-16 13:40:55.476 CST [54695] STATEMENT:  INSERT INTO "public"."membership" ("id","org_id","user_id","role","status","created_at","updated_at","row_version") VALUES ($1,$2,$3,CAST($4::text AS "public"."MemberRole"),CAST($5::text AS "public"."MemberStatus"),$6,$7,$8) RETURNING "public"."membership"."id", "public"."membership"."org_id", "public"."membership"."user_id", "public"."membership"."role"::text, "public"."membership"."status"::text, "public"."membership"."created_at", "public"."membership"."updated_at", "public"."membership"."row_version"
2026-09-16 13:40:55.702 CST [54705] FATAL:  database "aiea_t_d31436d7" does not exist
2026-09-16 13:40:55.703 CST [54706] FATAL:  database "aiea_t_d31436d7" does not exist
2026-09-16 13:40:56.182 CST [54242] LOG:  checkpoint starting: immediate force wait
2026-09-16 13:40:56.184 CST [54242] LOG:  checkpoint complete: wrote 4 buffers (0.0%); 0 WAL file(s) added, 0 removed, 0 recycled; write=0.001 s, sync=0.001 s, total=0.002 s; sync files=4, longest=0.001 s, average=0.001 s; distance=7589 kB, estimate=11782 kB; lsn=0/58A77B8, redo lsn=0/58A7760
2026-09-16 13:40:57.577 CST [54242] LOG:  checkpoint starting: immediate force wait
2026-09-16 13:40:57.578 CST [54242] LOG:  checkpoint complete: wrote 4 buffers (0.0%); 0 WAL file(s) added, 0 removed, 1 recycled; write=0.001 s, sync=0.001 s, total=0.002 s; sync files=4, longest=0.001 s, average=0.001 s; distance=7573 kB, estimate=11361 kB; lsn=0/600CE60, redo lsn=0/600CE08
2026-09-16 13:40:58.078 CST [54719] ERROR:  insert or update on table "order_item" violates foreign key constraint "order_item_org_id_store_id_import_task_id_fkey"
2026-09-16 13:40:58.078 CST [54719] DETAIL:  Key (org_id, store_id, import_task_id)=(9ddf3b54-d52f-44f2-ae16-eba51ce7950f, 606d21ce-6ee3-4940-aabf-399befe875a1, cbcc7304-0833-4891-a482-b7cd34335482) is not present in table "import_task".
2026-09-16 13:40:58.078 CST [54719] STATEMENT:  INSERT INTO "public"."order_item" ("id","org_id","store_id","source_namespace","source_updated_at","import_task_id","row_hash","order_id","external_order_item_id","sku_id","quantity","item_paid_amount","currency","created_at","updated_at","row_version") VALUES ($1,$2,$3,$4,$5,$6,$7,$8,$9,$10,$11,$12,$13,$14,$15,$16) RETURNING "public"."order_item"."id", "public"."order_item"."org_id", "public"."order_item"."store_id", "public"."order_item"."source_namespace", "public"."order_item"."source_updated_at", "public"."order_item"."import_task_id", "public"."order_item"."row_hash", "public"."order_item"."order_id", "public"."order_item"."external_order_item_id", "public"."order_item"."sku_id", "public"."order_item"."quantity", "public"."order_item"."item_paid_amount", "public"."order_item"."currency", "public"."order_item"."created_at", "public"."order_item"."updated_at", "public"."order_item"."row_version"
2026-09-16 13:40:58.112 CST [54720] ERROR:  duplicate key value violates unique constraint "sku_org_id_store_id_source_namespace_external_sku_id_key"
2026-09-16 13:40:58.112 CST [54720] DETAIL:  Key (org_id, store_id, source_namespace, external_sku_id)=(91c79fb6-8634-438e-bf13-9ed812f3221b, e8a6add5-8c67-42d9-9517-11659cff187e, ns-dup, S-dup) already exists.
2026-09-16 13:40:58.112 CST [54720] STATEMENT:  INSERT INTO "public"."sku" ("id","org_id","store_id","source_namespace","source_updated_at","import_task_id","row_hash","product_id","external_sku_id","sku_code","name","status","created_at","updated_at","row_version") VALUES ($1,$2,$3,$4,$5,$6,$7,$8,$9,$10,$11,CAST($12::text AS "public"."SkuStatus"),$13,$14,$15) RETURNING "public"."sku"."id", "public"."sku"."org_id", "public"."sku"."store_id", "public"."sku"."source_namespace", "public"."sku"."source_updated_at", "public"."sku"."import_task_id", "public"."sku"."row_hash", "public"."sku"."product_id", "public"."sku"."external_sku_id", "public"."sku"."sku_code", "public"."sku"."name", "public"."sku"."specification", "public"."sku"."status"::text, "public"."sku"."created_at", "public"."sku"."updated_at", "public"."sku"."row_version"
2026-09-16 13:40:58.127 CST [54721] ERROR:  duplicate key value violates unique constraint "uq_membership_single_owner"
2026-09-16 13:40:58.127 CST [54721] DETAIL:  Key (org_id)=(d8205d55-00c5-44d3-a4ce-a4b1038bd008) already exists.
2026-09-16 13:40:58.127 CST [54721] STATEMENT:  INSERT INTO "public"."membership" ("id","org_id","user_id","role","status","created_at","updated_at","row_version") VALUES ($1,$2,$3,CAST($4::text AS "public"."MemberRole"),CAST($5::text AS "public"."MemberStatus"),$6,$7,$8) RETURNING "public"."membership"."id", "public"."membership"."org_id", "public"."membership"."user_id", "public"."membership"."role"::text, "public"."membership"."status"::text, "public"."membership"."created_at", "public"."membership"."updated_at", "public"."membership"."row_version"
2026-09-16 13:40:58.142 CST [54722] ERROR:  new row for relation "order_item" violates check constraint "ck_order_item_quantity_range"
2026-09-16 13:40:58.142 CST [54722] DETAIL:  Failing row contains (cbc5e2cc-b4fb-45f6-a534-197d88d8d825, c318a56f-1496-4546-bb79-2860ef74b0c3, 9c004a53-3559-4414-9780-fef679d42d07, ns-negqty, 2026-09-16 05:40:58.141+00, 66091e9c-1246-4218-a101-f6c8576652d8, e510e91f-d2cd-4cab-9ea0-8a5e47799714, 384ff599-142d-40b2-a0d3-0a13be5322c9, L2, 91baf7f6-ae28-4463-adde-139473164de4, -1, 5.000000, CNY, 2026-09-16 05:40:58.142+00, 2026-09-16 05:40:58.142+00, 1).
2026-09-16 13:40:58.142 CST [54722] STATEMENT:  INSERT INTO "public"."order_item" ("id","org_id","store_id","source_namespace","source_updated_at","import_task_id","row_hash","order_id","external_order_item_id","sku_id","quantity","item_paid_amount","currency","created_at","updated_at","row_version") VALUES ($1,$2,$3,$4,$5,$6,$7,$8,$9,$10,$11,$12,$13,$14,$15,$16) RETURNING "public"."order_item"."id", "public"."order_item"."org_id", "public"."order_item"."store_id", "public"."order_item"."source_namespace", "public"."order_item"."source_updated_at", "public"."order_item"."import_task_id", "public"."order_item"."row_hash", "public"."order_item"."order_id", "public"."order_item"."external_order_item_id", "public"."order_item"."sku_id", "public"."order_item"."quantity", "public"."order_item"."item_paid_amount", "public"."order_item"."currency", "public"."order_item"."created_at", "public"."order_item"."updated_at", "public"."order_item"."row_version"
2026-09-16 13:40:58.158 CST [54723] ERROR:  new row for relation "order" violates check constraint "ck_order_currency"
2026-09-16 13:40:58.158 CST [54723] DETAIL:  Failing row contains (7a00ee8d-5cbe-4238-8ac6-d06e7c545cd9, dbda9b02-efcd-419a-be82-b10c8a908a2d, e735eb1b-f1f7-4931-b3d2-a4ec7444f84c, ns-badcur, 2026-09-16 05:40:58.157+00, 6531a422-43ef-4101-98d6-d9d916630107, f7e15845-ce5c-4618-894e-7d15c8272fa2, O-badcur-1, unpaid, null, 2026-09-16 05:40:58.157+00, cny, 1, 2026-09-16 05:40:58.158+00, 2026-09-16 05:40:58.158+00, 1).
2026-09-16 13:40:58.158 CST [54723] STATEMENT:  INSERT INTO "public"."order" ("id","org_id","store_id","source_namespace","source_updated_at","import_task_id","row_hash","external_order_id","payment_status","ordered_at","currency","expected_item_count","created_at","updated_at","row_version") VALUES ($1,$2,$3,$4,$5,$6,$7,$8,CAST($9::text AS "public"."OrderPaymentStatus"),$10,$11,$12,$13,$14,$15) RETURNING "public"."order"."id", "public"."order"."org_id", "public"."order"."store_id", "public"."order"."source_namespace", "public"."order"."source_updated_at", "public"."order"."import_task_id", "public"."order"."row_hash", "public"."order"."external_order_id", "public"."order"."payment_status"::text, "public"."order"."paid_at", "public"."order"."ordered_at", "public"."order"."currency", "public"."order"."expected_item_count", "public"."order"."created_at", "public"."order"."updated_at", "public"."order"."row_version"
2026-09-16 13:40:58.164 CST [54724] ERROR:  value too long for type character(3)
2026-09-16 13:40:58.164 CST [54724] STATEMENT:  UPDATE "public"."store" SET "currency" = $1, "updated_at" = $2 WHERE (("public"."store"."org_id" = $3 AND "public"."store"."external_store_id" = $4) AND 1=1) RETURNING "public"."store"."id", "public"."store"."org_id", "public"."store"."name", "public"."store"."external_store_id", "public"."store"."status"::text, "public"."store"."demo_mode", "public"."store"."platform", "public"."store"."currency", "public"."store"."timezone", "public"."store"."dataset_version", "public"."store"."input_evaluation_at", "public"."store"."last_evaluation_date", "public"."store"."current_snapshot_version", "public"."store"."ruleset_version", "public"."store"."current_snapshot_ruleset_version", "public"."store"."current_snapshot_evaluation_at", "public"."store"."previous_snapshot_version", "public"."store"."previous_snapshot_ruleset_version", "public"."store"."previous_snapshot_evaluation_at", "public"."store"."snapshot_status"::text, "public"."store"."settings", "public"."store"."created_at", "public"."store"."updated_at", "public"."store"."row_version"
2026-09-16 13:40:58.179 CST [54725] ERROR:  new row for relation "refund_event" violates check constraint "ck_refund_succeeded_fields"
2026-09-16 13:40:58.179 CST [54725] DETAIL:  Failing row contains (c6c0af7f-1ca2-493e-84df-02eaec01c1f8, 96d12f18-462d-41f0-b642-e36599ae67bf, 65ddc556-8ee1-467c-8bca-0fed7c67f2cd, ns-refund, 2026-09-16 05:40:58.178+00, 190bc520-b88a-4eed-a483-68313aea1ca1, 521a2d67-7ec1-4eac-8863-306864f8a110, RF-1, 19e42707-e1ce-4793-b374-c85b2391fc9b, 2f554d26-ac85-41bd-bd96-e230a450c68d, null, 2026-09-16 05:40:58.178+00, succeeded, 2026-09-16 05:40:58.178+00, null, null, CNY, quality, null, 2026-09-16 05:40:58.179+00, 2026-09-16 05:40:58.179+00, 1).
2026-09-16 13:40:58.179 CST [54725] STATEMENT:  INSERT INTO "public"."refund_event" ("id","org_id","store_id","source_namespace","source_updated_at","import_task_id","row_hash","external_record_id","order_id","order_item_id","occurred_at","status","completed_at","currency","reason_code","created_at","updated_at","row_version") VALUES ($1,$2,$3,$4,$5,$6,$7,$8,$9,$10,$11,CAST($12::text AS "public"."RefundStatus"),$13,$14,$15,$16,$17,$18) RETURNING "public"."refund_event"."id", "public"."refund_event"."org_id", "public"."refund_event"."store_id", "public"."refund_event"."source_namespace", "public"."refund_event"."source_updated_at", "public"."refund_event"."import_task_id", "public"."refund_event"."row_hash", "public"."refund_event"."external_record_id", "public"."refund_event"."order_id", "public"."refund_event"."order_item_id", "public"."refund_event"."after_sale_record_id", "public"."refund_event"."occurred_at", "public"."refund_event"."status"::text, "public"."refund_event"."completed_at", "public"."refund_event"."refund_amount", "public"."refund_event"."refunded_quantity_cumulative", "public"."refund_event"."currency", "public"."refund_event"."reason_code", "public"."refund_event"."reason_text", "public"."refund_event"."created_at", "public"."refund_event"."updated_at", "public"."refund_event"."row_version"
2026-09-16 13:40:58.192 CST [54242] LOG:  checkpoint starting: immediate force wait
2026-09-16 13:40:58.193 CST [54242] LOG:  checkpoint complete: wrote 4 buffers (0.0%); 0 WAL file(s) added, 0 removed, 0 recycled; write=0.001 s, sync=0.001 s, total=0.002 s; sync files=4, longest=0.001 s, average=0.001 s; distance=7626 kB, estimate=10987 kB; lsn=0/677F6A8, redo lsn=0/677F650
2026-09-16 13:45:56.504 CST [55223] ERROR:  duplicate key value violates unique constraint "store_org_id_name_key"
2026-09-16 13:45:56.504 CST [55223] DETAIL:  Key (org_id, name)=(d585e840-6cb0-4ae5-ab11-b0ba32a7b75a, same parallel) already exists.
2026-09-16 13:45:56.504 CST [55223] STATEMENT:  INSERT INTO "public"."store" ("id","org_id","name","external_store_id","status","demo_mode","platform","currency","timezone","dataset_version","ruleset_version","snapshot_status","settings","created_at","updated_at","row_version") VALUES ($1,$2,$3,$4,CAST($5::text AS "public"."StoreStatus"),$6,$7,$8,$9,$10,$11,CAST($12::text AS "public"."SnapshotStatus"),$13,$14,$15,$16) RETURNING "public"."store"."id", "public"."store"."org_id", "public"."store"."name", "public"."store"."external_store_id", "public"."store"."status"::text, "public"."store"."demo_mode", "public"."store"."platform", "public"."store"."currency", "public"."store"."timezone", "public"."store"."dataset_version", "public"."store"."input_evaluation_at", "public"."store"."last_evaluation_date", "public"."store"."current_snapshot_version", "public"."store"."ruleset_version", "public"."store"."current_snapshot_ruleset_version", "public"."store"."current_snapshot_evaluation_at", "public"."store"."previous_snapshot_version", "public"."store"."previous_snapshot_ruleset_version", "public"."store"."previous_snapshot_evaluation_at", "public"."store"."snapshot_status"::text, "public"."store"."settings", "public"."store"."created_at", "public"."store"."updated_at", "public"."store"."row_version"
2026-09-16 13:45:56.510 CST [55224] ERROR:  duplicate key value violates unique constraint "store_org_id_name_key"
2026-09-16 13:45:56.510 CST [55224] DETAIL:  Key (org_id, name)=(d585e840-6cb0-4ae5-ab11-b0ba32a7b75a, same parallel) already exists.
2026-09-16 13:45:56.510 CST [55224] STATEMENT:  INSERT INTO "public"."store" ("id","org_id","name","external_store_id","status","demo_mode","platform","currency","timezone","dataset_version","ruleset_version","snapshot_status","settings","created_at","updated_at","row_version") VALUES ($1,$2,$3,$4,CAST($5::text AS "public"."StoreStatus"),$6,$7,$8,$9,$10,$11,CAST($12::text AS "public"."SnapshotStatus"),$13,$14,$15,$16) RETURNING "public"."store"."id", "public"."store"."org_id", "public"."store"."name", "public"."store"."external_store_id", "public"."store"."status"::text, "public"."store"."demo_mode", "public"."store"."platform", "public"."store"."currency", "public"."store"."timezone", "public"."store"."dataset_version", "public"."store"."input_evaluation_at", "public"."store"."last_evaluation_date", "public"."store"."current_snapshot_version", "public"."store"."ruleset_version", "public"."store"."current_snapshot_ruleset_version", "public"."store"."current_snapshot_evaluation_at", "public"."store"."previous_snapshot_version", "public"."store"."previous_snapshot_ruleset_version", "public"."store"."previous_snapshot_evaluation_at", "public"."store"."snapshot_status"::text, "public"."store"."settings", "public"."store"."created_at", "public"."store"."updated_at", "public"."store"."row_version"
2026-09-16 13:45:56.530 CST [55224] ERROR:  duplicate key value violates unique constraint "import_task_active_content_key"
2026-09-16 13:45:56.530 CST [55224] DETAIL:  Key (org_id, store_id, data_source_id, source_kind, file_sha256)=(d585e840-6cb0-4ae5-ab11-b0ba32a7b75a, ab1259c4-9179-48f1-adab-8ff467ea6e05, e7d3a882-cd64-4c92-8c1d-21d103e60b8c, products, b98e48e6451451786c1ad56b2909bc505e36b8aeeac75fb4e42cdcc0a4da9213) already exists.
2026-09-16 13:45:56.530 CST [55224] STATEMENT:  INSERT INTO "public"."import_task" ("id","org_id","store_id","data_source_id","source_kind","status","original_filename","raw_object_key","file_sha256","mapping","coverage_declaration","upload_request_key","idempotency_key","preview_version","base_dataset_version","row_count","valid_count","error_count","insert_count","update_count","unchanged_count","outbox_status","created_by","created_at","updated_at","row_version") VALUES ($1,$2,$3,$4,CAST($5::text AS "public"."ImportSourceKind"),CAST($6::text AS "public"."ImportStatus"),$7,$8,$9,$10,$11,$12,$13,$14,$15,$16,$17,$18,$19,$20,$21,CAST($22::text AS "public"."OutboxStatus"),$23,$24,$25,$26) RETURNING "public"."import_task"."id", "public"."import_task"."org_id", "public"."import_task"."store_id", "public"."import_task"."data_source_id", "public"."import_task"."source_kind"::text, "public"."import_task"."status"::text, "public"."import_task"."original_filename", "public"."import_task"."raw_object_key", "public"."import_task"."file_sha256", "public"."import_task"."mapping", "public"."import_task"."coverage_declaration", "public"."import_task"."upload_request_key", "public"."import_task"."idempotency_key", "public"."import_task"."preview_version", "public"."import_task"."base_dataset_version", "public"."import_task"."committed_dataset_version", "public"."import_task"."committed_ruleset_version", "public"."import_task"."committed_evaluation_at", "public"."import_task"."row_count", "public"."import_task"."valid_count", "public"."import_task"."error_count", "public"."import_task"."insert_count", "public"."import_task"."update_count", "public"."import_task"."unchanged_count", "public"."import_task"."staging_object_key", "public"."import_task"."error_object_key", "public"."import_task"."outbox_status"::text, "public"."import_task"."created_by", "public"."import_task"."confirmed_at", "public"."import_task"."committed_at", "public"."import_task"."error_code", "public"."import_task"."created_at", "public"."import_task"."updated_at", "public"."import_task"."row_version"
2026-09-16 13:45:56.530 CST [55225] ERROR:  duplicate key value violates unique constraint "import_task_active_content_key"
2026-09-16 13:45:56.530 CST [55225] DETAIL:  Key (org_id, store_id, data_source_id, source_kind, file_sha256)=(d585e840-6cb0-4ae5-ab11-b0ba32a7b75a, ab1259c4-9179-48f1-adab-8ff467ea6e05, e7d3a882-cd64-4c92-8c1d-21d103e60b8c, products, b98e48e6451451786c1ad56b2909bc505e36b8aeeac75fb4e42cdcc0a4da9213) already exists.
2026-09-16 13:45:56.530 CST [55225] STATEMENT:  INSERT INTO "public"."import_task" ("id","org_id","store_id","data_source_id","source_kind","status","original_filename","raw_object_key","file_sha256","mapping","coverage_declaration","upload_request_key","idempotency_key","preview_version","base_dataset_version","row_count","valid_count","error_count","insert_count","update_count","unchanged_count","outbox_status","created_by","created_at","updated_at","row_version") VALUES ($1,$2,$3,$4,CAST($5::text AS "public"."ImportSourceKind"),CAST($6::text AS "public"."ImportStatus"),$7,$8,$9,$10,$11,$12,$13,$14,$15,$16,$17,$18,$19,$20,$21,CAST($22::text AS "public"."OutboxStatus"),$23,$24,$25,$26) RETURNING "public"."import_task"."id", "public"."import_task"."org_id", "public"."import_task"."store_id", "public"."import_task"."data_source_id", "public"."import_task"."source_kind"::text, "public"."import_task"."status"::text, "public"."import_task"."original_filename", "public"."import_task"."raw_object_key", "public"."import_task"."file_sha256", "public"."import_task"."mapping", "public"."import_task"."coverage_declaration", "public"."import_task"."upload_request_key", "public"."import_task"."idempotency_key", "public"."import_task"."preview_version", "public"."import_task"."base_dataset_version", "public"."import_task"."committed_dataset_version", "public"."import_task"."committed_ruleset_version", "public"."import_task"."committed_evaluation_at", "public"."import_task"."row_count", "public"."import_task"."valid_count", "public"."import_task"."error_count", "public"."import_task"."insert_count", "public"."import_task"."update_count", "public"."import_task"."unchanged_count", "public"."import_task"."staging_object_key", "public"."import_task"."error_object_key", "public"."import_task"."outbox_status"::text, "public"."import_task"."created_by", "public"."import_task"."confirmed_at", "public"."import_task"."committed_at", "public"."import_task"."error_code", "public"."import_task"."created_at", "public"."import_task"."updated_at", "public"."import_task"."row_version"
2026-09-16 13:45:56.627 CST [55225] ERROR:  duplicate key value violates unique constraint "import_task_org_id_store_id_idempotency_key_key"
2026-09-16 13:45:56.627 CST [55225] DETAIL:  Key (org_id, store_id, idempotency_key)=(d585e840-6cb0-4ae5-ab11-b0ba32a7b75a, ab1259c4-9179-48f1-adab-8ff467ea6e05, r2-shared-users) already exists.
2026-09-16 13:45:56.627 CST [55225] STATEMENT:  INSERT INTO "public"."import_task" ("id","org_id","store_id","data_source_id","source_kind","status","original_filename","raw_object_key","file_sha256","mapping","coverage_declaration","upload_request_key","idempotency_key","preview_version","base_dataset_version","row_count","valid_count","error_count","insert_count","update_count","unchanged_count","outbox_status","created_by","created_at","updated_at","row_version") VALUES ($1,$2,$3,$4,CAST($5::text AS "public"."ImportSourceKind"),CAST($6::text AS "public"."ImportStatus"),$7,$8,$9,$10,$11,$12,$13,$14,$15,$16,$17,$18,$19,$20,$21,CAST($22::text AS "public"."OutboxStatus"),$23,$24,$25,$26) RETURNING "public"."import_task"."id", "public"."import_task"."org_id", "public"."import_task"."store_id", "public"."import_task"."data_source_id", "public"."import_task"."source_kind"::text, "public"."import_task"."status"::text, "public"."import_task"."original_filename", "public"."import_task"."raw_object_key", "public"."import_task"."file_sha256", "public"."import_task"."mapping", "public"."import_task"."coverage_declaration", "public"."import_task"."upload_request_key", "public"."import_task"."idempotency_key", "public"."import_task"."preview_version", "public"."import_task"."base_dataset_version", "public"."import_task"."committed_dataset_version", "public"."import_task"."committed_ruleset_version", "public"."import_task"."committed_evaluation_at", "public"."import_task"."row_count", "public"."import_task"."valid_count", "public"."import_task"."error_count", "public"."import_task"."insert_count", "public"."import_task"."update_count", "public"."import_task"."unchanged_count", "public"."import_task"."staging_object_key", "public"."import_task"."error_object_key", "public"."import_task"."outbox_status"::text, "public"."import_task"."created_by", "public"."import_task"."confirmed_at", "public"."import_task"."committed_at", "public"."import_task"."error_code", "public"."import_task"."created_at", "public"."import_task"."updated_at", "public"."import_task"."row_version"
2026-09-16 13:45:56.654 CST [55225] ERROR:  duplicate key value violates unique constraint "import_task_org_id_store_id_idempotency_key_key"
2026-09-16 13:45:56.654 CST [55225] DETAIL:  Key (org_id, store_id, idempotency_key)=(d585e840-6cb0-4ae5-ab11-b0ba32a7b75a, ab1259c4-9179-48f1-adab-8ff467ea6e05, r2-expired-key) already exists.
2026-09-16 13:45:56.654 CST [55225] STATEMENT:  INSERT INTO "public"."import_task" ("id","org_id","store_id","data_source_id","source_kind","status","original_filename","raw_object_key","file_sha256","mapping","coverage_declaration","upload_request_key","idempotency_key","preview_version","base_dataset_version","row_count","valid_count","error_count","insert_count","update_count","unchanged_count","outbox_status","created_by","created_at","updated_at","row_version") VALUES ($1,$2,$3,$4,CAST($5::text AS "public"."ImportSourceKind"),CAST($6::text AS "public"."ImportStatus"),$7,$8,$9,$10,$11,$12,$13,$14,$15,$16,$17,$18,$19,$20,$21,CAST($22::text AS "public"."OutboxStatus"),$23,$24,$25,$26) RETURNING "public"."import_task"."id", "public"."import_task"."org_id", "public"."import_task"."store_id", "public"."import_task"."data_source_id", "public"."import_task"."source_kind"::text, "public"."import_task"."status"::text, "public"."import_task"."original_filename", "public"."import_task"."raw_object_key", "public"."import_task"."file_sha256", "public"."import_task"."mapping", "public"."import_task"."coverage_declaration", "public"."import_task"."upload_request_key", "public"."import_task"."idempotency_key", "public"."import_task"."preview_version", "public"."import_task"."base_dataset_version", "public"."import_task"."committed_dataset_version", "public"."import_task"."committed_ruleset_version", "public"."import_task"."committed_evaluation_at", "public"."import_task"."row_count", "public"."import_task"."valid_count", "public"."import_task"."error_count", "public"."import_task"."insert_count", "public"."import_task"."update_count", "public"."import_task"."unchanged_count", "public"."import_task"."staging_object_key", "public"."import_task"."error_object_key", "public"."import_task"."outbox_status"::text, "public"."import_task"."created_by", "public"."import_task"."confirmed_at", "public"."import_task"."committed_at", "public"."import_task"."error_code", "public"."import_task"."created_at", "public"."import_task"."updated_at", "public"."import_task"."row_version"
2026-09-16 13:45:56.666 CST [55225] ERROR:  new row for relation "http_idempotency" violates check constraint "reviewer_fail_ledger"
2026-09-16 13:45:56.666 CST [55225] DETAIL:  Failing row contains (f838d989-bd2c-4bc2-b402-9152b0b6031d, d585e840-6cb0-4ae5-ab11-b0ba32a7b75a, da6f9cef-48db-464f-984d-1c07d0e3b714, /api/v1/imports, 7302d077e150e35b173e8ed87ace027e87d6d77c86fa0660, 2225c67dc64b78b3c5c26394f474c5ff99e9605c20f338172fcd0ff634aacb19, 201, {"data": {"id": "f01305ed-4c01-42ab-bb6e-0fcd8bc1f4ed", "bytes":..., 2026-09-16 05:45:56.666+00).
2026-09-16 13:45:56.666 CST [55225] STATEMENT:  INSERT INTO "public"."http_idempotency" ("id","org_id","user_id","endpoint","request_key","request_hash","response_status","response_body","created_at") VALUES ($1,$2,$3,$4,$5,$6,$7,$8,$9) RETURNING "public"."http_idempotency"."id", "public"."http_idempotency"."org_id", "public"."http_idempotency"."user_id", "public"."http_idempotency"."endpoint", "public"."http_idempotency"."request_key", "public"."http_idempotency"."request_hash", "public"."http_idempotency"."response_status", "public"."http_idempotency"."response_body", "public"."http_idempotency"."created_at"
2026-09-16 13:45:58.195 CST [54242] LOG:  checkpoint starting: time
2026-09-16 13:46:31.814 CST [54242] LOG:  checkpoint complete: wrote 332 buffers (2.0%); 0 WAL file(s) added, 0 removed, 0 recycled; write=33.610 s, sync=0.007 s, total=33.620 s; sync files=192, longest=0.001 s, average=0.001 s; distance=1272 kB, estimate=10016 kB; lsn=0/68CB878, redo lsn=0/68BD738
2026-09-16 13:50:58.845 CST [54242] LOG:  checkpoint starting: time
2026-09-16 13:52:13.483 CST [55821] ERROR:  duplicate key value violates unique constraint "http_idempotency_org_id_user_id_endpoint_request_key_key"
2026-09-16 13:52:13.483 CST [55821] DETAIL:  Key (org_id, user_id, endpoint, request_key)=(d585e840-6cb0-4ae5-ab11-b0ba32a7b75a, 8f00dc59-eb3b-4d3b-862f-12823bace924, /api/v1/imports, 964b088e1c9d10a6e829ab01676f26132bbd03e0a3105257) already exists.
2026-09-16 13:52:13.483 CST [55821] STATEMENT:  INSERT INTO "public"."http_idempotency" ("id","org_id","user_id","endpoint","request_key","request_hash","response_status","response_body","created_at") VALUES ($1,$2,$3,$4,$5,$6,$7,$8,$9) RETURNING "public"."http_idempotency"."id", "public"."http_idempotency"."org_id", "public"."http_idempotency"."user_id", "public"."http_idempotency"."endpoint", "public"."http_idempotency"."request_key", "public"."http_idempotency"."request_hash", "public"."http_idempotency"."response_status", "public"."http_idempotency"."response_body", "public"."http_idempotency"."created_at"
2026-09-16 13:53:01.618 CST [54242] LOG:  checkpoint complete: wrote 1212 buffers (7.4%); 0 WAL file(s) added, 0 removed, 1 recycled; write=122.671 s, sync=0.066 s, total=122.775 s; sync files=1060, longest=0.002 s, average=0.001 s; distance=7952 kB, estimate=9809 kB; lsn=0/70DCED0, redo lsn=0/7081860
2026-09-16 13:55:58.623 CST [54242] LOG:  checkpoint starting: time
2026-09-16 13:56:03.008 CST [54242] LOG:  checkpoint complete: wrote 46 buffers (0.3%); 0 WAL file(s) added, 0 removed, 0 recycled; write=4.376 s, sync=0.003 s, total=4.386 s; sync files=32, longest=0.001 s, average=0.001 s; distance=391 kB, estimate=8867 kB; lsn=0/70E3508, redo lsn=0/70E3478
2026-09-16 14:00:58.018 CST [54242] LOG:  checkpoint starting: time
2026-09-16 14:00:59.367 CST [54242] LOG:  checkpoint complete: wrote 14 buffers (0.1%); 0 WAL file(s) added, 0 removed, 0 recycled; write=1.319 s, sync=0.005 s, total=1.357 s; sync files=9, longest=0.001 s, average=0.001 s; distance=86 kB, estimate=7989 kB; lsn=0/70F8DD0, redo lsn=0/70F8D78
2026-09-16 14:02:35.723 CST [56803] ERROR:  new row for relation "audit_log" violates check constraint "review_cas_audit_fail"
2026-09-16 14:02:35.723 CST [56803] DETAIL:  Failing row contains (357877c9-508d-4ad6-bbdb-f89c01c1e22f, d585e840-6cb0-4ae5-ab11-b0ba32a7b75a, ab1259c4-9179-48f1-adab-8ff467ea6e05, 8f00dc59-eb3b-4d3b-862f-12823bace924, user, store_update, store, ab1259c4-9179-48f1-adab-8ff467ea6e05, {"name": "CAS one", "status": "active", "currency": "CNY", "time..., {"name": "Rollback candidate", "status": "active", "currency": "..., f1704317-1902-48ed-878e-bb594754527a, 2026-09-16 06:02:35.709+00, 2026-09-16 06:02:35.709+00, 1).
2026-09-16 14:02:35.723 CST [56803] STATEMENT:  INSERT INTO "public"."audit_log" ("id","org_id","store_id","actor_user_id","actor_type","action","entity_type","entity_id","before_summary","after_summary","request_id","created_at","updated_at","row_version") VALUES ($1,$2,$3,$4,CAST($5::text AS "public"."ActorType"),$6,$7,$8,$9,$10,$11,$12,$13,$14) RETURNING "public"."audit_log"."id", "public"."audit_log"."org_id", "public"."audit_log"."store_id", "public"."audit_log"."actor_user_id", "public"."audit_log"."actor_type"::text, "public"."audit_log"."action", "public"."audit_log"."entity_type", "public"."audit_log"."entity_id", "public"."audit_log"."before_summary", "public"."audit_log"."after_summary", "public"."audit_log"."request_id", "public"."audit_log"."created_at", "public"."audit_log"."updated_at", "public"."audit_log"."row_version"
2026-09-16 14:03:31.853 CST [56901] ERROR:  new row for relation "audit_log" violates check constraint "review_cas_audit_fail"
2026-09-16 14:03:31.853 CST [56901] DETAIL:  Failing row contains (62178327-9742-441e-b1f5-9a4e1951f7c0, d585e840-6cb0-4ae5-ab11-b0ba32a7b75a, ab1259c4-9179-48f1-adab-8ff467ea6e05, 8f00dc59-eb3b-4d3b-862f-12823bace924, user, store_update, store, ab1259c4-9179-48f1-adab-8ff467ea6e05, {"name": "CAS one", "status": "active", "currency": "CNY", "time..., {"name": "Rollback candidate", "status": "active", "currency": "..., 5fc26c37-1826-40a3-83c1-f71e18d70242, 2026-09-16 06:03:31.85+00, 2026-09-16 06:03:31.85+00, 1).
2026-09-16 14:03:31.853 CST [56901] STATEMENT:  INSERT INTO "public"."audit_log" ("id","org_id","store_id","actor_user_id","actor_type","action","entity_type","entity_id","before_summary","after_summary","request_id","created_at","updated_at","row_version") VALUES ($1,$2,$3,$4,CAST($5::text AS "public"."ActorType"),$6,$7,$8,$9,$10,$11,$12,$13,$14) RETURNING "public"."audit_log"."id", "public"."audit_log"."org_id", "public"."audit_log"."store_id", "public"."audit_log"."actor_user_id", "public"."audit_log"."actor_type"::text, "public"."audit_log"."action", "public"."audit_log"."entity_type", "public"."audit_log"."entity_id", "public"."audit_log"."before_summary", "public"."audit_log"."after_summary", "public"."audit_log"."request_id", "public"."audit_log"."created_at", "public"."audit_log"."updated_at", "public"."audit_log"."row_version"
2026-09-16 14:04:27.220 CST [56994] ERROR:  new row for relation "audit_log" violates check constraint "review_cas_audit_fail"
2026-09-16 14:04:27.220 CST [56994] DETAIL:  Failing row contains (46334f68-3573-490a-b605-6d6bdafc690c, d585e840-6cb0-4ae5-ab11-b0ba32a7b75a, ab1259c4-9179-48f1-adab-8ff467ea6e05, 8f00dc59-eb3b-4d3b-862f-12823bace924, user, store_update, store, ab1259c4-9179-48f1-adab-8ff467ea6e05, {"name": "CAS one", "status": "active", "currency": "CNY", "time..., {"name": "Rollback candidate", "status": "active", "currency": "..., d4454835-3519-465f-8c5f-e9c20e1b0c80, 2026-09-16 06:04:27.216+00, 2026-09-16 06:04:27.216+00, 1).
2026-09-16 14:04:27.220 CST [56994] STATEMENT:  INSERT INTO "public"."audit_log" ("id","org_id","store_id","actor_user_id","actor_type","action","entity_type","entity_id","before_summary","after_summary","request_id","created_at","updated_at","row_version") VALUES ($1,$2,$3,$4,CAST($5::text AS "public"."ActorType"),$6,$7,$8,$9,$10,$11,$12,$13,$14) RETURNING "public"."audit_log"."id", "public"."audit_log"."org_id", "public"."audit_log"."store_id", "public"."audit_log"."actor_user_id", "public"."audit_log"."actor_type"::text, "public"."audit_log"."action", "public"."audit_log"."entity_type", "public"."audit_log"."entity_id", "public"."audit_log"."before_summary", "public"."audit_log"."after_summary", "public"."audit_log"."request_id", "public"."audit_log"."created_at", "public"."audit_log"."updated_at", "public"."audit_log"."row_version"
2026-09-16 14:05:58.376 CST [54242] LOG:  checkpoint starting: time
2026-09-16 14:06:05.583 CST [54242] LOG:  checkpoint complete: wrote 72 buffers (0.4%); 0 WAL file(s) added, 0 removed, 0 recycled; write=7.202 s, sync=0.003 s, total=7.209 s; sync files=38, longest=0.001 s, average=0.001 s; distance=440 kB, estimate=7234 kB; lsn=0/7167B18, redo lsn=0/7166FC0
2026-09-16 14:10:58.586 CST [54242] LOG:  checkpoint starting: time
2026-09-16 14:10:59.403 CST [54242] LOG:  checkpoint complete: wrote 9 buffers (0.1%); 0 WAL file(s) added, 0 removed, 0 recycled; write=0.813 s, sync=0.001 s, total=0.818 s; sync files=7, longest=0.001 s, average=0.001 s; distance=42 kB, estimate=6515 kB; lsn=0/7171880, redo lsn=0/7171828
2026-09-16 14:15:58.406 CST [54242] LOG:  checkpoint starting: time
2026-09-16 14:16:00.540 CST [54242] LOG:  checkpoint complete: wrote 22 buffers (0.1%); 0 WAL file(s) added, 0 removed, 0 recycled; write=2.130 s, sync=0.002 s, total=2.134 s; sync files=10, longest=0.001 s, average=0.001 s; distance=134 kB, estimate=5877 kB; lsn=0/71933B8, redo lsn=0/7193360
2026-09-16 14:16:09.332 CST [54241] LOG:  received fast shutdown request
2026-09-16 14:16:09.333 CST [54241] LOG:  aborting any active transactions
2026-09-16 14:16:09.333 CST [58286] FATAL:  terminating connection due to administrator command
2026-09-16 14:16:09.337 CST [54241] LOG:  background worker "logical replication launcher" (PID 54247) exited with exit code 1
2026-09-16 14:16:09.337 CST [54242] LOG:  shutting down
2026-09-16 14:16:09.337 CST [54242] LOG:  checkpoint starting: shutdown immediate
2026-09-16 14:16:09.339 CST [54242] LOG:  checkpoint complete: wrote 2 buffers (0.0%); 0 WAL file(s) added, 0 removed, 0 recycled; write=0.001 s, sync=0.001 s, total=0.002 s; sync files=2, longest=0.001 s, average=0.001 s; distance=1 kB, estimate=5289 kB; lsn=0/7193990, redo lsn=0/7193990
2026-09-16 14:16:09.344 CST [54241] LOG:  database system is shut down
