node:internal/modules/run_main:107
    triggerUncaughtException(
    ^

[TypeError: fetch failed] {
  [cause]: SocketError: other side closed
      at Socket.onHttpSocketEnd (node:internal/deps/undici/undici:7833:26)
      at Socket.emit (node:events:526:24)
      at endReadableNT (node:internal/streams/readable:1764:12)
      at process.processTicksAndRejections (node:internal/process/task_queues:90:21) {
    code: 'UND_ERR_SOCKET',
    socket: {
      localAddress: '127.0.0.1',
      localPort: 55409,
      remoteAddress: '127.0.0.1',
      remotePort: 3344,
      remoteFamily: 'IPv4',
      timeout: undefined,
      bytesWritten: 378,
      bytesRead: 0
    }
  }
}

Node.js v24.21.0
