node:internal/modules/run_main:107
    triggerUncaughtException(
    ^

Error: Transform failed with 3 errors:
/private/tmp/aiea-g2r2-9hnwja_c/repo/ai-ecommerce-assistant/review-oss.ts:12:0: ERROR: Top-level await is currently not supported with the "cjs" output format
/private/tmp/aiea-g2r2-9hnwja_c/repo/ai-ecommerce-assistant/review-oss.ts:14:0: ERROR: Top-level await is currently not supported with the "cjs" output format
/private/tmp/aiea-g2r2-9hnwja_c/repo/ai-ecommerce-assistant/review-oss.ts:15:0: ERROR: Top-level await is currently not supported with the "cjs" output format
    at failureErrorWithLog (/private/tmp/aiea-g2r2-9hnwja_c/repo/ai-ecommerce-assistant/node_modules/.pnpm/esbuild@0.28.2/node_modules/esbuild/lib/main.js:1752:15)
    at /private/tmp/aiea-g2r2-9hnwja_c/repo/ai-ecommerce-assistant/node_modules/.pnpm/esbuild@0.28.2/node_modules/esbuild/lib/main.js:1019:50
    at responseCallbacks.<computed> (/private/tmp/aiea-g2r2-9hnwja_c/repo/ai-ecommerce-assistant/node_modules/.pnpm/esbuild@0.28.2/node_modules/esbuild/lib/main.js:886:9)
    at handleIncomingPacket (/private/tmp/aiea-g2r2-9hnwja_c/repo/ai-ecommerce-assistant/node_modules/.pnpm/esbuild@0.28.2/node_modules/esbuild/lib/main.js:941:12)
    at Socket.readFromStdout (/private/tmp/aiea-g2r2-9hnwja_c/repo/ai-ecommerce-assistant/node_modules/.pnpm/esbuild@0.28.2/node_modules/esbuild/lib/main.js:864:7)
    at Socket.emit (node:events:514:28)
    at addChunk (node:internal/streams/readable:568:12)
    at readableAddChunkPushByteMode (node:internal/streams/readable:519:3)
    at Readable.push (node:internal/streams/readable:399:5)
    at Pipe.onStreamRead (node:internal/stream_base_commons:189:23) {
  name: 'TransformError'
}

Node.js v24.21.0
