
> ai-ecommerce-assistant@0.1.0 test:integration /private/tmp/aiea-g3r4-20260927-2qkdz_5d/repo
> env -u HTTP_PROXY -u HTTPS_PROXY -u ALL_PROXY -u http_proxy -u https_proxy -u all_proxy PRISMA_HIDE_UPDATE_MESSAGE=1 vitest run tests/integration --maxWorkers=1 --minWorkers=1 --exclude '**/g3-contract.test.ts' --exclude '**/g3-h04-contract.test.ts' --exclude '**/g3r2-contract.test.ts' --exclude '**/g3r3-contract.test.ts'


 RUN  v3.2.7 /private/tmp/aiea-g3r4-20260927-2qkdz_5d/repo

(node:51164) DeprecationWarning: Calling client.query() when the client is already executing a query is deprecated and will be removed in pg@9.0. Use async/await or an external async flow control mechanism instead.
(Use `node --trace-deprecation ...` to show where the warning was created)
stderr | tests/integration/imports.test.ts > GATE_02 REVIEW 2 回归｜H05/H06/H07/H08/M04 > G2-R2-H07：存档写入失败 → 上传不无保护成功（503），无任务残留
[internal] request_id=960a9baf-b777-4bb9-9c91-84af45b243c9 
Invalid `ctx.db.httpIdempotency.findUnique()` invocation in
/private/tmp/aiea-g3r4-20260927-2qkdz_5d/repo/src/services/imports.ts:271:44

  268 }
  269 
  270 async function readHttpArchive(ctx: ImportsContext, input: UploadInput, requestKey: string): Promise<HttpArchive | null> {
→ 271   const row = await ctx.db.httpIdempotency.findUnique(
The column `http_idempotency.request_hash` does not exist in the current database.

stderr | tests/integration/imports.test.ts > TASK-009｜原子提交内核、商品主数据与 SKU 别名 > 提交失败（注入约束）→ 整文件回滚：任务回 preview_ready、版本与行数不变
[internal] request_id=133a52db-a226-4426-843d-d647aba84ca8 
Invalid `tx.sKU.upsert()` invocation in
/private/tmp/aiea-g3r4-20260927-2qkdz_5d/repo/src/services/imports/commitTask.ts:400:24

  397     sourceUpdatedAt: new Date(s.sourceUpdatedAt), rowHash: row.row_hash, importTaskId: task.id,
  398   },
  399 });
→ 400 await tx.sKU.upsert(
Database error. Code: `23514`. Message: `new row for relation "sku" violates check constraint "ck_t9_inject"`

stdout | tests/integration/imports.test.ts > TASK-010｜订单头与订单行导入 > 行遗漏：expected=2 只到 1 行 → 允许提交但该日期覆盖强制 partial；补齐后恢复声明状态
FILL_RES 202 {"id":"344e1433-2fe8-48c0-9e38-5fd9567111e3","status":"committed","committed_dataset_version":"13","insert":1,"update":0,"unchanged":0,"no_op":false,"reused":false}

 ✓ tests/integration/imports.test.ts (60 tests) 16307ms
   ✓ TASK-007｜限制与拒绝 > 超过 10 万逻辑行即停止解析（422 TOO_MANY_ROWS）  475ms
   ✓ TASK-007｜限制与拒绝 > G2-H06：quoted 换行按单条逻辑记录计数（50,001 条不误拒）  314ms
   ✓ TASK-007｜限制与拒绝 > 超过 20MB 真实分块流在接收链路立即中止（422 FILE_TOO_LARGE，不等 multipart 结束）  7978ms
   ✓ GATE_02 REVIEW 2 回归｜H05/H06/H07/H08/M04 > G2-R2-H06：空行前缀+100001 条数据仍拒绝（422 TOO_MANY_ROWS），计数不因空行停摆  356ms
   ✓ GATE_02 REVIEW 3 回归｜H06/H08 中断清理、TOO_MANY_ROWS 竞态与 M06 并发重放 > G2-R3-H06：请求未结束但行数超限 → 稳定 422 TOO_MANY_ROWS（不降级为通用 multipart 错误）  567ms
   ✓ GATE_02 REVIEW 4 回归｜文件部分完成后请求尾部失败的请求级收尾 > R4 H06/H08：CS 消息 350ms 延迟截断（spool 已成功落定）→ 不留 tmp、无新任务  556ms
   ✓ GATE_02 REVIEW 4 回归｜文件部分完成后请求尾部失败的请求级收尾 > R4 H06/H08：CS 消息 350ms 后取消（spool 已成功落定）→ 不留 tmp、无新任务  558ms
   ✓ TASK-010｜订单头与订单行导入 > 多行订单只建一单；两行落库；更正订单行替换金额且身份不变  323ms
 ✓ tests/integration/stores.test.ts (14 tests) 1069ms
stderr | tests/integration/gate01.auth.test.ts > Gate-01 REVIEW_5｜TASK-003（H12 邀请时效 / M03 限流故障信封） > M03：限流数据库故障 → 预览/接受返回 503 JSON 信封（含 request_id），不再 500 非 JSON
[internal] request_id=93bee189-02f0-4b0a-a62f-cfda4e49faec 
Invalid `prisma.$queryRaw()` invocation:


Raw query failed. Code: `23514`. Message: `new row for relation "auth_rate_limit" violates check constraint "ck_m03_block_invite"`

stderr | tests/integration/gate01.auth.test.ts > Gate-01 REVIEW_5｜TASK-003（H12 邀请时效 / M03 限流故障信封） > M03：限流数据库故障 → 预览/接受返回 503 JSON 信封（含 request_id），不再 500 非 JSON
[internal] request_id=e5614dc3-e179-4194-91a1-52c4d951b5ca 
Invalid `prisma.$queryRaw()` invocation:


Raw query failed. Code: `23514`. Message: `new row for relation "auth_rate_limit" violates check constraint "ck_m03_block_invite"`

 ✓ tests/integration/gate01.auth.test.ts (17 tests) 2916ms
Loaded Prisma config from prisma.config.ts.

 ✓ tests/integration/gate01.db.test.ts (13 tests) 3092ms
   ✓ Gate-01 H08｜AuditLog 店铺同域强制（数据库级） > H08 REVIEW_4：并发交错方向 A——父行改归属未提交时插入旧组织审计引用，后者必须失败  341ms
   ✓ Gate-01 H08｜AuditLog 店铺同域强制（数据库级） > H08 REVIEW_4：并发交错方向 B——审计引用未提交时改父行归属，后者必须失败且引用方正常提交  332ms
   ✓ Gate-01 正式复核 H08/H09/M04 增补 > H08：升级守卫——存量跨域引用使 v2 迁移失败（拒绝静默通过）  542ms
   ✓ Gate-01 REVIEW_5｜TASK-002（H12 连接边界 / M06 upTo / M07 Schema 同步护栏） > M06：applyMigrationsUpTo 首次执行到目标、重复不越界、不存在目标明确失败  438ms
   ✓ Gate-01 REVIEW_5｜TASK-002（H12 连接边界 / M06 upTo / M07 Schema 同步护栏） > M07：官方 migrate diff 不再净删除审计同域复合外键（重建必须同引用且配平）  918ms
stderr | tests/integration/gate01.access.test.ts > Gate-01 H07｜成员/组织管理与审计原子 > 成员 PATCH：审计故障 → 角色与版本零提交
[internal] request_id=cdcb94fd-77af-4cec-ba05-ed1f267d880e 
Invalid `db.auditLog.create()` invocation in
/private/tmp/aiea-g3r4-20260927-2qkdz_5d/repo/src/services/audit.ts:21:21

  18 }
  19 
  20 export async function writeAudit(db: Prisma.TransactionClient, entry: AuditEntry): Promise<void> {
→ 21   await db.auditLog.create(
Database error. Code: `23514`. Message: `new row for relation "audit_log" violates check constraint "ck_inject_member_audit"`

stderr | tests/integration/gate01.access.test.ts > Gate-01 H07｜成员/组织管理与审计原子 > 组织 PATCH：审计故障 → 名称与版本零提交
[internal] request_id=c3fde084-c1e1-44f9-b9a9-6404c30e69a5 
Invalid `db.auditLog.create()` invocation in
/private/tmp/aiea-g3r4-20260927-2qkdz_5d/repo/src/services/audit.ts:21:21

  18 }
  19 
  20 export async function writeAudit(db: Prisma.TransactionClient, entry: AuditEntry): Promise<void> {
→ 21   await db.auditLog.create(
Database error. Code: `23514`. Message: `new row for relation "audit_log" violates check constraint "ck_inject_org_audit"`

 ✓ tests/integration/gate01.access.test.ts (7 tests) 1446ms
 ✓ tests/integration/auth.test.ts (8 tests) 1436ms
 ✓ tests/integration/permissions.test.ts (7 tests) 1366ms
 ✓ tests/integration/database.test.ts (9 tests) 530ms
 ✓ tests/integration/db.test.ts (4 tests) 8ms

 Test Files  9 passed (9)
      Tests  139 passed (139)
   Start at  16:32:11
   Duration  30.71s (transform 514ms, setup 639ms, collect 977ms, tests 28.17s, environment 0ms, prepare 731ms)

