2026-09-27 16:31:16.002 CST [51021] LOG:  starting PostgreSQL 17.11 (Homebrew) on aarch64-apple-darwin25.6.0, compiled by Apple clang version 21.0.0 (clang-2100.1.1.101), 64-bit
2026-09-27 16:31:16.003 CST [51021] LOG:  listening on IPv4 address "127.0.0.1", port 57034
2026-09-27 16:31:16.003 CST [51021] LOG:  listening on Unix socket "/private/tmp/aiea-g3r4-20260927-2qkdz_5d/pgsock/.s.PGSQL.57034"
2026-09-27 16:31:16.007 CST [51024] LOG:  database system was shut down at 2026-09-27 16:31:15 CST
2026-09-27 16:31:16.010 CST [51021] LOG:  database system is ready to accept connections
2026-09-27 16:32:14.152 CST [51169] ERROR:  duplicate key value violates unique constraint "import_task_active_content_key"
2026-09-27 16:32:14.152 CST [51169] DETAIL:  Key (org_id, store_id, data_source_id, source_kind, file_sha256)=(c464b728-2c4b-4c4d-b9ff-8da6f19fae9e, 32306135-b89d-46a3-9700-8d4eee552fbc, 32270c7c-72d2-4e56-993c-19aab766c57c, products, 9482c7771fa4012b5b081a2b9853a3a64052861744dcd0f268a7f2c8766b8799) already exists.
2026-09-27 16:32:14.152 CST [51169] STATEMENT:  INSERT INTO "public"."import_task" ("id","org_id","store_id","data_source_id","source_kind","status","original_filename","raw_object_key","file_sha256","mapping","coverage_declaration","upload_request_key","idempotency_key","preview_version","base_dataset_version","row_count","valid_count","error_count","insert_count","update_count","unchanged_count","outbox_status","created_by","created_at","updated_at","row_version") VALUES ($1,$2,$3,$4,CAST($5::text AS "public"."ImportSourceKind"),CAST($6::text AS "public"."ImportStatus"),$7,$8,$9,$10,$11,$12,$13,$14,$15,$16,$17,$18,$19,$20,$21,CAST($22::text AS "public"."OutboxStatus"),$23,$24,$25,$26) RETURNING "public"."import_task"."id", "public"."import_task"."org_id", "public"."import_task"."store_id", "public"."import_task"."data_source_id", "public"."import_task"."source_kind"::text, "public"."import_task"."status"::text, "public"."import_task"."original_filename", "public"."import_task"."raw_object_key", "public"."import_task"."file_sha256", "public"."import_task"."mapping", "public"."import_task"."coverage_declaration", "public"."import_task"."upload_request_key", "public"."import_task"."idempotency_key", "public"."import_task"."preview_version", "public"."import_task"."base_dataset_version", "public"."import_task"."committed_dataset_version", "public"."import_task"."committed_ruleset_version", "public"."import_task"."committed_evaluation_at", "public"."import_task"."row_count", "public"."import_task"."valid_count", "public"."import_task"."error_count", "public"."import_task"."insert_count", "public"."import_task"."update_count", "public"."import_task"."unchanged_count", "public"."import_task"."staging_object_key", "public"."import_task"."error_object_key", "public"."import_task"."outbox_status"::text, "public"."import_task"."created_by", "public"."import_task"."confirmed_at", "public"."import_task"."committed_at", "public"."import_task"."error_code", "public"."import_task"."created_at", "public"."import_task"."updated_at", "public"."import_task"."row_version"
2026-09-27 16:32:14.152 CST [51170] ERROR:  duplicate key value violates unique constraint "import_task_active_content_key"
2026-09-27 16:32:14.152 CST [51170] DETAIL:  Key (org_id, store_id, data_source_id, source_kind, file_sha256)=(c464b728-2c4b-4c4d-b9ff-8da6f19fae9e, 32306135-b89d-46a3-9700-8d4eee552fbc, 32270c7c-72d2-4e56-993c-19aab766c57c, products, 9482c7771fa4012b5b081a2b9853a3a64052861744dcd0f268a7f2c8766b8799) already exists.
2026-09-27 16:32:14.152 CST [51170] STATEMENT:  INSERT INTO "public"."import_task" ("id","org_id","store_id","data_source_id","source_kind","status","original_filename","raw_object_key","file_sha256","mapping","coverage_declaration","upload_request_key","idempotency_key","preview_version","base_dataset_version","row_count","valid_count","error_count","insert_count","update_count","unchanged_count","outbox_status","created_by","created_at","updated_at","row_version") VALUES ($1,$2,$3,$4,CAST($5::text AS "public"."ImportSourceKind"),CAST($6::text AS "public"."ImportStatus"),$7,$8,$9,$10,$11,$12,$13,$14,$15,$16,$17,$18,$19,$20,$21,CAST($22::text AS "public"."OutboxStatus"),$23,$24,$25,$26) RETURNING "public"."import_task"."id", "public"."import_task"."org_id", "public"."import_task"."store_id", "public"."import_task"."data_source_id", "public"."import_task"."source_kind"::text, "public"."import_task"."status"::text, "public"."import_task"."original_filename", "public"."import_task"."raw_object_key", "public"."import_task"."file_sha256", "public"."import_task"."mapping", "public"."import_task"."coverage_declaration", "public"."import_task"."upload_request_key", "public"."import_task"."idempotency_key", "public"."import_task"."preview_version", "public"."import_task"."base_dataset_version", "public"."import_task"."committed_dataset_version", "public"."import_task"."committed_ruleset_version", "public"."import_task"."committed_evaluation_at", "public"."import_task"."row_count", "public"."import_task"."valid_count", "public"."import_task"."error_count", "public"."import_task"."insert_count", "public"."import_task"."update_count", "public"."import_task"."unchanged_count", "public"."import_task"."staging_object_key", "public"."import_task"."error_object_key", "public"."import_task"."outbox_status"::text, "public"."import_task"."created_by", "public"."import_task"."confirmed_at", "public"."import_task"."committed_at", "public"."import_task"."error_code", "public"."import_task"."created_at", "public"."import_task"."updated_at", "public"."import_task"."row_version"
2026-09-27 16:32:14.152 CST [51174] ERROR:  duplicate key value violates unique constraint "import_task_active_content_key"
2026-09-27 16:32:14.152 CST [51174] DETAIL:  Key (org_id, store_id, data_source_id, source_kind, file_sha256)=(c464b728-2c4b-4c4d-b9ff-8da6f19fae9e, 32306135-b89d-46a3-9700-8d4eee552fbc, 32270c7c-72d2-4e56-993c-19aab766c57c, products, 9482c7771fa4012b5b081a2b9853a3a64052861744dcd0f268a7f2c8766b8799) already exists.
2026-09-27 16:32:14.152 CST [51174] STATEMENT:  INSERT INTO "public"."import_task" ("id","org_id","store_id","data_source_id","source_kind","status","original_filename","raw_object_key","file_sha256","mapping","coverage_declaration","upload_request_key","idempotency_key","preview_version","base_dataset_version","row_count","valid_count","error_count","insert_count","update_count","unchanged_count","outbox_status","created_by","created_at","updated_at","row_version") VALUES ($1,$2,$3,$4,CAST($5::text AS "public"."ImportSourceKind"),CAST($6::text AS "public"."ImportStatus"),$7,$8,$9,$10,$11,$12,$13,$14,$15,$16,$17,$18,$19,$20,$21,CAST($22::text AS "public"."OutboxStatus"),$23,$24,$25,$26) RETURNING "public"."import_task"."id", "public"."import_task"."org_id", "public"."import_task"."store_id", "public"."import_task"."data_source_id", "public"."import_task"."source_kind"::text, "public"."import_task"."status"::text, "public"."import_task"."original_filename", "public"."import_task"."raw_object_key", "public"."import_task"."file_sha256", "public"."import_task"."mapping", "public"."import_task"."coverage_declaration", "public"."import_task"."upload_request_key", "public"."import_task"."idempotency_key", "public"."import_task"."preview_version", "public"."import_task"."base_dataset_version", "public"."import_task"."committed_dataset_version", "public"."import_task"."committed_ruleset_version", "public"."import_task"."committed_evaluation_at", "public"."import_task"."row_count", "public"."import_task"."valid_count", "public"."import_task"."error_count", "public"."import_task"."insert_count", "public"."import_task"."update_count", "public"."import_task"."unchanged_count", "public"."import_task"."staging_object_key", "public"."import_task"."error_object_key", "public"."import_task"."outbox_status"::text, "public"."import_task"."created_by", "public"."import_task"."confirmed_at", "public"."import_task"."committed_at", "public"."import_task"."error_code", "public"."import_task"."created_at", "public"."import_task"."updated_at", "public"."import_task"."row_version"
2026-09-27 16:32:24.224 CST [51174] ERROR:  duplicate key value violates unique constraint "http_idempotency_org_id_user_id_endpoint_request_key_key"
2026-09-27 16:32:24.224 CST [51174] DETAIL:  Key (org_id, user_id, endpoint, request_key)=(c464b728-2c4b-4c4d-b9ff-8da6f19fae9e, c0d6e275-de30-4402-ab61-2b3d63f92389, /api/v1/imports, e195be29f5a5e4014ec85ea845bfe1334032fb7f0402750c) already exists.
2026-09-27 16:32:24.224 CST [51174] STATEMENT:  INSERT INTO "public"."http_idempotency" ("id","org_id","user_id","endpoint","request_key","request_hash","response_status","response_body","created_at") VALUES ($1,$2,$3,$4,$5,$6,$7,$8,$9) RETURNING "public"."http_idempotency"."id", "public"."http_idempotency"."org_id", "public"."http_idempotency"."user_id", "public"."http_idempotency"."endpoint", "public"."http_idempotency"."request_key", "public"."http_idempotency"."request_hash", "public"."http_idempotency"."response_status", "public"."http_idempotency"."response_body", "public"."http_idempotency"."created_at"
2026-09-27 16:32:24.234 CST [51174] ERROR:  column http_idempotency.request_hash does not exist at character 202
2026-09-27 16:32:24.234 CST [51174] STATEMENT:  SELECT "public"."http_idempotency"."id", "public"."http_idempotency"."org_id", "public"."http_idempotency"."user_id", "public"."http_idempotency"."endpoint", "public"."http_idempotency"."request_key", "public"."http_idempotency"."request_hash", "public"."http_idempotency"."response_status", "public"."http_idempotency"."response_body", "public"."http_idempotency"."created_at" FROM "public"."http_idempotency" WHERE (("public"."http_idempotency"."org_id" = $1 AND "public"."http_idempotency"."user_id" = $2 AND "public"."http_idempotency"."endpoint" = $3 AND "public"."http_idempotency"."request_key" = $4) AND 1=1) LIMIT $5 OFFSET $6
2026-09-27 16:32:27.929 CST [51180] ERROR:  new row for relation "sku" violates check constraint "ck_t9_inject"
2026-09-27 16:32:27.929 CST [51180] DETAIL:  Failing row contains (5931829b-9f25-4522-bc63-960c5439ee16, c464b728-2c4b-4c4d-b9ff-8da6f19fae9e, 32306135-b89d-46a3-9700-8d4eee552fbc, ns-import, 2026-09-11 01:00:00+00, 1e429881-a964-45fa-9303-0cf40ae4f2a1, 17871c8a451e836053d66079a294cc53b4d116cff093c9c8ec2ba8f252480283, d5a26a3f-cd26-4bf8-a9b4-ec179b7bf5be, R9C, R9C-CODE, 杯R9C, null, active, 2026-09-27 08:32:27.929+00, 2026-09-27 08:32:27.929+00, 1).
2026-09-27 16:32:27.929 CST [51180] STATEMENT:  INSERT INTO "public"."sku" ("id","org_id","store_id","source_namespace","source_updated_at","import_task_id","row_hash","product_id","external_sku_id","sku_code","name","specification","status","created_at","updated_at","row_version") VALUES ($1,$2,$3,$4,$5,$6,$7,$8,$9,$10,$11,$12,CAST($13::text AS "public"."SkuStatus"),$14,$15,$16) ON CONFLICT ("org_id","store_id","source_namespace","external_sku_id") DO UPDATE SET "name" = $17, "specification" = $18, "status" = CAST($19::text AS "public"."SkuStatus"), "product_id" = $20, "source_updated_at" = $21, "row_hash" = $22, "import_task_id" = $23, "updated_at" = $24 WHERE (("public"."sku"."org_id" = $25 AND "public"."sku"."store_id" = $26 AND "public"."sku"."source_namespace" = $27 AND "public"."sku"."external_sku_id" = $28) AND 1=1) RETURNING "public"."sku"."id", "public"."sku"."org_id", "public"."sku"."store_id", "public"."sku"."source_namespace", "public"."sku"."source_updated_at", "public"."sku"."import_task_id", "public"."sku"."row_hash", "public"."sku"."product_id", "public"."sku"."external_sku_id", "public"."sku"."sku_code", "public"."sku"."name", "public"."sku"."specification", "public"."sku"."status"::text, "public"."sku"."created_at", "public"."sku"."updated_at", "public"."sku"."row_version"
2026-09-27 16:32:28.058 CST [51180] ERROR:  duplicate key value violates unique constraint "sku_alias_org_id_store_id_source_namespace_external_sku_id_key"
2026-09-27 16:32:28.058 CST [51180] DETAIL:  Key (org_id, store_id, source_namespace, external_sku_id)=(c464b728-2c4b-4c4d-b9ff-8da6f19fae9e, 32306135-b89d-46a3-9700-8d4eee552fbc, ns-import, ALIAS-R9E) already exists.
2026-09-27 16:32:28.058 CST [51180] STATEMENT:  INSERT INTO "public"."sku_alias" ("id","org_id","store_id","source_namespace","external_sku_id","sku_id","created_by","created_at","updated_at","row_version") VALUES ($1,$2,$3,$4,$5,$6,$7,$8,$9,$10) RETURNING "public"."sku_alias"."id", "public"."sku_alias"."org_id", "public"."sku_alias"."store_id", "public"."sku_alias"."source_namespace", "public"."sku_alias"."external_sku_id", "public"."sku_alias"."sku_id", "public"."sku_alias"."created_by", "public"."sku_alias"."created_at", "public"."sku_alias"."updated_at", "public"."sku_alias"."row_version"
2026-09-27 16:32:28.960 CST [51172] FATAL:  terminating connection due to administrator command
2026-09-27 16:32:28.960 CST [51171] FATAL:  terminating connection due to administrator command
2026-09-27 16:32:28.962 CST [51022] LOG:  checkpoint starting: immediate force wait
2026-09-27 16:32:29.072 CST [51022] LOG:  checkpoint complete: wrote 1134 buffers (6.9%); 0 WAL file(s) added, 0 removed, 1 recycled; write=0.062 s, sync=0.033 s, total=0.111 s; sync files=1003, longest=0.001 s, average=0.001 s; distance=16294 kB, estimate=16294 kB; lsn=0/2504410, redo lsn=0/25043B8
2026-09-27 16:32:29.261 CST [51192] FATAL:  database "aiea_t_f2e3364d" does not exist
2026-09-27 16:32:29.262 CST [51193] FATAL:  database "aiea_t_f2e3364d" does not exist
2026-09-27 16:32:30.042 CST [51195] ERROR:  duplicate key value violates unique constraint "store_org_id_name_key"
2026-09-27 16:32:30.042 CST [51195] DETAIL:  Key (org_id, name)=(497e2e5e-08cc-4c7f-a123-d23fed061fb0, 旗舰店) already exists.
2026-09-27 16:32:30.042 CST [51195] STATEMENT:  INSERT INTO "public"."store" ("id","org_id","name","external_store_id","status","demo_mode","platform","currency","timezone","dataset_version","ruleset_version","snapshot_status","settings","created_at","updated_at","row_version") VALUES ($1,$2,$3,$4,CAST($5::text AS "public"."StoreStatus"),$6,$7,$8,$9,$10,$11,CAST($12::text AS "public"."SnapshotStatus"),$13,$14,$15,$16) RETURNING "public"."store"."id", "public"."store"."org_id", "public"."store"."name", "public"."store"."external_store_id", "public"."store"."status"::text, "public"."store"."demo_mode", "public"."store"."platform", "public"."store"."currency", "public"."store"."timezone", "public"."store"."dataset_version", "public"."store"."input_evaluation_at", "public"."store"."last_evaluation_date", "public"."store"."current_snapshot_version", "public"."store"."ruleset_version", "public"."store"."current_snapshot_ruleset_version", "public"."store"."current_snapshot_evaluation_at", "public"."store"."previous_snapshot_version", "public"."store"."previous_snapshot_ruleset_version", "public"."store"."previous_snapshot_evaluation_at", "public"."store"."snapshot_status"::text, "public"."store"."settings", "public"."store"."created_at", "public"."store"."updated_at", "public"."store"."row_version"
2026-09-27 16:32:30.048 CST [51195] ERROR:  duplicate key value violates unique constraint "store_org_id_external_store_id_key"
2026-09-27 16:32:30.048 CST [51195] DETAIL:  Key (org_id, external_store_id)=(497e2e5e-08cc-4c7f-a123-d23fed061fb0, ext-main) already exists.
2026-09-27 16:32:30.048 CST [51195] STATEMENT:  INSERT INTO "public"."store" ("id","org_id","name","external_store_id","status","demo_mode","platform","currency","timezone","dataset_version","ruleset_version","snapshot_status","settings","created_at","updated_at","row_version") VALUES ($1,$2,$3,$4,CAST($5::text AS "public"."StoreStatus"),$6,$7,$8,$9,$10,$11,CAST($12::text AS "public"."SnapshotStatus"),$13,$14,$15,$16) RETURNING "public"."store"."id", "public"."store"."org_id", "public"."store"."name", "public"."store"."external_store_id", "public"."store"."status"::text, "public"."store"."demo_mode", "public"."store"."platform", "public"."store"."currency", "public"."store"."timezone", "public"."store"."dataset_version", "public"."store"."input_evaluation_at", "public"."store"."last_evaluation_date", "public"."store"."current_snapshot_version", "public"."store"."ruleset_version", "public"."store"."current_snapshot_ruleset_version", "public"."store"."current_snapshot_evaluation_at", "public"."store"."previous_snapshot_version", "public"."store"."previous_snapshot_ruleset_version", "public"."store"."previous_snapshot_evaluation_at", "public"."store"."snapshot_status"::text, "public"."store"."settings", "public"."store"."created_at", "public"."store"."updated_at", "public"."store"."row_version"
2026-09-27 16:32:30.185 CST [51196] ERROR:  duplicate key value violates unique constraint "store_org_id_name_key"
2026-09-27 16:32:30.185 CST [51196] DETAIL:  Key (org_id, name)=(497e2e5e-08cc-4c7f-a123-d23fed061fb0, 旗舰店) already exists.
2026-09-27 16:32:30.185 CST [51196] STATEMENT:  UPDATE "public"."store" SET "name" = $1, "status" = CAST($2::text AS "public"."StoreStatus"), "currency" = $3, "timezone" = $4, "settings" = $5, "row_version" = ("public"."store"."row_version" + $6), "updated_at" = $7 WHERE ("public"."store"."org_id" = $8 AND "public"."store"."id" = $9 AND "public"."store"."row_version" = $10)
2026-09-27 16:32:30.193 CST [51195] ERROR:  duplicate key value violates unique constraint "store_org_id_name_key"
2026-09-27 16:32:30.193 CST [51195] DETAIL:  Key (org_id, name)=(497e2e5e-08cc-4c7f-a123-d23fed061fb0, 并发同名店) already exists.
2026-09-27 16:32:30.193 CST [51195] STATEMENT:  INSERT INTO "public"."store" ("id","org_id","name","external_store_id","status","demo_mode","platform","currency","timezone","dataset_version","ruleset_version","snapshot_status","settings","created_at","updated_at","row_version") VALUES ($1,$2,$3,$4,CAST($5::text AS "public"."StoreStatus"),$6,$7,$8,$9,$10,$11,CAST($12::text AS "public"."SnapshotStatus"),$13,$14,$15,$16) RETURNING "public"."store"."id", "public"."store"."org_id", "public"."store"."name", "public"."store"."external_store_id", "public"."store"."status"::text, "public"."store"."demo_mode", "public"."store"."platform", "public"."store"."currency", "public"."store"."timezone", "public"."store"."dataset_version", "public"."store"."input_evaluation_at", "public"."store"."last_evaluation_date", "public"."store"."current_snapshot_version", "public"."store"."ruleset_version", "public"."store"."current_snapshot_ruleset_version", "public"."store"."current_snapshot_evaluation_at", "public"."store"."previous_snapshot_version", "public"."store"."previous_snapshot_ruleset_version", "public"."store"."previous_snapshot_evaluation_at", "public"."store"."snapshot_status"::text, "public"."store"."settings", "public"."store"."created_at", "public"."store"."updated_at", "public"."store"."row_version"
2026-09-27 16:32:30.196 CST [51197] ERROR:  duplicate key value violates unique constraint "store_org_id_name_key"
2026-09-27 16:32:30.196 CST [51197] DETAIL:  Key (org_id, name)=(497e2e5e-08cc-4c7f-a123-d23fed061fb0, 并发同名店) already exists.
2026-09-27 16:32:30.196 CST [51197] STATEMENT:  INSERT INTO "public"."store" ("id","org_id","name","external_store_id","status","demo_mode","platform","currency","timezone","dataset_version","ruleset_version","snapshot_status","settings","created_at","updated_at","row_version") VALUES ($1,$2,$3,$4,CAST($5::text AS "public"."StoreStatus"),$6,$7,$8,$9,$10,$11,CAST($12::text AS "public"."SnapshotStatus"),$13,$14,$15,$16) RETURNING "public"."store"."id", "public"."store"."org_id", "public"."store"."name", "public"."store"."external_store_id", "public"."store"."status"::text, "public"."store"."demo_mode", "public"."store"."platform", "public"."store"."currency", "public"."store"."timezone", "public"."store"."dataset_version", "public"."store"."input_evaluation_at", "public"."store"."last_evaluation_date", "public"."store"."current_snapshot_version", "public"."store"."ruleset_version", "public"."store"."current_snapshot_ruleset_version", "public"."store"."current_snapshot_evaluation_at", "public"."store"."previous_snapshot_version", "public"."store"."previous_snapshot_ruleset_version", "public"."store"."previous_snapshot_evaluation_at", "public"."store"."snapshot_status"::text, "public"."store"."settings", "public"."store"."created_at", "public"."store"."updated_at", "public"."store"."row_version"
2026-09-27 16:32:30.292 CST [51022] LOG:  checkpoint starting: immediate force wait
2026-09-27 16:32:30.294 CST [51022] LOG:  checkpoint complete: wrote 4 buffers (0.0%); 0 WAL file(s) added, 0 removed, 0 recycled; write=0.001 s, sync=0.001 s, total=0.002 s; sync files=4, longest=0.001 s, average=0.001 s; distance=7708 kB, estimate=15436 kB; lsn=0/2C8B568, redo lsn=0/2C8B510
2026-09-27 16:32:31.950 CST [51201] ERROR:  new row for relation "audit_log" violates check constraint "ck_inject_audit_fail"
2026-09-27 16:32:31.950 CST [51201] DETAIL:  Failing row contains (9b3f5291-e212-4fd7-8bbc-8282fc09b0be, 3f9d58ba-22b6-41c4-b275-bf60d1a823b2, null, 4110adfd-74ca-4052-a98e-54bbc3616ab4, user, invite_create, invitation, 09541929-8f66-4ebd-a1ac-3afe910e9ed0, null, {"role": "operator", "email": "a*****************@example.com", ..., 59ddc521-2831-4b49-b119-69641e56252b, 2026-09-27 08:32:31.95+00, 2026-09-27 08:32:31.95+00, 1).
2026-09-27 16:32:31.950 CST [51201] STATEMENT:  INSERT INTO "public"."audit_log" ("id","org_id","store_id","actor_user_id","actor_type","action","entity_type","entity_id","after_summary","request_id","created_at","updated_at","row_version") VALUES ($1,$2,$3,$4,CAST($5::text AS "public"."ActorType"),$6,$7,$8,$9,$10,$11,$12,$13) RETURNING "public"."audit_log"."id", "public"."audit_log"."org_id", "public"."audit_log"."store_id", "public"."audit_log"."actor_user_id", "public"."audit_log"."actor_type"::text, "public"."audit_log"."action", "public"."audit_log"."entity_type", "public"."audit_log"."entity_id", "public"."audit_log"."before_summary", "public"."audit_log"."after_summary", "public"."audit_log"."request_id", "public"."audit_log"."created_at", "public"."audit_log"."updated_at", "public"."audit_log"."row_version"
2026-09-27 16:32:33.313 CST [51201] ERROR:  new row for relation "auth_rate_limit" violates check constraint "ck_m03_block_invite"
2026-09-27 16:32:33.313 CST [51201] DETAIL:  Failing row contains (d5b88ea0-cd1d-4419-bff2-fe320cec8049, invite-preview:direct, 1, 2026-09-27 08:33:33.313546+00, 2026-09-27 08:32:33.313546+00).
2026-09-27 16:32:33.313 CST [51201] STATEMENT:  
	    INSERT INTO auth_rate_limit (id, key, count, expires_at, updated_at)
	    VALUES (gen_random_uuid(), $1, 1, now() + make_interval(secs => $2), now())
	    ON CONFLICT (key) DO UPDATE SET
	      count = CASE WHEN auth_rate_limit.expires_at <= now() THEN 1 ELSE auth_rate_limit.count + 1 END,
	      expires_at = CASE WHEN auth_rate_limit.expires_at <= now()
	                        THEN now() + make_interval(secs => $3)
	                        ELSE auth_rate_limit.expires_at END,
	      updated_at = now()
	    RETURNING count, CEIL(EXTRACT(EPOCH FROM (auth_rate_limit.expires_at - now())))::bigint AS retry_after_s
2026-09-27 16:32:33.315 CST [51202] ERROR:  new row for relation "auth_rate_limit" violates check constraint "ck_m03_block_invite"
2026-09-27 16:32:33.315 CST [51202] DETAIL:  Failing row contains (df90b750-f5d2-4741-8ee2-6a8412f0b318, invite-accept:direct, 1, 2026-09-27 08:33:33.315276+00, 2026-09-27 08:32:33.315276+00).
2026-09-27 16:32:33.315 CST [51202] STATEMENT:  
	    INSERT INTO auth_rate_limit (id, key, count, expires_at, updated_at)
	    VALUES (gen_random_uuid(), $1, 1, now() + make_interval(secs => $2), now())
	    ON CONFLICT (key) DO UPDATE SET
	      count = CASE WHEN auth_rate_limit.expires_at <= now() THEN 1 ELSE auth_rate_limit.count + 1 END,
	      expires_at = CASE WHEN auth_rate_limit.expires_at <= now()
	                        THEN now() + make_interval(secs => $3)
	                        ELSE auth_rate_limit.expires_at END,
	      updated_at = now()
	    RETURNING count, CEIL(EXTRACT(EPOCH FROM (auth_rate_limit.expires_at - now())))::bigint AS retry_after_s
2026-09-27 16:32:33.323 CST [51022] LOG:  checkpoint starting: immediate force wait
2026-09-27 16:32:33.325 CST [51022] LOG:  checkpoint complete: wrote 5 buffers (0.0%); 0 WAL file(s) added, 0 removed, 1 recycled; write=0.001 s, sync=0.001 s, total=0.002 s; sync files=4, longest=0.001 s, average=0.001 s; distance=7812 kB, estimate=14673 kB; lsn=0/342C6F8, redo lsn=0/342C6A0
2026-09-27 16:32:33.848 CST [51211] ERROR:  audit_log store_id 2e35903d-7d1c-44c2-8b76-0c6553d2f024 不属于 org_id 对应组织（同域校验失败）
2026-09-27 16:32:33.848 CST [51211] CONTEXT:  PL/pgSQL function audit_log_store_same_domain() line 6 at RAISE
2026-09-27 16:32:33.848 CST [51211] STATEMENT:  INSERT INTO "public"."audit_log" ("id","org_id","store_id","actor_type","action","entity_type","entity_id","request_id","created_at","updated_at","row_version") VALUES ($1,$2,$3,CAST($4::text AS "public"."ActorType"),$5,$6,$7,$8,$9,$10,$11) RETURNING "public"."audit_log"."id", "public"."audit_log"."org_id", "public"."audit_log"."store_id", "public"."audit_log"."actor_user_id", "public"."audit_log"."actor_type"::text, "public"."audit_log"."action", "public"."audit_log"."entity_type", "public"."audit_log"."entity_id", "public"."audit_log"."before_summary", "public"."audit_log"."after_summary", "public"."audit_log"."request_id", "public"."audit_log"."created_at", "public"."audit_log"."updated_at", "public"."audit_log"."row_version"
2026-09-27 16:32:34.180 CST [51214] ERROR:  insert or update on table "audit_log" violates foreign key constraint "audit_log_org_id_store_id_fkey"
2026-09-27 16:32:34.180 CST [51214] DETAIL:  Key (org_id, store_id)=(5ac48251-0e2d-452d-8ceb-50d547d680cf, 92736b4c-7618-4a13-a89f-2eef13c29349) is not present in table "store".
2026-09-27 16:32:34.180 CST [51214] STATEMENT:  INSERT INTO audit_log (id,org_id,store_id,action,entity_type,entity_id,request_id,updated_at)
	         VALUES ($1,$2,$3,'race','probe',$4,$5,now())
2026-09-27 16:32:34.264 CST [51217] FATAL:  database "aiea_t_f2e3364d" does not exist
2026-09-27 16:32:34.264 CST [51218] FATAL:  database "aiea_t_f2e3364d" does not exist
2026-09-27 16:32:34.516 CST [51215] ERROR:  store e50466b1-7435-46c2-a387-947d0b2d4c68 的组织归属变更会使既有审计引用脱离同域，已阻断
2026-09-27 16:32:34.516 CST [51215] CONTEXT:  PL/pgSQL function store_org_reassign_guard() line 7 at RAISE
2026-09-27 16:32:34.516 CST [51215] STATEMENT:  UPDATE store SET org_id=$1 WHERE id=$2
2026-09-27 16:32:34.537 CST [51212] ERROR:  new row for relation "job_run" violates check constraint "ck_domain_uuid_job_run"
2026-09-27 16:32:34.537 CST [51212] DETAIL:  Failing row contains (not-a-uuid-review, 41394cb1-c943-43af-83a3-6d98701e962d, 6b12f80d-42f9-43d2-b887-79b7d3320702, recompute_snapshot, idem-5caa5bea, {}, null, user, null, 1, v1, succeeded, 1, pending, null, null, null, 2026-09-27 08:32:34.536799+00, 2026-09-27 08:32:34.536799+00, 1).
2026-09-27 16:32:34.537 CST [51212] STATEMENT:  
	      INSERT INTO job_run (id, org_id, store_id, job_kind, idempotency_key, context, dataset_version, ruleset_version, status, attempt_count, created_at, updated_at, row_version)
	      VALUES ('not-a-uuid-review', $1, $2, 'recompute_snapshot', $3, '{}'::jsonb, 1, 'v1', 'succeeded', 1, now(), now(), 1)
2026-09-27 16:32:34.574 CST [51219] ERROR:  store e35be8dc-a21a-4516-aaac-67be2622c884 的组织归属变更会使既有审计引用脱离同域，已阻断
2026-09-27 16:32:34.574 CST [51219] CONTEXT:  PL/pgSQL function store_org_reassign_guard() line 7 at RAISE
2026-09-27 16:32:34.574 CST [51219] STATEMENT:  UPDATE "public"."store" SET "org_id" = $1, "updated_at" = $2 WHERE ("public"."store"."id" = $3 AND 1=1) RETURNING "public"."store"."id", "public"."store"."org_id", "public"."store"."name", "public"."store"."external_store_id", "public"."store"."status"::text, "public"."store"."demo_mode", "public"."store"."platform", "public"."store"."currency", "public"."store"."timezone", "public"."store"."dataset_version", "public"."store"."input_evaluation_at", "public"."store"."last_evaluation_date", "public"."store"."current_snapshot_version", "public"."store"."ruleset_version", "public"."store"."current_snapshot_ruleset_version", "public"."store"."current_snapshot_evaluation_at", "public"."store"."previous_snapshot_version", "public"."store"."previous_snapshot_ruleset_version", "public"."store"."previous_snapshot_evaluation_at", "public"."store"."snapshot_status"::text, "public"."store"."settings", "public"."store"."created_at", "public"."store"."updated_at", "public"."store"."row_version"
2026-09-27 16:32:34.991 CST [51224] ERROR:  audit_log 存在 1 条跨组织店铺引用，拒绝升级；请先人工核对这些历史行
2026-09-27 16:32:34.991 CST [51224] CONTEXT:  PL/pgSQL function inline_code_block line 8 at RAISE
2026-09-27 16:32:34.991 CST [51224] STATEMENT:  -- Gate-01 H08（正式复核）｜审计同域的持续维护：
	-- 1) 升级守卫：存在跨域审计引用时拒绝静默通过（明确报错并给出数量，不自动改写历史）；
	-- 2) 父行保护：store.org_id 变更若使既有 audit_log 引用脱离同域，则阻断该变更；
	-- 3) 删除语义维持既有单列 FK：删除店铺仅清空可空 store_id、保留 org_id。
	-- 说明：p0_audit_tenant_fk 的 audit 行级触发器继续生效（插入/更新同域校验）。
	
	-- 1) 升级守卫（DO 块在迁移事务内失败即整体回滚）
	DO $$
	DECLARE bad BIGINT;
	BEGIN
	  SELECT count(*) INTO bad FROM audit_log a
	  WHERE a.store_id IS NOT NULL
	    AND NOT EXISTS (SELECT 1 FROM store s WHERE s.org_id = a.org_id AND s.id = a.store_id);
	  IF bad > 0 THEN
	    RAISE EXCEPTION 'audit_log 存在 % 条跨组织店铺引用，拒绝升级；请先人工核对这些历史行', bad;
	  END IF;
	END $$;
	
	-- 2) 父行保护函数与触发器
	CREATE FUNCTION "store_org_reassign_guard"() RETURNS trigger AS $$
	BEGIN
	  IF NEW."org_id" IS DISTINCT FROM OLD."org_id" AND EXISTS (
	    SELECT 1 FROM audit_log al
	    WHERE al."store_id" = NEW."id" AND al."org_id" IS DISTINCT FROM NEW."org_id"
	  ) THEN
	    RAISE EXCEPTION 'store % 的组织归属变更会使既有审计引用脱离同域，已阻断', NEW."id";
	  END IF;
	  RETURN NEW;
	END;
	$$ LANGUAGE plpgsql;
	
	CREATE TRIGGER "store_org_reassign_guard_trg"
	  BEFORE UPDATE OF "org_id" ON "store"
	  FOR EACH ROW EXECUTE FUNCTION "store_org_reassign_guard"();
	
2026-09-27 16:32:34.997 CST [51223] FATAL:  terminating connection due to administrator command
2026-09-27 16:32:34.998 CST [51022] LOG:  checkpoint starting: immediate force wait
2026-09-27 16:32:35.075 CST [51022] LOG:  checkpoint complete: wrote 1205 buffers (7.4%); 0 WAL file(s) added, 0 removed, 1 recycled; write=0.033 s, sync=0.028 s, total=0.077 s; sync files=1001, longest=0.001 s, average=0.001 s; distance=14961 kB, estimate=14961 kB; lsn=0/42C8B68, redo lsn=0/42C8B10
2026-09-27 16:32:35.144 CST [51220] ERROR:  insert or update on table "domain_user" violates foreign key constraint "domain_user_auth_user_id_fkey"
2026-09-27 16:32:35.144 CST [51220] DETAIL:  Key (auth_user_id)=(ghost-d435b5cb) is not present in table "user".
2026-09-27 16:32:35.144 CST [51220] STATEMENT:  INSERT INTO "public"."domain_user" ("id","auth_user_id","email","display_name","status","created_at","updated_at") VALUES ($1,$2,$3,$4,CAST($5::text AS "public"."UserStatus"),$6,$7) RETURNING "public"."domain_user"."id", "public"."domain_user"."auth_user_id", "public"."domain_user"."email", "public"."domain_user"."display_name", "public"."domain_user"."status"::text, "public"."domain_user"."created_at", "public"."domain_user"."updated_at"
2026-09-27 16:32:35.557 CST [51022] LOG:  checkpoint starting: immediate force wait
2026-09-27 16:32:35.560 CST [51022] LOG:  checkpoint complete: wrote 40 buffers (0.2%); 0 WAL file(s) added, 0 removed, 0 recycled; write=0.002 s, sync=0.001 s, total=0.003 s; sync files=27, longest=0.001 s, average=0.001 s; distance=6949 kB, estimate=14159 kB; lsn=0/4992150, redo lsn=0/49920F8
2026-09-27 16:32:36.534 CST [51022] LOG:  checkpoint starting: immediate force wait
2026-09-27 16:32:36.535 CST [51022] LOG:  checkpoint complete: wrote 2 buffers (0.0%); 0 WAL file(s) added, 0 removed, 0 recycled; write=0.001 s, sync=0.001 s, total=0.002 s; sync files=2, longest=0.001 s, average=0.001 s; distance=62 kB, estimate=12750 kB; lsn=0/49A19F8, redo lsn=0/49A19A0
2026-09-27 16:32:38.057 CST [51246] ERROR:  new row for relation "audit_log" violates check constraint "ck_inject_member_audit"
2026-09-27 16:32:38.057 CST [51246] DETAIL:  Failing row contains (d6b4f1fd-f11e-41e5-a021-7b20d34029c4, 2eaa4a72-1d19-43c4-9b15-986db4253986, null, 94ad824d-1bb3-47d4-a4c7-695af9a14fdc, user, member_update, membership, 2815b0c6-3154-4508-96ae-0aae802a85f1, {"role": "operator", "status": "active"}, {"role": "admin", "status": "active"}, 8b31c1ef-441c-492a-93be-8056ae60a3f9, 2026-09-27 08:32:38.056+00, 2026-09-27 08:32:38.056+00, 1).
2026-09-27 16:32:38.057 CST [51246] STATEMENT:  INSERT INTO "public"."audit_log" ("id","org_id","store_id","actor_user_id","actor_type","action","entity_type","entity_id","before_summary","after_summary","request_id","created_at","updated_at","row_version") VALUES ($1,$2,$3,$4,CAST($5::text AS "public"."ActorType"),$6,$7,$8,$9,$10,$11,$12,$13,$14) RETURNING "public"."audit_log"."id", "public"."audit_log"."org_id", "public"."audit_log"."store_id", "public"."audit_log"."actor_user_id", "public"."audit_log"."actor_type"::text, "public"."audit_log"."action", "public"."audit_log"."entity_type", "public"."audit_log"."entity_id", "public"."audit_log"."before_summary", "public"."audit_log"."after_summary", "public"."audit_log"."request_id", "public"."audit_log"."created_at", "public"."audit_log"."updated_at", "public"."audit_log"."row_version"
2026-09-27 16:32:38.068 CST [51246] ERROR:  new row for relation "audit_log" violates check constraint "ck_inject_org_audit"
2026-09-27 16:32:38.068 CST [51246] DETAIL:  Failing row contains (b768bf54-59c6-42f0-969b-fec4d4f0f901, 2eaa4a72-1d19-43c4-9b15-986db4253986, null, 94ad824d-1bb3-47d4-a4c7-695af9a14fdc, user, org_update, organization, 2eaa4a72-1d19-43c4-9b15-986db4253986, null, {"name": "不该生效"}, 86be3ddf-40de-49a3-b5d6-521a9f35dc08, 2026-09-27 08:32:38.067+00, 2026-09-27 08:32:38.067+00, 1).
2026-09-27 16:32:38.068 CST [51246] STATEMENT:  INSERT INTO "public"."audit_log" ("id","org_id","store_id","actor_user_id","actor_type","action","entity_type","entity_id","after_summary","request_id","created_at","updated_at","row_version") VALUES ($1,$2,$3,$4,CAST($5::text AS "public"."ActorType"),$6,$7,$8,$9,$10,$11,$12,$13) RETURNING "public"."audit_log"."id", "public"."audit_log"."org_id", "public"."audit_log"."store_id", "public"."audit_log"."actor_user_id", "public"."audit_log"."actor_type"::text, "public"."audit_log"."action", "public"."audit_log"."entity_type", "public"."audit_log"."entity_id", "public"."audit_log"."before_summary", "public"."audit_log"."after_summary", "public"."audit_log"."request_id", "public"."audit_log"."created_at", "public"."audit_log"."updated_at", "public"."audit_log"."row_version"
2026-09-27 16:32:38.077 CST [51022] LOG:  checkpoint starting: immediate force wait
2026-09-27 16:32:38.079 CST [51022] LOG:  checkpoint complete: wrote 4 buffers (0.0%); 0 WAL file(s) added, 0 removed, 1 recycled; write=0.001 s, sync=0.001 s, total=0.002 s; sync files=4, longest=0.001 s, average=0.001 s; distance=7554 kB, estimate=12230 kB; lsn=0/5102488, redo lsn=0/5102430
2026-09-27 16:32:38.942 CST [51250] ERROR:  duplicate key value violates unique constraint "uq_membership_single_owner"
2026-09-27 16:32:38.942 CST [51250] DETAIL:  Key (org_id)=(914f97c0-cb79-466c-b7cf-b3e0c8100edc) already exists.
2026-09-27 16:32:38.942 CST [51250] STATEMENT:  INSERT INTO "public"."membership" ("id","org_id","user_id","role","status","created_at","updated_at","row_version") VALUES ($1,$2,$3,CAST($4::text AS "public"."MemberRole"),CAST($5::text AS "public"."MemberStatus"),$6,$7,$8) RETURNING "public"."membership"."id", "public"."membership"."org_id", "public"."membership"."user_id", "public"."membership"."role"::text, "public"."membership"."status"::text, "public"."membership"."created_at", "public"."membership"."updated_at", "public"."membership"."row_version"
2026-09-27 16:32:39.263 CST [51253] FATAL:  database "aiea_t_f2e3364d" does not exist
2026-09-27 16:32:39.263 CST [51254] FATAL:  database "aiea_t_f2e3364d" does not exist
2026-09-27 16:32:39.618 CST [51022] LOG:  checkpoint starting: immediate force wait
2026-09-27 16:32:39.620 CST [51022] LOG:  checkpoint complete: wrote 4 buffers (0.0%); 0 WAL file(s) added, 0 removed, 0 recycled; write=0.001 s, sync=0.001 s, total=0.002 s; sync files=4, longest=0.001 s, average=0.001 s; distance=7579 kB, estimate=11765 kB; lsn=0/58690A8, redo lsn=0/5869050
2026-09-27 16:32:41.096 CST [51022] LOG:  checkpoint starting: immediate force wait
2026-09-27 16:32:41.097 CST [51022] LOG:  checkpoint complete: wrote 4 buffers (0.0%); 0 WAL file(s) added, 0 removed, 0 recycled; write=0.001 s, sync=0.001 s, total=0.002 s; sync files=4, longest=0.001 s, average=0.001 s; distance=7563 kB, estimate=11345 kB; lsn=0/5FCBF58, redo lsn=0/5FCBF00
2026-09-27 16:32:41.635 CST [51265] ERROR:  insert or update on table "order_item" violates foreign key constraint "order_item_org_id_store_id_import_task_id_fkey"
2026-09-27 16:32:41.635 CST [51265] DETAIL:  Key (org_id, store_id, import_task_id)=(437fb8e9-b1e3-4b9d-9c9b-51d75c3414e6, 18126e70-6fee-4f54-a58c-8cae2b194158, 037328fb-a361-4d87-8f64-80bb5ad9c18f) is not present in table "import_task".
2026-09-27 16:32:41.635 CST [51265] STATEMENT:  INSERT INTO "public"."order_item" ("id","org_id","store_id","source_namespace","source_updated_at","import_task_id","row_hash","order_id","external_order_item_id","sku_id","quantity","item_paid_amount","currency","created_at","updated_at","row_version") VALUES ($1,$2,$3,$4,$5,$6,$7,$8,$9,$10,$11,$12,$13,$14,$15,$16) RETURNING "public"."order_item"."id", "public"."order_item"."org_id", "public"."order_item"."store_id", "public"."order_item"."source_namespace", "public"."order_item"."source_updated_at", "public"."order_item"."import_task_id", "public"."order_item"."row_hash", "public"."order_item"."order_id", "public"."order_item"."external_order_item_id", "public"."order_item"."sku_id", "public"."order_item"."quantity", "public"."order_item"."item_paid_amount", "public"."order_item"."currency", "public"."order_item"."created_at", "public"."order_item"."updated_at", "public"."order_item"."row_version"
2026-09-27 16:32:41.652 CST [51266] ERROR:  duplicate key value violates unique constraint "sku_org_id_store_id_source_namespace_external_sku_id_key"
2026-09-27 16:32:41.652 CST [51266] DETAIL:  Key (org_id, store_id, source_namespace, external_sku_id)=(ce4623e6-7a51-4762-9d7a-ee3e43d2f866, c0a576ee-11d7-4c9a-b3f6-bc68d1898f19, ns-dup, S-dup) already exists.
2026-09-27 16:32:41.652 CST [51266] STATEMENT:  INSERT INTO "public"."sku" ("id","org_id","store_id","source_namespace","source_updated_at","import_task_id","row_hash","product_id","external_sku_id","sku_code","name","status","created_at","updated_at","row_version") VALUES ($1,$2,$3,$4,$5,$6,$7,$8,$9,$10,$11,CAST($12::text AS "public"."SkuStatus"),$13,$14,$15) RETURNING "public"."sku"."id", "public"."sku"."org_id", "public"."sku"."store_id", "public"."sku"."source_namespace", "public"."sku"."source_updated_at", "public"."sku"."import_task_id", "public"."sku"."row_hash", "public"."sku"."product_id", "public"."sku"."external_sku_id", "public"."sku"."sku_code", "public"."sku"."name", "public"."sku"."specification", "public"."sku"."status"::text, "public"."sku"."created_at", "public"."sku"."updated_at", "public"."sku"."row_version"
2026-09-27 16:32:41.668 CST [51267] ERROR:  duplicate key value violates unique constraint "uq_membership_single_owner"
2026-09-27 16:32:41.668 CST [51267] DETAIL:  Key (org_id)=(f92427dd-00c9-492e-bf08-3b7b6e31fe61) already exists.
2026-09-27 16:32:41.668 CST [51267] STATEMENT:  INSERT INTO "public"."membership" ("id","org_id","user_id","role","status","created_at","updated_at","row_version") VALUES ($1,$2,$3,CAST($4::text AS "public"."MemberRole"),CAST($5::text AS "public"."MemberStatus"),$6,$7,$8) RETURNING "public"."membership"."id", "public"."membership"."org_id", "public"."membership"."user_id", "public"."membership"."role"::text, "public"."membership"."status"::text, "public"."membership"."created_at", "public"."membership"."updated_at", "public"."membership"."row_version"
2026-09-27 16:32:41.682 CST [51268] ERROR:  new row for relation "order_item" violates check constraint "ck_order_item_quantity_range"
2026-09-27 16:32:41.682 CST [51268] DETAIL:  Failing row contains (d89534d3-4197-40e9-b992-1fd9945316f8, 82835026-9b55-477f-ace3-4152e66988fa, fd50a5ee-864a-4675-a988-931b372039f8, ns-negqty, 2026-09-27 08:32:41.681+00, f734fc10-9adc-4647-9570-ece808ed1c3a, 5127a706-59f9-43e2-9797-b37eaf4882f5, 59f82f97-c108-4ade-ac0e-07b48c0a92eb, L2, fcda057c-5364-482a-8ed4-8caf788c3583, -1, 5.000000, CNY, 2026-09-27 08:32:41.682+00, 2026-09-27 08:32:41.682+00, 1).
2026-09-27 16:32:41.682 CST [51268] STATEMENT:  INSERT INTO "public"."order_item" ("id","org_id","store_id","source_namespace","source_updated_at","import_task_id","row_hash","order_id","external_order_item_id","sku_id","quantity","item_paid_amount","currency","created_at","updated_at","row_version") VALUES ($1,$2,$3,$4,$5,$6,$7,$8,$9,$10,$11,$12,$13,$14,$15,$16) RETURNING "public"."order_item"."id", "public"."order_item"."org_id", "public"."order_item"."store_id", "public"."order_item"."source_namespace", "public"."order_item"."source_updated_at", "public"."order_item"."import_task_id", "public"."order_item"."row_hash", "public"."order_item"."order_id", "public"."order_item"."external_order_item_id", "public"."order_item"."sku_id", "public"."order_item"."quantity", "public"."order_item"."item_paid_amount", "public"."order_item"."currency", "public"."order_item"."created_at", "public"."order_item"."updated_at", "public"."order_item"."row_version"
2026-09-27 16:32:41.697 CST [51269] ERROR:  new row for relation "order" violates check constraint "ck_order_currency"
2026-09-27 16:32:41.697 CST [51269] DETAIL:  Failing row contains (2d88517c-c391-4486-a64d-5bea601bb28a, 4473274b-b0a3-4b33-bb49-1643857673df, fc28490b-d9e1-48ca-a404-5519abf14dfb, ns-badcur, 2026-09-27 08:32:41.696+00, 8c55a2e0-e272-4ee3-83b5-e5956ea369eb, 72c933e6-0a2b-4bb0-9f43-ad64dcd1168f, O-badcur-1, unpaid, null, 2026-09-27 08:32:41.696+00, cny, 1, 2026-09-27 08:32:41.697+00, 2026-09-27 08:32:41.697+00, 1).
2026-09-27 16:32:41.697 CST [51269] STATEMENT:  INSERT INTO "public"."order" ("id","org_id","store_id","source_namespace","source_updated_at","import_task_id","row_hash","external_order_id","payment_status","ordered_at","currency","expected_item_count","created_at","updated_at","row_version") VALUES ($1,$2,$3,$4,$5,$6,$7,$8,CAST($9::text AS "public"."OrderPaymentStatus"),$10,$11,$12,$13,$14,$15) RETURNING "public"."order"."id", "public"."order"."org_id", "public"."order"."store_id", "public"."order"."source_namespace", "public"."order"."source_updated_at", "public"."order"."import_task_id", "public"."order"."row_hash", "public"."order"."external_order_id", "public"."order"."payment_status"::text, "public"."order"."paid_at", "public"."order"."ordered_at", "public"."order"."currency", "public"."order"."expected_item_count", "public"."order"."created_at", "public"."order"."updated_at", "public"."order"."row_version"
2026-09-27 16:32:41.703 CST [51270] ERROR:  value too long for type character(3)
2026-09-27 16:32:41.703 CST [51270] STATEMENT:  UPDATE "public"."store" SET "currency" = $1, "updated_at" = $2 WHERE (("public"."store"."org_id" = $3 AND "public"."store"."external_store_id" = $4) AND 1=1) RETURNING "public"."store"."id", "public"."store"."org_id", "public"."store"."name", "public"."store"."external_store_id", "public"."store"."status"::text, "public"."store"."demo_mode", "public"."store"."platform", "public"."store"."currency", "public"."store"."timezone", "public"."store"."dataset_version", "public"."store"."input_evaluation_at", "public"."store"."last_evaluation_date", "public"."store"."current_snapshot_version", "public"."store"."ruleset_version", "public"."store"."current_snapshot_ruleset_version", "public"."store"."current_snapshot_evaluation_at", "public"."store"."previous_snapshot_version", "public"."store"."previous_snapshot_ruleset_version", "public"."store"."previous_snapshot_evaluation_at", "public"."store"."snapshot_status"::text, "public"."store"."settings", "public"."store"."created_at", "public"."store"."updated_at", "public"."store"."row_version"
2026-09-27 16:32:41.719 CST [51271] ERROR:  new row for relation "refund_event" violates check constraint "ck_refund_succeeded_fields"
2026-09-27 16:32:41.719 CST [51271] DETAIL:  Failing row contains (e83e123c-045c-495e-954c-634abe362c3f, 5a6790cd-165e-4c75-a79b-656066ab84f2, 3733772f-b2e5-466c-b587-b759b42645e8, ns-refund, 2026-09-27 08:32:41.717+00, 5b70dc95-970a-4b28-88ca-d9292fd718bf, 05f0ae63-fff3-416f-b9a7-972e0418ef7c, RF-1, 2d43b292-5640-4143-9c25-cfe7709b6c76, e07b0416-76c7-4062-b364-26bfbbf0b60c, null, 2026-09-27 08:32:41.717+00, succeeded, 2026-09-27 08:32:41.717+00, null, null, CNY, quality, null, 2026-09-27 08:32:41.718+00, 2026-09-27 08:32:41.718+00, 1).
2026-09-27 16:32:41.719 CST [51271] STATEMENT:  INSERT INTO "public"."refund_event" ("id","org_id","store_id","source_namespace","source_updated_at","import_task_id","row_hash","external_record_id","order_id","order_item_id","occurred_at","status","completed_at","currency","reason_code","created_at","updated_at","row_version") VALUES ($1,$2,$3,$4,$5,$6,$7,$8,$9,$10,$11,CAST($12::text AS "public"."RefundStatus"),$13,$14,$15,$16,$17,$18) RETURNING "public"."refund_event"."id", "public"."refund_event"."org_id", "public"."refund_event"."store_id", "public"."refund_event"."source_namespace", "public"."refund_event"."source_updated_at", "public"."refund_event"."import_task_id", "public"."refund_event"."row_hash", "public"."refund_event"."external_record_id", "public"."refund_event"."order_id", "public"."refund_event"."order_item_id", "public"."refund_event"."after_sale_record_id", "public"."refund_event"."occurred_at", "public"."refund_event"."status"::text, "public"."refund_event"."completed_at", "public"."refund_event"."refund_amount", "public"."refund_event"."refunded_quantity_cumulative", "public"."refund_event"."currency", "public"."refund_event"."reason_code", "public"."refund_event"."reason_text", "public"."refund_event"."created_at", "public"."refund_event"."updated_at", "public"."refund_event"."row_version"
2026-09-27 16:32:41.731 CST [51022] LOG:  checkpoint starting: immediate force wait
2026-09-27 16:32:41.733 CST [51022] LOG:  checkpoint complete: wrote 4 buffers (0.0%); 0 WAL file(s) added, 0 removed, 1 recycled; write=0.001 s, sync=0.001 s, total=0.002 s; sync files=4, longest=0.001 s, average=0.001 s; distance=7616 kB, estimate=10972 kB; lsn=0/673BFE0, redo lsn=0/673BF88
2026-09-27 16:32:46.068 CST [51315] FATAL:  terminating connection due to administrator command
2026-09-27 16:32:46.068 CST [51314] FATAL:  terminating connection due to administrator command
2026-09-27 16:32:46.069 CST [51022] LOG:  checkpoint starting: immediate force wait
2026-09-27 16:32:46.082 CST [51022] LOG:  checkpoint complete: wrote 135 buffers (0.8%); 0 WAL file(s) added, 0 removed, 1 recycled; write=0.012 s, sync=0.001 s, total=0.014 s; sync files=23, longest=0.001 s, average=0.001 s; distance=9147 kB, estimate=10789 kB; lsn=0/70511F8, redo lsn=0/702AE38
2026-09-27 16:32:48.747 CST [51335] FATAL:  terminating connection due to administrator command
2026-09-27 16:32:48.747 CST [51336] FATAL:  terminating connection due to administrator command
2026-09-27 16:32:48.749 CST [51022] LOG:  checkpoint starting: immediate force wait
2026-09-27 16:32:48.762 CST [51022] LOG:  checkpoint complete: wrote 96 buffers (0.6%); 0 WAL file(s) added, 0 removed, 0 recycled; write=0.011 s, sync=0.001 s, total=0.014 s; sync files=22, longest=0.001 s, average=0.001 s; distance=8591 kB, estimate=10570 kB; lsn=0/788EAA0, redo lsn=0/788EA48
2026-09-27 16:32:52.957 CST [51355] FATAL:  terminating connection due to administrator command
2026-09-27 16:32:52.957 CST [51354] FATAL:  terminating connection due to administrator command
2026-09-27 16:32:52.959 CST [51022] LOG:  checkpoint starting: immediate force wait
2026-09-27 16:32:52.962 CST [51022] LOG:  checkpoint complete: wrote 4 buffers (0.0%); 0 WAL file(s) added, 0 removed, 1 recycled; write=0.001 s, sync=0.001 s, total=0.003 s; sync files=4, longest=0.001 s, average=0.001 s; distance=8948 kB, estimate=10407 kB; lsn=0/814BB50, redo lsn=0/814BAF8
2026-09-27 16:32:55.835 CST [51377] FATAL:  terminating connection due to administrator command
2026-09-27 16:32:55.835 CST [51378] FATAL:  terminating connection due to administrator command
2026-09-27 16:32:55.836 CST [51022] LOG:  checkpoint starting: immediate force wait
2026-09-27 16:32:55.839 CST [51022] LOG:  checkpoint complete: wrote 4 buffers (0.0%); 0 WAL file(s) added, 0 removed, 0 recycled; write=0.001 s, sync=0.001 s, total=0.003 s; sync files=4, longest=0.001 s, average=0.001 s; distance=8051 kB, estimate=10172 kB; lsn=0/8928A00, redo lsn=0/89289A8
2026-09-27 16:33:31.458 CST [51410] ERROR:  R4 synthetic coverage failure
2026-09-27 16:33:31.458 CST [51410] CONTEXT:  PL/pgSQL function r4_fail_coverage() line 1 at RAISE
2026-09-27 16:33:31.458 CST [51410] STATEMENT:  INSERT INTO "public"."data_coverage" ("id","org_id","store_id","data_source_id","source_kind","channel","coverage_date","status","explicit_zero","record_count","dataset_version","import_task_id","created_at","updated_at","row_version") VALUES ($1,$2,$3,$4,CAST($5::text AS "public"."ImportSourceKind"),CAST($6::text AS "public"."CoverageChannel"),$7,CAST($8::text AS "public"."CoverageStatus"),$9,$10,$11,$12,$13,$14,$15) RETURNING "public"."data_coverage"."id", "public"."data_coverage"."org_id", "public"."data_coverage"."store_id", "public"."data_coverage"."data_source_id", "public"."data_coverage"."source_kind"::text, "public"."data_coverage"."channel"::text, "public"."data_coverage"."coverage_date", "public"."data_coverage"."status"::text, "public"."data_coverage"."explicit_zero", "public"."data_coverage"."record_count", "public"."data_coverage"."dataset_version", "public"."data_coverage"."import_task_id", "public"."data_coverage"."created_at", "public"."data_coverage"."updated_at", "public"."data_coverage"."row_version"
2026-09-27 16:33:31.530 CST [51412] FATAL:  terminating connection due to administrator command
2026-09-27 16:33:31.530 CST [51413] FATAL:  terminating connection due to administrator command
2026-09-27 16:33:31.531 CST [51022] LOG:  checkpoint starting: immediate force wait
2026-09-27 16:33:31.537 CST [51022] LOG:  checkpoint complete: wrote 47 buffers (0.3%); 0 WAL file(s) added, 0 removed, 1 recycled; write=0.005 s, sync=0.001 s, total=0.006 s; sync files=13, longest=0.001 s, average=0.001 s; distance=8942 kB, estimate=10049 kB; lsn=0/91E4250, redo lsn=0/91E41F8
2026-09-27 16:35:40.472 CST [51021] LOG:  received fast shutdown request
2026-09-27 16:35:40.472 CST [51021] LOG:  aborting any active transactions
2026-09-27 16:35:40.474 CST [51021] LOG:  background worker "logical replication launcher" (PID 51027) exited with exit code 1
2026-09-27 16:35:40.475 CST [51022] LOG:  shutting down
2026-09-27 16:35:40.475 CST [51022] LOG:  checkpoint starting: shutdown immediate
2026-09-27 16:35:40.481 CST [51022] LOG:  checkpoint complete: wrote 62 buffers (0.4%); 0 WAL file(s) added, 0 removed, 0 recycled; write=0.005 s, sync=0.001 s, total=0.007 s; sync files=12, longest=0.001 s, average=0.001 s; distance=215 kB, estimate=9065 kB; lsn=0/921A050, redo lsn=0/921A050
2026-09-27 16:35:40.485 CST [51021] LOG:  database system is shut down
