(node:61538) DeprecationWarning: Calling client.query() when the client is already executing a query is deprecated and will be removed in pg@9.0. Use async/await or an external async flow control mechanism instead.
(Use `node --trace-deprecation ...` to show where the warning was created)
valid-tail PASS {
  status: 201,
  code: undefined,
  hadSpoolBeforeTermination: true,
  newTemporaryFiles: 0,
  newTasks: 1,
  health: 200
}
truncated-tail PASS {
  status: 400,
  code: 'UPLOAD_INTERRUPTED',
  hadSpoolBeforeTermination: false,
  newTemporaryFiles: 0,
  newTasks: 0,
  health: 200
}
truncated-tail PASS {
  status: 400,
  code: 'UPLOAD_INTERRUPTED',
  hadSpoolBeforeTermination: true,
  newTemporaryFiles: 0,
  newTasks: 0,
  health: 200
}
socket-abort PASS {
  aborted: true,
  hadSpoolBeforeTermination: true,
  newTemporaryFiles: 0,
  newTasks: 0,
  health: 200
}
