Loaded Prisma config from prisma.config.ts.

Prisma schema loaded from prisma/schema.prisma.
Datasource "db": PostgreSQL database "aiea_r4_previous_good", schema "public" at "127.0.0.1:55470"

7 migrations found in prisma/migrations

Applying migration `20260912102945_p0_init`
Applying migration `20260912103005_p0_constraints`
Applying migration `20260913043631_p0_domain_timestamptz`
Applying migration `20260913044218_p0_audit_tenant_fk`
Applying migration `20260913120000_p0_nullable_timestamptz`
Applying migration `20260913120100_p0_audit_tenant_fk_v2`
Applying migration `20260913120200_p0_domain_user_auth_fk`

The following migration(s) have been applied:

migrations/
  └─ 20260912102945_p0_init/
    └─ migration.sql
  └─ 20260912103005_p0_constraints/
    └─ migration.sql
  └─ 20260913043631_p0_domain_timestamptz/
    └─ migration.sql
  └─ 20260913044218_p0_audit_tenant_fk/
    └─ migration.sql
  └─ 20260913120000_p0_nullable_timestamptz/
    └─ migration.sql
  └─ 20260913120100_p0_audit_tenant_fk_v2/
    └─ migration.sql
  └─ 20260913120200_p0_domain_user_auth_fk/
    └─ migration.sql

All migrations have been successfully applied.
