
> ai-ecommerce-assistant@0.1.0 test /private/tmp/aiea-g3r3-20260927-lr9ar3ai/repo
> vitest run tests/unit


 RUN  v3.2.7 /private/tmp/aiea-g3r3-20260927-lr9ar3ai/repo

 ✓ tests/unit/adapters.test.ts (47 tests) 36ms
 ✓ tests/unit/env.test.ts (11 tests) 5ms
 ✓ tests/unit/storage-oss.test.ts (4 tests) 6ms
 ✓ tests/unit/permissions.test.ts (7 tests) 1ms
 ❯ tests/unit/spool-interruption.test.ts (3 tests | 3 failed) 5020ms
   × G2-R3-H06/H08｜spool 中断收尾 > 输入流 error：删除半截 spool（新 tmp=0）并恰好调用一次 onAbort 5008ms
     → Timed out in waitUntil!
   × G2-R3-H06/H08｜spool 中断收尾 > 控制组：解析错误（INVALID_CSV）仍删除 spool 并调用 onAbort 一次 9ms
     → expected Error: 非法本地临时键：tmp/upload-9a46c473-4b4c-4… to match object { code: 'INVALID_CSV' }
   × G2-R3-H06/H08｜spool 中断收尾 > 控制组：正常上传解析成功后 deleteObjectSafe 清理临时文件 3ms
     → 非法本地临时键：tmp/upload-2eb27ecc-b5b2-4933-840a-cf9ddded7741.csv

⎯⎯⎯⎯⎯⎯⎯ Failed Tests 3 ⎯⎯⎯⎯⎯⎯⎯

 FAIL  tests/unit/spool-interruption.test.ts > G2-R3-H06/H08｜spool 中断收尾 > 输入流 error：删除半截 spool（新 tmp=0）并恰好调用一次 onAbort
Error: Timed out in waitUntil!
 ❯ tests/unit/spool-interruption.test.ts:37:14
     35|     });
     36|     stream.write("a,b\n1,2\n");
     37|     await vi.waitUntil(() => tmpFiles().length > before.length, { time…
       |              ^
     38|     stream.destroy(new Error("review injected client disconnect"));
     39|     await expect(pending).rejects.toMatchObject({ code: "UPLOAD_INTERR…

⎯⎯⎯⎯⎯⎯⎯⎯⎯⎯⎯⎯⎯⎯⎯⎯⎯⎯⎯⎯⎯⎯⎯⎯[1/3]⎯

 FAIL  tests/unit/spool-interruption.test.ts > G2-R3-H06/H08｜spool 中断收尾 > 控制组：解析错误（INVALID_CSV）仍删除 spool 并调用 onAbort 一次
AssertionError: expected Error: 非法本地临时键：tmp/upload-9a46c473-4b4c-4… to match object { code: 'INVALID_CSV' }

- Expected
+ Received

- {
-   "code": "INVALID_CSV",
+ Error {
+   "message": "非法本地临时键：tmp/upload-9a46c473-4b4c-451a-9435-06ff8a70b4fb.csv",
  }

⎯⎯⎯⎯⎯⎯⎯⎯⎯⎯⎯⎯⎯⎯⎯⎯⎯⎯⎯⎯⎯⎯⎯⎯[2/3]⎯

 FAIL  tests/unit/spool-interruption.test.ts > G2-R3-H06/H08｜spool 中断收尾 > 控制组：正常上传解析成功后 deleteObjectSafe 清理临时文件
Error: 非法本地临时键：tmp/upload-2eb27ecc-b5b2-4933-840a-cf9ddded7741.csv
 ❯ localTempPath src/storage/index.ts:55:11
     53|   const full = path.resolve(root, key);
     54|   if (full !== root && !full.startsWith(root + path.sep)) {
     55|     throw new Error(`非法本地临时键：${key}`);
       |           ^
     56|   }
     57|   return full;
 ❯ spoolUpload src/services/imports.ts:96:20
 ❯ tests/unit/spool-interruption.test.ts:61:27

⎯⎯⎯⎯⎯⎯⎯⎯⎯⎯⎯⎯⎯⎯⎯⎯⎯⎯⎯⎯⎯⎯⎯⎯[3/3]⎯

⎯⎯⎯⎯⎯⎯ Unhandled Errors ⎯⎯⎯⎯⎯⎯

Vitest caught 1 unhandled error during the test run.
This might cause false positive tests. Resolve unhandled errors to make sure your tests are not affected.

⎯⎯⎯⎯ Unhandled Rejection ⎯⎯⎯⎯⎯
Error: 非法本地临时键：tmp/upload-5f5f6587-c32f-402e-a599-bc008e7f3655.csv
 ❯ localTempPath src/storage/index.ts:55:11
     53|   const full = path.resolve(root, key);
     54|   if (full !== root && !full.startsWith(root + path.sep)) {
     55|     throw new Error(`非法本地临时键：${key}`);
       |           ^
     56|   }
     57|   return full;
 ❯ spoolUpload src/services/imports.ts:96:20
 ❯ tests/unit/spool-interruption.test.ts:33:21
 ❯ node_modules/.pnpm/@vitest+runner@3.2.7/node_modules/@vitest/runner/dist/chunk-hooks.js:155:11
 ❯ node_modules/.pnpm/@vitest+runner@3.2.7/node_modules/@vitest/runner/dist/chunk-hooks.js:752:26
 ❯ node_modules/.pnpm/@vitest+runner@3.2.7/node_modules/@vitest/runner/dist/chunk-hooks.js:1897:20
 ❯ runWithTimeout node_modules/.pnpm/@vitest+runner@3.2.7/node_modules/@vitest/runner/dist/chunk-hooks.js:1863:10
 ❯ runTest node_modules/.pnpm/@vitest+runner@3.2.7/node_modules/@vitest/runner/dist/chunk-hooks.js:1574:12
 ❯ processTicksAndRejections node:internal/process/task_queues:104:5

This error originated in "tests/unit/spool-interruption.test.ts" test file. It doesn't mean the error was thrown inside the file itself, but while it was running.
The latest test that might've caused the error is "输入流 error：删除半截 spool（新 tmp=0）并恰好调用一次 onAbort". It might mean one of the following:
- The error was thrown, while Vitest was running this test.
- If the error occurred after the test had been completed, this was the last documented test before it was thrown.
⎯⎯⎯⎯⎯⎯⎯⎯⎯⎯⎯⎯⎯⎯⎯⎯⎯⎯⎯⎯⎯⎯⎯⎯⎯⎯⎯⎯⎯⎯


 Test Files  1 failed | 4 passed (5)
      Tests  3 failed | 69 passed (72)
     Errors  1 error
   Start at  15:49:28
   Duration  6.64s (transform 239ms, setup 603ms, collect 121ms, tests 5.07s, environment 0ms, prepare 677ms)

 ELIFECYCLE  Test failed. See above for more details.
