2026-09-27 15:48:30.485 CST [47489] LOG:  starting PostgreSQL 17.11 (Homebrew) on aarch64-apple-darwin25.6.0, compiled by Apple clang version 21.0.0 (clang-2100.1.1.101), 64-bit
2026-09-27 15:48:30.486 CST [47489] LOG:  listening on IPv4 address "127.0.0.1", port 57024
2026-09-27 15:48:30.486 CST [47489] LOG:  listening on Unix socket "/private/tmp/aiea-g3r3-20260927-lr9ar3ai/pgsock/.s.PGSQL.57024"
2026-09-27 15:48:30.490 CST [47492] LOG:  database system was shut down at 2026-09-27 15:48:30 CST
2026-09-27 15:48:30.493 CST [47489] LOG:  database system is ready to accept connections
2026-09-27 15:49:40.669 CST [47490] LOG:  checkpoint starting: immediate force wait
2026-09-27 15:49:40.780 CST [47490] LOG:  checkpoint complete: wrote 1133 buffers (6.9%); 0 WAL file(s) added, 0 removed, 1 recycled; write=0.056 s, sync=0.038 s, total=0.112 s; sync files=1002, longest=0.001 s, average=0.001 s; distance=15069 kB, estimate=15069 kB; lsn=0/23D1FF8, redo lsn=0/23D1FA0
2026-09-27 15:49:41.780 CST [47678] ERROR:  duplicate key value violates unique constraint "store_org_id_name_key"
2026-09-27 15:49:41.780 CST [47678] DETAIL:  Key (org_id, name)=(cce5d051-b5d3-47cd-bf46-7acd4fc3b84a, 旗舰店) already exists.
2026-09-27 15:49:41.780 CST [47678] STATEMENT:  INSERT INTO "public"."store" ("id","org_id","name","external_store_id","status","demo_mode","platform","currency","timezone","dataset_version","ruleset_version","snapshot_status","settings","created_at","updated_at","row_version") VALUES ($1,$2,$3,$4,CAST($5::text AS "public"."StoreStatus"),$6,$7,$8,$9,$10,$11,CAST($12::text AS "public"."SnapshotStatus"),$13,$14,$15,$16) RETURNING "public"."store"."id", "public"."store"."org_id", "public"."store"."name", "public"."store"."external_store_id", "public"."store"."status"::text, "public"."store"."demo_mode", "public"."store"."platform", "public"."store"."currency", "public"."store"."timezone", "public"."store"."dataset_version", "public"."store"."input_evaluation_at", "public"."store"."last_evaluation_date", "public"."store"."current_snapshot_version", "public"."store"."ruleset_version", "public"."store"."current_snapshot_ruleset_version", "public"."store"."current_snapshot_evaluation_at", "public"."store"."previous_snapshot_version", "public"."store"."previous_snapshot_ruleset_version", "public"."store"."previous_snapshot_evaluation_at", "public"."store"."snapshot_status"::text, "public"."store"."settings", "public"."store"."created_at", "public"."store"."updated_at", "public"."store"."row_version"
2026-09-27 15:49:41.799 CST [47678] ERROR:  duplicate key value violates unique constraint "store_org_id_external_store_id_key"
2026-09-27 15:49:41.799 CST [47678] DETAIL:  Key (org_id, external_store_id)=(cce5d051-b5d3-47cd-bf46-7acd4fc3b84a, ext-main) already exists.
2026-09-27 15:49:41.799 CST [47678] STATEMENT:  INSERT INTO "public"."store" ("id","org_id","name","external_store_id","status","demo_mode","platform","currency","timezone","dataset_version","ruleset_version","snapshot_status","settings","created_at","updated_at","row_version") VALUES ($1,$2,$3,$4,CAST($5::text AS "public"."StoreStatus"),$6,$7,$8,$9,$10,$11,CAST($12::text AS "public"."SnapshotStatus"),$13,$14,$15,$16) RETURNING "public"."store"."id", "public"."store"."org_id", "public"."store"."name", "public"."store"."external_store_id", "public"."store"."status"::text, "public"."store"."demo_mode", "public"."store"."platform", "public"."store"."currency", "public"."store"."timezone", "public"."store"."dataset_version", "public"."store"."input_evaluation_at", "public"."store"."last_evaluation_date", "public"."store"."current_snapshot_version", "public"."store"."ruleset_version", "public"."store"."current_snapshot_ruleset_version", "public"."store"."current_snapshot_evaluation_at", "public"."store"."previous_snapshot_version", "public"."store"."previous_snapshot_ruleset_version", "public"."store"."previous_snapshot_evaluation_at", "public"."store"."snapshot_status"::text, "public"."store"."settings", "public"."store"."created_at", "public"."store"."updated_at", "public"."store"."row_version"
2026-09-27 15:49:41.982 CST [47679] ERROR:  duplicate key value violates unique constraint "store_org_id_name_key"
2026-09-27 15:49:41.982 CST [47679] DETAIL:  Key (org_id, name)=(cce5d051-b5d3-47cd-bf46-7acd4fc3b84a, 旗舰店) already exists.
2026-09-27 15:49:41.982 CST [47679] STATEMENT:  UPDATE "public"."store" SET "name" = $1, "status" = CAST($2::text AS "public"."StoreStatus"), "currency" = $3, "timezone" = $4, "settings" = $5, "row_version" = ("public"."store"."row_version" + $6), "updated_at" = $7 WHERE ("public"."store"."org_id" = $8 AND "public"."store"."id" = $9 AND "public"."store"."row_version" = $10)
2026-09-27 15:49:41.992 CST [47678] ERROR:  duplicate key value violates unique constraint "store_org_id_name_key"
2026-09-27 15:49:41.992 CST [47678] DETAIL:  Key (org_id, name)=(cce5d051-b5d3-47cd-bf46-7acd4fc3b84a, 并发同名店) already exists.
2026-09-27 15:49:41.992 CST [47678] STATEMENT:  INSERT INTO "public"."store" ("id","org_id","name","external_store_id","status","demo_mode","platform","currency","timezone","dataset_version","ruleset_version","snapshot_status","settings","created_at","updated_at","row_version") VALUES ($1,$2,$3,$4,CAST($5::text AS "public"."StoreStatus"),$6,$7,$8,$9,$10,$11,CAST($12::text AS "public"."SnapshotStatus"),$13,$14,$15,$16) RETURNING "public"."store"."id", "public"."store"."org_id", "public"."store"."name", "public"."store"."external_store_id", "public"."store"."status"::text, "public"."store"."demo_mode", "public"."store"."platform", "public"."store"."currency", "public"."store"."timezone", "public"."store"."dataset_version", "public"."store"."input_evaluation_at", "public"."store"."last_evaluation_date", "public"."store"."current_snapshot_version", "public"."store"."ruleset_version", "public"."store"."current_snapshot_ruleset_version", "public"."store"."current_snapshot_evaluation_at", "public"."store"."previous_snapshot_version", "public"."store"."previous_snapshot_ruleset_version", "public"."store"."previous_snapshot_evaluation_at", "public"."store"."snapshot_status"::text, "public"."store"."settings", "public"."store"."created_at", "public"."store"."updated_at", "public"."store"."row_version"
2026-09-27 15:49:41.997 CST [47680] ERROR:  duplicate key value violates unique constraint "store_org_id_name_key"
2026-09-27 15:49:41.997 CST [47680] DETAIL:  Key (org_id, name)=(cce5d051-b5d3-47cd-bf46-7acd4fc3b84a, 并发同名店) already exists.
2026-09-27 15:49:41.997 CST [47680] STATEMENT:  INSERT INTO "public"."store" ("id","org_id","name","external_store_id","status","demo_mode","platform","currency","timezone","dataset_version","ruleset_version","snapshot_status","settings","created_at","updated_at","row_version") VALUES ($1,$2,$3,$4,CAST($5::text AS "public"."StoreStatus"),$6,$7,$8,$9,$10,$11,CAST($12::text AS "public"."SnapshotStatus"),$13,$14,$15,$16) RETURNING "public"."store"."id", "public"."store"."org_id", "public"."store"."name", "public"."store"."external_store_id", "public"."store"."status"::text, "public"."store"."demo_mode", "public"."store"."platform", "public"."store"."currency", "public"."store"."timezone", "public"."store"."dataset_version", "public"."store"."input_evaluation_at", "public"."store"."last_evaluation_date", "public"."store"."current_snapshot_version", "public"."store"."ruleset_version", "public"."store"."current_snapshot_ruleset_version", "public"."store"."current_snapshot_evaluation_at", "public"."store"."previous_snapshot_version", "public"."store"."previous_snapshot_ruleset_version", "public"."store"."previous_snapshot_evaluation_at", "public"."store"."snapshot_status"::text, "public"."store"."settings", "public"."store"."created_at", "public"."store"."updated_at", "public"."store"."row_version"
2026-09-27 15:49:42.108 CST [47490] LOG:  checkpoint starting: immediate force wait
2026-09-27 15:49:42.110 CST [47490] LOG:  checkpoint complete: wrote 4 buffers (0.0%); 0 WAL file(s) added, 0 removed, 0 recycled; write=0.001 s, sync=0.001 s, total=0.002 s; sync files=4, longest=0.001 s, average=0.001 s; distance=7708 kB, estimate=14333 kB; lsn=0/2B59178, redo lsn=0/2B59120
2026-09-27 15:49:43.737 CST [47684] ERROR:  new row for relation "audit_log" violates check constraint "ck_inject_audit_fail"
2026-09-27 15:49:43.737 CST [47684] DETAIL:  Failing row contains (f506971e-4c7e-48bf-b6e5-2f600d52da63, 6e4206de-df8c-40ab-9c04-6553b433096f, null, 25aaef1b-bd28-43e8-8c34-0503deabb188, user, invite_create, invitation, ededa65a-3392-44df-9858-7b715c16045e, null, {"role": "operator", "email": "a*****************@example.com", ..., 152fd323-427f-4812-9554-ec61d076353e, 2026-09-27 07:49:43.737+00, 2026-09-27 07:49:43.737+00, 1).
2026-09-27 15:49:43.737 CST [47684] STATEMENT:  INSERT INTO "public"."audit_log" ("id","org_id","store_id","actor_user_id","actor_type","action","entity_type","entity_id","after_summary","request_id","created_at","updated_at","row_version") VALUES ($1,$2,$3,$4,CAST($5::text AS "public"."ActorType"),$6,$7,$8,$9,$10,$11,$12,$13) RETURNING "public"."audit_log"."id", "public"."audit_log"."org_id", "public"."audit_log"."store_id", "public"."audit_log"."actor_user_id", "public"."audit_log"."actor_type"::text, "public"."audit_log"."action", "public"."audit_log"."entity_type", "public"."audit_log"."entity_id", "public"."audit_log"."before_summary", "public"."audit_log"."after_summary", "public"."audit_log"."request_id", "public"."audit_log"."created_at", "public"."audit_log"."updated_at", "public"."audit_log"."row_version"
2026-09-27 15:49:45.126 CST [47684] ERROR:  new row for relation "auth_rate_limit" violates check constraint "ck_m03_block_invite"
2026-09-27 15:49:45.126 CST [47684] DETAIL:  Failing row contains (eec5332e-8e72-4d7c-b6ce-b2f4cd776183, invite-preview:direct, 1, 2026-09-27 07:50:45.126291+00, 2026-09-27 07:49:45.126291+00).
2026-09-27 15:49:45.126 CST [47684] STATEMENT:  
	    INSERT INTO auth_rate_limit (id, key, count, expires_at, updated_at)
	    VALUES (gen_random_uuid(), $1, 1, now() + make_interval(secs => $2), now())
	    ON CONFLICT (key) DO UPDATE SET
	      count = CASE WHEN auth_rate_limit.expires_at <= now() THEN 1 ELSE auth_rate_limit.count + 1 END,
	      expires_at = CASE WHEN auth_rate_limit.expires_at <= now()
	                        THEN now() + make_interval(secs => $3)
	                        ELSE auth_rate_limit.expires_at END,
	      updated_at = now()
	    RETURNING count, CEIL(EXTRACT(EPOCH FROM (auth_rate_limit.expires_at - now())))::bigint AS retry_after_s
2026-09-27 15:49:45.129 CST [47685] ERROR:  new row for relation "auth_rate_limit" violates check constraint "ck_m03_block_invite"
2026-09-27 15:49:45.129 CST [47685] DETAIL:  Failing row contains (0c4cf143-2c24-4cee-b6e7-358b293bb8e3, invite-accept:direct, 1, 2026-09-27 07:50:45.129252+00, 2026-09-27 07:49:45.129252+00).
2026-09-27 15:49:45.129 CST [47685] STATEMENT:  
	    INSERT INTO auth_rate_limit (id, key, count, expires_at, updated_at)
	    VALUES (gen_random_uuid(), $1, 1, now() + make_interval(secs => $2), now())
	    ON CONFLICT (key) DO UPDATE SET
	      count = CASE WHEN auth_rate_limit.expires_at <= now() THEN 1 ELSE auth_rate_limit.count + 1 END,
	      expires_at = CASE WHEN auth_rate_limit.expires_at <= now()
	                        THEN now() + make_interval(secs => $3)
	                        ELSE auth_rate_limit.expires_at END,
	      updated_at = now()
	    RETURNING count, CEIL(EXTRACT(EPOCH FROM (auth_rate_limit.expires_at - now())))::bigint AS retry_after_s
2026-09-27 15:49:45.138 CST [47490] LOG:  checkpoint starting: immediate force wait
2026-09-27 15:49:45.140 CST [47490] LOG:  checkpoint complete: wrote 4 buffers (0.0%); 0 WAL file(s) added, 0 removed, 1 recycled; write=0.001 s, sync=0.001 s, total=0.002 s; sync files=4, longest=0.001 s, average=0.001 s; distance=7662 kB, estimate=13666 kB; lsn=0/32D49C8, redo lsn=0/32D4970
2026-09-27 15:49:45.659 CST [47690] ERROR:  audit_log store_id 5614165c-9391-4e85-8da7-c3b1f1277ed8 不属于 org_id 对应组织（同域校验失败）
2026-09-27 15:49:45.659 CST [47690] CONTEXT:  PL/pgSQL function audit_log_store_same_domain() line 6 at RAISE
2026-09-27 15:49:45.659 CST [47690] STATEMENT:  INSERT INTO "public"."audit_log" ("id","org_id","store_id","actor_type","action","entity_type","entity_id","request_id","created_at","updated_at","row_version") VALUES ($1,$2,$3,CAST($4::text AS "public"."ActorType"),$5,$6,$7,$8,$9,$10,$11) RETURNING "public"."audit_log"."id", "public"."audit_log"."org_id", "public"."audit_log"."store_id", "public"."audit_log"."actor_user_id", "public"."audit_log"."actor_type"::text, "public"."audit_log"."action", "public"."audit_log"."entity_type", "public"."audit_log"."entity_id", "public"."audit_log"."before_summary", "public"."audit_log"."after_summary", "public"."audit_log"."request_id", "public"."audit_log"."created_at", "public"."audit_log"."updated_at", "public"."audit_log"."row_version"
2026-09-27 15:49:45.990 CST [47693] ERROR:  insert or update on table "audit_log" violates foreign key constraint "audit_log_org_id_store_id_fkey"
2026-09-27 15:49:45.990 CST [47693] DETAIL:  Key (org_id, store_id)=(0e8720eb-35c9-46b8-b4e3-87f371d43a54, 75ebc00d-166c-4672-89b7-90c0e2358ece) is not present in table "store".
2026-09-27 15:49:45.990 CST [47693] STATEMENT:  INSERT INTO audit_log (id,org_id,store_id,action,entity_type,entity_id,request_id,updated_at)
	         VALUES ($1,$2,$3,'race','probe',$4,$5,now())
2026-09-27 15:49:46.324 CST [47695] ERROR:  store 689747e5-8cba-4ba8-8fe7-08bf7731708f 的组织归属变更会使既有审计引用脱离同域，已阻断
2026-09-27 15:49:46.324 CST [47695] CONTEXT:  PL/pgSQL function store_org_reassign_guard() line 7 at RAISE
2026-09-27 15:49:46.324 CST [47695] STATEMENT:  UPDATE store SET org_id=$1 WHERE id=$2
2026-09-27 15:49:46.337 CST [47691] ERROR:  new row for relation "job_run" violates check constraint "ck_domain_uuid_job_run"
2026-09-27 15:49:46.337 CST [47691] DETAIL:  Failing row contains (not-a-uuid-review, d294bf10-6378-4faf-97ca-3fec5123ff03, 98449634-f2f3-47a0-b1e8-98e370b9d3b1, recompute_snapshot, idem-133558b2, {}, null, user, null, 1, v1, succeeded, 1, pending, null, null, null, 2026-09-27 07:49:46.337335+00, 2026-09-27 07:49:46.337335+00, 1).
2026-09-27 15:49:46.337 CST [47691] STATEMENT:  
	      INSERT INTO job_run (id, org_id, store_id, job_kind, idempotency_key, context, dataset_version, ruleset_version, status, attempt_count, created_at, updated_at, row_version)
	      VALUES ('not-a-uuid-review', $1, $2, 'recompute_snapshot', $3, '{}'::jsonb, 1, 'v1', 'succeeded', 1, now(), now(), 1)
2026-09-27 15:49:46.384 CST [47701] ERROR:  store 5e2955d1-e963-449a-ae76-7c45aee3580a 的组织归属变更会使既有审计引用脱离同域，已阻断
2026-09-27 15:49:46.384 CST [47701] CONTEXT:  PL/pgSQL function store_org_reassign_guard() line 7 at RAISE
2026-09-27 15:49:46.384 CST [47701] STATEMENT:  UPDATE "public"."store" SET "org_id" = $1, "updated_at" = $2 WHERE ("public"."store"."id" = $3 AND 1=1) RETURNING "public"."store"."id", "public"."store"."org_id", "public"."store"."name", "public"."store"."external_store_id", "public"."store"."status"::text, "public"."store"."demo_mode", "public"."store"."platform", "public"."store"."currency", "public"."store"."timezone", "public"."store"."dataset_version", "public"."store"."input_evaluation_at", "public"."store"."last_evaluation_date", "public"."store"."current_snapshot_version", "public"."store"."ruleset_version", "public"."store"."current_snapshot_ruleset_version", "public"."store"."current_snapshot_evaluation_at", "public"."store"."previous_snapshot_version", "public"."store"."previous_snapshot_ruleset_version", "public"."store"."previous_snapshot_evaluation_at", "public"."store"."snapshot_status"::text, "public"."store"."settings", "public"."store"."created_at", "public"."store"."updated_at", "public"."store"."row_version"
2026-09-27 15:49:46.810 CST [47706] ERROR:  audit_log 存在 1 条跨组织店铺引用，拒绝升级；请先人工核对这些历史行
2026-09-27 15:49:46.810 CST [47706] CONTEXT:  PL/pgSQL function inline_code_block line 8 at RAISE
2026-09-27 15:49:46.810 CST [47706] STATEMENT:  -- Gate-01 H08（正式复核）｜审计同域的持续维护：
	-- 1) 升级守卫：存在跨域审计引用时拒绝静默通过（明确报错并给出数量，不自动改写历史）；
	-- 2) 父行保护：store.org_id 变更若使既有 audit_log 引用脱离同域，则阻断该变更；
	-- 3) 删除语义维持既有单列 FK：删除店铺仅清空可空 store_id、保留 org_id。
	-- 说明：p0_audit_tenant_fk 的 audit 行级触发器继续生效（插入/更新同域校验）。
	
	-- 1) 升级守卫（DO 块在迁移事务内失败即整体回滚）
	DO $$
	DECLARE bad BIGINT;
	BEGIN
	  SELECT count(*) INTO bad FROM audit_log a
	  WHERE a.store_id IS NOT NULL
	    AND NOT EXISTS (SELECT 1 FROM store s WHERE s.org_id = a.org_id AND s.id = a.store_id);
	  IF bad > 0 THEN
	    RAISE EXCEPTION 'audit_log 存在 % 条跨组织店铺引用，拒绝升级；请先人工核对这些历史行', bad;
	  END IF;
	END $$;
	
	-- 2) 父行保护函数与触发器
	CREATE FUNCTION "store_org_reassign_guard"() RETURNS trigger AS $$
	BEGIN
	  IF NEW."org_id" IS DISTINCT FROM OLD."org_id" AND EXISTS (
	    SELECT 1 FROM audit_log al
	    WHERE al."store_id" = NEW."id" AND al."org_id" IS DISTINCT FROM NEW."org_id"
	  ) THEN
	    RAISE EXCEPTION 'store % 的组织归属变更会使既有审计引用脱离同域，已阻断', NEW."id";
	  END IF;
	  RETURN NEW;
	END;
	$$ LANGUAGE plpgsql;
	
	CREATE TRIGGER "store_org_reassign_guard_trg"
	  BEFORE UPDATE OF "org_id" ON "store"
	  FOR EACH ROW EXECUTE FUNCTION "store_org_reassign_guard"();
	
2026-09-27 15:49:46.816 CST [47705] FATAL:  terminating connection due to administrator command
2026-09-27 15:49:46.817 CST [47490] LOG:  checkpoint starting: immediate force wait
2026-09-27 15:49:46.891 CST [47490] LOG:  checkpoint complete: wrote 1205 buffers (7.4%); 0 WAL file(s) added, 0 removed, 1 recycled; write=0.031 s, sync=0.028 s, total=0.075 s; sync files=1001, longest=0.001 s, average=0.001 s; distance=14961 kB, estimate=14961 kB; lsn=0/4170DD0, redo lsn=0/4170D78
2026-09-27 15:49:46.952 CST [47702] ERROR:  insert or update on table "domain_user" violates foreign key constraint "domain_user_auth_user_id_fkey"
2026-09-27 15:49:46.952 CST [47702] DETAIL:  Key (auth_user_id)=(ghost-50e9ae56) is not present in table "user".
2026-09-27 15:49:46.952 CST [47702] STATEMENT:  INSERT INTO "public"."domain_user" ("id","auth_user_id","email","display_name","status","created_at","updated_at") VALUES ($1,$2,$3,$4,CAST($5::text AS "public"."UserStatus"),$6,$7) RETURNING "public"."domain_user"."id", "public"."domain_user"."auth_user_id", "public"."domain_user"."email", "public"."domain_user"."display_name", "public"."domain_user"."status"::text, "public"."domain_user"."created_at", "public"."domain_user"."updated_at"
2026-09-27 15:49:47.315 CST [47490] LOG:  checkpoint starting: immediate force wait
2026-09-27 15:49:47.318 CST [47490] LOG:  checkpoint complete: wrote 40 buffers (0.2%); 0 WAL file(s) added, 0 removed, 0 recycled; write=0.002 s, sync=0.001 s, total=0.003 s; sync files=27, longest=0.001 s, average=0.001 s; distance=6949 kB, estimate=14159 kB; lsn=0/483A408, redo lsn=0/483A3B0
2026-09-27 15:49:48.258 CST [47490] LOG:  checkpoint starting: immediate force wait
2026-09-27 15:49:48.259 CST [47490] LOG:  checkpoint complete: wrote 2 buffers (0.0%); 0 WAL file(s) added, 0 removed, 0 recycled; write=0.001 s, sync=0.001 s, total=0.002 s; sync files=2, longest=0.001 s, average=0.001 s; distance=62 kB, estimate=12750 kB; lsn=0/4849CB0, redo lsn=0/4849C58
2026-09-27 15:49:49.811 CST [47724] ERROR:  new row for relation "audit_log" violates check constraint "ck_inject_member_audit"
2026-09-27 15:49:49.811 CST [47724] DETAIL:  Failing row contains (9cd39615-9f15-4990-b62d-54066b3fd220, 7413af86-dfc6-4104-a9ca-6ebff28506fd, null, 27731d82-d314-4fab-b044-07ee0ac809fa, user, member_update, membership, 722d3c79-7434-43dc-bd88-863deb4a7cb7, {"role": "operator", "status": "active"}, {"role": "admin", "status": "active"}, 20fe7728-4072-40a2-82e8-a07bcafa1515, 2026-09-27 07:49:49.81+00, 2026-09-27 07:49:49.81+00, 1).
2026-09-27 15:49:49.811 CST [47724] STATEMENT:  INSERT INTO "public"."audit_log" ("id","org_id","store_id","actor_user_id","actor_type","action","entity_type","entity_id","before_summary","after_summary","request_id","created_at","updated_at","row_version") VALUES ($1,$2,$3,$4,CAST($5::text AS "public"."ActorType"),$6,$7,$8,$9,$10,$11,$12,$13,$14) RETURNING "public"."audit_log"."id", "public"."audit_log"."org_id", "public"."audit_log"."store_id", "public"."audit_log"."actor_user_id", "public"."audit_log"."actor_type"::text, "public"."audit_log"."action", "public"."audit_log"."entity_type", "public"."audit_log"."entity_id", "public"."audit_log"."before_summary", "public"."audit_log"."after_summary", "public"."audit_log"."request_id", "public"."audit_log"."created_at", "public"."audit_log"."updated_at", "public"."audit_log"."row_version"
2026-09-27 15:49:49.824 CST [47724] ERROR:  new row for relation "audit_log" violates check constraint "ck_inject_org_audit"
2026-09-27 15:49:49.824 CST [47724] DETAIL:  Failing row contains (80552eef-12aa-488d-8396-3b7afdd5db25, 7413af86-dfc6-4104-a9ca-6ebff28506fd, null, 27731d82-d314-4fab-b044-07ee0ac809fa, user, org_update, organization, 7413af86-dfc6-4104-a9ca-6ebff28506fd, null, {"name": "不该生效"}, 7a85d307-ce2f-4fcb-9fc0-3dd071ca1dd6, 2026-09-27 07:49:49.823+00, 2026-09-27 07:49:49.823+00, 1).
2026-09-27 15:49:49.824 CST [47724] STATEMENT:  INSERT INTO "public"."audit_log" ("id","org_id","store_id","actor_user_id","actor_type","action","entity_type","entity_id","after_summary","request_id","created_at","updated_at","row_version") VALUES ($1,$2,$3,$4,CAST($5::text AS "public"."ActorType"),$6,$7,$8,$9,$10,$11,$12,$13) RETURNING "public"."audit_log"."id", "public"."audit_log"."org_id", "public"."audit_log"."store_id", "public"."audit_log"."actor_user_id", "public"."audit_log"."actor_type"::text, "public"."audit_log"."action", "public"."audit_log"."entity_type", "public"."audit_log"."entity_id", "public"."audit_log"."before_summary", "public"."audit_log"."after_summary", "public"."audit_log"."request_id", "public"."audit_log"."created_at", "public"."audit_log"."updated_at", "public"."audit_log"."row_version"
2026-09-27 15:49:49.832 CST [47490] LOG:  checkpoint starting: immediate force wait
2026-09-27 15:49:49.833 CST [47490] LOG:  checkpoint complete: wrote 4 buffers (0.0%); 0 WAL file(s) added, 0 removed, 0 recycled; write=0.001 s, sync=0.001 s, total=0.002 s; sync files=4, longest=0.001 s, average=0.001 s; distance=7554 kB, estimate=12230 kB; lsn=0/4FAA750, redo lsn=0/4FAA6F8
2026-09-27 15:49:50.701 CST [47728] ERROR:  duplicate key value violates unique constraint "uq_membership_single_owner"
2026-09-27 15:49:50.701 CST [47728] DETAIL:  Key (org_id)=(ddf30a3b-4b68-43b7-933f-e2ac316b043b) already exists.
2026-09-27 15:49:50.701 CST [47728] STATEMENT:  INSERT INTO "public"."membership" ("id","org_id","user_id","role","status","created_at","updated_at","row_version") VALUES ($1,$2,$3,CAST($4::text AS "public"."MemberRole"),CAST($5::text AS "public"."MemberStatus"),$6,$7,$8) RETURNING "public"."membership"."id", "public"."membership"."org_id", "public"."membership"."user_id", "public"."membership"."role"::text, "public"."membership"."status"::text, "public"."membership"."created_at", "public"."membership"."updated_at", "public"."membership"."row_version"
2026-09-27 15:49:51.411 CST [47490] LOG:  checkpoint starting: immediate force wait
2026-09-27 15:49:51.426 CST [47490] LOG:  checkpoint complete: wrote 217 buffers (1.3%); 0 WAL file(s) added, 0 removed, 1 recycled; write=0.013 s, sync=0.002 s, total=0.015 s; sync files=33, longest=0.001 s, average=0.001 s; distance=8456 kB, estimate=11853 kB; lsn=0/57EC760, redo lsn=0/57EC708
2026-09-27 15:49:52.848 CST [47490] LOG:  checkpoint starting: immediate force wait
2026-09-27 15:49:52.850 CST [47490] LOG:  checkpoint complete: wrote 4 buffers (0.0%); 0 WAL file(s) added, 0 removed, 0 recycled; write=0.001 s, sync=0.001 s, total=0.003 s; sync files=4, longest=0.001 s, average=0.001 s; distance=7559 kB, estimate=11423 kB; lsn=0/5F4E6C8, redo lsn=0/5F4E670
2026-09-27 15:49:53.404 CST [47743] ERROR:  insert or update on table "order_item" violates foreign key constraint "order_item_org_id_store_id_import_task_id_fkey"
2026-09-27 15:49:53.404 CST [47743] DETAIL:  Key (org_id, store_id, import_task_id)=(d6fb2bff-1396-441a-b8f7-70a12d8f6f4d, b131df0d-8bf3-4fea-9357-02937dcb58fd, 3251257b-9128-4a02-8d92-c4d84794d5d4) is not present in table "import_task".
2026-09-27 15:49:53.404 CST [47743] STATEMENT:  INSERT INTO "public"."order_item" ("id","org_id","store_id","source_namespace","source_updated_at","import_task_id","row_hash","order_id","external_order_item_id","sku_id","quantity","item_paid_amount","currency","created_at","updated_at","row_version") VALUES ($1,$2,$3,$4,$5,$6,$7,$8,$9,$10,$11,$12,$13,$14,$15,$16) RETURNING "public"."order_item"."id", "public"."order_item"."org_id", "public"."order_item"."store_id", "public"."order_item"."source_namespace", "public"."order_item"."source_updated_at", "public"."order_item"."import_task_id", "public"."order_item"."row_hash", "public"."order_item"."order_id", "public"."order_item"."external_order_item_id", "public"."order_item"."sku_id", "public"."order_item"."quantity", "public"."order_item"."item_paid_amount", "public"."order_item"."currency", "public"."order_item"."created_at", "public"."order_item"."updated_at", "public"."order_item"."row_version"
2026-09-27 15:49:53.420 CST [47744] ERROR:  duplicate key value violates unique constraint "sku_org_id_store_id_source_namespace_external_sku_id_key"
2026-09-27 15:49:53.420 CST [47744] DETAIL:  Key (org_id, store_id, source_namespace, external_sku_id)=(cde8cc2f-d575-4a49-8717-17473049b2be, 3b07a1df-c864-49d4-8868-938747521a7f, ns-dup, S-dup) already exists.
2026-09-27 15:49:53.420 CST [47744] STATEMENT:  INSERT INTO "public"."sku" ("id","org_id","store_id","source_namespace","source_updated_at","import_task_id","row_hash","product_id","external_sku_id","sku_code","name","status","created_at","updated_at","row_version") VALUES ($1,$2,$3,$4,$5,$6,$7,$8,$9,$10,$11,CAST($12::text AS "public"."SkuStatus"),$13,$14,$15) RETURNING "public"."sku"."id", "public"."sku"."org_id", "public"."sku"."store_id", "public"."sku"."source_namespace", "public"."sku"."source_updated_at", "public"."sku"."import_task_id", "public"."sku"."row_hash", "public"."sku"."product_id", "public"."sku"."external_sku_id", "public"."sku"."sku_code", "public"."sku"."name", "public"."sku"."specification", "public"."sku"."status"::text, "public"."sku"."created_at", "public"."sku"."updated_at", "public"."sku"."row_version"
2026-09-27 15:49:53.434 CST [47745] ERROR:  duplicate key value violates unique constraint "uq_membership_single_owner"
2026-09-27 15:49:53.434 CST [47745] DETAIL:  Key (org_id)=(8c4ccb57-93af-4ced-bb23-5c8652912368) already exists.
2026-09-27 15:49:53.434 CST [47745] STATEMENT:  INSERT INTO "public"."membership" ("id","org_id","user_id","role","status","created_at","updated_at","row_version") VALUES ($1,$2,$3,CAST($4::text AS "public"."MemberRole"),CAST($5::text AS "public"."MemberStatus"),$6,$7,$8) RETURNING "public"."membership"."id", "public"."membership"."org_id", "public"."membership"."user_id", "public"."membership"."role"::text, "public"."membership"."status"::text, "public"."membership"."created_at", "public"."membership"."updated_at", "public"."membership"."row_version"
2026-09-27 15:49:53.449 CST [47746] ERROR:  new row for relation "order_item" violates check constraint "ck_order_item_quantity_range"
2026-09-27 15:49:53.449 CST [47746] DETAIL:  Failing row contains (825995a8-0db8-4173-93d6-e635950d459a, 2f21915a-49c8-4590-8fcc-acfc4d7b5487, 23f3e6e9-466b-4282-b8b7-43df71e48228, ns-negqty, 2026-09-27 07:49:53.448+00, 03d75792-9b1a-4c79-b723-d63f42368aae, f9c4a2df-9e3a-4743-aae7-165bba65a823, c2cfc1bb-9488-43e8-957a-ecd3afc8577d, L2, 0279e32d-c5ee-49a3-b50d-93c487334714, -1, 5.000000, CNY, 2026-09-27 07:49:53.449+00, 2026-09-27 07:49:53.449+00, 1).
2026-09-27 15:49:53.449 CST [47746] STATEMENT:  INSERT INTO "public"."order_item" ("id","org_id","store_id","source_namespace","source_updated_at","import_task_id","row_hash","order_id","external_order_item_id","sku_id","quantity","item_paid_amount","currency","created_at","updated_at","row_version") VALUES ($1,$2,$3,$4,$5,$6,$7,$8,$9,$10,$11,$12,$13,$14,$15,$16) RETURNING "public"."order_item"."id", "public"."order_item"."org_id", "public"."order_item"."store_id", "public"."order_item"."source_namespace", "public"."order_item"."source_updated_at", "public"."order_item"."import_task_id", "public"."order_item"."row_hash", "public"."order_item"."order_id", "public"."order_item"."external_order_item_id", "public"."order_item"."sku_id", "public"."order_item"."quantity", "public"."order_item"."item_paid_amount", "public"."order_item"."currency", "public"."order_item"."created_at", "public"."order_item"."updated_at", "public"."order_item"."row_version"
2026-09-27 15:49:53.462 CST [47747] ERROR:  new row for relation "order" violates check constraint "ck_order_currency"
2026-09-27 15:49:53.462 CST [47747] DETAIL:  Failing row contains (d36df6c6-fcc2-4089-9288-2349a13a655a, e0708f7b-8f50-48a0-bcb7-62f54d12a5dc, 9eb5b5a2-8f53-4d75-87b1-4f14f1f21673, ns-badcur, 2026-09-27 07:49:53.462+00, cb430d3c-ab9c-4bb1-a86b-5a9b4038b460, a7452dc9-6031-4b73-9824-7a96f59b1dfa, O-badcur-1, unpaid, null, 2026-09-27 07:49:53.462+00, cny, 1, 2026-09-27 07:49:53.462+00, 2026-09-27 07:49:53.462+00, 1).
2026-09-27 15:49:53.462 CST [47747] STATEMENT:  INSERT INTO "public"."order" ("id","org_id","store_id","source_namespace","source_updated_at","import_task_id","row_hash","external_order_id","payment_status","ordered_at","currency","expected_item_count","created_at","updated_at","row_version") VALUES ($1,$2,$3,$4,$5,$6,$7,$8,CAST($9::text AS "public"."OrderPaymentStatus"),$10,$11,$12,$13,$14,$15) RETURNING "public"."order"."id", "public"."order"."org_id", "public"."order"."store_id", "public"."order"."source_namespace", "public"."order"."source_updated_at", "public"."order"."import_task_id", "public"."order"."row_hash", "public"."order"."external_order_id", "public"."order"."payment_status"::text, "public"."order"."paid_at", "public"."order"."ordered_at", "public"."order"."currency", "public"."order"."expected_item_count", "public"."order"."created_at", "public"."order"."updated_at", "public"."order"."row_version"
2026-09-27 15:49:53.468 CST [47748] ERROR:  value too long for type character(3)
2026-09-27 15:49:53.468 CST [47748] STATEMENT:  UPDATE "public"."store" SET "currency" = $1, "updated_at" = $2 WHERE (("public"."store"."org_id" = $3 AND "public"."store"."external_store_id" = $4) AND 1=1) RETURNING "public"."store"."id", "public"."store"."org_id", "public"."store"."name", "public"."store"."external_store_id", "public"."store"."status"::text, "public"."store"."demo_mode", "public"."store"."platform", "public"."store"."currency", "public"."store"."timezone", "public"."store"."dataset_version", "public"."store"."input_evaluation_at", "public"."store"."last_evaluation_date", "public"."store"."current_snapshot_version", "public"."store"."ruleset_version", "public"."store"."current_snapshot_ruleset_version", "public"."store"."current_snapshot_evaluation_at", "public"."store"."previous_snapshot_version", "public"."store"."previous_snapshot_ruleset_version", "public"."store"."previous_snapshot_evaluation_at", "public"."store"."snapshot_status"::text, "public"."store"."settings", "public"."store"."created_at", "public"."store"."updated_at", "public"."store"."row_version"
2026-09-27 15:49:53.483 CST [47749] ERROR:  new row for relation "refund_event" violates check constraint "ck_refund_succeeded_fields"
2026-09-27 15:49:53.483 CST [47749] DETAIL:  Failing row contains (c19a2b64-0f1c-49b2-8ec6-9188fe5c79d5, cec2e590-5051-4ca2-abce-4d530b69211b, 8af41b2e-278c-4524-8989-31feb14d1b55, ns-refund, 2026-09-27 07:49:53.482+00, 83d05e37-8581-4654-a5f8-7daf3ff20d95, 1b7e7dc9-9f11-4847-bc33-f7690fb8e29f, RF-1, 98a17720-f770-4d88-ba17-d47fff374189, a0067f3e-f083-4272-97f3-5c4237289b93, null, 2026-09-27 07:49:53.482+00, succeeded, 2026-09-27 07:49:53.482+00, null, null, CNY, quality, null, 2026-09-27 07:49:53.482+00, 2026-09-27 07:49:53.482+00, 1).
2026-09-27 15:49:53.483 CST [47749] STATEMENT:  INSERT INTO "public"."refund_event" ("id","org_id","store_id","source_namespace","source_updated_at","import_task_id","row_hash","external_record_id","order_id","order_item_id","occurred_at","status","completed_at","currency","reason_code","created_at","updated_at","row_version") VALUES ($1,$2,$3,$4,$5,$6,$7,$8,$9,$10,$11,CAST($12::text AS "public"."RefundStatus"),$13,$14,$15,$16,$17,$18) RETURNING "public"."refund_event"."id", "public"."refund_event"."org_id", "public"."refund_event"."store_id", "public"."refund_event"."source_namespace", "public"."refund_event"."source_updated_at", "public"."refund_event"."import_task_id", "public"."refund_event"."row_hash", "public"."refund_event"."external_record_id", "public"."refund_event"."order_id", "public"."refund_event"."order_item_id", "public"."refund_event"."after_sale_record_id", "public"."refund_event"."occurred_at", "public"."refund_event"."status"::text, "public"."refund_event"."completed_at", "public"."refund_event"."refund_amount", "public"."refund_event"."refunded_quantity_cumulative", "public"."refund_event"."currency", "public"."refund_event"."reason_code", "public"."refund_event"."reason_text", "public"."refund_event"."created_at", "public"."refund_event"."updated_at", "public"."refund_event"."row_version"
2026-09-27 15:49:53.494 CST [47490] LOG:  checkpoint starting: immediate force wait
2026-09-27 15:49:53.496 CST [47490] LOG:  checkpoint complete: wrote 5 buffers (0.0%); 0 WAL file(s) added, 0 removed, 1 recycled; write=0.001 s, sync=0.001 s, total=0.002 s; sync files=4, longest=0.001 s, average=0.001 s; distance=7616 kB, estimate=11043 kB; lsn=0/66BE768, redo lsn=0/66BE710
2026-09-27 15:49:56.552 CST [47490] LOG:  checkpoint starting: immediate force wait
2026-09-27 15:49:56.554 CST [47490] LOG:  checkpoint complete: wrote 4 buffers (0.0%); 0 WAL file(s) added, 0 removed, 0 recycled; write=0.001 s, sync=0.001 s, total=0.002 s; sync files=4, longest=0.001 s, average=0.001 s; distance=7541 kB, estimate=10692 kB; lsn=0/6E1BEC0, redo lsn=0/6E1BE68
2026-09-27 15:49:58.650 CST [47490] LOG:  checkpoint starting: immediate force wait
2026-09-27 15:49:58.652 CST [47490] LOG:  checkpoint complete: wrote 4 buffers (0.0%); 0 WAL file(s) added, 0 removed, 1 recycled; write=0.001 s, sync=0.001 s, total=0.002 s; sync files=4, longest=0.001 s, average=0.001 s; distance=7536 kB, estimate=10377 kB; lsn=0/75782B8, redo lsn=0/7578260
2026-09-27 15:50:02.397 CST [47490] LOG:  checkpoint starting: immediate force wait
2026-09-27 15:50:02.400 CST [47490] LOG:  checkpoint complete: wrote 4 buffers (0.0%); 0 WAL file(s) added, 0 removed, 0 recycled; write=0.001 s, sync=0.001 s, total=0.003 s; sync files=4, longest=0.001 s, average=0.001 s; distance=7584 kB, estimate=10098 kB; lsn=0/7CE0678, redo lsn=0/7CE0620
2026-09-27 15:50:08.389 CST [47490] LOG:  checkpoint starting: immediate force wait
2026-09-27 15:50:08.393 CST [47490] LOG:  checkpoint complete: wrote 4 buffers (0.0%); 0 WAL file(s) added, 0 removed, 1 recycled; write=0.002 s, sync=0.001 s, total=0.005 s; sync files=4, longest=0.001 s, average=0.001 s; distance=7538 kB, estimate=9842 kB; lsn=0/843D1B0, redo lsn=0/843D158
2026-09-27 15:50:38.865 CST [47963] ERROR:  duplicate key value violates unique constraint "import_task_active_content_key"
2026-09-27 15:50:38.865 CST [47963] DETAIL:  Key (org_id, store_id, data_source_id, source_kind, file_sha256)=(610fa071-ae95-425d-9b44-f318651ef7fe, 100ba762-0e32-4e29-940d-30a9c051a946, b27f9dc2-2450-4125-bb7c-ad072013dddf, products, 9482c7771fa4012b5b081a2b9853a3a64052861744dcd0f268a7f2c8766b8799) already exists.
2026-09-27 15:50:38.865 CST [47963] STATEMENT:  INSERT INTO "public"."import_task" ("id","org_id","store_id","data_source_id","source_kind","status","original_filename","raw_object_key","file_sha256","mapping","coverage_declaration","upload_request_key","idempotency_key","preview_version","base_dataset_version","row_count","valid_count","error_count","insert_count","update_count","unchanged_count","outbox_status","created_by","created_at","updated_at","row_version") VALUES ($1,$2,$3,$4,CAST($5::text AS "public"."ImportSourceKind"),CAST($6::text AS "public"."ImportStatus"),$7,$8,$9,$10,$11,$12,$13,$14,$15,$16,$17,$18,$19,$20,$21,CAST($22::text AS "public"."OutboxStatus"),$23,$24,$25,$26) RETURNING "public"."import_task"."id", "public"."import_task"."org_id", "public"."import_task"."store_id", "public"."import_task"."data_source_id", "public"."import_task"."source_kind"::text, "public"."import_task"."status"::text, "public"."import_task"."original_filename", "public"."import_task"."raw_object_key", "public"."import_task"."file_sha256", "public"."import_task"."mapping", "public"."import_task"."coverage_declaration", "public"."import_task"."upload_request_key", "public"."import_task"."idempotency_key", "public"."import_task"."preview_version", "public"."import_task"."base_dataset_version", "public"."import_task"."committed_dataset_version", "public"."import_task"."committed_ruleset_version", "public"."import_task"."committed_evaluation_at", "public"."import_task"."row_count", "public"."import_task"."valid_count", "public"."import_task"."error_count", "public"."import_task"."insert_count", "public"."import_task"."update_count", "public"."import_task"."unchanged_count", "public"."import_task"."staging_object_key", "public"."import_task"."error_object_key", "public"."import_task"."outbox_status"::text, "public"."import_task"."created_by", "public"."import_task"."confirmed_at", "public"."import_task"."committed_at", "public"."import_task"."error_code", "public"."import_task"."created_at", "public"."import_task"."updated_at", "public"."import_task"."row_version"
2026-09-27 15:50:38.865 CST [47966] ERROR:  duplicate key value violates unique constraint "import_task_active_content_key"
2026-09-27 15:50:38.865 CST [47966] DETAIL:  Key (org_id, store_id, data_source_id, source_kind, file_sha256)=(610fa071-ae95-425d-9b44-f318651ef7fe, 100ba762-0e32-4e29-940d-30a9c051a946, b27f9dc2-2450-4125-bb7c-ad072013dddf, products, 9482c7771fa4012b5b081a2b9853a3a64052861744dcd0f268a7f2c8766b8799) already exists.
2026-09-27 15:50:38.865 CST [47966] STATEMENT:  INSERT INTO "public"."import_task" ("id","org_id","store_id","data_source_id","source_kind","status","original_filename","raw_object_key","file_sha256","mapping","coverage_declaration","upload_request_key","idempotency_key","preview_version","base_dataset_version","row_count","valid_count","error_count","insert_count","update_count","unchanged_count","outbox_status","created_by","created_at","updated_at","row_version") VALUES ($1,$2,$3,$4,CAST($5::text AS "public"."ImportSourceKind"),CAST($6::text AS "public"."ImportStatus"),$7,$8,$9,$10,$11,$12,$13,$14,$15,$16,$17,$18,$19,$20,$21,CAST($22::text AS "public"."OutboxStatus"),$23,$24,$25,$26) RETURNING "public"."import_task"."id", "public"."import_task"."org_id", "public"."import_task"."store_id", "public"."import_task"."data_source_id", "public"."import_task"."source_kind"::text, "public"."import_task"."status"::text, "public"."import_task"."original_filename", "public"."import_task"."raw_object_key", "public"."import_task"."file_sha256", "public"."import_task"."mapping", "public"."import_task"."coverage_declaration", "public"."import_task"."upload_request_key", "public"."import_task"."idempotency_key", "public"."import_task"."preview_version", "public"."import_task"."base_dataset_version", "public"."import_task"."committed_dataset_version", "public"."import_task"."committed_ruleset_version", "public"."import_task"."committed_evaluation_at", "public"."import_task"."row_count", "public"."import_task"."valid_count", "public"."import_task"."error_count", "public"."import_task"."insert_count", "public"."import_task"."update_count", "public"."import_task"."unchanged_count", "public"."import_task"."staging_object_key", "public"."import_task"."error_object_key", "public"."import_task"."outbox_status"::text, "public"."import_task"."created_by", "public"."import_task"."confirmed_at", "public"."import_task"."committed_at", "public"."import_task"."error_code", "public"."import_task"."created_at", "public"."import_task"."updated_at", "public"."import_task"."row_version"
2026-09-27 15:50:38.866 CST [47962] ERROR:  duplicate key value violates unique constraint "import_task_active_content_key"
2026-09-27 15:50:38.866 CST [47962] DETAIL:  Key (org_id, store_id, data_source_id, source_kind, file_sha256)=(610fa071-ae95-425d-9b44-f318651ef7fe, 100ba762-0e32-4e29-940d-30a9c051a946, b27f9dc2-2450-4125-bb7c-ad072013dddf, products, 9482c7771fa4012b5b081a2b9853a3a64052861744dcd0f268a7f2c8766b8799) already exists.
2026-09-27 15:50:38.866 CST [47962] STATEMENT:  INSERT INTO "public"."import_task" ("id","org_id","store_id","data_source_id","source_kind","status","original_filename","raw_object_key","file_sha256","mapping","coverage_declaration","upload_request_key","idempotency_key","preview_version","base_dataset_version","row_count","valid_count","error_count","insert_count","update_count","unchanged_count","outbox_status","created_by","created_at","updated_at","row_version") VALUES ($1,$2,$3,$4,CAST($5::text AS "public"."ImportSourceKind"),CAST($6::text AS "public"."ImportStatus"),$7,$8,$9,$10,$11,$12,$13,$14,$15,$16,$17,$18,$19,$20,$21,CAST($22::text AS "public"."OutboxStatus"),$23,$24,$25,$26) RETURNING "public"."import_task"."id", "public"."import_task"."org_id", "public"."import_task"."store_id", "public"."import_task"."data_source_id", "public"."import_task"."source_kind"::text, "public"."import_task"."status"::text, "public"."import_task"."original_filename", "public"."import_task"."raw_object_key", "public"."import_task"."file_sha256", "public"."import_task"."mapping", "public"."import_task"."coverage_declaration", "public"."import_task"."upload_request_key", "public"."import_task"."idempotency_key", "public"."import_task"."preview_version", "public"."import_task"."base_dataset_version", "public"."import_task"."committed_dataset_version", "public"."import_task"."committed_ruleset_version", "public"."import_task"."committed_evaluation_at", "public"."import_task"."row_count", "public"."import_task"."valid_count", "public"."import_task"."error_count", "public"."import_task"."insert_count", "public"."import_task"."update_count", "public"."import_task"."unchanged_count", "public"."import_task"."staging_object_key", "public"."import_task"."error_object_key", "public"."import_task"."outbox_status"::text, "public"."import_task"."created_by", "public"."import_task"."confirmed_at", "public"."import_task"."committed_at", "public"."import_task"."error_code", "public"."import_task"."created_at", "public"."import_task"."updated_at", "public"."import_task"."row_version"
2026-09-27 15:50:54.224 CST [47973] ERROR:  duplicate key value violates unique constraint "http_idempotency_org_id_user_id_endpoint_request_key_key"
2026-09-27 15:50:54.224 CST [47973] DETAIL:  Key (org_id, user_id, endpoint, request_key)=(610fa071-ae95-425d-9b44-f318651ef7fe, 40f933f5-38ac-40ae-91c4-6bfdf944f6e2, /api/v1/imports, 78fa210bc46e149c0d18b313f726e8e6540b1011e20f611e) already exists.
2026-09-27 15:50:54.224 CST [47973] STATEMENT:  INSERT INTO "public"."http_idempotency" ("id","org_id","user_id","endpoint","request_key","request_hash","response_status","response_body","created_at") VALUES ($1,$2,$3,$4,$5,$6,$7,$8,$9) RETURNING "public"."http_idempotency"."id", "public"."http_idempotency"."org_id", "public"."http_idempotency"."user_id", "public"."http_idempotency"."endpoint", "public"."http_idempotency"."request_key", "public"."http_idempotency"."request_hash", "public"."http_idempotency"."response_status", "public"."http_idempotency"."response_body", "public"."http_idempotency"."created_at"
2026-09-27 15:50:54.254 CST [47973] ERROR:  column http_idempotency.request_hash does not exist at character 202
2026-09-27 15:50:54.254 CST [47973] STATEMENT:  SELECT "public"."http_idempotency"."id", "public"."http_idempotency"."org_id", "public"."http_idempotency"."user_id", "public"."http_idempotency"."endpoint", "public"."http_idempotency"."request_key", "public"."http_idempotency"."request_hash", "public"."http_idempotency"."response_status", "public"."http_idempotency"."response_body", "public"."http_idempotency"."created_at" FROM "public"."http_idempotency" WHERE (("public"."http_idempotency"."org_id" = $1 AND "public"."http_idempotency"."user_id" = $2 AND "public"."http_idempotency"."endpoint" = $3 AND "public"."http_idempotency"."request_key" = $4) AND 1=1) LIMIT $5 OFFSET $6
2026-09-27 15:50:55.341 CST [47972] ERROR:  duplicate key value violates unique constraint "import_task_active_content_key"
2026-09-27 15:50:55.341 CST [47972] DETAIL:  Key (org_id, store_id, data_source_id, source_kind, file_sha256)=(610fa071-ae95-425d-9b44-f318651ef7fe, 100ba762-0e32-4e29-940d-30a9c051a946, b27f9dc2-2450-4125-bb7c-ad072013dddf, products, afb0a97b82e3283cd034fccde924ddc4431e2658ae0771033ea956fa73735448) already exists.
2026-09-27 15:50:55.341 CST [47972] STATEMENT:  INSERT INTO "public"."import_task" ("id","org_id","store_id","data_source_id","source_kind","status","original_filename","raw_object_key","file_sha256","mapping","coverage_declaration","upload_request_key","idempotency_key","preview_version","base_dataset_version","row_count","valid_count","error_count","insert_count","update_count","unchanged_count","outbox_status","created_by","created_at","updated_at","row_version") VALUES ($1,$2,$3,$4,CAST($5::text AS "public"."ImportSourceKind"),CAST($6::text AS "public"."ImportStatus"),$7,$8,$9,$10,$11,$12,$13,$14,$15,$16,$17,$18,$19,$20,$21,CAST($22::text AS "public"."OutboxStatus"),$23,$24,$25,$26) RETURNING "public"."import_task"."id", "public"."import_task"."org_id", "public"."import_task"."store_id", "public"."import_task"."data_source_id", "public"."import_task"."source_kind"::text, "public"."import_task"."status"::text, "public"."import_task"."original_filename", "public"."import_task"."raw_object_key", "public"."import_task"."file_sha256", "public"."import_task"."mapping", "public"."import_task"."coverage_declaration", "public"."import_task"."upload_request_key", "public"."import_task"."idempotency_key", "public"."import_task"."preview_version", "public"."import_task"."base_dataset_version", "public"."import_task"."committed_dataset_version", "public"."import_task"."committed_ruleset_version", "public"."import_task"."committed_evaluation_at", "public"."import_task"."row_count", "public"."import_task"."valid_count", "public"."import_task"."error_count", "public"."import_task"."insert_count", "public"."import_task"."update_count", "public"."import_task"."unchanged_count", "public"."import_task"."staging_object_key", "public"."import_task"."error_object_key", "public"."import_task"."outbox_status"::text, "public"."import_task"."created_by", "public"."import_task"."confirmed_at", "public"."import_task"."committed_at", "public"."import_task"."error_code", "public"."import_task"."created_at", "public"."import_task"."updated_at", "public"."import_task"."row_version"
2026-09-27 15:50:55.341 CST [47975] ERROR:  duplicate key value violates unique constraint "import_task_active_content_key"
2026-09-27 15:50:55.341 CST [47975] DETAIL:  Key (org_id, store_id, data_source_id, source_kind, file_sha256)=(610fa071-ae95-425d-9b44-f318651ef7fe, 100ba762-0e32-4e29-940d-30a9c051a946, b27f9dc2-2450-4125-bb7c-ad072013dddf, products, afb0a97b82e3283cd034fccde924ddc4431e2658ae0771033ea956fa73735448) already exists.
2026-09-27 15:50:55.341 CST [47975] STATEMENT:  INSERT INTO "public"."import_task" ("id","org_id","store_id","data_source_id","source_kind","status","original_filename","raw_object_key","file_sha256","mapping","coverage_declaration","upload_request_key","idempotency_key","preview_version","base_dataset_version","row_count","valid_count","error_count","insert_count","update_count","unchanged_count","outbox_status","created_by","created_at","updated_at","row_version") VALUES ($1,$2,$3,$4,CAST($5::text AS "public"."ImportSourceKind"),CAST($6::text AS "public"."ImportStatus"),$7,$8,$9,$10,$11,$12,$13,$14,$15,$16,$17,$18,$19,$20,$21,CAST($22::text AS "public"."OutboxStatus"),$23,$24,$25,$26) RETURNING "public"."import_task"."id", "public"."import_task"."org_id", "public"."import_task"."store_id", "public"."import_task"."data_source_id", "public"."import_task"."source_kind"::text, "public"."import_task"."status"::text, "public"."import_task"."original_filename", "public"."import_task"."raw_object_key", "public"."import_task"."file_sha256", "public"."import_task"."mapping", "public"."import_task"."coverage_declaration", "public"."import_task"."upload_request_key", "public"."import_task"."idempotency_key", "public"."import_task"."preview_version", "public"."import_task"."base_dataset_version", "public"."import_task"."committed_dataset_version", "public"."import_task"."committed_ruleset_version", "public"."import_task"."committed_evaluation_at", "public"."import_task"."row_count", "public"."import_task"."valid_count", "public"."import_task"."error_count", "public"."import_task"."insert_count", "public"."import_task"."update_count", "public"."import_task"."unchanged_count", "public"."import_task"."staging_object_key", "public"."import_task"."error_object_key", "public"."import_task"."outbox_status"::text, "public"."import_task"."created_by", "public"."import_task"."confirmed_at", "public"."import_task"."committed_at", "public"."import_task"."error_code", "public"."import_task"."created_at", "public"."import_task"."updated_at", "public"."import_task"."row_version"
2026-09-27 15:50:55.341 CST [47974] ERROR:  duplicate key value violates unique constraint "import_task_active_content_key"
2026-09-27 15:50:55.341 CST [47974] DETAIL:  Key (org_id, store_id, data_source_id, source_kind, file_sha256)=(610fa071-ae95-425d-9b44-f318651ef7fe, 100ba762-0e32-4e29-940d-30a9c051a946, b27f9dc2-2450-4125-bb7c-ad072013dddf, products, afb0a97b82e3283cd034fccde924ddc4431e2658ae0771033ea956fa73735448) already exists.
2026-09-27 15:50:55.341 CST [47974] STATEMENT:  INSERT INTO "public"."import_task" ("id","org_id","store_id","data_source_id","source_kind","status","original_filename","raw_object_key","file_sha256","mapping","coverage_declaration","upload_request_key","idempotency_key","preview_version","base_dataset_version","row_count","valid_count","error_count","insert_count","update_count","unchanged_count","outbox_status","created_by","created_at","updated_at","row_version") VALUES ($1,$2,$3,$4,CAST($5::text AS "public"."ImportSourceKind"),CAST($6::text AS "public"."ImportStatus"),$7,$8,$9,$10,$11,$12,$13,$14,$15,$16,$17,$18,$19,$20,$21,CAST($22::text AS "public"."OutboxStatus"),$23,$24,$25,$26) RETURNING "public"."import_task"."id", "public"."import_task"."org_id", "public"."import_task"."store_id", "public"."import_task"."data_source_id", "public"."import_task"."source_kind"::text, "public"."import_task"."status"::text, "public"."import_task"."original_filename", "public"."import_task"."raw_object_key", "public"."import_task"."file_sha256", "public"."import_task"."mapping", "public"."import_task"."coverage_declaration", "public"."import_task"."upload_request_key", "public"."import_task"."idempotency_key", "public"."import_task"."preview_version", "public"."import_task"."base_dataset_version", "public"."import_task"."committed_dataset_version", "public"."import_task"."committed_ruleset_version", "public"."import_task"."committed_evaluation_at", "public"."import_task"."row_count", "public"."import_task"."valid_count", "public"."import_task"."error_count", "public"."import_task"."insert_count", "public"."import_task"."update_count", "public"."import_task"."unchanged_count", "public"."import_task"."staging_object_key", "public"."import_task"."error_object_key", "public"."import_task"."outbox_status"::text, "public"."import_task"."created_by", "public"."import_task"."confirmed_at", "public"."import_task"."committed_at", "public"."import_task"."error_code", "public"."import_task"."created_at", "public"."import_task"."updated_at", "public"."import_task"."row_version"
2026-09-27 15:50:55.344 CST [47975] ERROR:  duplicate key value violates unique constraint "http_idempotency_org_id_user_id_endpoint_request_key_key"
2026-09-27 15:50:55.344 CST [47975] DETAIL:  Key (org_id, user_id, endpoint, request_key)=(610fa071-ae95-425d-9b44-f318651ef7fe, eb460a75-1d47-4487-903b-a9856365137a, /api/v1/imports, 3502e29242b110bbb33e373e5556f463028f0d57188a0341) already exists.
2026-09-27 15:50:55.344 CST [47975] STATEMENT:  INSERT INTO "public"."http_idempotency" ("id","org_id","user_id","endpoint","request_key","request_hash","response_status","response_body","created_at") VALUES ($1,$2,$3,$4,$5,$6,$7,$8,$9) RETURNING "public"."http_idempotency"."id", "public"."http_idempotency"."org_id", "public"."http_idempotency"."user_id", "public"."http_idempotency"."endpoint", "public"."http_idempotency"."request_key", "public"."http_idempotency"."request_hash", "public"."http_idempotency"."response_status", "public"."http_idempotency"."response_body", "public"."http_idempotency"."created_at"
2026-09-27 15:50:55.345 CST [47974] ERROR:  duplicate key value violates unique constraint "http_idempotency_org_id_user_id_endpoint_request_key_key"
2026-09-27 15:50:55.345 CST [47974] DETAIL:  Key (org_id, user_id, endpoint, request_key)=(610fa071-ae95-425d-9b44-f318651ef7fe, eb460a75-1d47-4487-903b-a9856365137a, /api/v1/imports, 3502e29242b110bbb33e373e5556f463028f0d57188a0341) already exists.
2026-09-27 15:50:55.345 CST [47974] STATEMENT:  INSERT INTO "public"."http_idempotency" ("id","org_id","user_id","endpoint","request_key","request_hash","response_status","response_body","created_at") VALUES ($1,$2,$3,$4,$5,$6,$7,$8,$9) RETURNING "public"."http_idempotency"."id", "public"."http_idempotency"."org_id", "public"."http_idempotency"."user_id", "public"."http_idempotency"."endpoint", "public"."http_idempotency"."request_key", "public"."http_idempotency"."request_hash", "public"."http_idempotency"."response_status", "public"."http_idempotency"."response_body", "public"."http_idempotency"."created_at"
2026-09-27 15:50:55.346 CST [47972] ERROR:  duplicate key value violates unique constraint "http_idempotency_org_id_user_id_endpoint_request_key_key"
2026-09-27 15:50:55.346 CST [47972] DETAIL:  Key (org_id, user_id, endpoint, request_key)=(610fa071-ae95-425d-9b44-f318651ef7fe, eb460a75-1d47-4487-903b-a9856365137a, /api/v1/imports, 3502e29242b110bbb33e373e5556f463028f0d57188a0341) already exists.
2026-09-27 15:50:55.346 CST [47972] STATEMENT:  INSERT INTO "public"."http_idempotency" ("id","org_id","user_id","endpoint","request_key","request_hash","response_status","response_body","created_at") VALUES ($1,$2,$3,$4,$5,$6,$7,$8,$9) RETURNING "public"."http_idempotency"."id", "public"."http_idempotency"."org_id", "public"."http_idempotency"."user_id", "public"."http_idempotency"."endpoint", "public"."http_idempotency"."request_key", "public"."http_idempotency"."request_hash", "public"."http_idempotency"."response_status", "public"."http_idempotency"."response_body", "public"."http_idempotency"."created_at"
2026-09-27 15:50:58.065 CST [47979] ERROR:  new row for relation "sku" violates check constraint "ck_t9_inject"
2026-09-27 15:50:58.065 CST [47979] DETAIL:  Failing row contains (308da717-a48a-4943-bce3-ebdc3dbf14c0, 610fa071-ae95-425d-9b44-f318651ef7fe, 100ba762-0e32-4e29-940d-30a9c051a946, ns-import, 2026-09-11 01:00:00+00, 26ff3bad-1de9-4ad4-bdfc-cbba8554a9cd, 17871c8a451e836053d66079a294cc53b4d116cff093c9c8ec2ba8f252480283, 2d1bd548-3eab-45a3-badb-b411e12fb5be, R9C, R9C-CODE, 杯R9C, null, active, 2026-09-27 07:50:58.064+00, 2026-09-27 07:50:58.064+00, 1).
2026-09-27 15:50:58.065 CST [47979] STATEMENT:  INSERT INTO "public"."sku" ("id","org_id","store_id","source_namespace","source_updated_at","import_task_id","row_hash","product_id","external_sku_id","sku_code","name","specification","status","created_at","updated_at","row_version") VALUES ($1,$2,$3,$4,$5,$6,$7,$8,$9,$10,$11,$12,CAST($13::text AS "public"."SkuStatus"),$14,$15,$16) ON CONFLICT ("org_id","store_id","source_namespace","external_sku_id") DO UPDATE SET "name" = $17, "specification" = $18, "status" = CAST($19::text AS "public"."SkuStatus"), "product_id" = $20, "source_updated_at" = $21, "row_hash" = $22, "import_task_id" = $23, "updated_at" = $24 WHERE (("public"."sku"."org_id" = $25 AND "public"."sku"."store_id" = $26 AND "public"."sku"."source_namespace" = $27 AND "public"."sku"."external_sku_id" = $28) AND 1=1) RETURNING "public"."sku"."id", "public"."sku"."org_id", "public"."sku"."store_id", "public"."sku"."source_namespace", "public"."sku"."source_updated_at", "public"."sku"."import_task_id", "public"."sku"."row_hash", "public"."sku"."product_id", "public"."sku"."external_sku_id", "public"."sku"."sku_code", "public"."sku"."name", "public"."sku"."specification", "public"."sku"."status"::text, "public"."sku"."created_at", "public"."sku"."updated_at", "public"."sku"."row_version"
2026-09-27 15:50:58.167 CST [47978] ERROR:  duplicate key value violates unique constraint "sku_alias_org_id_store_id_source_namespace_external_sku_id_key"
2026-09-27 15:50:58.167 CST [47978] DETAIL:  Key (org_id, store_id, source_namespace, external_sku_id)=(610fa071-ae95-425d-9b44-f318651ef7fe, 100ba762-0e32-4e29-940d-30a9c051a946, ns-import, ALIAS-R9E) already exists.
2026-09-27 15:50:58.167 CST [47978] STATEMENT:  INSERT INTO "public"."sku_alias" ("id","org_id","store_id","source_namespace","external_sku_id","sku_id","created_by","created_at","updated_at","row_version") VALUES ($1,$2,$3,$4,$5,$6,$7,$8,$9,$10) RETURNING "public"."sku_alias"."id", "public"."sku_alias"."org_id", "public"."sku_alias"."store_id", "public"."sku_alias"."source_namespace", "public"."sku_alias"."external_sku_id", "public"."sku_alias"."sku_id", "public"."sku_alias"."created_by", "public"."sku_alias"."created_at", "public"."sku_alias"."updated_at", "public"."sku_alias"."row_version"
2026-09-27 15:50:58.963 CST [47964] FATAL:  terminating connection due to administrator command
2026-09-27 15:50:58.963 CST [47965] FATAL:  terminating connection due to administrator command
2026-09-27 15:50:58.965 CST [47490] LOG:  checkpoint starting: immediate force wait
2026-09-27 15:50:58.971 CST [47490] LOG:  checkpoint complete: wrote 49 buffers (0.3%); 0 WAL file(s) added, 0 removed, 0 recycled; write=0.005 s, sync=0.001 s, total=0.007 s; sync files=15, longest=0.001 s, average=0.001 s; distance=9289 kB, estimate=9786 kB; lsn=0/8D4F9A8, redo lsn=0/8D4F950
2026-09-27 15:50:59.213 CST [47986] FATAL:  database "aiea_t_e043ca32" does not exist
2026-09-27 15:50:59.213 CST [47985] FATAL:  database "aiea_t_e043ca32" does not exist
2026-09-27 15:50:59.727 CST [47988] ERROR:  audit_log store_id fe5f11cd-c253-4eb5-b5af-82445a990fa6 不属于 org_id 对应组织（同域校验失败）
2026-09-27 15:50:59.727 CST [47988] CONTEXT:  PL/pgSQL function audit_log_store_same_domain() line 6 at RAISE
2026-09-27 15:50:59.727 CST [47988] STATEMENT:  INSERT INTO "public"."audit_log" ("id","org_id","store_id","actor_type","action","entity_type","entity_id","request_id","created_at","updated_at","row_version") VALUES ($1,$2,$3,CAST($4::text AS "public"."ActorType"),$5,$6,$7,$8,$9,$10,$11) RETURNING "public"."audit_log"."id", "public"."audit_log"."org_id", "public"."audit_log"."store_id", "public"."audit_log"."actor_user_id", "public"."audit_log"."actor_type"::text, "public"."audit_log"."action", "public"."audit_log"."entity_type", "public"."audit_log"."entity_id", "public"."audit_log"."before_summary", "public"."audit_log"."after_summary", "public"."audit_log"."request_id", "public"."audit_log"."created_at", "public"."audit_log"."updated_at", "public"."audit_log"."row_version"
2026-09-27 15:51:00.070 CST [47991] ERROR:  insert or update on table "audit_log" violates foreign key constraint "audit_log_org_id_store_id_fkey"
2026-09-27 15:51:00.070 CST [47991] DETAIL:  Key (org_id, store_id)=(2c5dcc5b-6763-4ff6-9f54-ab712cd11e1d, 81e9ec03-1d2f-4d94-b93e-41d294cbfdae) is not present in table "store".
2026-09-27 15:51:00.070 CST [47991] STATEMENT:  INSERT INTO audit_log (id,org_id,store_id,action,entity_type,entity_id,request_id,updated_at)
	         VALUES ($1,$2,$3,'race','probe',$4,$5,now())
2026-09-27 15:51:00.394 CST [47992] ERROR:  store b92a20aa-7885-403a-a2fd-db2089487fa5 的组织归属变更会使既有审计引用脱离同域，已阻断
2026-09-27 15:51:00.394 CST [47992] CONTEXT:  PL/pgSQL function store_org_reassign_guard() line 7 at RAISE
2026-09-27 15:51:00.394 CST [47992] STATEMENT:  UPDATE store SET org_id=$1 WHERE id=$2
2026-09-27 15:51:00.414 CST [47989] ERROR:  new row for relation "job_run" violates check constraint "ck_domain_uuid_job_run"
2026-09-27 15:51:00.414 CST [47989] DETAIL:  Failing row contains (not-a-uuid-review, 47bfa3fc-3eed-4660-adc9-32501e3675f4, 6751841f-e530-48d1-9bd4-b57be703544d, recompute_snapshot, idem-c27dbea0, {}, null, user, null, 1, v1, succeeded, 1, pending, null, null, null, 2026-09-27 07:51:00.414084+00, 2026-09-27 07:51:00.414084+00, 1).
2026-09-27 15:51:00.414 CST [47989] STATEMENT:  
	      INSERT INTO job_run (id, org_id, store_id, job_kind, idempotency_key, context, dataset_version, ruleset_version, status, attempt_count, created_at, updated_at, row_version)
	      VALUES ('not-a-uuid-review', $1, $2, 'recompute_snapshot', $3, '{}'::jsonb, 1, 'v1', 'succeeded', 1, now(), now(), 1)
2026-09-27 15:51:00.451 CST [47994] ERROR:  store a43e7b46-4650-4f6a-b070-965589be836d 的组织归属变更会使既有审计引用脱离同域，已阻断
2026-09-27 15:51:00.451 CST [47994] CONTEXT:  PL/pgSQL function store_org_reassign_guard() line 7 at RAISE
2026-09-27 15:51:00.451 CST [47994] STATEMENT:  UPDATE "public"."store" SET "org_id" = $1, "updated_at" = $2 WHERE ("public"."store"."id" = $3 AND 1=1) RETURNING "public"."store"."id", "public"."store"."org_id", "public"."store"."name", "public"."store"."external_store_id", "public"."store"."status"::text, "public"."store"."demo_mode", "public"."store"."platform", "public"."store"."currency", "public"."store"."timezone", "public"."store"."dataset_version", "public"."store"."input_evaluation_at", "public"."store"."last_evaluation_date", "public"."store"."current_snapshot_version", "public"."store"."ruleset_version", "public"."store"."current_snapshot_ruleset_version", "public"."store"."current_snapshot_evaluation_at", "public"."store"."previous_snapshot_version", "public"."store"."previous_snapshot_ruleset_version", "public"."store"."previous_snapshot_evaluation_at", "public"."store"."snapshot_status"::text, "public"."store"."settings", "public"."store"."created_at", "public"."store"."updated_at", "public"."store"."row_version"
2026-09-27 15:51:01.173 CST [47999] ERROR:  audit_log 存在 1 条跨组织店铺引用，拒绝升级；请先人工核对这些历史行
2026-09-27 15:51:01.173 CST [47999] CONTEXT:  PL/pgSQL function inline_code_block line 8 at RAISE
2026-09-27 15:51:01.173 CST [47999] STATEMENT:  -- Gate-01 H08（正式复核）｜审计同域的持续维护：
	-- 1) 升级守卫：存在跨域审计引用时拒绝静默通过（明确报错并给出数量，不自动改写历史）；
	-- 2) 父行保护：store.org_id 变更若使既有 audit_log 引用脱离同域，则阻断该变更；
	-- 3) 删除语义维持既有单列 FK：删除店铺仅清空可空 store_id、保留 org_id。
	-- 说明：p0_audit_tenant_fk 的 audit 行级触发器继续生效（插入/更新同域校验）。
	
	-- 1) 升级守卫（DO 块在迁移事务内失败即整体回滚）
	DO $$
	DECLARE bad BIGINT;
	BEGIN
	  SELECT count(*) INTO bad FROM audit_log a
	  WHERE a.store_id IS NOT NULL
	    AND NOT EXISTS (SELECT 1 FROM store s WHERE s.org_id = a.org_id AND s.id = a.store_id);
	  IF bad > 0 THEN
	    RAISE EXCEPTION 'audit_log 存在 % 条跨组织店铺引用，拒绝升级；请先人工核对这些历史行', bad;
	  END IF;
	END $$;
	
	-- 2) 父行保护函数与触发器
	CREATE FUNCTION "store_org_reassign_guard"() RETURNS trigger AS $$
	BEGIN
	  IF NEW."org_id" IS DISTINCT FROM OLD."org_id" AND EXISTS (
	    SELECT 1 FROM audit_log al
	    WHERE al."store_id" = NEW."id" AND al."org_id" IS DISTINCT FROM NEW."org_id"
	  ) THEN
	    RAISE EXCEPTION 'store % 的组织归属变更会使既有审计引用脱离同域，已阻断', NEW."id";
	  END IF;
	  RETURN NEW;
	END;
	$$ LANGUAGE plpgsql;
	
	CREATE TRIGGER "store_org_reassign_guard_trg"
	  BEFORE UPDATE OF "org_id" ON "store"
	  FOR EACH ROW EXECUTE FUNCTION "store_org_reassign_guard"();
	
2026-09-27 15:51:01.183 CST [47998] FATAL:  terminating connection due to administrator command
2026-09-27 15:51:01.185 CST [47490] LOG:  checkpoint starting: immediate force wait
2026-09-27 15:51:01.290 CST [47490] LOG:  checkpoint complete: wrote 1214 buffers (7.4%); 0 WAL file(s) added, 0 removed, 1 recycled; write=0.046 s, sync=0.037 s, total=0.106 s; sync files=1001, longest=0.001 s, average=0.001 s; distance=15095 kB, estimate=15095 kB; lsn=0/9C0D868, redo lsn=0/9C0D810
2026-09-27 15:51:01.372 CST [47995] ERROR:  insert or update on table "domain_user" violates foreign key constraint "domain_user_auth_user_id_fkey"
2026-09-27 15:51:01.372 CST [47995] DETAIL:  Key (auth_user_id)=(ghost-2802d517) is not present in table "user".
2026-09-27 15:51:01.372 CST [47995] STATEMENT:  INSERT INTO "public"."domain_user" ("id","auth_user_id","email","display_name","status","created_at","updated_at") VALUES ($1,$2,$3,$4,CAST($5::text AS "public"."UserStatus"),$6,$7) RETURNING "public"."domain_user"."id", "public"."domain_user"."auth_user_id", "public"."domain_user"."email", "public"."domain_user"."display_name", "public"."domain_user"."status"::text, "public"."domain_user"."created_at", "public"."domain_user"."updated_at"
2026-09-27 15:51:01.910 CST [47490] LOG:  checkpoint starting: immediate force wait
2026-09-27 15:51:01.914 CST [47490] LOG:  checkpoint complete: wrote 40 buffers (0.2%); 0 WAL file(s) added, 0 removed, 1 recycled; write=0.002 s, sync=0.002 s, total=0.005 s; sync files=27, longest=0.001 s, average=0.001 s; distance=7021 kB, estimate=14288 kB; lsn=0/A2E8F10, redo lsn=0/A2E8EB8
2026-09-27 15:51:03.284 CST [47490] LOG:  checkpoint starting: immediate force wait
2026-09-27 15:51:03.286 CST [47490] LOG:  checkpoint complete: wrote 2 buffers (0.0%); 0 WAL file(s) added, 0 removed, 0 recycled; write=0.001 s, sync=0.001 s, total=0.002 s; sync files=2, longest=0.001 s, average=0.001 s; distance=94 kB, estimate=12868 kB; lsn=0/A300748, redo lsn=0/A3006F0
2026-09-27 15:51:04.213 CST [48020] FATAL:  database "aiea_t_e043ca32" does not exist
2026-09-27 15:51:04.213 CST [48019] FATAL:  database "aiea_t_e043ca32" does not exist
2026-09-27 15:51:05.432 CST [48017] ERROR:  new row for relation "audit_log" violates check constraint "ck_inject_audit_fail"
2026-09-27 15:51:05.432 CST [48017] DETAIL:  Failing row contains (24d5bc68-d427-4b1b-b9c0-8a21dfe719da, e902a2ad-8a47-4c9a-9429-3f04f99545b6, null, f25fa7d4-c569-4d16-85c9-7353b55cf8c3, user, invite_create, invitation, adf8c3dc-d0e2-4c27-beae-532803457aa8, null, {"role": "operator", "email": "a*****************@example.com", ..., 38495f4a-4ea2-40a9-a4cc-d9e3a38cb5b7, 2026-09-27 07:51:05.432+00, 2026-09-27 07:51:05.432+00, 1).
2026-09-27 15:51:05.432 CST [48017] STATEMENT:  INSERT INTO "public"."audit_log" ("id","org_id","store_id","actor_user_id","actor_type","action","entity_type","entity_id","after_summary","request_id","created_at","updated_at","row_version") VALUES ($1,$2,$3,$4,CAST($5::text AS "public"."ActorType"),$6,$7,$8,$9,$10,$11,$12,$13) RETURNING "public"."audit_log"."id", "public"."audit_log"."org_id", "public"."audit_log"."store_id", "public"."audit_log"."actor_user_id", "public"."audit_log"."actor_type"::text, "public"."audit_log"."action", "public"."audit_log"."entity_type", "public"."audit_log"."entity_id", "public"."audit_log"."before_summary", "public"."audit_log"."after_summary", "public"."audit_log"."request_id", "public"."audit_log"."created_at", "public"."audit_log"."updated_at", "public"."audit_log"."row_version"
2026-09-27 15:51:07.754 CST [48017] ERROR:  new row for relation "auth_rate_limit" violates check constraint "ck_m03_block_invite"
2026-09-27 15:51:07.754 CST [48017] DETAIL:  Failing row contains (d1e70916-87c6-489d-ab88-9b11953553d9, invite-preview:direct, 1, 2026-09-27 07:52:07.754193+00, 2026-09-27 07:51:07.754193+00).
2026-09-27 15:51:07.754 CST [48017] STATEMENT:  
	    INSERT INTO auth_rate_limit (id, key, count, expires_at, updated_at)
	    VALUES (gen_random_uuid(), $1, 1, now() + make_interval(secs => $2), now())
	    ON CONFLICT (key) DO UPDATE SET
	      count = CASE WHEN auth_rate_limit.expires_at <= now() THEN 1 ELSE auth_rate_limit.count + 1 END,
	      expires_at = CASE WHEN auth_rate_limit.expires_at <= now()
	                        THEN now() + make_interval(secs => $3)
	                        ELSE auth_rate_limit.expires_at END,
	      updated_at = now()
	    RETURNING count, CEIL(EXTRACT(EPOCH FROM (auth_rate_limit.expires_at - now())))::bigint AS retry_after_s
2026-09-27 15:51:07.756 CST [48018] ERROR:  new row for relation "auth_rate_limit" violates check constraint "ck_m03_block_invite"
2026-09-27 15:51:07.756 CST [48018] DETAIL:  Failing row contains (b2591ae9-4767-4a9f-bdd7-e3ed2ddba295, invite-accept:direct, 1, 2026-09-27 07:52:07.755829+00, 2026-09-27 07:51:07.755829+00).
2026-09-27 15:51:07.756 CST [48018] STATEMENT:  
	    INSERT INTO auth_rate_limit (id, key, count, expires_at, updated_at)
	    VALUES (gen_random_uuid(), $1, 1, now() + make_interval(secs => $2), now())
	    ON CONFLICT (key) DO UPDATE SET
	      count = CASE WHEN auth_rate_limit.expires_at <= now() THEN 1 ELSE auth_rate_limit.count + 1 END,
	      expires_at = CASE WHEN auth_rate_limit.expires_at <= now()
	                        THEN now() + make_interval(secs => $3)
	                        ELSE auth_rate_limit.expires_at END,
	      updated_at = now()
	    RETURNING count, CEIL(EXTRACT(EPOCH FROM (auth_rate_limit.expires_at - now())))::bigint AS retry_after_s
2026-09-27 15:51:07.766 CST [47490] LOG:  checkpoint starting: immediate force wait
2026-09-27 15:51:07.767 CST [47490] LOG:  checkpoint complete: wrote 4 buffers (0.0%); 0 WAL file(s) added, 0 removed, 0 recycled; write=0.001 s, sync=0.001 s, total=0.002 s; sync files=4, longest=0.001 s, average=0.001 s; distance=7872 kB, estimate=12369 kB; lsn=0/AAB0778, redo lsn=0/AAB0720
2026-09-27 15:51:08.775 CST [48053] FATAL:  database "aiea_t_e043ca32" does not exist
2026-09-27 15:51:09.214 CST [48055] FATAL:  database "aiea_t_e043ca32" does not exist
2026-09-27 15:51:09.214 CST [48054] FATAL:  database "aiea_t_e043ca32" does not exist
2026-09-27 15:51:09.276 CST [48044] ERROR:  new row for relation "audit_log" violates check constraint "ck_inject_member_audit"
2026-09-27 15:51:09.276 CST [48044] DETAIL:  Failing row contains (325ca6a5-5d38-4372-bde6-f7f6bde478f0, 85698cea-2006-441f-8869-4ba412bc1248, null, 3834f1e8-4684-4365-9f8f-5aa9931aae00, user, member_update, membership, 9fe72905-29a2-40a6-90d1-806e2d180e92, {"role": "operator", "status": "active"}, {"role": "admin", "status": "active"}, 8b6f92e5-e10a-4350-8479-06d64d37368d, 2026-09-27 07:51:09.276+00, 2026-09-27 07:51:09.276+00, 1).
2026-09-27 15:51:09.276 CST [48044] STATEMENT:  INSERT INTO "public"."audit_log" ("id","org_id","store_id","actor_user_id","actor_type","action","entity_type","entity_id","before_summary","after_summary","request_id","created_at","updated_at","row_version") VALUES ($1,$2,$3,$4,CAST($5::text AS "public"."ActorType"),$6,$7,$8,$9,$10,$11,$12,$13,$14) RETURNING "public"."audit_log"."id", "public"."audit_log"."org_id", "public"."audit_log"."store_id", "public"."audit_log"."actor_user_id", "public"."audit_log"."actor_type"::text, "public"."audit_log"."action", "public"."audit_log"."entity_type", "public"."audit_log"."entity_id", "public"."audit_log"."before_summary", "public"."audit_log"."after_summary", "public"."audit_log"."request_id", "public"."audit_log"."created_at", "public"."audit_log"."updated_at", "public"."audit_log"."row_version"
2026-09-27 15:51:09.287 CST [48044] ERROR:  new row for relation "audit_log" violates check constraint "ck_inject_org_audit"
2026-09-27 15:51:09.287 CST [48044] DETAIL:  Failing row contains (903eb90e-15a6-42e3-acaa-00ffe2d9056d, 85698cea-2006-441f-8869-4ba412bc1248, null, 3834f1e8-4684-4365-9f8f-5aa9931aae00, user, org_update, organization, 85698cea-2006-441f-8869-4ba412bc1248, null, {"name": "不该生效"}, ba4f7728-e6c6-40a3-86b3-ecda752d2a19, 2026-09-27 07:51:09.287+00, 2026-09-27 07:51:09.287+00, 1).
2026-09-27 15:51:09.287 CST [48044] STATEMENT:  INSERT INTO "public"."audit_log" ("id","org_id","store_id","actor_user_id","actor_type","action","entity_type","entity_id","after_summary","request_id","created_at","updated_at","row_version") VALUES ($1,$2,$3,$4,CAST($5::text AS "public"."ActorType"),$6,$7,$8,$9,$10,$11,$12,$13) RETURNING "public"."audit_log"."id", "public"."audit_log"."org_id", "public"."audit_log"."store_id", "public"."audit_log"."actor_user_id", "public"."audit_log"."actor_type"::text, "public"."audit_log"."action", "public"."audit_log"."entity_type", "public"."audit_log"."entity_id", "public"."audit_log"."before_summary", "public"."audit_log"."after_summary", "public"."audit_log"."request_id", "public"."audit_log"."created_at", "public"."audit_log"."updated_at", "public"."audit_log"."row_version"
2026-09-27 15:51:09.296 CST [47490] LOG:  checkpoint starting: immediate force wait
2026-09-27 15:51:09.297 CST [47490] LOG:  checkpoint complete: wrote 4 buffers (0.0%); 0 WAL file(s) added, 0 removed, 1 recycled; write=0.001 s, sync=0.001 s, total=0.002 s; sync files=4, longest=0.001 s, average=0.001 s; distance=7622 kB, estimate=11894 kB; lsn=0/B2222F0, redo lsn=0/B222298
2026-09-27 15:51:10.540 CST [48073] ERROR:  duplicate key value violates unique constraint "uq_membership_single_owner"
2026-09-27 15:51:10.540 CST [48073] DETAIL:  Key (org_id)=(fb7a8f75-c7e6-4a3b-907d-bb7090e69cc5) already exists.
2026-09-27 15:51:10.540 CST [48073] STATEMENT:  INSERT INTO "public"."membership" ("id","org_id","user_id","role","status","created_at","updated_at","row_version") VALUES ($1,$2,$3,CAST($4::text AS "public"."MemberRole"),CAST($5::text AS "public"."MemberStatus"),$6,$7,$8) RETURNING "public"."membership"."id", "public"."membership"."org_id", "public"."membership"."user_id", "public"."membership"."role"::text, "public"."membership"."status"::text, "public"."membership"."created_at", "public"."membership"."updated_at", "public"."membership"."row_version"
2026-09-27 15:51:11.224 CST [47490] LOG:  checkpoint starting: immediate force wait
2026-09-27 15:51:11.225 CST [47490] LOG:  checkpoint complete: wrote 4 buffers (0.0%); 0 WAL file(s) added, 0 removed, 0 recycled; write=0.001 s, sync=0.001 s, total=0.002 s; sync files=4, longest=0.001 s, average=0.001 s; distance=7647 kB, estimate=11469 kB; lsn=0/B99A030, redo lsn=0/B999FC0
2026-09-27 15:51:12.646 CST [47490] LOG:  checkpoint starting: immediate force wait
2026-09-27 15:51:12.647 CST [47490] LOG:  checkpoint complete: wrote 4 buffers (0.0%); 0 WAL file(s) added, 0 removed, 1 recycled; write=0.001 s, sync=0.001 s, total=0.002 s; sync files=4, longest=0.001 s, average=0.001 s; distance=7631 kB, estimate=11086 kB; lsn=0/C10DF30, redo lsn=0/C10DED8
2026-09-27 15:51:13.905 CST [48088] ERROR:  duplicate key value violates unique constraint "store_org_id_name_key"
2026-09-27 15:51:13.905 CST [48088] DETAIL:  Key (org_id, name)=(ea56599d-d742-4ae2-a4f1-5df3093ddd1f, 旗舰店) already exists.
2026-09-27 15:51:13.905 CST [48088] STATEMENT:  INSERT INTO "public"."store" ("id","org_id","name","external_store_id","status","demo_mode","platform","currency","timezone","dataset_version","ruleset_version","snapshot_status","settings","created_at","updated_at","row_version") VALUES ($1,$2,$3,$4,CAST($5::text AS "public"."StoreStatus"),$6,$7,$8,$9,$10,$11,CAST($12::text AS "public"."SnapshotStatus"),$13,$14,$15,$16) RETURNING "public"."store"."id", "public"."store"."org_id", "public"."store"."name", "public"."store"."external_store_id", "public"."store"."status"::text, "public"."store"."demo_mode", "public"."store"."platform", "public"."store"."currency", "public"."store"."timezone", "public"."store"."dataset_version", "public"."store"."input_evaluation_at", "public"."store"."last_evaluation_date", "public"."store"."current_snapshot_version", "public"."store"."ruleset_version", "public"."store"."current_snapshot_ruleset_version", "public"."store"."current_snapshot_evaluation_at", "public"."store"."previous_snapshot_version", "public"."store"."previous_snapshot_ruleset_version", "public"."store"."previous_snapshot_evaluation_at", "public"."store"."snapshot_status"::text, "public"."store"."settings", "public"."store"."created_at", "public"."store"."updated_at", "public"."store"."row_version"
2026-09-27 15:51:13.917 CST [48088] ERROR:  duplicate key value violates unique constraint "store_org_id_external_store_id_key"
2026-09-27 15:51:13.917 CST [48088] DETAIL:  Key (org_id, external_store_id)=(ea56599d-d742-4ae2-a4f1-5df3093ddd1f, ext-main) already exists.
2026-09-27 15:51:13.917 CST [48088] STATEMENT:  INSERT INTO "public"."store" ("id","org_id","name","external_store_id","status","demo_mode","platform","currency","timezone","dataset_version","ruleset_version","snapshot_status","settings","created_at","updated_at","row_version") VALUES ($1,$2,$3,$4,CAST($5::text AS "public"."StoreStatus"),$6,$7,$8,$9,$10,$11,CAST($12::text AS "public"."SnapshotStatus"),$13,$14,$15,$16) RETURNING "public"."store"."id", "public"."store"."org_id", "public"."store"."name", "public"."store"."external_store_id", "public"."store"."status"::text, "public"."store"."demo_mode", "public"."store"."platform", "public"."store"."currency", "public"."store"."timezone", "public"."store"."dataset_version", "public"."store"."input_evaluation_at", "public"."store"."last_evaluation_date", "public"."store"."current_snapshot_version", "public"."store"."ruleset_version", "public"."store"."current_snapshot_ruleset_version", "public"."store"."current_snapshot_evaluation_at", "public"."store"."previous_snapshot_version", "public"."store"."previous_snapshot_ruleset_version", "public"."store"."previous_snapshot_evaluation_at", "public"."store"."snapshot_status"::text, "public"."store"."settings", "public"."store"."created_at", "public"."store"."updated_at", "public"."store"."row_version"
2026-09-27 15:51:14.191 CST [48089] ERROR:  duplicate key value violates unique constraint "store_org_id_name_key"
2026-09-27 15:51:14.191 CST [48089] DETAIL:  Key (org_id, name)=(ea56599d-d742-4ae2-a4f1-5df3093ddd1f, 旗舰店) already exists.
2026-09-27 15:51:14.191 CST [48089] STATEMENT:  UPDATE "public"."store" SET "name" = $1, "status" = CAST($2::text AS "public"."StoreStatus"), "currency" = $3, "timezone" = $4, "settings" = $5, "row_version" = ("public"."store"."row_version" + $6), "updated_at" = $7 WHERE ("public"."store"."org_id" = $8 AND "public"."store"."id" = $9 AND "public"."store"."row_version" = $10)
2026-09-27 15:51:14.214 CST [48089] ERROR:  duplicate key value violates unique constraint "store_org_id_name_key"
2026-09-27 15:51:14.214 CST [48089] DETAIL:  Key (org_id, name)=(ea56599d-d742-4ae2-a4f1-5df3093ddd1f, 并发同名店) already exists.
2026-09-27 15:51:14.214 CST [48089] STATEMENT:  INSERT INTO "public"."store" ("id","org_id","name","external_store_id","status","demo_mode","platform","currency","timezone","dataset_version","ruleset_version","snapshot_status","settings","created_at","updated_at","row_version") VALUES ($1,$2,$3,$4,CAST($5::text AS "public"."StoreStatus"),$6,$7,$8,$9,$10,$11,CAST($12::text AS "public"."SnapshotStatus"),$13,$14,$15,$16) RETURNING "public"."store"."id", "public"."store"."org_id", "public"."store"."name", "public"."store"."external_store_id", "public"."store"."status"::text, "public"."store"."demo_mode", "public"."store"."platform", "public"."store"."currency", "public"."store"."timezone", "public"."store"."dataset_version", "public"."store"."input_evaluation_at", "public"."store"."last_evaluation_date", "public"."store"."current_snapshot_version", "public"."store"."ruleset_version", "public"."store"."current_snapshot_ruleset_version", "public"."store"."current_snapshot_evaluation_at", "public"."store"."previous_snapshot_version", "public"."store"."previous_snapshot_ruleset_version", "public"."store"."previous_snapshot_evaluation_at", "public"."store"."snapshot_status"::text, "public"."store"."settings", "public"."store"."created_at", "public"."store"."updated_at", "public"."store"."row_version"
2026-09-27 15:51:14.215 CST [48091] FATAL:  database "aiea_t_e043ca32" does not exist
2026-09-27 15:51:14.216 CST [48092] FATAL:  database "aiea_t_e043ca32" does not exist
2026-09-27 15:51:14.226 CST [48090] ERROR:  duplicate key value violates unique constraint "store_org_id_name_key"
2026-09-27 15:51:14.226 CST [48090] DETAIL:  Key (org_id, name)=(ea56599d-d742-4ae2-a4f1-5df3093ddd1f, 并发同名店) already exists.
2026-09-27 15:51:14.226 CST [48090] STATEMENT:  INSERT INTO "public"."store" ("id","org_id","name","external_store_id","status","demo_mode","platform","currency","timezone","dataset_version","ruleset_version","snapshot_status","settings","created_at","updated_at","row_version") VALUES ($1,$2,$3,$4,CAST($5::text AS "public"."StoreStatus"),$6,$7,$8,$9,$10,$11,CAST($12::text AS "public"."SnapshotStatus"),$13,$14,$15,$16) RETURNING "public"."store"."id", "public"."store"."org_id", "public"."store"."name", "public"."store"."external_store_id", "public"."store"."status"::text, "public"."store"."demo_mode", "public"."store"."platform", "public"."store"."currency", "public"."store"."timezone", "public"."store"."dataset_version", "public"."store"."input_evaluation_at", "public"."store"."last_evaluation_date", "public"."store"."current_snapshot_version", "public"."store"."ruleset_version", "public"."store"."current_snapshot_ruleset_version", "public"."store"."current_snapshot_evaluation_at", "public"."store"."previous_snapshot_version", "public"."store"."previous_snapshot_ruleset_version", "public"."store"."previous_snapshot_evaluation_at", "public"."store"."snapshot_status"::text, "public"."store"."settings", "public"."store"."created_at", "public"."store"."updated_at", "public"."store"."row_version"
2026-09-27 15:51:14.482 CST [47490] LOG:  checkpoint starting: immediate force wait
2026-09-27 15:51:14.485 CST [47490] LOG:  checkpoint complete: wrote 4 buffers (0.0%); 0 WAL file(s) added, 0 removed, 0 recycled; write=0.001 s, sync=0.001 s, total=0.003 s; sync files=4, longest=0.001 s, average=0.001 s; distance=7778 kB, estimate=10755 kB; lsn=0/C8A68D8, redo lsn=0/C8A6880
2026-09-27 15:51:15.074 CST [48097] ERROR:  insert or update on table "order_item" violates foreign key constraint "order_item_org_id_store_id_import_task_id_fkey"
2026-09-27 15:51:15.074 CST [48097] DETAIL:  Key (org_id, store_id, import_task_id)=(f51a2571-fcbc-4a42-a423-bb237f189966, a6accad9-730d-4d85-94db-e1c06f4e755a, 8b87a702-1c4e-42e2-96b7-bd1b3e0fa69e) is not present in table "import_task".
2026-09-27 15:51:15.074 CST [48097] STATEMENT:  INSERT INTO "public"."order_item" ("id","org_id","store_id","source_namespace","source_updated_at","import_task_id","row_hash","order_id","external_order_item_id","sku_id","quantity","item_paid_amount","currency","created_at","updated_at","row_version") VALUES ($1,$2,$3,$4,$5,$6,$7,$8,$9,$10,$11,$12,$13,$14,$15,$16) RETURNING "public"."order_item"."id", "public"."order_item"."org_id", "public"."order_item"."store_id", "public"."order_item"."source_namespace", "public"."order_item"."source_updated_at", "public"."order_item"."import_task_id", "public"."order_item"."row_hash", "public"."order_item"."order_id", "public"."order_item"."external_order_item_id", "public"."order_item"."sku_id", "public"."order_item"."quantity", "public"."order_item"."item_paid_amount", "public"."order_item"."currency", "public"."order_item"."created_at", "public"."order_item"."updated_at", "public"."order_item"."row_version"
2026-09-27 15:51:15.091 CST [48098] ERROR:  duplicate key value violates unique constraint "sku_org_id_store_id_source_namespace_external_sku_id_key"
2026-09-27 15:51:15.091 CST [48098] DETAIL:  Key (org_id, store_id, source_namespace, external_sku_id)=(b78f7596-0d5d-439c-b056-1dd68c1e5be2, 2aef3d11-83b1-4bc4-8294-0f14cbda6155, ns-dup, S-dup) already exists.
2026-09-27 15:51:15.091 CST [48098] STATEMENT:  INSERT INTO "public"."sku" ("id","org_id","store_id","source_namespace","source_updated_at","import_task_id","row_hash","product_id","external_sku_id","sku_code","name","status","created_at","updated_at","row_version") VALUES ($1,$2,$3,$4,$5,$6,$7,$8,$9,$10,$11,CAST($12::text AS "public"."SkuStatus"),$13,$14,$15) RETURNING "public"."sku"."id", "public"."sku"."org_id", "public"."sku"."store_id", "public"."sku"."source_namespace", "public"."sku"."source_updated_at", "public"."sku"."import_task_id", "public"."sku"."row_hash", "public"."sku"."product_id", "public"."sku"."external_sku_id", "public"."sku"."sku_code", "public"."sku"."name", "public"."sku"."specification", "public"."sku"."status"::text, "public"."sku"."created_at", "public"."sku"."updated_at", "public"."sku"."row_version"
2026-09-27 15:51:15.106 CST [48099] ERROR:  duplicate key value violates unique constraint "uq_membership_single_owner"
2026-09-27 15:51:15.106 CST [48099] DETAIL:  Key (org_id)=(df7f267f-7ad0-4d49-81aa-57c1bd96ed4d) already exists.
2026-09-27 15:51:15.106 CST [48099] STATEMENT:  INSERT INTO "public"."membership" ("id","org_id","user_id","role","status","created_at","updated_at","row_version") VALUES ($1,$2,$3,CAST($4::text AS "public"."MemberRole"),CAST($5::text AS "public"."MemberStatus"),$6,$7,$8) RETURNING "public"."membership"."id", "public"."membership"."org_id", "public"."membership"."user_id", "public"."membership"."role"::text, "public"."membership"."status"::text, "public"."membership"."created_at", "public"."membership"."updated_at", "public"."membership"."row_version"
2026-09-27 15:51:15.121 CST [48100] ERROR:  new row for relation "order_item" violates check constraint "ck_order_item_quantity_range"
2026-09-27 15:51:15.121 CST [48100] DETAIL:  Failing row contains (6c836f84-1a5b-4306-8388-6526fe324e3b, d12c98b9-ecd8-49d4-96c4-b3065b9ae212, 6c521600-2c02-48fe-8fd7-e8c1df9b0d11, ns-negqty, 2026-09-27 07:51:15.12+00, 09179fba-fbc3-41fe-99df-395747d0a08b, fd3c8ea4-e7f2-41e0-bc54-9ed3059c83d7, e2d5b022-90bc-47c3-98c4-18b1a474d8e6, L2, 91e30fd1-2e97-43b2-905c-f758bdb83829, -1, 5.000000, CNY, 2026-09-27 07:51:15.121+00, 2026-09-27 07:51:15.121+00, 1).
2026-09-27 15:51:15.121 CST [48100] STATEMENT:  INSERT INTO "public"."order_item" ("id","org_id","store_id","source_namespace","source_updated_at","import_task_id","row_hash","order_id","external_order_item_id","sku_id","quantity","item_paid_amount","currency","created_at","updated_at","row_version") VALUES ($1,$2,$3,$4,$5,$6,$7,$8,$9,$10,$11,$12,$13,$14,$15,$16) RETURNING "public"."order_item"."id", "public"."order_item"."org_id", "public"."order_item"."store_id", "public"."order_item"."source_namespace", "public"."order_item"."source_updated_at", "public"."order_item"."import_task_id", "public"."order_item"."row_hash", "public"."order_item"."order_id", "public"."order_item"."external_order_item_id", "public"."order_item"."sku_id", "public"."order_item"."quantity", "public"."order_item"."item_paid_amount", "public"."order_item"."currency", "public"."order_item"."created_at", "public"."order_item"."updated_at", "public"."order_item"."row_version"
2026-09-27 15:51:15.136 CST [48101] ERROR:  new row for relation "order" violates check constraint "ck_order_currency"
2026-09-27 15:51:15.136 CST [48101] DETAIL:  Failing row contains (17b8d46a-1fcd-449a-8453-4b13282d6c32, 84416bea-60bf-4806-884b-595577c7f3c6, 9128dbe3-9158-44c0-b904-e22a2edd7a8a, ns-badcur, 2026-09-27 07:51:15.136+00, 5f289f75-1065-4763-ae3f-c20455fa142a, ae22e39e-7322-4a54-9b85-65e5c489aee2, O-badcur-1, unpaid, null, 2026-09-27 07:51:15.136+00, cny, 1, 2026-09-27 07:51:15.136+00, 2026-09-27 07:51:15.136+00, 1).
2026-09-27 15:51:15.136 CST [48101] STATEMENT:  INSERT INTO "public"."order" ("id","org_id","store_id","source_namespace","source_updated_at","import_task_id","row_hash","external_order_id","payment_status","ordered_at","currency","expected_item_count","created_at","updated_at","row_version") VALUES ($1,$2,$3,$4,$5,$6,$7,$8,CAST($9::text AS "public"."OrderPaymentStatus"),$10,$11,$12,$13,$14,$15) RETURNING "public"."order"."id", "public"."order"."org_id", "public"."order"."store_id", "public"."order"."source_namespace", "public"."order"."source_updated_at", "public"."order"."import_task_id", "public"."order"."row_hash", "public"."order"."external_order_id", "public"."order"."payment_status"::text, "public"."order"."paid_at", "public"."order"."ordered_at", "public"."order"."currency", "public"."order"."expected_item_count", "public"."order"."created_at", "public"."order"."updated_at", "public"."order"."row_version"
2026-09-27 15:51:15.142 CST [48102] ERROR:  value too long for type character(3)
2026-09-27 15:51:15.142 CST [48102] STATEMENT:  UPDATE "public"."store" SET "currency" = $1, "updated_at" = $2 WHERE (("public"."store"."org_id" = $3 AND "public"."store"."external_store_id" = $4) AND 1=1) RETURNING "public"."store"."id", "public"."store"."org_id", "public"."store"."name", "public"."store"."external_store_id", "public"."store"."status"::text, "public"."store"."demo_mode", "public"."store"."platform", "public"."store"."currency", "public"."store"."timezone", "public"."store"."dataset_version", "public"."store"."input_evaluation_at", "public"."store"."last_evaluation_date", "public"."store"."current_snapshot_version", "public"."store"."ruleset_version", "public"."store"."current_snapshot_ruleset_version", "public"."store"."current_snapshot_evaluation_at", "public"."store"."previous_snapshot_version", "public"."store"."previous_snapshot_ruleset_version", "public"."store"."previous_snapshot_evaluation_at", "public"."store"."snapshot_status"::text, "public"."store"."settings", "public"."store"."created_at", "public"."store"."updated_at", "public"."store"."row_version"
2026-09-27 15:51:15.158 CST [48103] ERROR:  new row for relation "refund_event" violates check constraint "ck_refund_succeeded_fields"
2026-09-27 15:51:15.158 CST [48103] DETAIL:  Failing row contains (f55af3bb-d62f-4f41-a8d1-f78aa98e0ddb, 0f5a5232-d96e-4703-a621-0c4ac06f6f60, 8c0a65d7-65b8-481e-b807-c0e442d88c0a, ns-refund, 2026-09-27 07:51:15.156+00, d02dc024-0bdb-49aa-94b8-e4a22735c218, e7da739b-85b6-4440-8850-83d2335fb160, RF-1, 92edefca-8d47-4ab7-b99b-fcd913db32e5, 17d83c99-cf13-42b1-92d8-c6eb7c8d1517, null, 2026-09-27 07:51:15.156+00, succeeded, 2026-09-27 07:51:15.156+00, null, null, CNY, quality, null, 2026-09-27 07:51:15.157+00, 2026-09-27 07:51:15.157+00, 1).
2026-09-27 15:51:15.158 CST [48103] STATEMENT:  INSERT INTO "public"."refund_event" ("id","org_id","store_id","source_namespace","source_updated_at","import_task_id","row_hash","external_record_id","order_id","order_item_id","occurred_at","status","completed_at","currency","reason_code","created_at","updated_at","row_version") VALUES ($1,$2,$3,$4,$5,$6,$7,$8,$9,$10,$11,CAST($12::text AS "public"."RefundStatus"),$13,$14,$15,$16,$17,$18) RETURNING "public"."refund_event"."id", "public"."refund_event"."org_id", "public"."refund_event"."store_id", "public"."refund_event"."source_namespace", "public"."refund_event"."source_updated_at", "public"."refund_event"."import_task_id", "public"."refund_event"."row_hash", "public"."refund_event"."external_record_id", "public"."refund_event"."order_id", "public"."refund_event"."order_item_id", "public"."refund_event"."after_sale_record_id", "public"."refund_event"."occurred_at", "public"."refund_event"."status"::text, "public"."refund_event"."completed_at", "public"."refund_event"."refund_amount", "public"."refund_event"."refunded_quantity_cumulative", "public"."refund_event"."currency", "public"."refund_event"."reason_code", "public"."refund_event"."reason_text", "public"."refund_event"."created_at", "public"."refund_event"."updated_at", "public"."refund_event"."row_version"
2026-09-27 15:51:15.170 CST [47490] LOG:  checkpoint starting: immediate force wait
2026-09-27 15:51:15.171 CST [47490] LOG:  checkpoint complete: wrote 4 buffers (0.0%); 0 WAL file(s) added, 0 removed, 1 recycled; write=0.001 s, sync=0.001 s, total=0.002 s; sync files=4, longest=0.001 s, average=0.001 s; distance=7685 kB, estimate=10448 kB; lsn=0/D027D98, redo lsn=0/D027D40
2026-09-27 15:51:21.194 CST [48139] FATAL:  terminating connection due to administrator command
2026-09-27 15:51:21.194 CST [48140] FATAL:  terminating connection due to administrator command
2026-09-27 15:51:21.196 CST [47490] LOG:  checkpoint starting: immediate force wait
2026-09-27 15:51:21.200 CST [47490] LOG:  checkpoint complete: wrote 4 buffers (0.0%); 0 WAL file(s) added, 0 removed, 0 recycled; write=0.001 s, sync=0.001 s, total=0.004 s; sync files=4, longest=0.001 s, average=0.001 s; distance=8858 kB, estimate=10289 kB; lsn=0/D8CE770, redo lsn=0/D8CE718
2026-09-27 15:51:24.662 CST [48159] FATAL:  terminating connection due to administrator command
2026-09-27 15:51:24.662 CST [48160] FATAL:  terminating connection due to administrator command
2026-09-27 15:51:24.663 CST [47490] LOG:  checkpoint starting: immediate force wait
2026-09-27 15:51:24.665 CST [47490] LOG:  checkpoint complete: wrote 5 buffers (0.0%); 0 WAL file(s) added, 0 removed, 1 recycled; write=0.001 s, sync=0.001 s, total=0.003 s; sync files=4, longest=0.001 s, average=0.001 s; distance=8247 kB, estimate=10085 kB; lsn=0/E0DC6B8, redo lsn=0/E0DC660
2026-09-27 15:51:30.081 CST [48180] FATAL:  terminating connection due to administrator command
2026-09-27 15:51:30.081 CST [48179] FATAL:  terminating connection due to administrator command
2026-09-27 15:51:30.083 CST [47490] LOG:  checkpoint starting: immediate force wait
2026-09-27 15:51:30.085 CST [47490] LOG:  checkpoint complete: wrote 4 buffers (0.0%); 0 WAL file(s) added, 0 removed, 0 recycled; write=0.001 s, sync=0.001 s, total=0.002 s; sync files=4, longest=0.001 s, average=0.001 s; distance=9015 kB, estimate=9978 kB; lsn=0/E9AA490, redo lsn=0/E9AA438
2026-09-27 15:51:33.954 CST [48214] FATAL:  terminating connection due to administrator command
2026-09-27 15:51:33.954 CST [48213] FATAL:  terminating connection due to administrator command
2026-09-27 15:51:33.955 CST [47490] LOG:  checkpoint starting: immediate force wait
2026-09-27 15:51:33.959 CST [47490] LOG:  checkpoint complete: wrote 4 buffers (0.0%); 0 WAL file(s) added, 0 removed, 1 recycled; write=0.001 s, sync=0.001 s, total=0.004 s; sync files=4, longest=0.001 s, average=0.001 s; distance=8067 kB, estimate=9787 kB; lsn=0/F18B440, redo lsn=0/F18B3E8
2026-09-27 15:52:05.283 CST [48340] FATAL:  terminating connection due to administrator command
2026-09-27 15:52:05.283 CST [48341] FATAL:  terminating connection due to administrator command
2026-09-27 15:52:05.386 CST [47490] LOG:  checkpoint starting: immediate force wait
2026-09-27 15:52:05.396 CST [47490] LOG:  checkpoint complete: wrote 63 buffers (0.4%); 0 WAL file(s) added, 0 removed, 0 recycled; write=0.009 s, sync=0.001 s, total=0.011 s; sync files=14, longest=0.001 s, average=0.001 s; distance=8284 kB, estimate=9636 kB; lsn=0/F9A2550, redo lsn=0/F9A24F8
2026-09-27 15:53:59.699 CST [47489] LOG:  received fast shutdown request
2026-09-27 15:53:59.699 CST [47489] LOG:  aborting any active transactions
2026-09-27 15:53:59.701 CST [47489] LOG:  background worker "logical replication launcher" (PID 47495) exited with exit code 1
2026-09-27 15:53:59.701 CST [47490] LOG:  shutting down
2026-09-27 15:53:59.701 CST [47490] LOG:  checkpoint starting: shutdown immediate
2026-09-27 15:53:59.706 CST [47490] LOG:  checkpoint complete: wrote 80 buffers (0.5%); 0 WAL file(s) added, 0 removed, 0 recycled; write=0.003 s, sync=0.002 s, total=0.005 s; sync files=47, longest=0.001 s, average=0.001 s; distance=20 kB, estimate=8675 kB; lsn=0/F9A76B8, redo lsn=0/F9A76B8
2026-09-27 15:53:59.710 CST [47489] LOG:  database system is shut down
