 Container aiea-r3fix-worker-1 Stopping 
 Container aiea-r3fix-web-1 Stopping 
 Container aiea-r3fix-worker-1 Stopped 
 Container aiea-r3fix-worker-1 Removing 
 Container aiea-r3fix-worker-1 Removed 
 Container aiea-r3fix-web-1 Stopped 
 Container aiea-r3fix-web-1 Removing 
 Container aiea-r3fix-web-1 Removed 
 Container aiea-r3fix-postgres-1 Stopping 
 Container aiea-r3fix-postgres-1 Stopped 
 Container aiea-r3fix-postgres-1 Removing 
 Container aiea-r3fix-postgres-1 Removed 
 Dangling images Removing 
 Volume aiea-r3fix_pgdata Removing 
 Volume aiea-r3fix_private-data Removing 
 Network aiea-r3fix_default Removing 
 Network aiea-r3fix_default Removed 
 Volume aiea-r3fix_pgdata Removed 
 Volume aiea-r3fix_private-data Removed 
 Dangling images Removed 
