 Volume aiea-r3fix_pgdata Creating 
 Volume aiea-r3fix_private-data Creating 
 Volume aiea-r3fix_private-data Creating 
 Volume aiea-r3fix_pgdata Creating 
 Network aiea-r3fix_default Creating 
 Network aiea-r3fix_default Creating 
 Volume aiea-r3fix_private-data Created 
 Volume aiea-r3fix_private-data Created 
 Volume aiea-r3fix_pgdata Created 
 Volume aiea-r3fix_pgdata Created 
 Network aiea-r3fix_default Created 
 Network aiea-r3fix_default Created 
 Container aiea-r3fix-postgres-1 Creating 
 Container aiea-r3fix-postgres-1 Created 
 Container aiea-r3fix-worker-1 Creating 
 Container aiea-r3fix-web-1 Creating 
 Container aiea-r3fix-web-1 Created 
 Container aiea-r3fix-worker-1 Created 
 Container aiea-r3fix-postgres-1 Starting 
 Container aiea-r3fix-postgres-1 Started 
 Container aiea-r3fix-postgres-1 Waiting 
 Container aiea-r3fix-postgres-1 Waiting 
 Container aiea-r3fix-postgres-1 Healthy 
 Container aiea-r3fix-postgres-1 Healthy 
 Container aiea-r3fix-web-1 Starting 
 Container aiea-r3fix-worker-1 Starting 
 Container aiea-r3fix-web-1 Started 
 Container aiea-r3fix-worker-1 Started 
