time="2026-09-14T23:03:02+08:00" level=info msg="starting colima"
time="2026-09-14T23:03:02+08:00" level=info msg="runtime: docker"
time="2026-09-14T23:03:02+08:00" level=warning msg="disk size cannot be reduced, ignoring..." context=vm
time="2026-09-14T23:03:02+08:00" level=info msg="starting ..." context=vm
time="2026-09-14T23:03:03+08:00" level=info msg="Using the existing instance `colima`"
time="2026-09-14T23:03:03+08:00" level=info msg="Starting the instance `colima` with internal VM driver `vz`"
time="2026-09-14T23:03:03+08:00" level=info msg="[hostagent] Replacing `http_proxy` value `http://127.0.0.1:7890` with `http://192.168.5.2:7890`"
time="2026-09-14T23:03:03+08:00" level=info msg="[hostagent] Replacing `https_proxy` value `http://127.0.0.1:7890` with `http://192.168.5.2:7890`"
time="2026-09-14T23:03:03+08:00" level=info msg="[hostagent] Replacing `http_proxy` value `http://127.0.0.1:7890` with `http://192.168.5.2:7890`"
time="2026-09-14T23:03:03+08:00" level=info msg="[hostagent] Replacing `https_proxy` value `http://127.0.0.1:7890` with `http://192.168.5.2:7890`"
time="2026-09-14T23:03:04+08:00" level=info msg="[hostagent] hostagent socket created at /Users/yuyuyu/.colima/_lima/colima/ha.sock"
time="2026-09-14T23:03:04+08:00" level=info msg="[hostagent] Starting VZ (hint: to watch the boot progress, see `/Users/yuyuyu/.colima/_lima/colima/serial*.log`)"
time="2026-09-14T23:03:04+08:00" level=info msg="[hostagent] Mounting disk `colima` on `/mnt/lima-colima`"
time="2026-09-14T23:03:04+08:00" level=info msg="[hostagent] Converting `/Users/yuyuyu/.colima/_lima/_disks/colima/datadisk` (raw) to a raw disk `/Users/yuyuyu/.colima/_lima/_disks/colima/datadisk`"
time="2026-09-14T23:03:04+08:00" level=info msg="[hostagent] [VZ] - vm state change: running"
time="2026-09-14T23:03:10+08:00" level=info msg="[hostagent] SSH server does not seem to be running on vsock port, using usernet forwarder"
time="2026-09-14T23:03:11+08:00" level=info msg="SSH Local Port: 50948"
time="2026-09-14T23:03:11+08:00" level=info msg="[hostagent] Waiting for the essential requirement 1 of 3: `ssh`"
time="2026-09-14T23:03:11+08:00" level=info msg="[hostagent] The essential requirement 1 of 3 is satisfied"
time="2026-09-14T23:03:11+08:00" level=info msg="[hostagent] Waiting for the essential requirement 2 of 3: `user session is ready for ssh`"
time="2026-09-14T23:03:14+08:00" level=info msg="[hostagent] The essential requirement 2 of 3 is satisfied"
time="2026-09-14T23:03:14+08:00" level=info msg="[hostagent] Waiting for the essential requirement 3 of 3: `Explicitly start ssh ControlMaster`"
time="2026-09-14T23:03:15+08:00" level=info msg="[hostagent] The essential requirement 3 of 3 is satisfied"
time="2026-09-14T23:03:15+08:00" level=info msg="[hostagent] Waiting for the guest agent to be running"
time="2026-09-14T23:03:15+08:00" level=info msg="[hostagent] Forwarding `/var/run/docker.sock` (guest) to `/Users/yuyuyu/.colima/default/docker.sock` (host)"
time="2026-09-14T23:03:15+08:00" level=info msg="[hostagent] Forwarding `/var/run/containerd/containerd.sock` (guest) to `/Users/yuyuyu/.colima/default/containerd.sock` (host)"
time="2026-09-14T23:03:15+08:00" level=info msg="[hostagent] Forwarding `/var/run/docker.sock` (guest) to `/Users/yuyuyu/.colima/docker.sock` (host)"
time="2026-09-14T23:03:15+08:00" level=info msg="[hostagent] Guest agent is running"
time="2026-09-14T23:03:15+08:00" level=info msg="[hostagent] Waiting for the final requirement 1 of 1: `boot scripts must have finished`"
time="2026-09-14T23:03:15+08:00" level=info msg="[hostagent] Time sync: guest agent is alive, starting time synchronization"
time="2026-09-14T23:03:15+08:00" level=info msg="[hostagent] Not forwarding TCP 0.0.0.0:22"
time="2026-09-14T23:03:15+08:00" level=info msg="[hostagent] Not forwarding TCP [::]:22"
time="2026-09-14T23:03:15+08:00" level=info msg="[hostagent] The final requirement 1 of 1 is satisfied"
time="2026-09-14T23:03:15+08:00" level=info msg="READY. Run `limactl shell colima` to open the shell."
installing: 386 OK
installing: amd64 OK
{
  "supported": [
    "linux/arm64",
    "linux/amd64",
    "linux/386"
  ],
  "emulators": [
    "python3.12",
    "qemu-i386",
    "qemu-x86_64"
  ]
}
time="2026-09-14T23:03:17+08:00" level=info msg="provisioning ..." context=docker
colima
Successfully created context "colima"
colima
Current context is now "colima"
time="2026-09-14T23:03:19+08:00" level=info msg="starting ..." context=docker
time="2026-09-14T23:03:23+08:00" level=info msg=done
