DEPRECATED: The legacy builder is deprecated and will be removed in a future release.
            BuildKit is currently disabled; enable it by removing the DOCKER_BUILDKIT=0
            environment-variable.

Sending build context to Docker daemon  731.6kB
Step 1/27 : FROM node:24.21.0-bookworm-slim AS deps
 ---> 2fe369e96955
Step 2/27 : WORKDIR /app
 ---> Running in 34c8078d9dea
 ---> Removed intermediate container 34c8078d9dea
 ---> d18c367ec042
Step 3/27 : RUN corepack enable
 ---> Running in e897bba437ae
 ---> Removed intermediate container e897bba437ae
 ---> 3bf8d79af3fe
Step 4/27 : COPY package.json pnpm-lock.yaml pnpm-workspace.yaml .npmrc ./
 ---> 327370cba9df
Step 5/27 : COPY prisma/schema.prisma ./prisma/schema.prisma
 ---> f1a143013c3e
Step 6/27 : COPY prisma.config.ts ./
 ---> 2ba8825494b2
Step 7/27 : COPY src/lib/dbUrl.ts ./src/lib/dbUrl.ts
 ---> adec2135ae69
Step 8/27 : RUN pnpm install --frozen-lockfile
 ---> Running in efed079478d6
[91m! Corepack is about to download https://registry.npmjs.org/pnpm/-/pnpm-10.34.5.tgz
[0mLockfile is up to date, resolution step is skipped
Progress: resolved 1, reused 0, downloaded 0, added 0
Packages: +277
++++++++++++++++++++++++++++++++++++++++++++++++++++++++++++++++++++++++++++++++
Progress: resolved 277, reused 0, downloaded 0, added 0
Progress: resolved 277, reused 0, downloaded 3, added 3

   ╭──────────────────────────────────────────────╮
   │                                              │
   │     Update available! 10.34.5 → 12.4.1.      │
   │     Changelog: https://pnpm.io/v/12.4.1      │
   │   To update, run: corepack use pnpm@12.4.1   │
   │                                              │
   ╰──────────────────────────────────────────────╯

Progress: resolved 277, reused 0, downloaded 7, added 7
Progress: resolved 277, reused 0, downloaded 8, added 8
Progress: resolved 277, reused 0, downloaded 9, added 8
Progress: resolved 277, reused 0, downloaded 11, added 11
Progress: resolved 277, reused 0, downloaded 18, added 18
Progress: resolved 277, reused 0, downloaded 24, added 24
Progress: resolved 277, reused 0, downloaded 34, added 34
 WARN  Tarball download average speed 22 KiB/s (size 50 KiB) is below 50 KiB/s: https://registry.npmjs.org/giget/-/giget-3.3.1.tgz (GET)
Progress: resolved 277, reused 0, downloaded 43, added 43
Progress: resolved 277, reused 0, downloaded 50, added 50
Progress: resolved 277, reused 0, downloaded 55, added 55
Progress: resolved 277, reused 0, downloaded 58, added 58
 WARN  Tarball download average speed 13 KiB/s (size 42 KiB) is below 50 KiB/s: https://registry.npmjs.org/better-result/-/better-result-2.10.0.tgz (GET)
Progress: resolved 277, reused 0, downloaded 63, added 63
Progress: resolved 277, reused 0, downloaded 65, added 65
 WARN  Tarball download average speed 1 KiB/s (size 8 KiB) is below 50 KiB/s: https://registry.npmjs.org/proper-lockfile/-/proper-lockfile-4.1.2.tgz (GET)
Progress: resolved 277, reused 0, downloaded 68, added 68
 WARN  Tarball download average speed 7 KiB/s (size 16 KiB) is below 50 KiB/s: https://registry.npmjs.org/ret/-/ret-0.5.0.tgz (GET)
Progress: resolved 277, reused 0, downloaded 71, added 71
Progress: resolved 277, reused 0, downloaded 75, added 75
 WARN  Tarball download average speed 1 KiB/s (size 13 KiB) is below 50 KiB/s: https://registry.npmjs.org/pkg-types/-/pkg-types-2.3.3.tgz (GET)
Progress: resolved 277, reused 0, downloaded 77, added 77
Progress: resolved 277, reused 0, downloaded 81, added 81
Progress: resolved 277, reused 0, downloaded 82, added 82
 WARN  Tarball download average speed 16 KiB/s (size 24 KiB) is below 50 KiB/s: https://registry.npmjs.org/react/-/react-19.2.8.tgz (GET)
Progress: resolved 277, reused 0, downloaded 94, added 94
Progress: resolved 277, reused 0, downloaded 99, added 99
Progress: resolved 277, reused 0, downloaded 103, added 103
Progress: resolved 277, reused 0, downloaded 109, added 109
 WARN  Tarball download average speed 38 KiB/s (size 273 KiB) is below 50 KiB/s: https://registry.npmjs.org/@prisma/fetch-engine/-/fetch-engine-7.10.0.tgz (GET)
Progress: resolved 277, reused 0, downloaded 115, added 115
Progress: resolved 277, reused 0, downloaded 118, added 118
Progress: resolved 277, reused 0, downloaded 124, added 124
 WARN  Tarball download average speed 10 KiB/s (size 37 KiB) is below 50 KiB/s: https://registry.npmjs.org/d3-array/-/d3-array-3.2.4.tgz (GET)
Progress: resolved 277, reused 0, downloaded 127, added 127
 WARN  Tarball download average speed 23 KiB/s (size 34 KiB) is below 50 KiB/s: https://registry.npmjs.org/@visx/shape/-/shape-4.0.1-alpha.0.tgz (GET)
Progress: resolved 277, reused 0, downloaded 132, added 132
Progress: resolved 277, reused 0, downloaded 139, added 139
Progress: resolved 277, reused 0, downloaded 143, added 143
Progress: resolved 277, reused 0, downloaded 147, added 147
Progress: resolved 277, reused 0, downloaded 149, added 149
Progress: resolved 277, reused 0, downloaded 150, added 149
Progress: resolved 277, reused 0, downloaded 153, added 153
Progress: resolved 277, reused 0, downloaded 155, added 154
Progress: resolved 277, reused 0, downloaded 161, added 161
Progress: resolved 277, reused 0, downloaded 173, added 173
Progress: resolved 277, reused 0, downloaded 177, added 177
Progress: resolved 277, reused 0, downloaded 179, added 179
Progress: resolved 277, reused 0, downloaded 182, added 182
Progress: resolved 277, reused 0, downloaded 185, added 185
Progress: resolved 277, reused 0, downloaded 189, added 189
 WARN  Tarball download average speed 41 KiB/s (size 169 KiB) is below 50 KiB/s: https://registry.npmjs.org/@img/sharp-linux-arm64/-/sharp-linux-arm64-0.35.4.tgz (GET)
Progress: resolved 277, reused 0, downloaded 195, added 195
Progress: resolved 277, reused 0, downloaded 198, added 198
Progress: resolved 277, reused 0, downloaded 200, added 200
 WARN  Tarball download average speed 32 KiB/s (size 87 KiB) is below 50 KiB/s: https://registry.npmjs.org/magic-string/-/magic-string-0.30.21.tgz (GET)
Progress: resolved 277, reused 0, downloaded 203, added 203
Progress: resolved 277, reused 0, downloaded 204, added 204
 WARN  Tarball download average speed 7 KiB/s (size 92 KiB) is below 50 KiB/s: https://registry.npmjs.org/better-call/-/better-call-1.4.0.tgz (GET)
Progress: resolved 277, reused 0, downloaded 206, added 206
Progress: resolved 277, reused 0, downloaded 207, added 207
Progress: resolved 277, reused 0, downloaded 208, added 208
 WARN  Tarball download average speed 20 KiB/s (size 84 KiB) is below 50 KiB/s: https://registry.npmjs.org/lightningcss/-/lightningcss-1.32.0.tgz (GET)
Progress: resolved 277, reused 0, downloaded 209, added 209
 WARN  Tarball download average speed 9 KiB/s (size 138 KiB) is below 50 KiB/s: https://registry.npmjs.org/@noble/ciphers/-/ciphers-2.4.0.tgz (GET)
Progress: resolved 277, reused 0, downloaded 211, added 211
Progress: resolved 277, reused 0, downloaded 212, added 212
Progress: resolved 277, reused 0, downloaded 213, added 212
 WARN  Tarball download average speed 18 KiB/s (size 25 KiB) is below 50 KiB/s: https://registry.npmjs.org/@vitest/snapshot/-/snapshot-3.2.7.tgz (GET)
 WARN  Tarball download average speed 9 KiB/s (size 30 KiB) is below 50 KiB/s: https://registry.npmjs.org/@vitest/runner/-/runner-3.2.7.tgz (GET)
Progress: resolved 277, reused 0, downloaded 217, added 217
 WARN  Tarball download average speed 22 KiB/s (size 31 KiB) is below 50 KiB/s: https://registry.npmjs.org/expect-type/-/expect-type-1.4.0.tgz (GET)
Progress: resolved 277, reused 0, downloaded 222, added 222
Progress: resolved 277, reused 0, downloaded 230, added 230
Progress: resolved 277, reused 0, downloaded 239, added 239
 WARN  Tarball download average speed 34 KiB/s (size 530 KiB) is below 50 KiB/s: https://registry.npmjs.org/vite/-/vite-7.3.6.tgz (GET)
Progress: resolved 277, reused 0, downloaded 246, added 246
 WARN  Tarball download average speed 44 KiB/s (size 143 KiB) is below 50 KiB/s: https://registry.npmjs.org/pino/-/pino-10.3.1.tgz (GET)
Progress: resolved 277, reused 0, downloaded 249, added 249
Progress: resolved 277, reused 0, downloaded 252, added 252
Progress: resolved 277, reused 0, downloaded 255, added 255
 WARN  Tarball download average speed 12 KiB/s (size 65 KiB) is below 50 KiB/s: https://registry.npmjs.org/vite-node/-/vite-node-3.2.4.tgz (GET)
Progress: resolved 277, reused 0, downloaded 259, added 259
Progress: resolved 277, reused 0, downloaded 261, added 261
 WARN  Tarball download average speed 5 KiB/s (size 163 KiB) is below 50 KiB/s: https://registry.npmjs.org/@noble/hashes/-/hashes-2.4.0.tgz (GET)
Progress: resolved 277, reused 0, downloaded 262, added 262
 WARN  Tarball download average speed 16 KiB/s (size 18 KiB) is below 50 KiB/s: https://registry.npmjs.org/tapable/-/tapable-2.3.3.tgz (GET)
Progress: resolved 277, reused 0, downloaded 264, added 264
 WARN  Tarball download average speed 17 KiB/s (size 72 KiB) is below 50 KiB/s: https://registry.npmjs.org/d3-geo/-/d3-geo-3.1.0.tgz (GET)
Progress: resolved 277, reused 0, downloaded 266, added 266
Progress: resolved 277, reused 0, downloaded 267, added 266
Progress: resolved 277, reused 0, downloaded 267, added 267
Progress: resolved 277, reused 0, downloaded 268, added 267
Progress: resolved 277, reused 0, downloaded 268, added 268
Progress: resolved 277, reused 0, downloaded 269, added 268
Progress: resolved 277, reused 0, downloaded 269, added 269
Progress: resolved 277, reused 0, downloaded 270, added 270
Progress: resolved 277, reused 0, downloaded 271, added 271
 WARN  Tarball download average speed 30 KiB/s (size 1528 KiB) is below 50 KiB/s: https://registry.npmjs.org/@opentelemetry/semantic-conventions/-/semantic-conventions-1.43.0.tgz (GET)
Progress: resolved 277, reused 0, downloaded 272, added 271
Progress: resolved 277, reused 0, downloaded 272, added 272
 WARN  Tarball download average speed 14 KiB/s (size 308 KiB) is below 50 KiB/s: https://registry.npmjs.org/lodash/-/lodash-4.18.1.tgz (GET)
Progress: resolved 277, reused 0, downloaded 273, added 272
Progress: resolved 277, reused 0, downloaded 273, added 273
Progress: resolved 277, reused 0, downloaded 274, added 273
Progress: resolved 277, reused 0, downloaded 274, added 274
Progress: resolved 277, reused 0, downloaded 275, added 274
Progress: resolved 277, reused 0, downloaded 275, added 275
Progress: resolved 277, reused 0, downloaded 276, added 275
Progress: resolved 277, reused 0, downloaded 276, added 276
Progress: resolved 277, reused 0, downloaded 277, added 276
Progress: resolved 277, reused 0, downloaded 277, added 277, done
.../esbuild@0.25.12/node_modules/esbuild postinstall$ node install.js
.../esbuild@0.28.2/node_modules/esbuild postinstall$ node install.js
.../esbuild@0.25.12/node_modules/esbuild postinstall: Done
.../esbuild@0.28.2/node_modules/esbuild postinstall: Done

dependencies:
+ @prisma/adapter-pg 7.10.0
+ @prisma/client 7.10.0
+ better-auth 1.7.4
+ next 16.3.5
+ pg 8.23.0
+ pino 10.3.1
+ react 19.2.8
+ react-dom 19.2.8
+ zod 4.6.2

devDependencies:
+ @playwright/test 1.63.0
+ @tailwindcss/postcss 4.3.3
+ @types/node 24.13.4
+ @types/pg 8.23.1
+ @types/react 19.3.0
+ @types/react-dom 19.3.0
+ esbuild 0.25.12
+ prisma 7.10.0
+ tailwindcss 4.3.3
+ tsx 4.23.13
+ typescript 5.9.3
+ vitest 3.2.7

. postinstall$ prisma generate
. postinstall: Loaded Prisma config from prisma.config.ts.
. postinstall: prisma:warn Prisma failed to detect the libssl/openssl version to use, and may not work as expected. Defaulting to "openssl-1.1.x".
. postinstall: Please manually install OpenSSL via `apt-get update -y && apt-get install -y openssl` and try installing Prisma again. If you're running Prisma on Docker, add this command to your Dockerfile, or switch to an image that already has OpenSSL installed.
. postinstall: prisma:warn Prisma failed to detect the libssl/openssl version to use, and may not work as expected. Defaulting to "openssl-1.1.x".
. postinstall: Please manually install OpenSSL via `apt-get update -y && apt-get install -y openssl` and try installing Prisma again. If you're running Prisma on Docker, add this command to your Dockerfile, or switch to an image that already has OpenSSL installed.
. postinstall: Prisma schema loaded from prisma/schema.prisma.
. postinstall: ✔ Generated Prisma Client (7.10.0) to ./src/generated/prisma in 432ms
. postinstall: Done
╭ Warning ─────────────────────────────────────────────────────────────────────╮
│                                                                              │
│   Ignored build scripts: @prisma/engines@7.10.0, prisma@7.10.0.              │
│   Run "pnpm approve-builds" to pick which dependencies should be allowed     │
│   to run scripts.                                                            │
│                                                                              │
╰──────────────────────────────────────────────────────────────────────────────╯
Done in 2m 50.1s using pnpm v10.34.5
 ---> Removed intermediate container efed079478d6
 ---> db6e9f6b0a9f
Step 9/27 : FROM node:24.21.0-bookworm-slim AS build
 ---> 2fe369e96955
Step 10/27 : WORKDIR /app
 ---> Using cache
 ---> d18c367ec042
Step 11/27 : RUN corepack enable
 ---> Using cache
 ---> 3bf8d79af3fe
Step 12/27 : COPY --from=deps /app/node_modules ./node_modules
 ---> 1c43083eede7
Step 13/27 : COPY --from=deps /app/src/generated ./src/generated
 ---> 2ab912cc1185
Step 14/27 : COPY . .
 ---> c1fce820e0d9
Step 15/27 : ENV NEXT_TELEMETRY_DISABLED=1
 ---> Running in 9cd5b1047095
 ---> Removed intermediate container 9cd5b1047095
 ---> a691e16c0560
Step 16/27 : ENV DATABASE_URL=postgres://placeholder:placeholder@127.0.0.1:5432/placeholder
 ---> Running in a233d1f8ba72
 ---> Removed intermediate container a233d1f8ba72
 ---> d7a70fd8e18d
Step 17/27 : ENV BETTER_AUTH_SECRET=build-time-placeholder-not-a-secret
 ---> Running in 5ffceede9280
 ---> Removed intermediate container 5ffceede9280
 ---> 30181d6fa8db
Step 18/27 : ENV BETTER_AUTH_URL=http://localhost:3000
 ---> Running in 8083a474e888
 ---> Removed intermediate container 8083a474e888
 ---> 78e23c800afe
Step 19/27 : RUN pnpm build
 ---> Running in 5f1efcb5efb6
[91m! Corepack is about to download https://registry.npmjs.org/pnpm/-/pnpm-10.34.5.tgz
[0m
> ai-ecommerce-assistant@0.1.0 build /app
> next build && pnpm build:worker

▲ Next.js 16.3.5 (Turbopack)
✓ Running next.config.ts took 38ms

  Creating an optimized production build ...
✓ Compiled successfully in 10.1s
  Running TypeScript ...
  Finished TypeScript in 5.5s ...
  Collecting page data using 1 worker ...
  Generating static pages using 1 worker (0/9) ...
  Generating static pages using 1 worker (2/9) 
  Generating static pages using 1 worker (4/9) 
  Generating static pages using 1 worker (6/9) 
✓ Generating static pages using 1 worker (9/9) in 120ms
  Finalizing page optimization ...

Route (app)
┌ ○ /
├ ○ /_not-found
├ ƒ /api/auth/[...all]
├ ƒ /api/health
├ ƒ /api/v1/invitations
├ ƒ /api/v1/invitations/[idOrToken]
├ ƒ /api/v1/invitations/[idOrToken]/accept
├ ƒ /api/v1/me
├ ƒ /api/v1/me/active-organization
├ ƒ /api/v1/members
├ ƒ /api/v1/members/[id]
├ ƒ /api/v1/organization
├ ƒ /invite/[token]
└ ○ /login


○  (Static)   prerendered as static content
ƒ  (Dynamic)  server-rendered on demand


> ai-ecommerce-assistant@0.1.0 build:worker /app
> esbuild src/jobs/worker.ts src/jobs/status.ts --bundle --platform=node --target=node24 --format=cjs --outdir=dist/jobs

[91m
  dist/jobs/worker.js  1.0mb ⚠️
  dist/jobs/status.js  2.6kb

⚡ Done in 93ms
[0m ---> Removed intermediate container 5f1efcb5efb6
 ---> fbe49ab8a44e
Step 20/27 : FROM node:24.21.0-bookworm-slim AS runner
 ---> 2fe369e96955
Step 21/27 : WORKDIR /app
 ---> Using cache
 ---> d18c367ec042
Step 22/27 : RUN corepack enable
 ---> Using cache
 ---> 3bf8d79af3fe
Step 23/27 : ENV NODE_ENV=production
 ---> Running in 395fc269cc90
 ---> Removed intermediate container 395fc269cc90
 ---> e97ec81ce1c7
Step 24/27 : ENV NEXT_TELEMETRY_DISABLED=1
 ---> Running in 04162739e3c9
 ---> Removed intermediate container 04162739e3c9
 ---> fb1e73e6ce77
Step 25/27 : COPY --from=build /app ./
 ---> a64c75c5e3ce
Step 26/27 : EXPOSE 3000
 ---> Running in 04e54dd483b2
 ---> Removed intermediate container 04e54dd483b2
 ---> b6b33ceac894
Step 27/27 : CMD ["node", "node_modules/next/dist/bin/next", "start"]
 ---> Running in f02804b4e832
 ---> Removed intermediate container f02804b4e832
 ---> 4993d70ad916
Successfully built 4993d70ad916
Successfully tagged aiea-r5-review:32fb0d3
