  % Total    % Received % Xferd  Average Speed   Time    Time     Time  Current
                                 Dload  Upload   Total   Spent    Left  Speed

  0     0    0     0    0     0      0      0 --:--:-- --:--:-- --:--:--     0
  0     0    0     0    0     0      0      0 --:--:-- --:--:-- --:--:--     0
  0 26.1M    0  255k    0     0   247k      0  0:01:48  0:00:01  0:01:47  247k
  4 26.1M    4 1311k    0     0   643k      0  0:00:41  0:00:02  0:00:39  643k
  8 26.1M    8 2340k    0     0   768k      0  0:00:34  0:00:03  0:00:31  768k
 12 26.1M   12 3450k    0     0   846k      0  0:00:31  0:00:04  0:00:27  846k
 14 26.1M   14 3818k    0     0   758k      0  0:00:35  0:00:05  0:00:30  791k
 15 26.1M   15 4240k    0     0   690k      0  0:00:38  0:00:06  0:00:32  779k
 17 26.1M   17 4608k    0     0   650k      0  0:00:41  0:00:07  0:00:34  652k
 18 26.1M   18 5024k    0     0   625k      0  0:00:42  0:00:08  0:00:34  538k
 20 26.1M   20 5424k    0     0   593k      0  0:00:45  0:00:09  0:00:36  389k
 21 26.1M   21 5776k    0     0   572k      0  0:00:46  0:00:10  0:00:36  387k
 23 26.1M   23 6192k    0     0   561k      0  0:00:47  0:00:11  0:00:36  398k
 24 26.1M   24 6594k    0     0   542k      0  0:00:49  0:00:12  0:00:37  391k
 26 26.1M   26 6962k    0     0   531k      0  0:00:50  0:00:13  0:00:37  382k
 27 26.1M   27 7330k    0     0   521k      0  0:00:51  0:00:14  0:00:37  388k
 29 26.1M   29 7762k    0     0   511k      0  0:00:52  0:00:15  0:00:37  389k
 30 26.1M   30 8130k    0     0   504k      0  0:00:53  0:00:16  0:00:37  381k
 31 26.1M   31 8498k    0     0   498k      0  0:00:53  0:00:17  0:00:36  389k
 33 26.1M   33 8946k    0     0   491k      0  0:00:54  0:00:18  0:00:36  390k
 34 26.1M   34 9298k    0     0   486k      0  0:00:54  0:00:19  0:00:35  388k
 36 26.1M   36 9682k    0     0   482k      0  0:00:55  0:00:20  0:00:35  394k
 37 26.1M   37  9.9M    0     0   479k      0  0:00:55  0:00:21  0:00:34  398k
 39 26.1M   39 10.2M    0     0   473k      0  0:00:56  0:00:22  0:00:34  390k
 40 26.1M   40 10.5M    0     0   470k      0  0:00:56  0:00:23  0:00:33  390k
 41 26.1M   41 10.8M    0     0   464k      0  0:00:57  0:00:24  0:00:33  377k
 43 26.1M   43 11.2M    0     0   459k      0  0:00:58  0:00:25  0:00:33  368k
 44 26.1M   44 11.6M    0     0   457k      0  0:00:58  0:00:26  0:00:32  364k
 46 26.1M   46 12.0M    0     0   455k      0  0:00:58  0:00:27  0:00:31  374k
 47 26.1M   47 12.4M    0     0   452k      0  0:00:59  0:00:28  0:00:31  371k
 49 26.1M   49 12.8M    0     0   450k      0  0:00:59  0:00:29  0:00:30  386k
 50 26.1M   50 13.1M    0     0   448k      0  0:00:59  0:00:30  0:00:29  394k
 52 26.1M   52 13.6M    0     0   447k      0  0:00:59  0:00:31  0:00:28  393k
 53 26.1M   53 13.9M    0     0   445k      0  0:01:00  0:00:32  0:00:28  392k
 54 26.1M   54 14.3M    0     0   443k      0  0:01:00  0:00:33  0:00:27  390k
 56 26.1M   56 14.7M    0     0   442k      0  0:01:00  0:00:34  0:00:26  392k
 57 26.1M   57 15.1M    0     0   440k      0  0:01:00  0:00:35  0:00:25  391k
 58 26.1M   58 15.3M    0     0   436k      0  0:01:01  0:00:36  0:00:25  368k
 60 26.1M   60 15.8M    0     0   435k      0  0:01:01  0:00:37  0:00:24  371k
 61 26.1M   61 16.1M    0     0   434k      0  0:01:01  0:00:38  0:00:23  373k
 63 26.1M   63 16.5M    0     0   433k      0  0:01:01  0:00:39  0:00:22  371k
 64 26.1M   64 16.9M    0     0   432k      0  0:01:01  0:00:40  0:00:21  373k
 66 26.1M   66 17.3M    0     0   431k      0  0:01:02  0:00:41  0:00:21  393k
 67 26.1M   67 17.6M    0     0   430k      0  0:01:02  0:00:42  0:00:20  390k
 69 26.1M   69 18.0M    0     0   430k      0  0:01:02  0:00:43  0:00:19  400k
 70 26.1M   70 18.4M    0     0   428k      0  0:01:02  0:00:44  0:00:18  390k
 72 26.1M   72 18.8M    0     0   427k      0  0:01:02  0:00:45  0:00:17  388k
 73 26.1M   73 19.2M    0     0   427k      0  0:01:02  0:00:46  0:00:16  396k
 75 26.1M   75 19.6M    0     0   425k      0  0:01:02  0:00:47  0:00:15  388k
 76 26.1M   76 19.9M    0     0   425k      0  0:01:02  0:00:48  0:00:14  380k
 77 26.1M   77 20.3M    0     0   424k      0  0:01:02  0:00:49  0:00:13  391k
 79 26.1M   79 20.7M    0     0   423k      0  0:01:03  0:00:50  0:00:13  385k
 80 26.1M   80 21.0M    0     0   420k      0  0:01:03  0:00:51  0:00:12  360k
 82 26.1M   82 21.4M    0     0   421k      0  0:01:03  0:00:52  0:00:11  376k
 83 26.1M   83 21.7M    0     0   419k      0  0:01:03  0:00:53  0:00:10  366k
 84 26.1M   84 22.1M    0     0   419k      0  0:01:03  0:00:54  0:00:09  368k
 86 26.1M   86 22.5M    0     0   418k      0  0:01:03  0:00:55  0:00:08  371k
 87 26.1M   87 22.8M    0     0   418k      0  0:01:03  0:00:56  0:00:07  389k
 89 26.1M   89 23.3M    0     0   417k      0  0:01:04  0:00:57  0:00:07  379k
 90 26.1M   90 23.6M    0     0   416k      0  0:01:04  0:00:58  0:00:06  388k
 92 26.1M   92 24.0M    0     0   416k      0  0:01:04  0:00:59  0:00:05  383k
 93 26.1M   93 24.4M    0     0   415k      0  0:01:04  0:01:00  0:00:04  384k
 94 26.1M   94 24.7M    0     0   415k      0  0:01:04  0:01:01  0:00:03  387k
 96 26.1M   96 25.1M    0     0   414k      0  0:01:04  0:01:02  0:00:02  384k
 97 26.1M   97 25.5M    0     0   414k      0  0:01:04  0:01:03  0:00:01  384k
 99 26.1M   99 25.9M    0     0   413k      0  0:01:04  0:01:04 --:--:--  385k
100 26.1M  100 26.1M    0     0   414k      0  0:01:04  0:01:04 --:--:--  400k
