
> ai-ecommerce-assistant@0.1.0 test:integration /private/tmp/gate02-review3-20260925-8_hqanp6/ai-ecommerce-assistant
> env -u HTTP_PROXY -u HTTPS_PROXY -u ALL_PROXY -u http_proxy -u https_proxy -u all_proxy PRISMA_HIDE_UPDATE_MESSAGE=1 vitest run tests/integration --maxWorkers=1 --minWorkers=1


[1m[46m RUN [49m[22m [36mv3.2.7 [39m[90m/private/tmp/gate02-review3-20260925-8_hqanp6/ai-ecommerce-assistant[39m

(node:20926) DeprecationWarning: Calling client.query() when the client is already executing a query is deprecated and will be removed in pg@9.0. Use async/await or an external async flow control mechanism instead.
(Use `node --trace-deprecation ...` to show where the warning was created)
[90mstderr[2m | tests/integration/imports.test.ts[2m > [22m[2mGATE_02 REVIEW 2 回归｜H05/H06/H07/H08/M04[2m > [22m[2mG2-R2-H07：存档写入失败 → 上传不无保护成功（503），无任务残留
[22m[39m[internal] request_id=c231b955-86d3-4517-920c-153f38d51652 
Invalid `ctx.db.httpIdempotency.findUnique()` invocation in
/private/tmp/gate02-review3-20260925-8_hqanp6/ai-ecommerce-assistant/src/services/imports.ts:264:44

  261 }
  262 
  263 async function readHttpArchive(ctx: ImportsContext, input: UploadInput, requestKey: string): Promise<HttpArchive | null> {
→ 264   const row = await ctx.db.httpIdempotency.findUnique(
The column `http_idempotency.request_hash` does not exist in the current database.

 [32m✓[39m tests/integration/imports.test.ts [2m([22m[2m27 tests[22m[2m)[22m[33m 11512[2mms[22m[39m
   [33m[2m✓[22m[39m TASK-007｜限制与拒绝[2m > [22m超过 10 万逻辑行即停止解析（422 TOO_MANY_ROWS） [33m 518[2mms[22m[39m
   [33m[2m✓[22m[39m TASK-007｜限制与拒绝[2m > [22mG2-H06：quoted 换行按单条逻辑记录计数（50,001 条不误拒） [33m 311[2mms[22m[39m
   [33m[2m✓[22m[39m TASK-007｜限制与拒绝[2m > [22m超过 20MB 真实分块流在接收链路立即中止（422 FILE_TOO_LARGE，不等 multipart 结束） [33m 7979[2mms[22m[39m
   [33m[2m✓[22m[39m GATE_02 REVIEW 2 回归｜H05/H06/H07/H08/M04[2m > [22mG2-R2-H06：空行前缀+100001 条数据仍拒绝（422 TOO_MANY_ROWS），计数不因空行停摆 [33m 358[2mms[22m[39m
 [32m✓[39m tests/integration/stores.test.ts [2m([22m[2m14 tests[22m[2m)[22m[33m 1064[2mms[22m[39m
[90mstderr[2m | tests/integration/gate01.auth.test.ts[2m > [22m[2mGate-01 REVIEW_5｜TASK-003（H12 邀请时效 / M03 限流故障信封）[2m > [22m[2mM03：限流数据库故障 → 预览/接受返回 503 JSON 信封（含 request_id），不再 500 非 JSON
[22m[39m[internal] request_id=4195c25b-7118-4b23-bc0b-be9859d55018 
Invalid `prisma.$queryRaw()` invocation:


Raw query failed. Code: `23514`. Message: `new row for relation "auth_rate_limit" violates check constraint "ck_m03_block_invite"`

[90mstderr[2m | tests/integration/gate01.auth.test.ts[2m > [22m[2mGate-01 REVIEW_5｜TASK-003（H12 邀请时效 / M03 限流故障信封）[2m > [22m[2mM03：限流数据库故障 → 预览/接受返回 503 JSON 信封（含 request_id），不再 500 非 JSON
[22m[39m[internal] request_id=ed728812-5f88-44fe-8cf7-1df2b1337371 
Invalid `prisma.$queryRaw()` invocation:


Raw query failed. Code: `23514`. Message: `new row for relation "auth_rate_limit" violates check constraint "ck_m03_block_invite"`

 [32m✓[39m tests/integration/gate01.auth.test.ts [2m([22m[2m17 tests[22m[2m)[22m[33m 2897[2mms[22m[39m
Loaded Prisma config from prisma.config.ts.

 [32m✓[39m tests/integration/gate01.db.test.ts [2m([22m[2m13 tests[22m[2m)[22m[33m 2928[2mms[22m[39m
   [33m[2m✓[22m[39m Gate-01 H08｜AuditLog 店铺同域强制（数据库级）[2m > [22mH08 REVIEW_4：并发交错方向 A——父行改归属未提交时插入旧组织审计引用，后者必须失败 [33m 345[2mms[22m[39m
   [33m[2m✓[22m[39m Gate-01 H08｜AuditLog 店铺同域强制（数据库级）[2m > [22mH08 REVIEW_4：并发交错方向 B——审计引用未提交时改父行归属，后者必须失败且引用方正常提交 [33m 335[2mms[22m[39m
   [33m[2m✓[22m[39m Gate-01 正式复核 H08/H09/M04 增补[2m > [22mH08：升级守卫——存量跨域引用使 v2 迁移失败（拒绝静默通过） [33m 538[2mms[22m[39m
   [33m[2m✓[22m[39m Gate-01 REVIEW_5｜TASK-002（H12 连接边界 / M06 upTo / M07 Schema 同步护栏）[2m > [22mM06：applyMigrationsUpTo 首次执行到目标、重复不越界、不存在目标明确失败 [33m 346[2mms[22m[39m
   [33m[2m✓[22m[39m Gate-01 REVIEW_5｜TASK-002（H12 连接边界 / M06 upTo / M07 Schema 同步护栏）[2m > [22mM07：官方 migrate diff 不再净删除审计同域复合外键（重建必须同引用且配平） [33m 893[2mms[22m[39m
[90mstderr[2m | tests/integration/gate01.access.test.ts[2m > [22m[2mGate-01 H07｜成员/组织管理与审计原子[2m > [22m[2m成员 PATCH：审计故障 → 角色与版本零提交
[22m[39m[internal] request_id=a361ef34-8783-4a4e-919b-c252e80016bf 
Invalid `db.auditLog.create()` invocation in
/private/tmp/gate02-review3-20260925-8_hqanp6/ai-ecommerce-assistant/src/services/audit.ts:21:21

  18 }
  19 
  20 export async function writeAudit(db: Prisma.TransactionClient, entry: AuditEntry): Promise<void> {
→ 21   await db.auditLog.create(
Database error. Code: `23514`. Message: `new row for relation "audit_log" violates check constraint "ck_inject_member_audit"`

[90mstderr[2m | tests/integration/gate01.access.test.ts[2m > [22m[2mGate-01 H07｜成员/组织管理与审计原子[2m > [22m[2m组织 PATCH：审计故障 → 名称与版本零提交
[22m[39m[internal] request_id=b921ca81-e8be-4dc0-ab1a-22091879ef97 
Invalid `db.auditLog.create()` invocation in
/private/tmp/gate02-review3-20260925-8_hqanp6/ai-ecommerce-assistant/src/services/audit.ts:21:21

  18 }
  19 
  20 export async function writeAudit(db: Prisma.TransactionClient, entry: AuditEntry): Promise<void> {
→ 21   await db.auditLog.create(
Database error. Code: `23514`. Message: `new row for relation "audit_log" violates check constraint "ck_inject_org_audit"`

 [32m✓[39m tests/integration/gate01.access.test.ts [2m([22m[2m7 tests[22m[2m)[22m[33m 1430[2mms[22m[39m
 [32m✓[39m tests/integration/auth.test.ts [2m([22m[2m8 tests[22m[2m)[22m[33m 1449[2mms[22m[39m
 [32m✓[39m tests/integration/permissions.test.ts [2m([22m[2m7 tests[22m[2m)[22m[33m 1366[2mms[22m[39m
 [32m✓[39m tests/integration/database.test.ts [2m([22m[2m9 tests[22m[2m)[22m[33m 534[2mms[22m[39m
 [32m✓[39m tests/integration/db.test.ts [2m([22m[2m4 tests[22m[2m)[22m[32m 8[2mms[22m[39m

[2m Test Files [22m [1m[32m9 passed[39m[22m[90m (9)[39m
[2m      Tests [22m [1m[32m106 passed[39m[22m[90m (106)[39m
[2m   Start at [22m 18:21:32
[2m   Duration [22m 24.77s[2m (transform 413ms, setup 525ms, collect 845ms, tests 23.19s, environment 0ms, prepare 48ms)[22m

