2026-09-25 18:20:23.196 CST [20611] LOG:  starting PostgreSQL 17.11 (Homebrew) on aarch64-apple-darwin25.6.0, compiled by Apple clang version 21.0.0 (clang-2100.1.1.101), 64-bit
2026-09-25 18:20:23.197 CST [20611] LOG:  listening on IPv4 address "127.0.0.1", port 64485
2026-09-25 18:20:23.198 CST [20611] LOG:  listening on Unix socket "/private/tmp/gate02-review3-20260925-8_hqanp6/.s.PGSQL.64485"
2026-09-25 18:20:23.201 CST [20614] LOG:  database system was shut down at 2026-09-25 18:20:23 CST
2026-09-25 18:20:23.204 CST [20611] LOG:  database system is ready to accept connections
2026-09-25 18:21:34.255 CST [20935] ERROR:  duplicate key value violates unique constraint "import_task_active_content_key"
2026-09-25 18:21:34.255 CST [20935] DETAIL:  Key (org_id, store_id, data_source_id, source_kind, file_sha256)=(9728474c-ee65-44ac-a23d-e54b4c820ce8, 8560b944-a1e2-4ced-b67b-66205dcf1026, 465c96b6-fd0e-47f9-84f3-56463d494004, products, 9482c7771fa4012b5b081a2b9853a3a64052861744dcd0f268a7f2c8766b8799) already exists.
2026-09-25 18:21:34.255 CST [20935] STATEMENT:  INSERT INTO "public"."import_task" ("id","org_id","store_id","data_source_id","source_kind","status","original_filename","raw_object_key","file_sha256","mapping","coverage_declaration","upload_request_key","idempotency_key","preview_version","base_dataset_version","row_count","valid_count","error_count","insert_count","update_count","unchanged_count","outbox_status","created_by","created_at","updated_at","row_version") VALUES ($1,$2,$3,$4,CAST($5::text AS "public"."ImportSourceKind"),CAST($6::text AS "public"."ImportStatus"),$7,$8,$9,$10,$11,$12,$13,$14,$15,$16,$17,$18,$19,$20,$21,CAST($22::text AS "public"."OutboxStatus"),$23,$24,$25,$26) RETURNING "public"."import_task"."id", "public"."import_task"."org_id", "public"."import_task"."store_id", "public"."import_task"."data_source_id", "public"."import_task"."source_kind"::text, "public"."import_task"."status"::text, "public"."import_task"."original_filename", "public"."import_task"."raw_object_key", "public"."import_task"."file_sha256", "public"."import_task"."mapping", "public"."import_task"."coverage_declaration", "public"."import_task"."upload_request_key", "public"."import_task"."idempotency_key", "public"."import_task"."preview_version", "public"."import_task"."base_dataset_version", "public"."import_task"."committed_dataset_version", "public"."import_task"."committed_ruleset_version", "public"."import_task"."committed_evaluation_at", "public"."import_task"."row_count", "public"."import_task"."valid_count", "public"."import_task"."error_count", "public"."import_task"."insert_count", "public"."import_task"."update_count", "public"."import_task"."unchanged_count", "public"."import_task"."staging_object_key", "public"."import_task"."error_object_key", "public"."import_task"."outbox_status"::text, "public"."import_task"."created_by", "public"."import_task"."confirmed_at", "public"."import_task"."committed_at", "public"."import_task"."error_code", "public"."import_task"."created_at", "public"."import_task"."updated_at", "public"."import_task"."row_version"
2026-09-25 18:21:34.256 CST [20934] ERROR:  duplicate key value violates unique constraint "import_task_active_content_key"
2026-09-25 18:21:34.256 CST [20934] DETAIL:  Key (org_id, store_id, data_source_id, source_kind, file_sha256)=(9728474c-ee65-44ac-a23d-e54b4c820ce8, 8560b944-a1e2-4ced-b67b-66205dcf1026, 465c96b6-fd0e-47f9-84f3-56463d494004, products, 9482c7771fa4012b5b081a2b9853a3a64052861744dcd0f268a7f2c8766b8799) already exists.
2026-09-25 18:21:34.256 CST [20934] STATEMENT:  INSERT INTO "public"."import_task" ("id","org_id","store_id","data_source_id","source_kind","status","original_filename","raw_object_key","file_sha256","mapping","coverage_declaration","upload_request_key","idempotency_key","preview_version","base_dataset_version","row_count","valid_count","error_count","insert_count","update_count","unchanged_count","outbox_status","created_by","created_at","updated_at","row_version") VALUES ($1,$2,$3,$4,CAST($5::text AS "public"."ImportSourceKind"),CAST($6::text AS "public"."ImportStatus"),$7,$8,$9,$10,$11,$12,$13,$14,$15,$16,$17,$18,$19,$20,$21,CAST($22::text AS "public"."OutboxStatus"),$23,$24,$25,$26) RETURNING "public"."import_task"."id", "public"."import_task"."org_id", "public"."import_task"."store_id", "public"."import_task"."data_source_id", "public"."import_task"."source_kind"::text, "public"."import_task"."status"::text, "public"."import_task"."original_filename", "public"."import_task"."raw_object_key", "public"."import_task"."file_sha256", "public"."import_task"."mapping", "public"."import_task"."coverage_declaration", "public"."import_task"."upload_request_key", "public"."import_task"."idempotency_key", "public"."import_task"."preview_version", "public"."import_task"."base_dataset_version", "public"."import_task"."committed_dataset_version", "public"."import_task"."committed_ruleset_version", "public"."import_task"."committed_evaluation_at", "public"."import_task"."row_count", "public"."import_task"."valid_count", "public"."import_task"."error_count", "public"."import_task"."insert_count", "public"."import_task"."update_count", "public"."import_task"."unchanged_count", "public"."import_task"."staging_object_key", "public"."import_task"."error_object_key", "public"."import_task"."outbox_status"::text, "public"."import_task"."created_by", "public"."import_task"."confirmed_at", "public"."import_task"."committed_at", "public"."import_task"."error_code", "public"."import_task"."created_at", "public"."import_task"."updated_at", "public"."import_task"."row_version"
2026-09-25 18:21:34.277 CST [20930] ERROR:  duplicate key value violates unique constraint "import_task_active_content_key"
2026-09-25 18:21:34.277 CST [20930] DETAIL:  Key (org_id, store_id, data_source_id, source_kind, file_sha256)=(9728474c-ee65-44ac-a23d-e54b4c820ce8, 8560b944-a1e2-4ced-b67b-66205dcf1026, 465c96b6-fd0e-47f9-84f3-56463d494004, products, 9482c7771fa4012b5b081a2b9853a3a64052861744dcd0f268a7f2c8766b8799) already exists.
2026-09-25 18:21:34.277 CST [20930] STATEMENT:  INSERT INTO "public"."import_task" ("id","org_id","store_id","data_source_id","source_kind","status","original_filename","raw_object_key","file_sha256","mapping","coverage_declaration","upload_request_key","idempotency_key","preview_version","base_dataset_version","row_count","valid_count","error_count","insert_count","update_count","unchanged_count","outbox_status","created_by","created_at","updated_at","row_version") VALUES ($1,$2,$3,$4,CAST($5::text AS "public"."ImportSourceKind"),CAST($6::text AS "public"."ImportStatus"),$7,$8,$9,$10,$11,$12,$13,$14,$15,$16,$17,$18,$19,$20,$21,CAST($22::text AS "public"."OutboxStatus"),$23,$24,$25,$26) RETURNING "public"."import_task"."id", "public"."import_task"."org_id", "public"."import_task"."store_id", "public"."import_task"."data_source_id", "public"."import_task"."source_kind"::text, "public"."import_task"."status"::text, "public"."import_task"."original_filename", "public"."import_task"."raw_object_key", "public"."import_task"."file_sha256", "public"."import_task"."mapping", "public"."import_task"."coverage_declaration", "public"."import_task"."upload_request_key", "public"."import_task"."idempotency_key", "public"."import_task"."preview_version", "public"."import_task"."base_dataset_version", "public"."import_task"."committed_dataset_version", "public"."import_task"."committed_ruleset_version", "public"."import_task"."committed_evaluation_at", "public"."import_task"."row_count", "public"."import_task"."valid_count", "public"."import_task"."error_count", "public"."import_task"."insert_count", "public"."import_task"."update_count", "public"."import_task"."unchanged_count", "public"."import_task"."staging_object_key", "public"."import_task"."error_object_key", "public"."import_task"."outbox_status"::text, "public"."import_task"."created_by", "public"."import_task"."confirmed_at", "public"."import_task"."committed_at", "public"."import_task"."error_code", "public"."import_task"."created_at", "public"."import_task"."updated_at", "public"."import_task"."row_version"
2026-09-25 18:21:44.300 CST [20934] ERROR:  duplicate key value violates unique constraint "http_idempotency_org_id_user_id_endpoint_request_key_key"
2026-09-25 18:21:44.300 CST [20934] DETAIL:  Key (org_id, user_id, endpoint, request_key)=(9728474c-ee65-44ac-a23d-e54b4c820ce8, abb753d1-80ba-4850-956f-f756cddc6985, /api/v1/imports, 401eba2a4808bc0334f1cdb916994768c4f2eec9e88967a7) already exists.
2026-09-25 18:21:44.300 CST [20934] STATEMENT:  INSERT INTO "public"."http_idempotency" ("id","org_id","user_id","endpoint","request_key","request_hash","response_status","response_body","created_at") VALUES ($1,$2,$3,$4,$5,$6,$7,$8,$9) RETURNING "public"."http_idempotency"."id", "public"."http_idempotency"."org_id", "public"."http_idempotency"."user_id", "public"."http_idempotency"."endpoint", "public"."http_idempotency"."request_key", "public"."http_idempotency"."request_hash", "public"."http_idempotency"."response_status", "public"."http_idempotency"."response_body", "public"."http_idempotency"."created_at"
2026-09-25 18:21:44.311 CST [20934] ERROR:  column http_idempotency.request_hash does not exist at character 202
2026-09-25 18:21:44.311 CST [20934] STATEMENT:  SELECT "public"."http_idempotency"."id", "public"."http_idempotency"."org_id", "public"."http_idempotency"."user_id", "public"."http_idempotency"."endpoint", "public"."http_idempotency"."request_key", "public"."http_idempotency"."request_hash", "public"."http_idempotency"."response_status", "public"."http_idempotency"."response_body", "public"."http_idempotency"."created_at" FROM "public"."http_idempotency" WHERE (("public"."http_idempotency"."org_id" = $1 AND "public"."http_idempotency"."user_id" = $2 AND "public"."http_idempotency"."endpoint" = $3 AND "public"."http_idempotency"."request_key" = $4) AND 1=1) LIMIT $5 OFFSET $6
2026-09-25 18:21:44.342 CST [20932] FATAL:  terminating connection due to administrator command
2026-09-25 18:21:44.342 CST [20933] FATAL:  terminating connection due to administrator command
2026-09-25 18:21:44.344 CST [20612] LOG:  checkpoint starting: immediate force wait
2026-09-25 18:21:44.432 CST [20612] LOG:  checkpoint complete: wrote 1134 buffers (6.9%); 0 WAL file(s) added, 0 removed, 1 recycled; write=0.039 s, sync=0.034 s, total=0.088 s; sync files=1003, longest=0.001 s, average=0.001 s; distance=15615 kB, estimate=15615 kB; lsn=0/245A6A8, redo lsn=0/245A650
2026-09-25 18:21:44.496 CST [20940] FATAL:  database "aiea_t_0b9bd7d5" does not exist
2026-09-25 18:21:44.496 CST [20940] DETAIL:  It seems to have just been dropped or renamed.
2026-09-25 18:21:44.496 CST [20939] FATAL:  database "aiea_t_0b9bd7d5" does not exist
2026-09-25 18:21:44.496 CST [20939] DETAIL:  It seems to have just been dropped or renamed.
2026-09-25 18:21:45.383 CST [20943] ERROR:  duplicate key value violates unique constraint "store_org_id_name_key"
2026-09-25 18:21:45.383 CST [20943] DETAIL:  Key (org_id, name)=(7691ef06-0776-4fab-b92f-db86ee2917b4, 旗舰店) already exists.
2026-09-25 18:21:45.383 CST [20943] STATEMENT:  INSERT INTO "public"."store" ("id","org_id","name","external_store_id","status","demo_mode","platform","currency","timezone","dataset_version","ruleset_version","snapshot_status","settings","created_at","updated_at","row_version") VALUES ($1,$2,$3,$4,CAST($5::text AS "public"."StoreStatus"),$6,$7,$8,$9,$10,$11,CAST($12::text AS "public"."SnapshotStatus"),$13,$14,$15,$16) RETURNING "public"."store"."id", "public"."store"."org_id", "public"."store"."name", "public"."store"."external_store_id", "public"."store"."status"::text, "public"."store"."demo_mode", "public"."store"."platform", "public"."store"."currency", "public"."store"."timezone", "public"."store"."dataset_version", "public"."store"."input_evaluation_at", "public"."store"."last_evaluation_date", "public"."store"."current_snapshot_version", "public"."store"."ruleset_version", "public"."store"."current_snapshot_ruleset_version", "public"."store"."current_snapshot_evaluation_at", "public"."store"."previous_snapshot_version", "public"."store"."previous_snapshot_ruleset_version", "public"."store"."previous_snapshot_evaluation_at", "public"."store"."snapshot_status"::text, "public"."store"."settings", "public"."store"."created_at", "public"."store"."updated_at", "public"."store"."row_version"
2026-09-25 18:21:45.390 CST [20943] ERROR:  duplicate key value violates unique constraint "store_org_id_external_store_id_key"
2026-09-25 18:21:45.390 CST [20943] DETAIL:  Key (org_id, external_store_id)=(7691ef06-0776-4fab-b92f-db86ee2917b4, ext-main) already exists.
2026-09-25 18:21:45.390 CST [20943] STATEMENT:  INSERT INTO "public"."store" ("id","org_id","name","external_store_id","status","demo_mode","platform","currency","timezone","dataset_version","ruleset_version","snapshot_status","settings","created_at","updated_at","row_version") VALUES ($1,$2,$3,$4,CAST($5::text AS "public"."StoreStatus"),$6,$7,$8,$9,$10,$11,CAST($12::text AS "public"."SnapshotStatus"),$13,$14,$15,$16) RETURNING "public"."store"."id", "public"."store"."org_id", "public"."store"."name", "public"."store"."external_store_id", "public"."store"."status"::text, "public"."store"."demo_mode", "public"."store"."platform", "public"."store"."currency", "public"."store"."timezone", "public"."store"."dataset_version", "public"."store"."input_evaluation_at", "public"."store"."last_evaluation_date", "public"."store"."current_snapshot_version", "public"."store"."ruleset_version", "public"."store"."current_snapshot_ruleset_version", "public"."store"."current_snapshot_evaluation_at", "public"."store"."previous_snapshot_version", "public"."store"."previous_snapshot_ruleset_version", "public"."store"."previous_snapshot_evaluation_at", "public"."store"."snapshot_status"::text, "public"."store"."settings", "public"."store"."created_at", "public"."store"."updated_at", "public"."store"."row_version"
2026-09-25 18:21:45.545 CST [20944] ERROR:  duplicate key value violates unique constraint "store_org_id_name_key"
2026-09-25 18:21:45.545 CST [20944] DETAIL:  Key (org_id, name)=(7691ef06-0776-4fab-b92f-db86ee2917b4, 旗舰店) already exists.
2026-09-25 18:21:45.545 CST [20944] STATEMENT:  UPDATE "public"."store" SET "name" = $1, "status" = CAST($2::text AS "public"."StoreStatus"), "currency" = $3, "timezone" = $4, "settings" = $5, "row_version" = ("public"."store"."row_version" + $6), "updated_at" = $7 WHERE ("public"."store"."org_id" = $8 AND "public"."store"."id" = $9 AND "public"."store"."row_version" = $10)
2026-09-25 18:21:45.554 CST [20943] ERROR:  duplicate key value violates unique constraint "store_org_id_name_key"
2026-09-25 18:21:45.554 CST [20943] DETAIL:  Key (org_id, name)=(7691ef06-0776-4fab-b92f-db86ee2917b4, 并发同名店) already exists.
2026-09-25 18:21:45.554 CST [20943] STATEMENT:  INSERT INTO "public"."store" ("id","org_id","name","external_store_id","status","demo_mode","platform","currency","timezone","dataset_version","ruleset_version","snapshot_status","settings","created_at","updated_at","row_version") VALUES ($1,$2,$3,$4,CAST($5::text AS "public"."StoreStatus"),$6,$7,$8,$9,$10,$11,CAST($12::text AS "public"."SnapshotStatus"),$13,$14,$15,$16) RETURNING "public"."store"."id", "public"."store"."org_id", "public"."store"."name", "public"."store"."external_store_id", "public"."store"."status"::text, "public"."store"."demo_mode", "public"."store"."platform", "public"."store"."currency", "public"."store"."timezone", "public"."store"."dataset_version", "public"."store"."input_evaluation_at", "public"."store"."last_evaluation_date", "public"."store"."current_snapshot_version", "public"."store"."ruleset_version", "public"."store"."current_snapshot_ruleset_version", "public"."store"."current_snapshot_evaluation_at", "public"."store"."previous_snapshot_version", "public"."store"."previous_snapshot_ruleset_version", "public"."store"."previous_snapshot_evaluation_at", "public"."store"."snapshot_status"::text, "public"."store"."settings", "public"."store"."created_at", "public"."store"."updated_at", "public"."store"."row_version"
2026-09-25 18:21:45.557 CST [20945] ERROR:  duplicate key value violates unique constraint "store_org_id_name_key"
2026-09-25 18:21:45.557 CST [20945] DETAIL:  Key (org_id, name)=(7691ef06-0776-4fab-b92f-db86ee2917b4, 并发同名店) already exists.
2026-09-25 18:21:45.557 CST [20945] STATEMENT:  INSERT INTO "public"."store" ("id","org_id","name","external_store_id","status","demo_mode","platform","currency","timezone","dataset_version","ruleset_version","snapshot_status","settings","created_at","updated_at","row_version") VALUES ($1,$2,$3,$4,CAST($5::text AS "public"."StoreStatus"),$6,$7,$8,$9,$10,$11,CAST($12::text AS "public"."SnapshotStatus"),$13,$14,$15,$16) RETURNING "public"."store"."id", "public"."store"."org_id", "public"."store"."name", "public"."store"."external_store_id", "public"."store"."status"::text, "public"."store"."demo_mode", "public"."store"."platform", "public"."store"."currency", "public"."store"."timezone", "public"."store"."dataset_version", "public"."store"."input_evaluation_at", "public"."store"."last_evaluation_date", "public"."store"."current_snapshot_version", "public"."store"."ruleset_version", "public"."store"."current_snapshot_ruleset_version", "public"."store"."current_snapshot_evaluation_at", "public"."store"."previous_snapshot_version", "public"."store"."previous_snapshot_ruleset_version", "public"."store"."previous_snapshot_evaluation_at", "public"."store"."snapshot_status"::text, "public"."store"."settings", "public"."store"."created_at", "public"."store"."updated_at", "public"."store"."row_version"
2026-09-25 18:21:45.646 CST [20612] LOG:  checkpoint starting: immediate force wait
2026-09-25 18:21:45.647 CST [20612] LOG:  checkpoint complete: wrote 4 buffers (0.0%); 0 WAL file(s) added, 0 removed, 0 recycled; write=0.001 s, sync=0.001 s, total=0.002 s; sync files=4, longest=0.001 s, average=0.001 s; distance=7708 kB, estimate=14824 kB; lsn=0/2BE17F0, redo lsn=0/2BE1798
2026-09-25 18:21:47.285 CST [20949] ERROR:  new row for relation "audit_log" violates check constraint "ck_inject_audit_fail"
2026-09-25 18:21:47.285 CST [20949] DETAIL:  Failing row contains (6e755c69-0830-41ef-a197-6abd6205601c, 180dec28-5e84-417c-bfb3-e29a93065c9a, null, 0cda8a66-2461-49b2-9872-29ed8594d2f3, user, invite_create, invitation, c53a654d-4d67-4e0c-b874-690903c924a1, null, {"role": "operator", "email": "a*****************@example.com", ..., 65b3a8d0-c422-4186-8a4d-5f10db5c99a2, 2026-09-25 10:21:47.285+00, 2026-09-25 10:21:47.285+00, 1).
2026-09-25 18:21:47.285 CST [20949] STATEMENT:  INSERT INTO "public"."audit_log" ("id","org_id","store_id","actor_user_id","actor_type","action","entity_type","entity_id","after_summary","request_id","created_at","updated_at","row_version") VALUES ($1,$2,$3,$4,CAST($5::text AS "public"."ActorType"),$6,$7,$8,$9,$10,$11,$12,$13) RETURNING "public"."audit_log"."id", "public"."audit_log"."org_id", "public"."audit_log"."store_id", "public"."audit_log"."actor_user_id", "public"."audit_log"."actor_type"::text, "public"."audit_log"."action", "public"."audit_log"."entity_type", "public"."audit_log"."entity_id", "public"."audit_log"."before_summary", "public"."audit_log"."after_summary", "public"."audit_log"."request_id", "public"."audit_log"."created_at", "public"."audit_log"."updated_at", "public"."audit_log"."row_version"
2026-09-25 18:21:48.638 CST [20949] ERROR:  new row for relation "auth_rate_limit" violates check constraint "ck_m03_block_invite"
2026-09-25 18:21:48.638 CST [20949] DETAIL:  Failing row contains (d8d7b685-8509-4751-b8d7-7fe9dd0da3ad, invite-preview:direct, 1, 2026-09-25 10:22:48.638728+00, 2026-09-25 10:21:48.638728+00).
2026-09-25 18:21:48.638 CST [20949] STATEMENT:  
	    INSERT INTO auth_rate_limit (id, key, count, expires_at, updated_at)
	    VALUES (gen_random_uuid(), $1, 1, now() + make_interval(secs => $2), now())
	    ON CONFLICT (key) DO UPDATE SET
	      count = CASE WHEN auth_rate_limit.expires_at <= now() THEN 1 ELSE auth_rate_limit.count + 1 END,
	      expires_at = CASE WHEN auth_rate_limit.expires_at <= now()
	                        THEN now() + make_interval(secs => $3)
	                        ELSE auth_rate_limit.expires_at END,
	      updated_at = now()
	    RETURNING count, CEIL(EXTRACT(EPOCH FROM (auth_rate_limit.expires_at - now())))::bigint AS retry_after_s
2026-09-25 18:21:48.641 CST [20950] ERROR:  new row for relation "auth_rate_limit" violates check constraint "ck_m03_block_invite"
2026-09-25 18:21:48.641 CST [20950] DETAIL:  Failing row contains (0f654840-5e72-49a5-98ff-cbad47f5ca3f, invite-accept:direct, 1, 2026-09-25 10:22:48.640497+00, 2026-09-25 10:21:48.640497+00).
2026-09-25 18:21:48.641 CST [20950] STATEMENT:  
	    INSERT INTO auth_rate_limit (id, key, count, expires_at, updated_at)
	    VALUES (gen_random_uuid(), $1, 1, now() + make_interval(secs => $2), now())
	    ON CONFLICT (key) DO UPDATE SET
	      count = CASE WHEN auth_rate_limit.expires_at <= now() THEN 1 ELSE auth_rate_limit.count + 1 END,
	      expires_at = CASE WHEN auth_rate_limit.expires_at <= now()
	                        THEN now() + make_interval(secs => $3)
	                        ELSE auth_rate_limit.expires_at END,
	      updated_at = now()
	    RETURNING count, CEIL(EXTRACT(EPOCH FROM (auth_rate_limit.expires_at - now())))::bigint AS retry_after_s
2026-09-25 18:21:48.649 CST [20612] LOG:  checkpoint starting: immediate force wait
2026-09-25 18:21:48.650 CST [20612] LOG:  checkpoint complete: wrote 4 buffers (0.0%); 0 WAL file(s) added, 0 removed, 1 recycled; write=0.001 s, sync=0.001 s, total=0.002 s; sync files=4, longest=0.001 s, average=0.001 s; distance=7662 kB, estimate=14108 kB; lsn=0/335D040, redo lsn=0/335CFE8
2026-09-25 18:21:49.111 CST [20955] ERROR:  audit_log store_id ecc82be5-0b6d-416b-8909-55ae98b696ca 不属于 org_id 对应组织（同域校验失败）
2026-09-25 18:21:49.111 CST [20955] CONTEXT:  PL/pgSQL function audit_log_store_same_domain() line 6 at RAISE
2026-09-25 18:21:49.111 CST [20955] STATEMENT:  INSERT INTO "public"."audit_log" ("id","org_id","store_id","actor_type","action","entity_type","entity_id","request_id","created_at","updated_at","row_version") VALUES ($1,$2,$3,CAST($4::text AS "public"."ActorType"),$5,$6,$7,$8,$9,$10,$11) RETURNING "public"."audit_log"."id", "public"."audit_log"."org_id", "public"."audit_log"."store_id", "public"."audit_log"."actor_user_id", "public"."audit_log"."actor_type"::text, "public"."audit_log"."action", "public"."audit_log"."entity_type", "public"."audit_log"."entity_id", "public"."audit_log"."before_summary", "public"."audit_log"."after_summary", "public"."audit_log"."request_id", "public"."audit_log"."created_at", "public"."audit_log"."updated_at", "public"."audit_log"."row_version"
2026-09-25 18:21:49.372 CST [20959] FATAL:  database "aiea_t_0b9bd7d5" does not exist
2026-09-25 18:21:49.373 CST [20960] FATAL:  database "aiea_t_0b9bd7d5" does not exist
2026-09-25 18:21:49.447 CST [20958] ERROR:  insert or update on table "audit_log" violates foreign key constraint "audit_log_org_id_store_id_fkey"
2026-09-25 18:21:49.447 CST [20958] DETAIL:  Key (org_id, store_id)=(63fe02a4-d5ed-4a61-9afc-914c22c06eec, e558b066-9663-4e14-81e3-e113ba854cc6) is not present in table "store".
2026-09-25 18:21:49.447 CST [20958] STATEMENT:  INSERT INTO audit_log (id,org_id,store_id,action,entity_type,entity_id,request_id,updated_at)
	         VALUES ($1,$2,$3,'race','probe',$4,$5,now())
2026-09-25 18:21:49.784 CST [20961] ERROR:  store 4900f259-15b2-4cf2-b263-95eae4d38bc5 的组织归属变更会使既有审计引用脱离同域，已阻断
2026-09-25 18:21:49.784 CST [20961] CONTEXT:  PL/pgSQL function store_org_reassign_guard() line 7 at RAISE
2026-09-25 18:21:49.784 CST [20961] STATEMENT:  UPDATE store SET org_id=$1 WHERE id=$2
2026-09-25 18:21:49.806 CST [20956] ERROR:  new row for relation "job_run" violates check constraint "ck_domain_uuid_job_run"
2026-09-25 18:21:49.806 CST [20956] DETAIL:  Failing row contains (not-a-uuid-review, f289f3d6-a5ad-4ced-96a0-566c677cfa89, 6427ca96-44b7-4eb6-a330-b0910b6c6534, recompute_snapshot, idem-7cbf6bbc, {}, null, user, null, 1, v1, succeeded, 1, pending, null, null, null, 2026-09-25 10:21:49.806175+00, 2026-09-25 10:21:49.806175+00, 1).
2026-09-25 18:21:49.806 CST [20956] STATEMENT:  
	      INSERT INTO job_run (id, org_id, store_id, job_kind, idempotency_key, context, dataset_version, ruleset_version, status, attempt_count, created_at, updated_at, row_version)
	      VALUES ('not-a-uuid-review', $1, $2, 'recompute_snapshot', $3, '{}'::jsonb, 1, 'v1', 'succeeded', 1, now(), now(), 1)
2026-09-25 18:21:49.845 CST [20963] ERROR:  store e6eac503-ab5c-46a3-8d2e-69fec70750b5 的组织归属变更会使既有审计引用脱离同域，已阻断
2026-09-25 18:21:49.845 CST [20963] CONTEXT:  PL/pgSQL function store_org_reassign_guard() line 7 at RAISE
2026-09-25 18:21:49.845 CST [20963] STATEMENT:  UPDATE "public"."store" SET "org_id" = $1, "updated_at" = $2 WHERE ("public"."store"."id" = $3 AND 1=1) RETURNING "public"."store"."id", "public"."store"."org_id", "public"."store"."name", "public"."store"."external_store_id", "public"."store"."status"::text, "public"."store"."demo_mode", "public"."store"."platform", "public"."store"."currency", "public"."store"."timezone", "public"."store"."dataset_version", "public"."store"."input_evaluation_at", "public"."store"."last_evaluation_date", "public"."store"."current_snapshot_version", "public"."store"."ruleset_version", "public"."store"."current_snapshot_ruleset_version", "public"."store"."current_snapshot_evaluation_at", "public"."store"."previous_snapshot_version", "public"."store"."previous_snapshot_ruleset_version", "public"."store"."previous_snapshot_evaluation_at", "public"."store"."snapshot_status"::text, "public"."store"."settings", "public"."store"."created_at", "public"."store"."updated_at", "public"."store"."row_version"
2026-09-25 18:21:50.270 CST [20968] ERROR:  audit_log 存在 1 条跨组织店铺引用，拒绝升级；请先人工核对这些历史行
2026-09-25 18:21:50.270 CST [20968] CONTEXT:  PL/pgSQL function inline_code_block line 8 at RAISE
2026-09-25 18:21:50.270 CST [20968] STATEMENT:  -- Gate-01 H08（正式复核）｜审计同域的持续维护：
	-- 1) 升级守卫：存在跨域审计引用时拒绝静默通过（明确报错并给出数量，不自动改写历史）；
	-- 2) 父行保护：store.org_id 变更若使既有 audit_log 引用脱离同域，则阻断该变更；
	-- 3) 删除语义维持既有单列 FK：删除店铺仅清空可空 store_id、保留 org_id。
	-- 说明：p0_audit_tenant_fk 的 audit 行级触发器继续生效（插入/更新同域校验）。
	
	-- 1) 升级守卫（DO 块在迁移事务内失败即整体回滚）
	DO $$
	DECLARE bad BIGINT;
	BEGIN
	  SELECT count(*) INTO bad FROM audit_log a
	  WHERE a.store_id IS NOT NULL
	    AND NOT EXISTS (SELECT 1 FROM store s WHERE s.org_id = a.org_id AND s.id = a.store_id);
	  IF bad > 0 THEN
	    RAISE EXCEPTION 'audit_log 存在 % 条跨组织店铺引用，拒绝升级；请先人工核对这些历史行', bad;
	  END IF;
	END $$;
	
	-- 2) 父行保护函数与触发器
	CREATE FUNCTION "store_org_reassign_guard"() RETURNS trigger AS $$
	BEGIN
	  IF NEW."org_id" IS DISTINCT FROM OLD."org_id" AND EXISTS (
	    SELECT 1 FROM audit_log al
	    WHERE al."store_id" = NEW."id" AND al."org_id" IS DISTINCT FROM NEW."org_id"
	  ) THEN
	    RAISE EXCEPTION 'store % 的组织归属变更会使既有审计引用脱离同域，已阻断', NEW."id";
	  END IF;
	  RETURN NEW;
	END;
	$$ LANGUAGE plpgsql;
	
	CREATE TRIGGER "store_org_reassign_guard_trg"
	  BEFORE UPDATE OF "org_id" ON "store"
	  FOR EACH ROW EXECUTE FUNCTION "store_org_reassign_guard"();
	
2026-09-25 18:21:50.276 CST [20967] FATAL:  terminating connection due to administrator command
2026-09-25 18:21:50.277 CST [20612] LOG:  checkpoint starting: immediate force wait
2026-09-25 18:21:50.347 CST [20612] LOG:  checkpoint complete: wrote 1205 buffers (7.4%); 0 WAL file(s) added, 0 removed, 1 recycled; write=0.030 s, sync=0.026 s, total=0.071 s; sync files=1001, longest=0.001 s, average=0.001 s; distance=14961 kB, estimate=14961 kB; lsn=0/41F94A0, redo lsn=0/41F9448
2026-09-25 18:21:50.410 CST [20964] ERROR:  insert or update on table "domain_user" violates foreign key constraint "domain_user_auth_user_id_fkey"
2026-09-25 18:21:50.410 CST [20964] DETAIL:  Key (auth_user_id)=(ghost-87b305cd) is not present in table "user".
2026-09-25 18:21:50.410 CST [20964] STATEMENT:  INSERT INTO "public"."domain_user" ("id","auth_user_id","email","display_name","status","created_at","updated_at") VALUES ($1,$2,$3,$4,CAST($5::text AS "public"."UserStatus"),$6,$7) RETURNING "public"."domain_user"."id", "public"."domain_user"."auth_user_id", "public"."domain_user"."email", "public"."domain_user"."display_name", "public"."domain_user"."status"::text, "public"."domain_user"."created_at", "public"."domain_user"."updated_at"
2026-09-25 18:21:50.743 CST [20612] LOG:  checkpoint starting: immediate force wait
2026-09-25 18:21:50.745 CST [20612] LOG:  checkpoint complete: wrote 40 buffers (0.2%); 0 WAL file(s) added, 0 removed, 0 recycled; write=0.002 s, sync=0.001 s, total=0.003 s; sync files=27, longest=0.001 s, average=0.001 s; distance=6949 kB, estimate=14159 kB; lsn=0/48C2A70, redo lsn=0/48C2A18
2026-09-25 18:21:51.685 CST [20612] LOG:  checkpoint starting: immediate force wait
2026-09-25 18:21:51.686 CST [20612] LOG:  checkpoint complete: wrote 2 buffers (0.0%); 0 WAL file(s) added, 0 removed, 0 recycled; write=0.001 s, sync=0.001 s, total=0.002 s; sync files=2, longest=0.001 s, average=0.001 s; distance=62 kB, estimate=12750 kB; lsn=0/48D2330, redo lsn=0/48D22D8
2026-09-25 18:21:53.182 CST [20986] ERROR:  new row for relation "audit_log" violates check constraint "ck_inject_member_audit"
2026-09-25 18:21:53.182 CST [20986] DETAIL:  Failing row contains (74143774-5eae-4dab-8626-8eba4b90091d, 63491559-7897-4cae-97c0-2f60cadd72b4, null, 48644a8f-1b11-455f-8f8b-5c1cec3cbc32, user, member_update, membership, fae64754-67fd-44ed-a7b9-0cbbc16131f3, {"role": "operator", "status": "active"}, {"role": "admin", "status": "active"}, 323e4905-4739-4aac-8fa5-9bb5f3663a0b, 2026-09-25 10:21:53.181+00, 2026-09-25 10:21:53.181+00, 1).
2026-09-25 18:21:53.182 CST [20986] STATEMENT:  INSERT INTO "public"."audit_log" ("id","org_id","store_id","actor_user_id","actor_type","action","entity_type","entity_id","before_summary","after_summary","request_id","created_at","updated_at","row_version") VALUES ($1,$2,$3,$4,CAST($5::text AS "public"."ActorType"),$6,$7,$8,$9,$10,$11,$12,$13,$14) RETURNING "public"."audit_log"."id", "public"."audit_log"."org_id", "public"."audit_log"."store_id", "public"."audit_log"."actor_user_id", "public"."audit_log"."actor_type"::text, "public"."audit_log"."action", "public"."audit_log"."entity_type", "public"."audit_log"."entity_id", "public"."audit_log"."before_summary", "public"."audit_log"."after_summary", "public"."audit_log"."request_id", "public"."audit_log"."created_at", "public"."audit_log"."updated_at", "public"."audit_log"."row_version"
2026-09-25 18:21:53.192 CST [20986] ERROR:  new row for relation "audit_log" violates check constraint "ck_inject_org_audit"
2026-09-25 18:21:53.192 CST [20986] DETAIL:  Failing row contains (59b0fc90-cafa-4c28-bd4a-85a188ae8c47, 63491559-7897-4cae-97c0-2f60cadd72b4, null, 48644a8f-1b11-455f-8f8b-5c1cec3cbc32, user, org_update, organization, 63491559-7897-4cae-97c0-2f60cadd72b4, null, {"name": "不该生效"}, 4a5976d1-daf6-4e7b-b0c7-394a652858cc, 2026-09-25 10:21:53.191+00, 2026-09-25 10:21:53.191+00, 1).
2026-09-25 18:21:53.192 CST [20986] STATEMENT:  INSERT INTO "public"."audit_log" ("id","org_id","store_id","actor_user_id","actor_type","action","entity_type","entity_id","after_summary","request_id","created_at","updated_at","row_version") VALUES ($1,$2,$3,$4,CAST($5::text AS "public"."ActorType"),$6,$7,$8,$9,$10,$11,$12,$13) RETURNING "public"."audit_log"."id", "public"."audit_log"."org_id", "public"."audit_log"."store_id", "public"."audit_log"."actor_user_id", "public"."audit_log"."actor_type"::text, "public"."audit_log"."action", "public"."audit_log"."entity_type", "public"."audit_log"."entity_id", "public"."audit_log"."before_summary", "public"."audit_log"."after_summary", "public"."audit_log"."request_id", "public"."audit_log"."created_at", "public"."audit_log"."updated_at", "public"."audit_log"."row_version"
2026-09-25 18:21:53.200 CST [20612] LOG:  checkpoint starting: immediate force wait
2026-09-25 18:21:53.202 CST [20612] LOG:  checkpoint complete: wrote 4 buffers (0.0%); 0 WAL file(s) added, 0 removed, 1 recycled; write=0.001 s, sync=0.001 s, total=0.003 s; sync files=4, longest=0.001 s, average=0.001 s; distance=7554 kB, estimate=12230 kB; lsn=0/5032D98, redo lsn=0/5032D40
2026-09-25 18:21:54.070 CST [20991] ERROR:  duplicate key value violates unique constraint "uq_membership_single_owner"
2026-09-25 18:21:54.070 CST [20991] DETAIL:  Key (org_id)=(e235ee15-7f33-48fd-9e80-317cf210b6da) already exists.
2026-09-25 18:21:54.070 CST [20991] STATEMENT:  INSERT INTO "public"."membership" ("id","org_id","user_id","role","status","created_at","updated_at","row_version") VALUES ($1,$2,$3,CAST($4::text AS "public"."MemberRole"),CAST($5::text AS "public"."MemberStatus"),$6,$7,$8) RETURNING "public"."membership"."id", "public"."membership"."org_id", "public"."membership"."user_id", "public"."membership"."role"::text, "public"."membership"."status"::text, "public"."membership"."created_at", "public"."membership"."updated_at", "public"."membership"."row_version"
2026-09-25 18:21:54.371 CST [20994] FATAL:  database "aiea_t_0b9bd7d5" does not exist
2026-09-25 18:21:54.371 CST [20995] FATAL:  database "aiea_t_0b9bd7d5" does not exist
2026-09-25 18:21:54.741 CST [20612] LOG:  checkpoint starting: immediate force wait
2026-09-25 18:21:54.750 CST [20612] LOG:  checkpoint complete: wrote 218 buffers (1.3%); 0 WAL file(s) added, 0 removed, 0 recycled; write=0.007 s, sync=0.002 s, total=0.009 s; sync files=33, longest=0.001 s, average=0.001 s; distance=8459 kB, estimate=11853 kB; lsn=0/5875B28, redo lsn=0/5875AD0
2026-09-25 18:21:56.192 CST [20612] LOG:  checkpoint starting: immediate force wait
2026-09-25 18:21:56.194 CST [20612] LOG:  checkpoint complete: wrote 5 buffers (0.0%); 0 WAL file(s) added, 0 removed, 0 recycled; write=0.001 s, sync=0.001 s, total=0.003 s; sync files=4, longest=0.001 s, average=0.001 s; distance=7563 kB, estimate=11424 kB; lsn=0/5FD89E8, redo lsn=0/5FD8990
2026-09-25 18:21:56.734 CST [21016] ERROR:  insert or update on table "order_item" violates foreign key constraint "order_item_org_id_store_id_import_task_id_fkey"
2026-09-25 18:21:56.734 CST [21016] DETAIL:  Key (org_id, store_id, import_task_id)=(47672b75-dc62-474e-af38-dc52d7d5bb7f, 8509d19e-a0ac-46cb-b007-8428362a4da8, 88848216-cba8-4ec9-a20b-b7f496914903) is not present in table "import_task".
2026-09-25 18:21:56.734 CST [21016] STATEMENT:  INSERT INTO "public"."order_item" ("id","org_id","store_id","source_namespace","source_updated_at","import_task_id","row_hash","order_id","external_order_item_id","sku_id","quantity","item_paid_amount","currency","created_at","updated_at","row_version") VALUES ($1,$2,$3,$4,$5,$6,$7,$8,$9,$10,$11,$12,$13,$14,$15,$16) RETURNING "public"."order_item"."id", "public"."order_item"."org_id", "public"."order_item"."store_id", "public"."order_item"."source_namespace", "public"."order_item"."source_updated_at", "public"."order_item"."import_task_id", "public"."order_item"."row_hash", "public"."order_item"."order_id", "public"."order_item"."external_order_item_id", "public"."order_item"."sku_id", "public"."order_item"."quantity", "public"."order_item"."item_paid_amount", "public"."order_item"."currency", "public"."order_item"."created_at", "public"."order_item"."updated_at", "public"."order_item"."row_version"
2026-09-25 18:21:56.749 CST [21017] ERROR:  duplicate key value violates unique constraint "sku_org_id_store_id_source_namespace_external_sku_id_key"
2026-09-25 18:21:56.749 CST [21017] DETAIL:  Key (org_id, store_id, source_namespace, external_sku_id)=(20c2df4a-7e0d-45d9-8338-53e504944950, c4ac2431-bc3b-4eb7-bb93-2ddea50ce242, ns-dup, S-dup) already exists.
2026-09-25 18:21:56.749 CST [21017] STATEMENT:  INSERT INTO "public"."sku" ("id","org_id","store_id","source_namespace","source_updated_at","import_task_id","row_hash","product_id","external_sku_id","sku_code","name","status","created_at","updated_at","row_version") VALUES ($1,$2,$3,$4,$5,$6,$7,$8,$9,$10,$11,CAST($12::text AS "public"."SkuStatus"),$13,$14,$15) RETURNING "public"."sku"."id", "public"."sku"."org_id", "public"."sku"."store_id", "public"."sku"."source_namespace", "public"."sku"."source_updated_at", "public"."sku"."import_task_id", "public"."sku"."row_hash", "public"."sku"."product_id", "public"."sku"."external_sku_id", "public"."sku"."sku_code", "public"."sku"."name", "public"."sku"."specification", "public"."sku"."status"::text, "public"."sku"."created_at", "public"."sku"."updated_at", "public"."sku"."row_version"
2026-09-25 18:21:56.763 CST [21018] ERROR:  duplicate key value violates unique constraint "uq_membership_single_owner"
2026-09-25 18:21:56.763 CST [21018] DETAIL:  Key (org_id)=(de221c9e-e49e-4902-91e1-4d20f2a9e261) already exists.
2026-09-25 18:21:56.763 CST [21018] STATEMENT:  INSERT INTO "public"."membership" ("id","org_id","user_id","role","status","created_at","updated_at","row_version") VALUES ($1,$2,$3,CAST($4::text AS "public"."MemberRole"),CAST($5::text AS "public"."MemberStatus"),$6,$7,$8) RETURNING "public"."membership"."id", "public"."membership"."org_id", "public"."membership"."user_id", "public"."membership"."role"::text, "public"."membership"."status"::text, "public"."membership"."created_at", "public"."membership"."updated_at", "public"."membership"."row_version"
2026-09-25 18:21:56.776 CST [21019] ERROR:  new row for relation "order_item" violates check constraint "ck_order_item_quantity_range"
2026-09-25 18:21:56.776 CST [21019] DETAIL:  Failing row contains (f54033c6-c4e1-4770-a776-212d645da207, 1ebb2eaf-7cae-4536-8fe2-b15fdad7fb44, c034002e-62a4-4ea9-be68-1cce874a4d35, ns-negqty, 2026-09-25 10:21:56.775+00, 248d1222-ff18-4362-bc98-d34a13ee2b48, 0e8b7c34-ffb3-496e-b643-677ecb5fc50c, 86fd65dd-e733-4fec-a116-5bbead518312, L2, a61e6990-5466-44d0-9bbe-0a71afeba891, -1, 5.000000, CNY, 2026-09-25 10:21:56.776+00, 2026-09-25 10:21:56.776+00, 1).
2026-09-25 18:21:56.776 CST [21019] STATEMENT:  INSERT INTO "public"."order_item" ("id","org_id","store_id","source_namespace","source_updated_at","import_task_id","row_hash","order_id","external_order_item_id","sku_id","quantity","item_paid_amount","currency","created_at","updated_at","row_version") VALUES ($1,$2,$3,$4,$5,$6,$7,$8,$9,$10,$11,$12,$13,$14,$15,$16) RETURNING "public"."order_item"."id", "public"."order_item"."org_id", "public"."order_item"."store_id", "public"."order_item"."source_namespace", "public"."order_item"."source_updated_at", "public"."order_item"."import_task_id", "public"."order_item"."row_hash", "public"."order_item"."order_id", "public"."order_item"."external_order_item_id", "public"."order_item"."sku_id", "public"."order_item"."quantity", "public"."order_item"."item_paid_amount", "public"."order_item"."currency", "public"."order_item"."created_at", "public"."order_item"."updated_at", "public"."order_item"."row_version"
2026-09-25 18:21:56.791 CST [21020] ERROR:  new row for relation "order" violates check constraint "ck_order_currency"
2026-09-25 18:21:56.791 CST [21020] DETAIL:  Failing row contains (3559b742-00ce-4a47-b815-8e8398f6a240, 452d3cfe-b377-4f30-81c7-940e91fd8bf0, 031bf35b-b18a-4978-8466-0c89965858fe, ns-badcur, 2026-09-25 10:21:56.79+00, 0f77dc54-7c15-4e63-ad61-f8ffd98eb356, 110bd571-a9a5-4abf-9fb5-8d4179aa5bf0, O-badcur-1, unpaid, null, 2026-09-25 10:21:56.79+00, cny, 1, 2026-09-25 10:21:56.791+00, 2026-09-25 10:21:56.791+00, 1).
2026-09-25 18:21:56.791 CST [21020] STATEMENT:  INSERT INTO "public"."order" ("id","org_id","store_id","source_namespace","source_updated_at","import_task_id","row_hash","external_order_id","payment_status","ordered_at","currency","expected_item_count","created_at","updated_at","row_version") VALUES ($1,$2,$3,$4,$5,$6,$7,$8,CAST($9::text AS "public"."OrderPaymentStatus"),$10,$11,$12,$13,$14,$15) RETURNING "public"."order"."id", "public"."order"."org_id", "public"."order"."store_id", "public"."order"."source_namespace", "public"."order"."source_updated_at", "public"."order"."import_task_id", "public"."order"."row_hash", "public"."order"."external_order_id", "public"."order"."payment_status"::text, "public"."order"."paid_at", "public"."order"."ordered_at", "public"."order"."currency", "public"."order"."expected_item_count", "public"."order"."created_at", "public"."order"."updated_at", "public"."order"."row_version"
2026-09-25 18:21:56.795 CST [21021] ERROR:  value too long for type character(3)
2026-09-25 18:21:56.795 CST [21021] STATEMENT:  UPDATE "public"."store" SET "currency" = $1, "updated_at" = $2 WHERE (("public"."store"."org_id" = $3 AND "public"."store"."external_store_id" = $4) AND 1=1) RETURNING "public"."store"."id", "public"."store"."org_id", "public"."store"."name", "public"."store"."external_store_id", "public"."store"."status"::text, "public"."store"."demo_mode", "public"."store"."platform", "public"."store"."currency", "public"."store"."timezone", "public"."store"."dataset_version", "public"."store"."input_evaluation_at", "public"."store"."last_evaluation_date", "public"."store"."current_snapshot_version", "public"."store"."ruleset_version", "public"."store"."current_snapshot_ruleset_version", "public"."store"."current_snapshot_evaluation_at", "public"."store"."previous_snapshot_version", "public"."store"."previous_snapshot_ruleset_version", "public"."store"."previous_snapshot_evaluation_at", "public"."store"."snapshot_status"::text, "public"."store"."settings", "public"."store"."created_at", "public"."store"."updated_at", "public"."store"."row_version"
2026-09-25 18:21:56.810 CST [21022] ERROR:  new row for relation "refund_event" violates check constraint "ck_refund_succeeded_fields"
2026-09-25 18:21:56.810 CST [21022] DETAIL:  Failing row contains (45ace8b0-0431-4287-a311-128fa5d62cc3, eaa257bd-785e-4a5c-9c83-2159074bd0b6, 005f1bac-5339-46a0-8033-f8a44dccb821, ns-refund, 2026-09-25 10:21:56.809+00, 5cfb5db6-55a1-488e-8b2e-45697ae03b84, b9f9e114-2c99-4cec-8883-8583ac589d28, RF-1, 85e002ee-d978-4e8a-9258-41f6d1182577, abe50749-694d-4a2a-8323-89cfce10fb8c, null, 2026-09-25 10:21:56.809+00, succeeded, 2026-09-25 10:21:56.809+00, null, null, CNY, quality, null, 2026-09-25 10:21:56.81+00, 2026-09-25 10:21:56.81+00, 1).
2026-09-25 18:21:56.810 CST [21022] STATEMENT:  INSERT INTO "public"."refund_event" ("id","org_id","store_id","source_namespace","source_updated_at","import_task_id","row_hash","external_record_id","order_id","order_item_id","occurred_at","status","completed_at","currency","reason_code","created_at","updated_at","row_version") VALUES ($1,$2,$3,$4,$5,$6,$7,$8,$9,$10,$11,CAST($12::text AS "public"."RefundStatus"),$13,$14,$15,$16,$17,$18) RETURNING "public"."refund_event"."id", "public"."refund_event"."org_id", "public"."refund_event"."store_id", "public"."refund_event"."source_namespace", "public"."refund_event"."source_updated_at", "public"."refund_event"."import_task_id", "public"."refund_event"."row_hash", "public"."refund_event"."external_record_id", "public"."refund_event"."order_id", "public"."refund_event"."order_item_id", "public"."refund_event"."after_sale_record_id", "public"."refund_event"."occurred_at", "public"."refund_event"."status"::text, "public"."refund_event"."completed_at", "public"."refund_event"."refund_amount", "public"."refund_event"."refunded_quantity_cumulative", "public"."refund_event"."currency", "public"."refund_event"."reason_code", "public"."refund_event"."reason_text", "public"."refund_event"."created_at", "public"."refund_event"."updated_at", "public"."refund_event"."row_version"
2026-09-25 18:21:56.822 CST [20612] LOG:  checkpoint starting: immediate force wait
2026-09-25 18:21:56.824 CST [20612] LOG:  checkpoint complete: wrote 4 buffers (0.0%); 0 WAL file(s) added, 0 removed, 1 recycled; write=0.001 s, sync=0.001 s, total=0.002 s; sync files=4, longest=0.001 s, average=0.001 s; distance=7616 kB, estimate=11043 kB; lsn=0/6748A68, redo lsn=0/6748A10
2026-09-25 18:26:56.825 CST [20612] LOG:  checkpoint starting: time
2026-09-25 18:27:12.377 CST [20612] LOG:  checkpoint complete: wrote 153 buffers (0.9%); 0 WAL file(s) added, 0 removed, 0 recycled; write=15.547 s, sync=0.003 s, total=15.553 s; sync files=61, longest=0.001 s, average=0.001 s; distance=384 kB, estimate=9977 kB; lsn=0/67B0280, redo lsn=0/67A8A98
2026-09-25 18:28:39.370 CST [21662] ERROR:  duplicate key value violates unique constraint "store_org_id_name_key"
2026-09-25 18:28:39.370 CST [21662] DETAIL:  Key (org_id, name)=(6d44122d-f13f-46a0-9618-8a2068fd4670, same parallel) already exists.
2026-09-25 18:28:39.370 CST [21662] STATEMENT:  INSERT INTO "public"."store" ("id","org_id","name","external_store_id","status","demo_mode","platform","currency","timezone","dataset_version","ruleset_version","snapshot_status","settings","created_at","updated_at","row_version") VALUES ($1,$2,$3,$4,CAST($5::text AS "public"."StoreStatus"),$6,$7,$8,$9,$10,$11,CAST($12::text AS "public"."SnapshotStatus"),$13,$14,$15,$16) RETURNING "public"."store"."id", "public"."store"."org_id", "public"."store"."name", "public"."store"."external_store_id", "public"."store"."status"::text, "public"."store"."demo_mode", "public"."store"."platform", "public"."store"."currency", "public"."store"."timezone", "public"."store"."dataset_version", "public"."store"."input_evaluation_at", "public"."store"."last_evaluation_date", "public"."store"."current_snapshot_version", "public"."store"."ruleset_version", "public"."store"."current_snapshot_ruleset_version", "public"."store"."current_snapshot_evaluation_at", "public"."store"."previous_snapshot_version", "public"."store"."previous_snapshot_ruleset_version", "public"."store"."previous_snapshot_evaluation_at", "public"."store"."snapshot_status"::text, "public"."store"."settings", "public"."store"."created_at", "public"."store"."updated_at", "public"."store"."row_version"
2026-09-25 18:28:39.375 CST [21663] ERROR:  duplicate key value violates unique constraint "store_org_id_name_key"
2026-09-25 18:28:39.375 CST [21663] DETAIL:  Key (org_id, name)=(6d44122d-f13f-46a0-9618-8a2068fd4670, same parallel) already exists.
2026-09-25 18:28:39.375 CST [21663] STATEMENT:  INSERT INTO "public"."store" ("id","org_id","name","external_store_id","status","demo_mode","platform","currency","timezone","dataset_version","ruleset_version","snapshot_status","settings","created_at","updated_at","row_version") VALUES ($1,$2,$3,$4,CAST($5::text AS "public"."StoreStatus"),$6,$7,$8,$9,$10,$11,CAST($12::text AS "public"."SnapshotStatus"),$13,$14,$15,$16) RETURNING "public"."store"."id", "public"."store"."org_id", "public"."store"."name", "public"."store"."external_store_id", "public"."store"."status"::text, "public"."store"."demo_mode", "public"."store"."platform", "public"."store"."currency", "public"."store"."timezone", "public"."store"."dataset_version", "public"."store"."input_evaluation_at", "public"."store"."last_evaluation_date", "public"."store"."current_snapshot_version", "public"."store"."ruleset_version", "public"."store"."current_snapshot_ruleset_version", "public"."store"."current_snapshot_evaluation_at", "public"."store"."previous_snapshot_version", "public"."store"."previous_snapshot_ruleset_version", "public"."store"."previous_snapshot_evaluation_at", "public"."store"."snapshot_status"::text, "public"."store"."settings", "public"."store"."created_at", "public"."store"."updated_at", "public"."store"."row_version"
2026-09-25 18:28:39.394 CST [21662] ERROR:  duplicate key value violates unique constraint "import_task_active_content_key"
2026-09-25 18:28:39.394 CST [21662] DETAIL:  Key (org_id, store_id, data_source_id, source_kind, file_sha256)=(6d44122d-f13f-46a0-9618-8a2068fd4670, 3dd4421e-0100-483e-a927-9ecc96145632, 521a588c-088e-4b53-a4bc-9e119e71d909, products, b98e48e6451451786c1ad56b2909bc505e36b8aeeac75fb4e42cdcc0a4da9213) already exists.
2026-09-25 18:28:39.394 CST [21662] STATEMENT:  INSERT INTO "public"."import_task" ("id","org_id","store_id","data_source_id","source_kind","status","original_filename","raw_object_key","file_sha256","mapping","coverage_declaration","upload_request_key","idempotency_key","preview_version","base_dataset_version","row_count","valid_count","error_count","insert_count","update_count","unchanged_count","outbox_status","created_by","created_at","updated_at","row_version") VALUES ($1,$2,$3,$4,CAST($5::text AS "public"."ImportSourceKind"),CAST($6::text AS "public"."ImportStatus"),$7,$8,$9,$10,$11,$12,$13,$14,$15,$16,$17,$18,$19,$20,$21,CAST($22::text AS "public"."OutboxStatus"),$23,$24,$25,$26) RETURNING "public"."import_task"."id", "public"."import_task"."org_id", "public"."import_task"."store_id", "public"."import_task"."data_source_id", "public"."import_task"."source_kind"::text, "public"."import_task"."status"::text, "public"."import_task"."original_filename", "public"."import_task"."raw_object_key", "public"."import_task"."file_sha256", "public"."import_task"."mapping", "public"."import_task"."coverage_declaration", "public"."import_task"."upload_request_key", "public"."import_task"."idempotency_key", "public"."import_task"."preview_version", "public"."import_task"."base_dataset_version", "public"."import_task"."committed_dataset_version", "public"."import_task"."committed_ruleset_version", "public"."import_task"."committed_evaluation_at", "public"."import_task"."row_count", "public"."import_task"."valid_count", "public"."import_task"."error_count", "public"."import_task"."insert_count", "public"."import_task"."update_count", "public"."import_task"."unchanged_count", "public"."import_task"."staging_object_key", "public"."import_task"."error_object_key", "public"."import_task"."outbox_status"::text, "public"."import_task"."created_by", "public"."import_task"."confirmed_at", "public"."import_task"."committed_at", "public"."import_task"."error_code", "public"."import_task"."created_at", "public"."import_task"."updated_at", "public"."import_task"."row_version"
2026-09-25 18:28:39.395 CST [21663] ERROR:  duplicate key value violates unique constraint "import_task_active_content_key"
2026-09-25 18:28:39.395 CST [21663] DETAIL:  Key (org_id, store_id, data_source_id, source_kind, file_sha256)=(6d44122d-f13f-46a0-9618-8a2068fd4670, 3dd4421e-0100-483e-a927-9ecc96145632, 521a588c-088e-4b53-a4bc-9e119e71d909, products, b98e48e6451451786c1ad56b2909bc505e36b8aeeac75fb4e42cdcc0a4da9213) already exists.
2026-09-25 18:28:39.395 CST [21663] STATEMENT:  INSERT INTO "public"."import_task" ("id","org_id","store_id","data_source_id","source_kind","status","original_filename","raw_object_key","file_sha256","mapping","coverage_declaration","upload_request_key","idempotency_key","preview_version","base_dataset_version","row_count","valid_count","error_count","insert_count","update_count","unchanged_count","outbox_status","created_by","created_at","updated_at","row_version") VALUES ($1,$2,$3,$4,CAST($5::text AS "public"."ImportSourceKind"),CAST($6::text AS "public"."ImportStatus"),$7,$8,$9,$10,$11,$12,$13,$14,$15,$16,$17,$18,$19,$20,$21,CAST($22::text AS "public"."OutboxStatus"),$23,$24,$25,$26) RETURNING "public"."import_task"."id", "public"."import_task"."org_id", "public"."import_task"."store_id", "public"."import_task"."data_source_id", "public"."import_task"."source_kind"::text, "public"."import_task"."status"::text, "public"."import_task"."original_filename", "public"."import_task"."raw_object_key", "public"."import_task"."file_sha256", "public"."import_task"."mapping", "public"."import_task"."coverage_declaration", "public"."import_task"."upload_request_key", "public"."import_task"."idempotency_key", "public"."import_task"."preview_version", "public"."import_task"."base_dataset_version", "public"."import_task"."committed_dataset_version", "public"."import_task"."committed_ruleset_version", "public"."import_task"."committed_evaluation_at", "public"."import_task"."row_count", "public"."import_task"."valid_count", "public"."import_task"."error_count", "public"."import_task"."insert_count", "public"."import_task"."update_count", "public"."import_task"."unchanged_count", "public"."import_task"."staging_object_key", "public"."import_task"."error_object_key", "public"."import_task"."outbox_status"::text, "public"."import_task"."created_by", "public"."import_task"."confirmed_at", "public"."import_task"."committed_at", "public"."import_task"."error_code", "public"."import_task"."created_at", "public"."import_task"."updated_at", "public"."import_task"."row_version"
2026-09-25 18:28:39.513 CST [21663] ERROR:  new row for relation "http_idempotency" violates check constraint "reviewer_fail_ledger"
2026-09-25 18:28:39.513 CST [21663] DETAIL:  Failing row contains (c3c5799f-5d56-4186-9425-7a8870f392e6, 6d44122d-f13f-46a0-9618-8a2068fd4670, aeb537a0-1209-4ab1-9688-5183ef30f0de, /api/v1/imports, 2ef2f29511e2da5b987bc9d5e022059088447203381c93dc, 41ae4efa464f2986f61adb810a7dee43694605d9c139b14ae84c4b9ea6b104cc, 201, {"data": {"id": "cf38d51c-5e24-4e25-8df2-4af05f29753b", "bytes":..., 2026-09-25 10:28:39.513+00).
2026-09-25 18:28:39.513 CST [21663] STATEMENT:  INSERT INTO "public"."http_idempotency" ("id","org_id","user_id","endpoint","request_key","request_hash","response_status","response_body","created_at") VALUES ($1,$2,$3,$4,$5,$6,$7,$8,$9) RETURNING "public"."http_idempotency"."id", "public"."http_idempotency"."org_id", "public"."http_idempotency"."user_id", "public"."http_idempotency"."endpoint", "public"."http_idempotency"."request_key", "public"."http_idempotency"."request_hash", "public"."http_idempotency"."response_status", "public"."http_idempotency"."response_body", "public"."http_idempotency"."created_at"
2026-09-25 18:28:49.211 CST [21664] ERROR:  duplicate key value violates unique constraint "http_idempotency_org_id_user_id_endpoint_request_key_key"
2026-09-25 18:28:49.211 CST [21664] DETAIL:  Key (org_id, user_id, endpoint, request_key)=(6d44122d-f13f-46a0-9618-8a2068fd4670, d2fb2714-c29b-4d04-8c18-7aa8473e958d, /api/v1/imports, ab9ed3d4a66a13762b2c0f2ebbda806f3ecb4f15ddb46c13) already exists.
2026-09-25 18:28:49.211 CST [21664] STATEMENT:  INSERT INTO "public"."http_idempotency" ("id","org_id","user_id","endpoint","request_key","request_hash","response_status","response_body","created_at") VALUES ($1,$2,$3,$4,$5,$6,$7,$8,$9) RETURNING "public"."http_idempotency"."id", "public"."http_idempotency"."org_id", "public"."http_idempotency"."user_id", "public"."http_idempotency"."endpoint", "public"."http_idempotency"."request_key", "public"."http_idempotency"."request_hash", "public"."http_idempotency"."response_status", "public"."http_idempotency"."response_body", "public"."http_idempotency"."created_at"
2026-09-25 18:31:37.146 CST [21912] ERROR:  new row for relation "audit_log" violates check constraint "review_cas_audit_fail"
2026-09-25 18:31:37.146 CST [21912] DETAIL:  Failing row contains (e279d8fb-cace-47ff-972e-d46c6def69f3, 6d44122d-f13f-46a0-9618-8a2068fd4670, 3dd4421e-0100-483e-a927-9ecc96145632, d2fb2714-c29b-4d04-8c18-7aa8473e958d, user, store_update, store, 3dd4421e-0100-483e-a927-9ecc96145632, {"name": "CAS one", "status": "active", "currency": "CNY", "time..., {"name": "Rollback candidate", "status": "active", "currency": "..., 4bcae8db-9bd1-4ae8-89ca-e59f505d1210, 2026-09-25 10:31:37.143+00, 2026-09-25 10:31:37.143+00, 1).
2026-09-25 18:31:37.146 CST [21912] STATEMENT:  INSERT INTO "public"."audit_log" ("id","org_id","store_id","actor_user_id","actor_type","action","entity_type","entity_id","before_summary","after_summary","request_id","created_at","updated_at","row_version") VALUES ($1,$2,$3,$4,CAST($5::text AS "public"."ActorType"),$6,$7,$8,$9,$10,$11,$12,$13,$14) RETURNING "public"."audit_log"."id", "public"."audit_log"."org_id", "public"."audit_log"."store_id", "public"."audit_log"."actor_user_id", "public"."audit_log"."actor_type"::text, "public"."audit_log"."action", "public"."audit_log"."entity_type", "public"."audit_log"."entity_id", "public"."audit_log"."before_summary", "public"."audit_log"."after_summary", "public"."audit_log"."request_id", "public"."audit_log"."created_at", "public"."audit_log"."updated_at", "public"."audit_log"."row_version"
2026-09-25 18:31:56.378 CST [20612] LOG:  checkpoint starting: time
2026-09-25 18:32:26.631 CST [20612] LOG:  checkpoint complete: wrote 301 buffers (1.8%); 0 WAL file(s) added, 0 removed, 0 recycled; write=30.246 s, sync=0.006 s, total=30.254 s; sync files=192, longest=0.001 s, average=0.001 s; distance=1628 kB, estimate=9142 kB; lsn=0/6940B68, redo lsn=0/693FB40
2026-09-25 18:32:47.752 CST [21954] ERROR:  new row for relation "http_idempotency" violates check constraint "reviewer_oss_fail"
2026-09-25 18:32:47.752 CST [21954] DETAIL:  Failing row contains (3e52c3b9-60ce-4971-a210-565de61e9120, 6d44122d-f13f-46a0-9618-8a2068fd4670, d2fb2714-c29b-4d04-8c18-7aa8473e958d, /api/v1/imports, 18cd5b94ae41817257af7184f73b04f4f61ac389330c1f12, f4bf3abb6d68b29c9298ee7622412e04e07147b5b389ef93b782b3d497fc1eb7, 201, {"data": {"id": "e37b7dc2-40a3-44f8-9213-09a0651ae3a4", "bytes":..., 2026-09-25 10:32:47.752+00).
2026-09-25 18:32:47.752 CST [21954] STATEMENT:  INSERT INTO "public"."http_idempotency" ("id","org_id","user_id","endpoint","request_key","request_hash","response_status","response_body","created_at") VALUES ($1,$2,$3,$4,$5,$6,$7,$8,$9) RETURNING "public"."http_idempotency"."id", "public"."http_idempotency"."org_id", "public"."http_idempotency"."user_id", "public"."http_idempotency"."endpoint", "public"."http_idempotency"."request_key", "public"."http_idempotency"."request_hash", "public"."http_idempotency"."response_status", "public"."http_idempotency"."response_body", "public"."http_idempotency"."created_at"
2026-09-25 18:32:49.690 CST [21978] ERROR:  duplicate key value violates unique constraint "import_task_active_content_key"
2026-09-25 18:32:49.690 CST [21978] DETAIL:  Key (org_id, store_id, data_source_id, source_kind, file_sha256)=(6d44122d-f13f-46a0-9618-8a2068fd4670, 3dd4421e-0100-483e-a927-9ecc96145632, 521a588c-088e-4b53-a4bc-9e119e71d909, products, 128e25e394aaa69f3e5cf6bad1402602e913cbdb1bb2e6375fd60fe13fd14fb5) already exists.
2026-09-25 18:32:49.690 CST [21978] STATEMENT:  INSERT INTO "public"."import_task" ("id","org_id","store_id","data_source_id","source_kind","status","original_filename","raw_object_key","file_sha256","mapping","coverage_declaration","upload_request_key","idempotency_key","preview_version","base_dataset_version","row_count","valid_count","error_count","insert_count","update_count","unchanged_count","outbox_status","created_by","created_at","updated_at","row_version") VALUES ($1,$2,$3,$4,CAST($5::text AS "public"."ImportSourceKind"),CAST($6::text AS "public"."ImportStatus"),$7,$8,$9,$10,$11,$12,$13,$14,$15,$16,$17,$18,$19,$20,$21,CAST($22::text AS "public"."OutboxStatus"),$23,$24,$25,$26) RETURNING "public"."import_task"."id", "public"."import_task"."org_id", "public"."import_task"."store_id", "public"."import_task"."data_source_id", "public"."import_task"."source_kind"::text, "public"."import_task"."status"::text, "public"."import_task"."original_filename", "public"."import_task"."raw_object_key", "public"."import_task"."file_sha256", "public"."import_task"."mapping", "public"."import_task"."coverage_declaration", "public"."import_task"."upload_request_key", "public"."import_task"."idempotency_key", "public"."import_task"."preview_version", "public"."import_task"."base_dataset_version", "public"."import_task"."committed_dataset_version", "public"."import_task"."committed_ruleset_version", "public"."import_task"."committed_evaluation_at", "public"."import_task"."row_count", "public"."import_task"."valid_count", "public"."import_task"."error_count", "public"."import_task"."insert_count", "public"."import_task"."update_count", "public"."import_task"."unchanged_count", "public"."import_task"."staging_object_key", "public"."import_task"."error_object_key", "public"."import_task"."outbox_status"::text, "public"."import_task"."created_by", "public"."import_task"."confirmed_at", "public"."import_task"."committed_at", "public"."import_task"."error_code", "public"."import_task"."created_at", "public"."import_task"."updated_at", "public"."import_task"."row_version"
2026-09-25 18:32:49.693 CST [21978] ERROR:  duplicate key value violates unique constraint "http_idempotency_org_id_user_id_endpoint_request_key_key"
2026-09-25 18:32:49.693 CST [21978] DETAIL:  Key (org_id, user_id, endpoint, request_key)=(6d44122d-f13f-46a0-9618-8a2068fd4670, d2fb2714-c29b-4d04-8c18-7aa8473e958d, /api/v1/imports, e2db94475871c0fbf6b3a5da9890e2da8d775d7bc4b663b0) already exists.
2026-09-25 18:32:49.693 CST [21978] STATEMENT:  INSERT INTO "public"."http_idempotency" ("id","org_id","user_id","endpoint","request_key","request_hash","response_status","response_body","created_at") VALUES ($1,$2,$3,$4,$5,$6,$7,$8,$9) RETURNING "public"."http_idempotency"."id", "public"."http_idempotency"."org_id", "public"."http_idempotency"."user_id", "public"."http_idempotency"."endpoint", "public"."http_idempotency"."request_key", "public"."http_idempotency"."request_hash", "public"."http_idempotency"."response_status", "public"."http_idempotency"."response_body", "public"."http_idempotency"."created_at"
2026-09-25 18:36:56.639 CST [20612] LOG:  checkpoint starting: time
2026-09-25 18:37:10.156 CST [20612] LOG:  checkpoint complete: wrote 134 buffers (0.8%); 0 WAL file(s) added, 0 removed, 0 recycled; write=13.512 s, sync=0.002 s, total=13.517 s; sync files=71, longest=0.001 s, average=0.001 s; distance=666 kB, estimate=8295 kB; lsn=0/6A06960, redo lsn=0/69E63E0
2026-09-25 18:38:42.593 CST [20611] LOG:  received fast shutdown request
2026-09-25 18:38:42.593 CST [20611] LOG:  aborting any active transactions
2026-09-25 18:38:42.593 CST [22291] FATAL:  terminating connection due to administrator command
2026-09-25 18:38:42.593 CST [22256] FATAL:  terminating connection due to administrator command
2026-09-25 18:38:42.595 CST [20611] LOG:  background worker "logical replication launcher" (PID 20617) exited with exit code 1
2026-09-25 18:38:42.595 CST [20612] LOG:  shutting down
2026-09-25 18:38:42.595 CST [20612] LOG:  checkpoint starting: shutdown immediate
2026-09-25 18:38:42.598 CST [20612] LOG:  checkpoint complete: wrote 10 buffers (0.1%); 0 WAL file(s) added, 0 removed, 0 recycled; write=0.001 s, sync=0.001 s, total=0.003 s; sync files=8, longest=0.001 s, average=0.001 s; distance=155 kB, estimate=7481 kB; lsn=0/6A0D170, redo lsn=0/6A0D170
2026-09-25 18:38:42.602 CST [20611] LOG:  database system is shut down
