 Network aiea-r4-def_default Creating 
 Volume aiea-r4-def_pgdata Creating 
 Volume aiea-r4-def_pgdata Creating 
 Network aiea-r4-def_default Creating 
 Volume aiea-r4-def_pgdata Created 
 Volume aiea-r4-def_pgdata Created 
 Network aiea-r4-def_default Created 
 Network aiea-r4-def_default Created 
 Container aiea-r4-def-postgres-1 Creating 
 Container aiea-r4-def-postgres-1 Created 
 Container aiea-r4-def-worker-1 Creating 
 Container aiea-r4-def-web-1 Creating 
 Container aiea-r4-def-web-1 Created 
 Container aiea-r4-def-worker-1 Created 
 Container aiea-r4-def-postgres-1 Starting 
 Container aiea-r4-def-postgres-1 Started 
 Container aiea-r4-def-postgres-1 Waiting 
 Container aiea-r4-def-postgres-1 Waiting 
 Container aiea-r4-def-postgres-1 Healthy 
 Container aiea-r4-def-postgres-1 Healthy 
 Container aiea-r4-def-worker-1 Starting 
 Container aiea-r4-def-web-1 Starting 
 Container aiea-r4-def-worker-1 Started 
 Container aiea-r4-def-web-1 Started 
