 Network aiea-r4_default Creating 
 Volume aiea-r4_pgdata Creating 
 Volume aiea-r4_pgdata Creating 
 Network aiea-r4_default Creating 
 Volume aiea-r4_pgdata Created 
 Volume aiea-r4_pgdata Created 
 Network aiea-r4_default Created 
 Network aiea-r4_default Created 
 Container aiea-r4-postgres-1 Creating 
 Container aiea-r4-postgres-1 Created 
 Container aiea-r4-worker-1 Creating 
 Container aiea-r4-web-1 Creating 
 Container aiea-r4-worker-1 Created 
 Container aiea-r4-web-1 Created 
 Container aiea-r4-postgres-1 Starting 
 Container aiea-r4-postgres-1 Started 
 Container aiea-r4-postgres-1 Waiting 
 Container aiea-r4-postgres-1 Waiting 
 Container aiea-r4-postgres-1 Healthy 
 Container aiea-r4-worker-1 Starting 
 Container aiea-r4-postgres-1 Healthy 
 Container aiea-r4-web-1 Starting 
 Container aiea-r4-worker-1 Started 
 Container aiea-r4-web-1 Started 
