
> ai-ecommerce-assistant@0.1.0 test:e2e /private/tmp/aiea-fix-g2r4/ai-ecommerce-assistant
> playwright test

2026-09-26T17:34:14.041Z WARN [Better Auth]: [better-auth] Warning: your BETTER_AUTH_SECRET should be at least 32 characters long for adequate security. Generate one with `npx auth secret` or `openssl rand -base64 32`.
(node:97129) DeprecationWarning: Calling client.query() when the client is already executing a query is deprecated and will be removed in pg@9.0. Use async/await or an external async flow control mechanism instead.
(Use `node --trace-deprecation ...` to show where the warning was created)

Running 8 tests using 1 worker

  ✓  1 tests/e2e/auth.spec.ts:6:5 › 登录页可打开且不暴露内部信息 (228ms)
  ✓  2 tests/e2e/auth.spec.ts:12:5 › 错误密码显示明确错误且不进入系统 (150ms)
[WebServer] 2026-09-26T17:34:15.057Z WARN [Better Auth]: [better-auth] Warning: your BETTER_AUTH_SECRET should be at least 32 characters long for adequate security. Generate one with `npx auth secret` or `openssl rand -base64 32`.
[WebServer] (node:97113) DeprecationWarning: Calling client.query() when the client is already executing a query is deprecated and will be removed in pg@9.0. Use async/await or an external async flow control mechanism instead.
[WebServer] (Use `node --trace-deprecation ...` to show where the warning was created)
[WebServer] 2026-09-26T17:34:15.116Z ERROR [Better Auth]: Error Error: aborted
[WebServer]     at ignore-listed frames {
[WebServer]   code: 'ECONNRESET'
[WebServer] }
[WebServer] # SERVER_ERROR:  Error: aborted
[WebServer]     at ignore-listed frames {
[WebServer]   code: 'ECONNRESET'
[WebServer] }
  ✓  3 tests/e2e/auth.spec.ts:21:5 › 正确密码登录成功并携带会话访问 /api/v1/me (389ms)
  ✓  4 tests/e2e/auth.spec.ts:41:5 › 未登录访问 /api/v1/me 返回 401 (19ms)
[WebServer] 2026-09-26T17:34:15.702Z WARN [Better Auth]: [better-auth] Warning: your BETTER_AUTH_SECRET should be at least 32 characters long for adequate security. Generate one with `npx auth secret` or `openssl rand -base64 32`.
  ✓  5 tests/e2e/auth.spec.ts:46:5 › Gate-01 H05｜邀请全流程：Owner 创建 → 新浏览器接受 → 真实会话 (452ms)
  ✓  6 tests/e2e/auth.spec.ts:90:5 › Gate-01 H04｜公开注册 URL 在浏览器路径下同样拒绝 (6ms)
  ✓  7 tests/e2e/smoke.spec.ts:3:5 › GET /api/health 返回 200 且 body 为 {status:'ok'}（数据库在线） (6ms)
  ✓  8 tests/e2e/smoke.spec.ts:10:5 › 基础页可打开且无业务假数据 (68ms)

  8 passed (3.0s)
