
> ai-ecommerce-assistant@0.1.0 build /private/tmp/aiea-gate01-formal-ozou3pz0/repo/ai-ecommerce-assistant
> next build && pnpm build:worker

▲ Next.js 16.3.5 (Turbopack)
✓ Running next.config.ts took 2.3s
⚠ No build cache found. Please configure build caching for faster rebuilds. Read more: https://nextjs.org/docs/messages/no-cache

  Creating an optimized production build ...
✓ Compiled successfully in 5.6s
  Running TypeScript ...
  Finished TypeScript in 3.6s ...
  Collecting page data using 9 workers ...
  Generating static pages using 9 workers (0/9) ...
  Generating static pages using 9 workers (2/9) 
  Generating static pages using 9 workers (4/9) 
  Generating static pages using 9 workers (6/9) 
✓ Generating static pages using 9 workers (9/9) in 220ms
  Finalizing page optimization ...

Route (app)
┌ ○ /
├ ○ /_not-found
├ ƒ /api/auth/[...all]
├ ƒ /api/health
├ ƒ /api/v1/invitations
├ ƒ /api/v1/invitations/[idOrToken]
├ ƒ /api/v1/invitations/[idOrToken]/accept
├ ƒ /api/v1/me
├ ƒ /api/v1/me/active-organization
├ ƒ /api/v1/members
├ ƒ /api/v1/members/[id]
├ ƒ /api/v1/organization
├ ƒ /invite/[token]
└ ○ /login


○  (Static)   prerendered as static content
ƒ  (Dynamic)  server-rendered on demand


> ai-ecommerce-assistant@0.1.0 build:worker /private/tmp/aiea-gate01-formal-ozou3pz0/repo/ai-ecommerce-assistant
> esbuild src/jobs/worker.ts src/jobs/status.ts --bundle --platform=node --target=node24 --format=cjs --outdir=dist/jobs


  dist/jobs/worker.js  1.0mb ⚠️
  dist/jobs/status.js  2.6kb

⚡ Done in 44ms
