Loaded Prisma config from ../../../../../tmp/aiea-gate01-formal-ozou3pz0/repo/ai-ecommerce-assistant/review-upgrade/prisma.config.ts.

Prisma schema loaded from ../../../../../tmp/aiea-gate01-formal-ozou3pz0/repo/ai-ecommerce-assistant/review-upgrade/prisma/schema.prisma.
Datasource "db": PostgreSQL database "aiea_upgrade_formal", schema "public" at "127.0.0.1:55459"

2 migrations found in prisma/migrations

Applying migration `20260912102945_p0_init`
Applying migration `20260912103005_p0_constraints`

┌─────────────────────────────────────────────────────────┐
│  Update available 7.10.0 -> 8.0.0-rc.14                 │
│                                                         │
│  This is a major update - please follow the guide at    │
│  https://pris.ly/d/major-version-upgrade                │
│                                                         │
│  Run the following to update                            │
│    npm i --save-dev prisma@latest                       │
│    npm i @prisma/client@latest                          │
└─────────────────────────────────────────────────────────┘
The following migration(s) have been applied:

migrations/
  └─ 20260912102945_p0_init/
    └─ migration.sql
  └─ 20260912103005_p0_constraints/
    └─ migration.sql

All migrations have been successfully applied.
