
> ai-ecommerce-assistant@0.1.0 build /private/tmp/aiea-g3r2-20260927-nes78fkd/repo
> next build && pnpm build:worker && pnpm build:scripts

▲ Next.js 16.3.5 (Turbopack)
✓ Running next.config.ts took 2.2s
⚠ No build cache found. Please configure build caching for faster rebuilds. Read more: https://nextjs.org/docs/messages/no-cache

  Creating an optimized production build ...
✓ Compiled successfully in 8.3s
  Running TypeScript ...
  Finished TypeScript in 4.8s ...
  Collecting page data using 9 workers ...
  Generating static pages using 9 workers (0/13) ...
  Generating static pages using 9 workers (3/13) 
  Generating static pages using 9 workers (6/13) 
  Generating static pages using 9 workers (9/13) 
✓ Generating static pages using 9 workers (13/13) in 217ms
  Finalizing page optimization ...

Route (app)
┌ ○ /
├ ○ /_not-found
├ ƒ /api/auth/[...all]
├ ƒ /api/health
├ ƒ /api/v1/data-sources
├ ƒ /api/v1/imports
├ ƒ /api/v1/imports/[id]
├ ƒ /api/v1/imports/[id]/commit
├ ƒ /api/v1/imports/[id]/error-file
├ ƒ /api/v1/imports/[id]/file
├ ƒ /api/v1/imports/[id]/mapping
├ ƒ /api/v1/imports/[id]/preview
├ ƒ /api/v1/invitations
├ ƒ /api/v1/invitations/[idOrToken]
├ ƒ /api/v1/invitations/[idOrToken]/accept
├ ƒ /api/v1/me
├ ƒ /api/v1/me/active-organization
├ ƒ /api/v1/members
├ ƒ /api/v1/members/[id]
├ ƒ /api/v1/organization
├ ƒ /api/v1/sku-aliases
├ ƒ /api/v1/stores
├ ƒ /api/v1/stores/[id]
├ ƒ /invite/[token]
└ ○ /login


○  (Static)   prerendered as static content
ƒ  (Dynamic)  server-rendered on demand


> ai-ecommerce-assistant@0.1.0 build:worker /private/tmp/aiea-g3r2-20260927-nes78fkd/repo
> esbuild src/jobs/worker.ts src/jobs/status.ts --bundle --platform=node --target=node24 --format=cjs --outdir=dist/jobs --external:ali-oss --external:proxy-agent --banner:js="var __aieaImportMetaUrl=require('url').pathToFileURL(__filename).href;" --define:import.meta.url=__aieaImportMetaUrl


  dist/jobs/worker.js  7.5mb ⚠️
  dist/jobs/status.js  2.6kb

⚡ Done in 201ms

> ai-ecommerce-assistant@0.1.0 build:scripts /private/tmp/aiea-g3r2-20260927-nes78fkd/repo
> esbuild scripts/init-owner.ts scripts/reset-owner-password.ts --bundle --platform=node --target=node24 --format=cjs --outdir=dist/scripts --external:ali-oss --external:proxy-agent --banner:js="var __aieaImportMetaUrl=require('url').pathToFileURL(__filename).href;" --define:import.meta.url=__aieaImportMetaUrl


  dist/scripts/init-owner.js            7.7mb ⚠️
  dist/scripts/reset-owner-password.js  6.1mb ⚠️

⚡ Done in 165ms
