
> ai-ecommerce-assistant@0.1.0 test:integration /private/tmp/aiea-g3r2-20260927-nes78fkd/repo
> env -u HTTP_PROXY -u HTTPS_PROXY -u ALL_PROXY -u http_proxy -u https_proxy -u all_proxy PRISMA_HIDE_UPDATE_MESSAGE=1 vitest run tests/integration --maxWorkers=1 --minWorkers=1 --exclude '**/g3-contract.test.ts' --exclude '**/g3-h04-contract.test.ts'


 RUN  v3.2.7 /private/tmp/aiea-g3r2-20260927-nes78fkd/repo

(node:39315) DeprecationWarning: Calling client.query() when the client is already executing a query is deprecated and will be removed in pg@9.0. Use async/await or an external async flow control mechanism instead.
(Use `node --trace-deprecation ...` to show where the warning was created)
stderr | tests/integration/imports.test.ts > GATE_02 REVIEW 2 回归｜H05/H06/H07/H08/M04 > G2-R2-H07：存档写入失败 → 上传不无保护成功（503），无任务残留
[internal] request_id=94e9038e-f6da-4f0d-be7b-6e3dbd71962f 
Invalid `ctx.db.httpIdempotency.findUnique()` invocation in
/private/tmp/aiea-g3r2-20260927-nes78fkd/repo/src/services/imports.ts:271:44

  268 }
  269 
  270 async function readHttpArchive(ctx: ImportsContext, input: UploadInput, requestKey: string): Promise<HttpArchive | null> {
→ 271   const row = await ctx.db.httpIdempotency.findUnique(
The column `http_idempotency.request_hash` does not exist in the current database.

stderr | tests/integration/imports.test.ts > TASK-009｜原子提交内核、商品主数据与 SKU 别名 > 提交失败（注入约束）→ 整文件回滚：任务回 preview_ready、版本与行数不变
[internal] request_id=f0390479-fa95-4b9f-85ca-1da149c56269 
Invalid `tx.sKU.upsert()` invocation in
/private/tmp/aiea-g3r2-20260927-nes78fkd/repo/src/services/imports/commitTask.ts:363:24

  360     sourceUpdatedAt: new Date(s.sourceUpdatedAt), rowHash: row.row_hash, importTaskId: task.id,
  361   },
  362 });
→ 363 await tx.sKU.upsert(
Database error. Code: `23514`. Message: `new row for relation "sku" violates check constraint "ck_t9_inject"`

stdout | tests/integration/imports.test.ts > TASK-010｜订单头与订单行导入 > 行遗漏：expected=2 只到 1 行 → 允许提交但该日期覆盖强制 partial；补齐后恢复声明状态
FILL_RES 202 {"id":"fce2b73c-a915-43d6-8c9f-821ca991b683","status":"committed","committed_dataset_version":"13","insert":1,"update":0,"unchanged":0,"no_op":false,"reused":false}

 ✓ tests/integration/imports.test.ts (60 tests) 15880ms
   ✓ TASK-007｜限制与拒绝 > 超过 10 万逻辑行即停止解析（422 TOO_MANY_ROWS）  464ms
   ✓ TASK-007｜限制与拒绝 > G2-H06：quoted 换行按单条逻辑记录计数（50,001 条不误拒）  306ms
   ✓ TASK-007｜限制与拒绝 > 超过 20MB 真实分块流在接收链路立即中止（422 FILE_TOO_LARGE，不等 multipart 结束）  8086ms
   ✓ GATE_02 REVIEW 2 回归｜H05/H06/H07/H08/M04 > G2-R2-H06：空行前缀+100001 条数据仍拒绝（422 TOO_MANY_ROWS），计数不因空行停摆  348ms
   ✓ GATE_02 REVIEW 3 回归｜H06/H08 中断清理、TOO_MANY_ROWS 竞态与 M06 并发重放 > G2-R3-H06：请求未结束但行数超限 → 稳定 422 TOO_MANY_ROWS（不降级为通用 multipart 错误）  562ms
   ✓ GATE_02 REVIEW 4 回归｜文件部分完成后请求尾部失败的请求级收尾 > R4 H06/H08：CS 消息 350ms 延迟截断（spool 已成功落定）→ 不留 tmp、无新任务  557ms
   ✓ GATE_02 REVIEW 4 回归｜文件部分完成后请求尾部失败的请求级收尾 > R4 H06/H08：CS 消息 350ms 后取消（spool 已成功落定）→ 不留 tmp、无新任务  560ms
 ✓ tests/integration/stores.test.ts (14 tests) 1039ms
stderr | tests/integration/gate01.auth.test.ts > Gate-01 REVIEW_5｜TASK-003（H12 邀请时效 / M03 限流故障信封） > M03：限流数据库故障 → 预览/接受返回 503 JSON 信封（含 request_id），不再 500 非 JSON
[internal] request_id=3e4c1e30-8d33-45b1-9d44-bf07cc9387bd 
Invalid `prisma.$queryRaw()` invocation:


Raw query failed. Code: `23514`. Message: `new row for relation "auth_rate_limit" violates check constraint "ck_m03_block_invite"`

stderr | tests/integration/gate01.auth.test.ts > Gate-01 REVIEW_5｜TASK-003（H12 邀请时效 / M03 限流故障信封） > M03：限流数据库故障 → 预览/接受返回 503 JSON 信封（含 request_id），不再 500 非 JSON
[internal] request_id=e7d7c1f7-1c03-4248-9d54-f6464f22c23c 
Invalid `prisma.$queryRaw()` invocation:


Raw query failed. Code: `23514`. Message: `new row for relation "auth_rate_limit" violates check constraint "ck_m03_block_invite"`

 ✓ tests/integration/gate01.auth.test.ts (17 tests) 2881ms
Loaded Prisma config from prisma.config.ts.

 ✓ tests/integration/gate01.db.test.ts (13 tests) 3063ms
   ✓ Gate-01 H08｜AuditLog 店铺同域强制（数据库级） > H08 REVIEW_4：并发交错方向 A——父行改归属未提交时插入旧组织审计引用，后者必须失败  340ms
   ✓ Gate-01 H08｜AuditLog 店铺同域强制（数据库级） > H08 REVIEW_4：并发交错方向 B——审计引用未提交时改父行归属，后者必须失败且引用方正常提交  328ms
   ✓ Gate-01 正式复核 H08/H09/M04 增补 > H08：升级守卫——存量跨域引用使 v2 迁移失败（拒绝静默通过）  545ms
   ✓ Gate-01 REVIEW_5｜TASK-002（H12 连接边界 / M06 upTo / M07 Schema 同步护栏） > M06：applyMigrationsUpTo 首次执行到目标、重复不越界、不存在目标明确失败  391ms
   ✓ Gate-01 REVIEW_5｜TASK-002（H12 连接边界 / M06 upTo / M07 Schema 同步护栏） > M07：官方 migrate diff 不再净删除审计同域复合外键（重建必须同引用且配平）  905ms
stderr | tests/integration/gate01.access.test.ts > Gate-01 H07｜成员/组织管理与审计原子 > 成员 PATCH：审计故障 → 角色与版本零提交
[internal] request_id=01b26a6b-ef76-41e8-91a6-d638ade91d41 
Invalid `db.auditLog.create()` invocation in
/private/tmp/aiea-g3r2-20260927-nes78fkd/repo/src/services/audit.ts:21:21

  18 }
  19 
  20 export async function writeAudit(db: Prisma.TransactionClient, entry: AuditEntry): Promise<void> {
→ 21   await db.auditLog.create(
Database error. Code: `23514`. Message: `new row for relation "audit_log" violates check constraint "ck_inject_member_audit"`

stderr | tests/integration/gate01.access.test.ts > Gate-01 H07｜成员/组织管理与审计原子 > 组织 PATCH：审计故障 → 名称与版本零提交
[internal] request_id=c7b70a3a-edd1-41af-9ec9-75d9de5aa04a 
Invalid `db.auditLog.create()` invocation in
/private/tmp/aiea-g3r2-20260927-nes78fkd/repo/src/services/audit.ts:21:21

  18 }
  19 
  20 export async function writeAudit(db: Prisma.TransactionClient, entry: AuditEntry): Promise<void> {
→ 21   await db.auditLog.create(
Database error. Code: `23514`. Message: `new row for relation "audit_log" violates check constraint "ck_inject_org_audit"`

 ✓ tests/integration/gate01.access.test.ts (7 tests) 1412ms
 ✓ tests/integration/auth.test.ts (8 tests) 1420ms
 ✓ tests/integration/permissions.test.ts (7 tests) 1358ms
 ✓ tests/integration/database.test.ts (9 tests) 517ms
 ✓ tests/integration/db.test.ts (4 tests) 8ms

 Test Files  9 passed (9)
      Tests  139 passed (139)
   Start at  14:09:24
   Duration  29.10s (transform 456ms, setup 512ms, collect 779ms, tests 27.58s, environment 0ms, prepare 50ms)

