2026-09-27 14:07:49.643 CST [39055] LOG:  starting PostgreSQL 17.11 (Homebrew) on aarch64-apple-darwin25.6.0, compiled by Apple clang version 21.0.0 (clang-2100.1.1.101), 64-bit
2026-09-27 14:07:49.644 CST [39055] LOG:  listening on IPv4 address "127.0.0.1", port 57014
2026-09-27 14:07:49.644 CST [39055] LOG:  listening on Unix socket "/tmp/aiea-g3r2-20260927-nes78fkd/pgsock/.s.PGSQL.57014"
2026-09-27 14:07:49.648 CST [39058] LOG:  database system was shut down at 2026-09-27 14:07:49 CST
2026-09-27 14:07:49.652 CST [39055] LOG:  database system is ready to accept connections
2026-09-27 14:08:34.255 CST [39157] FATAL:  terminating connection due to administrator command
2026-09-27 14:08:34.255 CST [39158] FATAL:  terminating connection due to administrator command
2026-09-27 14:08:34.358 CST [39056] LOG:  checkpoint starting: immediate force wait
2026-09-27 14:08:34.471 CST [39056] LOG:  checkpoint complete: wrote 1133 buffers (6.9%); 0 WAL file(s) added, 0 removed, 1 recycled; write=0.059 s, sync=0.036 s, total=0.113 s; sync files=1002, longest=0.001 s, average=0.001 s; distance=16114 kB, estimate=16114 kB; lsn=0/24D7310, redo lsn=0/24D72B8
2026-09-27 14:09:14.668 CST [39219] FATAL:  terminating connection due to administrator command
2026-09-27 14:09:14.668 CST [39218] FATAL:  terminating connection due to administrator command
2026-09-27 14:09:14.770 CST [39056] LOG:  checkpoint starting: immediate force wait
2026-09-27 14:09:14.787 CST [39056] LOG:  checkpoint complete: wrote 217 buffers (1.3%); 0 WAL file(s) added, 0 removed, 0 recycled; write=0.014 s, sync=0.002 s, total=0.017 s; sync files=33, longest=0.001 s, average=0.001 s; distance=8894 kB, estimate=15392 kB; lsn=0/2D86C20, redo lsn=0/2D86BC8
2026-09-27 14:09:17.764 CST [39239] FATAL:  terminating connection due to administrator command
2026-09-27 14:09:17.764 CST [39240] FATAL:  terminating connection due to administrator command
2026-09-27 14:09:17.765 CST [39056] LOG:  checkpoint starting: immediate force wait
2026-09-27 14:09:17.767 CST [39056] LOG:  checkpoint complete: wrote 4 buffers (0.0%); 0 WAL file(s) added, 0 removed, 1 recycled; write=0.001 s, sync=0.001 s, total=0.003 s; sync files=4, longest=0.001 s, average=0.001 s; distance=8176 kB, estimate=14670 kB; lsn=0/3582F98, redo lsn=0/3582F40
2026-09-27 14:09:26.805 CST [39325] ERROR:  duplicate key value violates unique constraint "import_task_active_content_key"
2026-09-27 14:09:26.805 CST [39325] DETAIL:  Key (org_id, store_id, data_source_id, source_kind, file_sha256)=(9b21b3df-c777-4ffb-9cbf-46c4e5de89c5, f405ded7-da04-4f83-8226-8e8be04a6564, 3601bffa-731d-43a3-a987-3f0b627316c8, products, 9482c7771fa4012b5b081a2b9853a3a64052861744dcd0f268a7f2c8766b8799) already exists.
2026-09-27 14:09:26.805 CST [39325] STATEMENT:  INSERT INTO "public"."import_task" ("id","org_id","store_id","data_source_id","source_kind","status","original_filename","raw_object_key","file_sha256","mapping","coverage_declaration","upload_request_key","idempotency_key","preview_version","base_dataset_version","row_count","valid_count","error_count","insert_count","update_count","unchanged_count","outbox_status","created_by","created_at","updated_at","row_version") VALUES ($1,$2,$3,$4,CAST($5::text AS "public"."ImportSourceKind"),CAST($6::text AS "public"."ImportStatus"),$7,$8,$9,$10,$11,$12,$13,$14,$15,$16,$17,$18,$19,$20,$21,CAST($22::text AS "public"."OutboxStatus"),$23,$24,$25,$26) RETURNING "public"."import_task"."id", "public"."import_task"."org_id", "public"."import_task"."store_id", "public"."import_task"."data_source_id", "public"."import_task"."source_kind"::text, "public"."import_task"."status"::text, "public"."import_task"."original_filename", "public"."import_task"."raw_object_key", "public"."import_task"."file_sha256", "public"."import_task"."mapping", "public"."import_task"."coverage_declaration", "public"."import_task"."upload_request_key", "public"."import_task"."idempotency_key", "public"."import_task"."preview_version", "public"."import_task"."base_dataset_version", "public"."import_task"."committed_dataset_version", "public"."import_task"."committed_ruleset_version", "public"."import_task"."committed_evaluation_at", "public"."import_task"."row_count", "public"."import_task"."valid_count", "public"."import_task"."error_count", "public"."import_task"."insert_count", "public"."import_task"."update_count", "public"."import_task"."unchanged_count", "public"."import_task"."staging_object_key", "public"."import_task"."error_object_key", "public"."import_task"."outbox_status"::text, "public"."import_task"."created_by", "public"."import_task"."confirmed_at", "public"."import_task"."committed_at", "public"."import_task"."error_code", "public"."import_task"."created_at", "public"."import_task"."updated_at", "public"."import_task"."row_version"
2026-09-27 14:09:26.835 CST [39322] ERROR:  duplicate key value violates unique constraint "import_task_active_content_key"
2026-09-27 14:09:26.835 CST [39322] DETAIL:  Key (org_id, store_id, data_source_id, source_kind, file_sha256)=(9b21b3df-c777-4ffb-9cbf-46c4e5de89c5, f405ded7-da04-4f83-8226-8e8be04a6564, 3601bffa-731d-43a3-a987-3f0b627316c8, products, 9482c7771fa4012b5b081a2b9853a3a64052861744dcd0f268a7f2c8766b8799) already exists.
2026-09-27 14:09:26.835 CST [39322] STATEMENT:  INSERT INTO "public"."import_task" ("id","org_id","store_id","data_source_id","source_kind","status","original_filename","raw_object_key","file_sha256","mapping","coverage_declaration","upload_request_key","idempotency_key","preview_version","base_dataset_version","row_count","valid_count","error_count","insert_count","update_count","unchanged_count","outbox_status","created_by","created_at","updated_at","row_version") VALUES ($1,$2,$3,$4,CAST($5::text AS "public"."ImportSourceKind"),CAST($6::text AS "public"."ImportStatus"),$7,$8,$9,$10,$11,$12,$13,$14,$15,$16,$17,$18,$19,$20,$21,CAST($22::text AS "public"."OutboxStatus"),$23,$24,$25,$26) RETURNING "public"."import_task"."id", "public"."import_task"."org_id", "public"."import_task"."store_id", "public"."import_task"."data_source_id", "public"."import_task"."source_kind"::text, "public"."import_task"."status"::text, "public"."import_task"."original_filename", "public"."import_task"."raw_object_key", "public"."import_task"."file_sha256", "public"."import_task"."mapping", "public"."import_task"."coverage_declaration", "public"."import_task"."upload_request_key", "public"."import_task"."idempotency_key", "public"."import_task"."preview_version", "public"."import_task"."base_dataset_version", "public"."import_task"."committed_dataset_version", "public"."import_task"."committed_ruleset_version", "public"."import_task"."committed_evaluation_at", "public"."import_task"."row_count", "public"."import_task"."valid_count", "public"."import_task"."error_count", "public"."import_task"."insert_count", "public"."import_task"."update_count", "public"."import_task"."unchanged_count", "public"."import_task"."staging_object_key", "public"."import_task"."error_object_key", "public"."import_task"."outbox_status"::text, "public"."import_task"."created_by", "public"."import_task"."confirmed_at", "public"."import_task"."committed_at", "public"."import_task"."error_code", "public"."import_task"."created_at", "public"."import_task"."updated_at", "public"."import_task"."row_version"
2026-09-27 14:09:36.941 CST [39322] ERROR:  duplicate key value violates unique constraint "http_idempotency_org_id_user_id_endpoint_request_key_key"
2026-09-27 14:09:36.941 CST [39322] DETAIL:  Key (org_id, user_id, endpoint, request_key)=(9b21b3df-c777-4ffb-9cbf-46c4e5de89c5, fef8b162-c043-47ba-b62f-f738c54c0555, /api/v1/imports, 948a7b16cdfe96dd0de8490fa2bdd5c8aef35768f26e9ec4) already exists.
2026-09-27 14:09:36.941 CST [39322] STATEMENT:  INSERT INTO "public"."http_idempotency" ("id","org_id","user_id","endpoint","request_key","request_hash","response_status","response_body","created_at") VALUES ($1,$2,$3,$4,$5,$6,$7,$8,$9) RETURNING "public"."http_idempotency"."id", "public"."http_idempotency"."org_id", "public"."http_idempotency"."user_id", "public"."http_idempotency"."endpoint", "public"."http_idempotency"."request_key", "public"."http_idempotency"."request_hash", "public"."http_idempotency"."response_status", "public"."http_idempotency"."response_body", "public"."http_idempotency"."created_at"
2026-09-27 14:09:36.950 CST [39322] ERROR:  column http_idempotency.request_hash does not exist at character 202
2026-09-27 14:09:36.950 CST [39322] STATEMENT:  SELECT "public"."http_idempotency"."id", "public"."http_idempotency"."org_id", "public"."http_idempotency"."user_id", "public"."http_idempotency"."endpoint", "public"."http_idempotency"."request_key", "public"."http_idempotency"."request_hash", "public"."http_idempotency"."response_status", "public"."http_idempotency"."response_body", "public"."http_idempotency"."created_at" FROM "public"."http_idempotency" WHERE (("public"."http_idempotency"."org_id" = $1 AND "public"."http_idempotency"."user_id" = $2 AND "public"."http_idempotency"."endpoint" = $3 AND "public"."http_idempotency"."request_key" = $4) AND 1=1) LIMIT $5 OFFSET $6
2026-09-27 14:09:40.627 CST [39333] ERROR:  new row for relation "sku" violates check constraint "ck_t9_inject"
2026-09-27 14:09:40.627 CST [39333] DETAIL:  Failing row contains (e91f74aa-0544-4a73-8d54-d3adb2139b41, 9b21b3df-c777-4ffb-9cbf-46c4e5de89c5, f405ded7-da04-4f83-8226-8e8be04a6564, ns-import, 2026-09-11 01:00:00+00, c147c064-d818-4166-8ae1-0a93b1646955, 17871c8a451e836053d66079a294cc53b4d116cff093c9c8ec2ba8f252480283, a796436f-89b8-42cf-b5ec-8125b94348ab, R9C, R9C-CODE, 杯R9C, null, active, 2026-09-27 06:09:40.626+00, 2026-09-27 06:09:40.626+00, 1).
2026-09-27 14:09:40.627 CST [39333] STATEMENT:  INSERT INTO "public"."sku" ("id","org_id","store_id","source_namespace","source_updated_at","import_task_id","row_hash","product_id","external_sku_id","sku_code","name","specification","status","created_at","updated_at","row_version") VALUES ($1,$2,$3,$4,$5,$6,$7,$8,$9,$10,$11,$12,CAST($13::text AS "public"."SkuStatus"),$14,$15,$16) ON CONFLICT ("org_id","store_id","source_namespace","external_sku_id") DO UPDATE SET "name" = $17, "specification" = $18, "status" = CAST($19::text AS "public"."SkuStatus"), "product_id" = $20, "source_updated_at" = $21, "row_hash" = $22, "import_task_id" = $23, "updated_at" = $24 WHERE (("public"."sku"."org_id" = $25 AND "public"."sku"."store_id" = $26 AND "public"."sku"."source_namespace" = $27 AND "public"."sku"."external_sku_id" = $28) AND 1=1) RETURNING "public"."sku"."id", "public"."sku"."org_id", "public"."sku"."store_id", "public"."sku"."source_namespace", "public"."sku"."source_updated_at", "public"."sku"."import_task_id", "public"."sku"."row_hash", "public"."sku"."product_id", "public"."sku"."external_sku_id", "public"."sku"."sku_code", "public"."sku"."name", "public"."sku"."specification", "public"."sku"."status"::text, "public"."sku"."created_at", "public"."sku"."updated_at", "public"."sku"."row_version"
2026-09-27 14:09:40.728 CST [39335] ERROR:  duplicate key value violates unique constraint "sku_alias_org_id_store_id_source_namespace_external_sku_id_key"
2026-09-27 14:09:40.728 CST [39335] DETAIL:  Key (org_id, store_id, source_namespace, external_sku_id)=(9b21b3df-c777-4ffb-9cbf-46c4e5de89c5, f405ded7-da04-4f83-8226-8e8be04a6564, ns-import, ALIAS-R9E) already exists.
2026-09-27 14:09:40.728 CST [39335] STATEMENT:  INSERT INTO "public"."sku_alias" ("id","org_id","store_id","source_namespace","external_sku_id","sku_id","created_by","created_at","updated_at","row_version") VALUES ($1,$2,$3,$4,$5,$6,$7,$8,$9,$10) RETURNING "public"."sku_alias"."id", "public"."sku_alias"."org_id", "public"."sku_alias"."store_id", "public"."sku_alias"."source_namespace", "public"."sku_alias"."external_sku_id", "public"."sku_alias"."sku_id", "public"."sku_alias"."created_by", "public"."sku_alias"."created_at", "public"."sku_alias"."updated_at", "public"."sku_alias"."row_version"
2026-09-27 14:09:41.385 CST [39323] FATAL:  terminating connection due to administrator command
2026-09-27 14:09:41.385 CST [39324] FATAL:  terminating connection due to administrator command
2026-09-27 14:09:41.386 CST [39056] LOG:  checkpoint starting: immediate force wait
2026-09-27 14:09:41.390 CST [39056] LOG:  checkpoint complete: wrote 50 buffers (0.3%); 0 WAL file(s) added, 0 removed, 0 recycled; write=0.004 s, sync=0.001 s, total=0.005 s; sync files=15, longest=0.001 s, average=0.001 s; distance=9078 kB, estimate=14111 kB; lsn=0/3E607F8, redo lsn=0/3E607A0
2026-09-27 14:09:41.965 CST [39341] FATAL:  database "aiea_t_188320b6" does not exist
2026-09-27 14:09:41.965 CST [39342] FATAL:  database "aiea_t_188320b6" does not exist
2026-09-27 14:09:42.325 CST [39339] ERROR:  duplicate key value violates unique constraint "store_org_id_name_key"
2026-09-27 14:09:42.325 CST [39339] DETAIL:  Key (org_id, name)=(0ce8c001-5563-4c20-bf7a-b4433baad122, 旗舰店) already exists.
2026-09-27 14:09:42.325 CST [39339] STATEMENT:  INSERT INTO "public"."store" ("id","org_id","name","external_store_id","status","demo_mode","platform","currency","timezone","dataset_version","ruleset_version","snapshot_status","settings","created_at","updated_at","row_version") VALUES ($1,$2,$3,$4,CAST($5::text AS "public"."StoreStatus"),$6,$7,$8,$9,$10,$11,CAST($12::text AS "public"."SnapshotStatus"),$13,$14,$15,$16) RETURNING "public"."store"."id", "public"."store"."org_id", "public"."store"."name", "public"."store"."external_store_id", "public"."store"."status"::text, "public"."store"."demo_mode", "public"."store"."platform", "public"."store"."currency", "public"."store"."timezone", "public"."store"."dataset_version", "public"."store"."input_evaluation_at", "public"."store"."last_evaluation_date", "public"."store"."current_snapshot_version", "public"."store"."ruleset_version", "public"."store"."current_snapshot_ruleset_version", "public"."store"."current_snapshot_evaluation_at", "public"."store"."previous_snapshot_version", "public"."store"."previous_snapshot_ruleset_version", "public"."store"."previous_snapshot_evaluation_at", "public"."store"."snapshot_status"::text, "public"."store"."settings", "public"."store"."created_at", "public"."store"."updated_at", "public"."store"."row_version"
2026-09-27 14:09:42.331 CST [39339] ERROR:  duplicate key value violates unique constraint "store_org_id_external_store_id_key"
2026-09-27 14:09:42.331 CST [39339] DETAIL:  Key (org_id, external_store_id)=(0ce8c001-5563-4c20-bf7a-b4433baad122, ext-main) already exists.
2026-09-27 14:09:42.331 CST [39339] STATEMENT:  INSERT INTO "public"."store" ("id","org_id","name","external_store_id","status","demo_mode","platform","currency","timezone","dataset_version","ruleset_version","snapshot_status","settings","created_at","updated_at","row_version") VALUES ($1,$2,$3,$4,CAST($5::text AS "public"."StoreStatus"),$6,$7,$8,$9,$10,$11,CAST($12::text AS "public"."SnapshotStatus"),$13,$14,$15,$16) RETURNING "public"."store"."id", "public"."store"."org_id", "public"."store"."name", "public"."store"."external_store_id", "public"."store"."status"::text, "public"."store"."demo_mode", "public"."store"."platform", "public"."store"."currency", "public"."store"."timezone", "public"."store"."dataset_version", "public"."store"."input_evaluation_at", "public"."store"."last_evaluation_date", "public"."store"."current_snapshot_version", "public"."store"."ruleset_version", "public"."store"."current_snapshot_ruleset_version", "public"."store"."current_snapshot_evaluation_at", "public"."store"."previous_snapshot_version", "public"."store"."previous_snapshot_ruleset_version", "public"."store"."previous_snapshot_evaluation_at", "public"."store"."snapshot_status"::text, "public"."store"."settings", "public"."store"."created_at", "public"."store"."updated_at", "public"."store"."row_version"
2026-09-27 14:09:42.457 CST [39340] ERROR:  duplicate key value violates unique constraint "store_org_id_name_key"
2026-09-27 14:09:42.457 CST [39340] DETAIL:  Key (org_id, name)=(0ce8c001-5563-4c20-bf7a-b4433baad122, 旗舰店) already exists.
2026-09-27 14:09:42.457 CST [39340] STATEMENT:  UPDATE "public"."store" SET "name" = $1, "status" = CAST($2::text AS "public"."StoreStatus"), "currency" = $3, "timezone" = $4, "settings" = $5, "row_version" = ("public"."store"."row_version" + $6), "updated_at" = $7 WHERE ("public"."store"."org_id" = $8 AND "public"."store"."id" = $9 AND "public"."store"."row_version" = $10)
2026-09-27 14:09:42.464 CST [39339] ERROR:  duplicate key value violates unique constraint "store_org_id_name_key"
2026-09-27 14:09:42.464 CST [39339] DETAIL:  Key (org_id, name)=(0ce8c001-5563-4c20-bf7a-b4433baad122, 并发同名店) already exists.
2026-09-27 14:09:42.464 CST [39339] STATEMENT:  INSERT INTO "public"."store" ("id","org_id","name","external_store_id","status","demo_mode","platform","currency","timezone","dataset_version","ruleset_version","snapshot_status","settings","created_at","updated_at","row_version") VALUES ($1,$2,$3,$4,CAST($5::text AS "public"."StoreStatus"),$6,$7,$8,$9,$10,$11,CAST($12::text AS "public"."SnapshotStatus"),$13,$14,$15,$16) RETURNING "public"."store"."id", "public"."store"."org_id", "public"."store"."name", "public"."store"."external_store_id", "public"."store"."status"::text, "public"."store"."demo_mode", "public"."store"."platform", "public"."store"."currency", "public"."store"."timezone", "public"."store"."dataset_version", "public"."store"."input_evaluation_at", "public"."store"."last_evaluation_date", "public"."store"."current_snapshot_version", "public"."store"."ruleset_version", "public"."store"."current_snapshot_ruleset_version", "public"."store"."current_snapshot_evaluation_at", "public"."store"."previous_snapshot_version", "public"."store"."previous_snapshot_ruleset_version", "public"."store"."previous_snapshot_evaluation_at", "public"."store"."snapshot_status"::text, "public"."store"."settings", "public"."store"."created_at", "public"."store"."updated_at", "public"."store"."row_version"
2026-09-27 14:09:42.466 CST [39343] ERROR:  duplicate key value violates unique constraint "store_org_id_name_key"
2026-09-27 14:09:42.466 CST [39343] DETAIL:  Key (org_id, name)=(0ce8c001-5563-4c20-bf7a-b4433baad122, 并发同名店) already exists.
2026-09-27 14:09:42.466 CST [39343] STATEMENT:  INSERT INTO "public"."store" ("id","org_id","name","external_store_id","status","demo_mode","platform","currency","timezone","dataset_version","ruleset_version","snapshot_status","settings","created_at","updated_at","row_version") VALUES ($1,$2,$3,$4,CAST($5::text AS "public"."StoreStatus"),$6,$7,$8,$9,$10,$11,CAST($12::text AS "public"."SnapshotStatus"),$13,$14,$15,$16) RETURNING "public"."store"."id", "public"."store"."org_id", "public"."store"."name", "public"."store"."external_store_id", "public"."store"."status"::text, "public"."store"."demo_mode", "public"."store"."platform", "public"."store"."currency", "public"."store"."timezone", "public"."store"."dataset_version", "public"."store"."input_evaluation_at", "public"."store"."last_evaluation_date", "public"."store"."current_snapshot_version", "public"."store"."ruleset_version", "public"."store"."current_snapshot_ruleset_version", "public"."store"."current_snapshot_evaluation_at", "public"."store"."previous_snapshot_version", "public"."store"."previous_snapshot_ruleset_version", "public"."store"."previous_snapshot_evaluation_at", "public"."store"."snapshot_status"::text, "public"."store"."settings", "public"."store"."created_at", "public"."store"."updated_at", "public"."store"."row_version"
2026-09-27 14:09:42.559 CST [39056] LOG:  checkpoint starting: immediate force wait
2026-09-27 14:09:42.560 CST [39056] LOG:  checkpoint complete: wrote 4 buffers (0.0%); 0 WAL file(s) added, 0 removed, 1 recycled; write=0.001 s, sync=0.001 s, total=0.002 s; sync files=4, longest=0.001 s, average=0.001 s; distance=7774 kB, estimate=13477 kB; lsn=0/45F83F0, redo lsn=0/45F8398
2026-09-27 14:09:44.179 CST [39347] ERROR:  new row for relation "audit_log" violates check constraint "ck_inject_audit_fail"
2026-09-27 14:09:44.179 CST [39347] DETAIL:  Failing row contains (43e96c50-8018-4d3f-b221-054f26e41517, cbca68a7-ffdd-429b-b27d-c40343544a7a, null, 0c783aad-dd06-4acb-835a-cb77af34a726, user, invite_create, invitation, de1add03-bc4b-4611-97d8-b1770391bad8, null, {"role": "operator", "email": "a*****************@example.com", ..., 7edb3561-d903-4602-93d2-aced874046c7, 2026-09-27 06:09:44.179+00, 2026-09-27 06:09:44.179+00, 1).
2026-09-27 14:09:44.179 CST [39347] STATEMENT:  INSERT INTO "public"."audit_log" ("id","org_id","store_id","actor_user_id","actor_type","action","entity_type","entity_id","after_summary","request_id","created_at","updated_at","row_version") VALUES ($1,$2,$3,$4,CAST($5::text AS "public"."ActorType"),$6,$7,$8,$9,$10,$11,$12,$13) RETURNING "public"."audit_log"."id", "public"."audit_log"."org_id", "public"."audit_log"."store_id", "public"."audit_log"."actor_user_id", "public"."audit_log"."actor_type"::text, "public"."audit_log"."action", "public"."audit_log"."entity_type", "public"."audit_log"."entity_id", "public"."audit_log"."before_summary", "public"."audit_log"."after_summary", "public"."audit_log"."request_id", "public"."audit_log"."created_at", "public"."audit_log"."updated_at", "public"."audit_log"."row_version"
2026-09-27 14:09:45.524 CST [39347] ERROR:  new row for relation "auth_rate_limit" violates check constraint "ck_m03_block_invite"
2026-09-27 14:09:45.524 CST [39347] DETAIL:  Failing row contains (a1da50d0-86de-4f8c-96db-ba49caac765f, invite-preview:direct, 1, 2026-09-27 06:10:45.524633+00, 2026-09-27 06:09:45.524633+00).
2026-09-27 14:09:45.524 CST [39347] STATEMENT:  
	    INSERT INTO auth_rate_limit (id, key, count, expires_at, updated_at)
	    VALUES (gen_random_uuid(), $1, 1, now() + make_interval(secs => $2), now())
	    ON CONFLICT (key) DO UPDATE SET
	      count = CASE WHEN auth_rate_limit.expires_at <= now() THEN 1 ELSE auth_rate_limit.count + 1 END,
	      expires_at = CASE WHEN auth_rate_limit.expires_at <= now()
	                        THEN now() + make_interval(secs => $3)
	                        ELSE auth_rate_limit.expires_at END,
	      updated_at = now()
	    RETURNING count, CEIL(EXTRACT(EPOCH FROM (auth_rate_limit.expires_at - now())))::bigint AS retry_after_s
2026-09-27 14:09:45.526 CST [39348] ERROR:  new row for relation "auth_rate_limit" violates check constraint "ck_m03_block_invite"
2026-09-27 14:09:45.526 CST [39348] DETAIL:  Failing row contains (7975d7cd-f022-4b95-b7b1-1c57bf80cc9b, invite-accept:direct, 1, 2026-09-27 06:10:45.52614+00, 2026-09-27 06:09:45.52614+00).
2026-09-27 14:09:45.526 CST [39348] STATEMENT:  
	    INSERT INTO auth_rate_limit (id, key, count, expires_at, updated_at)
	    VALUES (gen_random_uuid(), $1, 1, now() + make_interval(secs => $2), now())
	    ON CONFLICT (key) DO UPDATE SET
	      count = CASE WHEN auth_rate_limit.expires_at <= now() THEN 1 ELSE auth_rate_limit.count + 1 END,
	      expires_at = CASE WHEN auth_rate_limit.expires_at <= now()
	                        THEN now() + make_interval(secs => $3)
	                        ELSE auth_rate_limit.expires_at END,
	      updated_at = now()
	    RETURNING count, CEIL(EXTRACT(EPOCH FROM (auth_rate_limit.expires_at - now())))::bigint AS retry_after_s
2026-09-27 14:09:45.534 CST [39056] LOG:  checkpoint starting: immediate force wait
2026-09-27 14:09:45.536 CST [39056] LOG:  checkpoint complete: wrote 4 buffers (0.0%); 0 WAL file(s) added, 0 removed, 0 recycled; write=0.001 s, sync=0.001 s, total=0.002 s; sync files=4, longest=0.001 s, average=0.001 s; distance=7728 kB, estimate=12903 kB; lsn=0/4D84648, redo lsn=0/4D845F0
2026-09-27 14:09:46.078 CST [39354] ERROR:  audit_log store_id b31c6423-9c12-4d07-afda-9345773fe0e2 不属于 org_id 对应组织（同域校验失败）
2026-09-27 14:09:46.078 CST [39354] CONTEXT:  PL/pgSQL function audit_log_store_same_domain() line 6 at RAISE
2026-09-27 14:09:46.078 CST [39354] STATEMENT:  INSERT INTO "public"."audit_log" ("id","org_id","store_id","actor_type","action","entity_type","entity_id","request_id","created_at","updated_at","row_version") VALUES ($1,$2,$3,CAST($4::text AS "public"."ActorType"),$5,$6,$7,$8,$9,$10,$11) RETURNING "public"."audit_log"."id", "public"."audit_log"."org_id", "public"."audit_log"."store_id", "public"."audit_log"."actor_user_id", "public"."audit_log"."actor_type"::text, "public"."audit_log"."action", "public"."audit_log"."entity_type", "public"."audit_log"."entity_id", "public"."audit_log"."before_summary", "public"."audit_log"."after_summary", "public"."audit_log"."request_id", "public"."audit_log"."created_at", "public"."audit_log"."updated_at", "public"."audit_log"."row_version"
2026-09-27 14:09:46.408 CST [39357] ERROR:  insert or update on table "audit_log" violates foreign key constraint "audit_log_org_id_store_id_fkey"
2026-09-27 14:09:46.408 CST [39357] DETAIL:  Key (org_id, store_id)=(f1653c01-72a5-4312-b984-103a53708ea9, a23aa705-d5f3-48bc-b185-64f0d134835e) is not present in table "store".
2026-09-27 14:09:46.408 CST [39357] STATEMENT:  INSERT INTO audit_log (id,org_id,store_id,action,entity_type,entity_id,request_id,updated_at)
	         VALUES ($1,$2,$3,'race','probe',$4,$5,now())
2026-09-27 14:09:46.742 CST [39358] ERROR:  store ebc86cd8-c5ea-4020-848d-13401f2bca17 的组织归属变更会使既有审计引用脱离同域，已阻断
2026-09-27 14:09:46.742 CST [39358] CONTEXT:  PL/pgSQL function store_org_reassign_guard() line 7 at RAISE
2026-09-27 14:09:46.742 CST [39358] STATEMENT:  UPDATE store SET org_id=$1 WHERE id=$2
2026-09-27 14:09:46.760 CST [39355] ERROR:  new row for relation "job_run" violates check constraint "ck_domain_uuid_job_run"
2026-09-27 14:09:46.760 CST [39355] DETAIL:  Failing row contains (not-a-uuid-review, cf2c2851-0a53-479a-98d4-7a47e63cc484, 8e8b0c1a-466e-48e7-8767-97136c088d06, recompute_snapshot, idem-6c41ece6, {}, null, user, null, 1, v1, succeeded, 1, pending, null, null, null, 2026-09-27 06:09:46.760233+00, 2026-09-27 06:09:46.760233+00, 1).
2026-09-27 14:09:46.760 CST [39355] STATEMENT:  
	      INSERT INTO job_run (id, org_id, store_id, job_kind, idempotency_key, context, dataset_version, ruleset_version, status, attempt_count, created_at, updated_at, row_version)
	      VALUES ('not-a-uuid-review', $1, $2, 'recompute_snapshot', $3, '{}'::jsonb, 1, 'v1', 'succeeded', 1, now(), now(), 1)
2026-09-27 14:09:46.797 CST [39360] ERROR:  store 40827752-c790-4860-a183-771f2a036bb0 的组织归属变更会使既有审计引用脱离同域，已阻断
2026-09-27 14:09:46.797 CST [39360] CONTEXT:  PL/pgSQL function store_org_reassign_guard() line 7 at RAISE
2026-09-27 14:09:46.797 CST [39360] STATEMENT:  UPDATE "public"."store" SET "org_id" = $1, "updated_at" = $2 WHERE ("public"."store"."id" = $3 AND 1=1) RETURNING "public"."store"."id", "public"."store"."org_id", "public"."store"."name", "public"."store"."external_store_id", "public"."store"."status"::text, "public"."store"."demo_mode", "public"."store"."platform", "public"."store"."currency", "public"."store"."timezone", "public"."store"."dataset_version", "public"."store"."input_evaluation_at", "public"."store"."last_evaluation_date", "public"."store"."current_snapshot_version", "public"."store"."ruleset_version", "public"."store"."current_snapshot_ruleset_version", "public"."store"."current_snapshot_evaluation_at", "public"."store"."previous_snapshot_version", "public"."store"."previous_snapshot_ruleset_version", "public"."store"."previous_snapshot_evaluation_at", "public"."store"."snapshot_status"::text, "public"."store"."settings", "public"."store"."created_at", "public"."store"."updated_at", "public"."store"."row_version"
2026-09-27 14:09:46.969 CST [39364] FATAL:  database "aiea_t_188320b6" does not exist
2026-09-27 14:09:46.970 CST [39365] FATAL:  database "aiea_t_188320b6" does not exist
2026-09-27 14:09:47.215 CST [39367] ERROR:  audit_log 存在 1 条跨组织店铺引用，拒绝升级；请先人工核对这些历史行
2026-09-27 14:09:47.215 CST [39367] CONTEXT:  PL/pgSQL function inline_code_block line 8 at RAISE
2026-09-27 14:09:47.215 CST [39367] STATEMENT:  -- Gate-01 H08（正式复核）｜审计同域的持续维护：
	-- 1) 升级守卫：存在跨域审计引用时拒绝静默通过（明确报错并给出数量，不自动改写历史）；
	-- 2) 父行保护：store.org_id 变更若使既有 audit_log 引用脱离同域，则阻断该变更；
	-- 3) 删除语义维持既有单列 FK：删除店铺仅清空可空 store_id、保留 org_id。
	-- 说明：p0_audit_tenant_fk 的 audit 行级触发器继续生效（插入/更新同域校验）。
	
	-- 1) 升级守卫（DO 块在迁移事务内失败即整体回滚）
	DO $$
	DECLARE bad BIGINT;
	BEGIN
	  SELECT count(*) INTO bad FROM audit_log a
	  WHERE a.store_id IS NOT NULL
	    AND NOT EXISTS (SELECT 1 FROM store s WHERE s.org_id = a.org_id AND s.id = a.store_id);
	  IF bad > 0 THEN
	    RAISE EXCEPTION 'audit_log 存在 % 条跨组织店铺引用，拒绝升级；请先人工核对这些历史行', bad;
	  END IF;
	END $$;
	
	-- 2) 父行保护函数与触发器
	CREATE FUNCTION "store_org_reassign_guard"() RETURNS trigger AS $$
	BEGIN
	  IF NEW."org_id" IS DISTINCT FROM OLD."org_id" AND EXISTS (
	    SELECT 1 FROM audit_log al
	    WHERE al."store_id" = NEW."id" AND al."org_id" IS DISTINCT FROM NEW."org_id"
	  ) THEN
	    RAISE EXCEPTION 'store % 的组织归属变更会使既有审计引用脱离同域，已阻断', NEW."id";
	  END IF;
	  RETURN NEW;
	END;
	$$ LANGUAGE plpgsql;
	
	CREATE TRIGGER "store_org_reassign_guard_trg"
	  BEFORE UPDATE OF "org_id" ON "store"
	  FOR EACH ROW EXECUTE FUNCTION "store_org_reassign_guard"();
	
2026-09-27 14:09:47.222 CST [39366] FATAL:  terminating connection due to administrator command
2026-09-27 14:09:47.223 CST [39056] LOG:  checkpoint starting: immediate force wait
2026-09-27 14:09:47.306 CST [39056] LOG:  checkpoint complete: wrote 1214 buffers (7.4%); 0 WAL file(s) added, 0 removed, 1 recycled; write=0.038 s, sync=0.029 s, total=0.084 s; sync files=1001, longest=0.001 s, average=0.001 s; distance=15094 kB, estimate=15094 kB; lsn=0/5C41EB0, redo lsn=0/5C41E58
2026-09-27 14:09:47.372 CST [39361] ERROR:  insert or update on table "domain_user" violates foreign key constraint "domain_user_auth_user_id_fkey"
2026-09-27 14:09:47.372 CST [39361] DETAIL:  Key (auth_user_id)=(ghost-0bfa740f) is not present in table "user".
2026-09-27 14:09:47.372 CST [39361] STATEMENT:  INSERT INTO "public"."domain_user" ("id","auth_user_id","email","display_name","status","created_at","updated_at") VALUES ($1,$2,$3,$4,CAST($5::text AS "public"."UserStatus"),$6,$7) RETURNING "public"."domain_user"."id", "public"."domain_user"."auth_user_id", "public"."domain_user"."email", "public"."domain_user"."display_name", "public"."domain_user"."status"::text, "public"."domain_user"."created_at", "public"."domain_user"."updated_at"
2026-09-27 14:09:47.745 CST [39056] LOG:  checkpoint starting: immediate force wait
2026-09-27 14:09:47.748 CST [39056] LOG:  checkpoint complete: wrote 40 buffers (0.2%); 0 WAL file(s) added, 0 removed, 1 recycled; write=0.002 s, sync=0.001 s, total=0.004 s; sync files=27, longest=0.001 s, average=0.001 s; distance=7020 kB, estimate=14286 kB; lsn=0/631CED8, redo lsn=0/631CE80
2026-09-27 14:09:48.704 CST [39056] LOG:  checkpoint starting: immediate force wait
2026-09-27 14:09:48.705 CST [39056] LOG:  checkpoint complete: wrote 2 buffers (0.0%); 0 WAL file(s) added, 0 removed, 0 recycled; write=0.001 s, sync=0.001 s, total=0.002 s; sync files=2, longest=0.001 s, average=0.001 s; distance=92 kB, estimate=12867 kB; lsn=0/6334228, redo lsn=0/63341D0
2026-09-27 14:09:50.193 CST [39387] ERROR:  new row for relation "audit_log" violates check constraint "ck_inject_member_audit"
2026-09-27 14:09:50.193 CST [39387] DETAIL:  Failing row contains (57c4170e-3fdc-4220-bc9f-856f848476ac, 937e5b48-8be4-47b3-b684-8b24f46e9053, null, 71bec94b-86ee-41f8-803b-bdae195226eb, user, member_update, membership, 77884b34-def6-42e8-8252-2a7ff4cffe70, {"role": "operator", "status": "active"}, {"role": "admin", "status": "active"}, 9e5aa7e5-aa39-48a8-8d4d-b76849806ea4, 2026-09-27 06:09:50.193+00, 2026-09-27 06:09:50.193+00, 1).
2026-09-27 14:09:50.193 CST [39387] STATEMENT:  INSERT INTO "public"."audit_log" ("id","org_id","store_id","actor_user_id","actor_type","action","entity_type","entity_id","before_summary","after_summary","request_id","created_at","updated_at","row_version") VALUES ($1,$2,$3,$4,CAST($5::text AS "public"."ActorType"),$6,$7,$8,$9,$10,$11,$12,$13,$14) RETURNING "public"."audit_log"."id", "public"."audit_log"."org_id", "public"."audit_log"."store_id", "public"."audit_log"."actor_user_id", "public"."audit_log"."actor_type"::text, "public"."audit_log"."action", "public"."audit_log"."entity_type", "public"."audit_log"."entity_id", "public"."audit_log"."before_summary", "public"."audit_log"."after_summary", "public"."audit_log"."request_id", "public"."audit_log"."created_at", "public"."audit_log"."updated_at", "public"."audit_log"."row_version"
2026-09-27 14:09:50.204 CST [39387] ERROR:  new row for relation "audit_log" violates check constraint "ck_inject_org_audit"
2026-09-27 14:09:50.204 CST [39387] DETAIL:  Failing row contains (c71d7f86-bfd0-4694-baf8-9b59ef284e1c, 937e5b48-8be4-47b3-b684-8b24f46e9053, null, 71bec94b-86ee-41f8-803b-bdae195226eb, user, org_update, organization, 937e5b48-8be4-47b3-b684-8b24f46e9053, null, {"name": "不该生效"}, edee0b19-d291-4d66-80b5-ab4c31a1bcaf, 2026-09-27 06:09:50.204+00, 2026-09-27 06:09:50.204+00, 1).
2026-09-27 14:09:50.204 CST [39387] STATEMENT:  INSERT INTO "public"."audit_log" ("id","org_id","store_id","actor_user_id","actor_type","action","entity_type","entity_id","after_summary","request_id","created_at","updated_at","row_version") VALUES ($1,$2,$3,$4,CAST($5::text AS "public"."ActorType"),$6,$7,$8,$9,$10,$11,$12,$13) RETURNING "public"."audit_log"."id", "public"."audit_log"."org_id", "public"."audit_log"."store_id", "public"."audit_log"."actor_user_id", "public"."audit_log"."actor_type"::text, "public"."audit_log"."action", "public"."audit_log"."entity_type", "public"."audit_log"."entity_id", "public"."audit_log"."before_summary", "public"."audit_log"."after_summary", "public"."audit_log"."request_id", "public"."audit_log"."created_at", "public"."audit_log"."updated_at", "public"."audit_log"."row_version"
2026-09-27 14:09:50.214 CST [39056] LOG:  checkpoint starting: immediate force wait
2026-09-27 14:09:50.215 CST [39056] LOG:  checkpoint complete: wrote 4 buffers (0.0%); 0 WAL file(s) added, 0 removed, 0 recycled; write=0.001 s, sync=0.001 s, total=0.002 s; sync files=4, longest=0.001 s, average=0.001 s; distance=7761 kB, estimate=12356 kB; lsn=0/6AC8888, redo lsn=0/6AC8830
2026-09-27 14:09:51.028 CST [39392] ERROR:  duplicate key value violates unique constraint "uq_membership_single_owner"
2026-09-27 14:09:51.028 CST [39392] DETAIL:  Key (org_id)=(86146f45-312e-4b1a-ac52-82a3c0e35696) already exists.
2026-09-27 14:09:51.028 CST [39392] STATEMENT:  INSERT INTO "public"."membership" ("id","org_id","user_id","role","status","created_at","updated_at","row_version") VALUES ($1,$2,$3,CAST($4::text AS "public"."MemberRole"),CAST($5::text AS "public"."MemberStatus"),$6,$7,$8) RETURNING "public"."membership"."id", "public"."membership"."org_id", "public"."membership"."user_id", "public"."membership"."role"::text, "public"."membership"."status"::text, "public"."membership"."created_at", "public"."membership"."updated_at", "public"."membership"."row_version"
2026-09-27 14:09:51.715 CST [39056] LOG:  checkpoint starting: immediate force wait
2026-09-27 14:09:51.717 CST [39056] LOG:  checkpoint complete: wrote 4 buffers (0.0%); 0 WAL file(s) added, 0 removed, 1 recycled; write=0.001 s, sync=0.001 s, total=0.002 s; sync files=4, longest=0.001 s, average=0.001 s; distance=7645 kB, estimate=11885 kB; lsn=0/723FEF0, redo lsn=0/723FE98
2026-09-27 14:09:51.968 CST [39400] FATAL:  database "aiea_t_188320b6" does not exist
2026-09-27 14:09:51.968 CST [39401] FATAL:  database "aiea_t_188320b6" does not exist
2026-09-27 14:09:53.151 CST [39056] LOG:  checkpoint starting: immediate force wait
2026-09-27 14:09:53.153 CST [39056] LOG:  checkpoint complete: wrote 4 buffers (0.0%); 0 WAL file(s) added, 0 removed, 0 recycled; write=0.001 s, sync=0.001 s, total=0.002 s; sync files=4, longest=0.001 s, average=0.001 s; distance=7630 kB, estimate=11460 kB; lsn=0/79B36F0, redo lsn=0/79B3698
2026-09-27 14:09:53.686 CST [39408] ERROR:  insert or update on table "order_item" violates foreign key constraint "order_item_org_id_store_id_import_task_id_fkey"
2026-09-27 14:09:53.686 CST [39408] DETAIL:  Key (org_id, store_id, import_task_id)=(657bf64c-7ca2-4e90-a49f-a54b5342dd81, b7919cbb-a1dd-47b1-81c5-64f6b7b6d9be, 97b5235c-cb61-4168-ab80-6dcb3e533aba) is not present in table "import_task".
2026-09-27 14:09:53.686 CST [39408] STATEMENT:  INSERT INTO "public"."order_item" ("id","org_id","store_id","source_namespace","source_updated_at","import_task_id","row_hash","order_id","external_order_item_id","sku_id","quantity","item_paid_amount","currency","created_at","updated_at","row_version") VALUES ($1,$2,$3,$4,$5,$6,$7,$8,$9,$10,$11,$12,$13,$14,$15,$16) RETURNING "public"."order_item"."id", "public"."order_item"."org_id", "public"."order_item"."store_id", "public"."order_item"."source_namespace", "public"."order_item"."source_updated_at", "public"."order_item"."import_task_id", "public"."order_item"."row_hash", "public"."order_item"."order_id", "public"."order_item"."external_order_item_id", "public"."order_item"."sku_id", "public"."order_item"."quantity", "public"."order_item"."item_paid_amount", "public"."order_item"."currency", "public"."order_item"."created_at", "public"."order_item"."updated_at", "public"."order_item"."row_version"
2026-09-27 14:09:53.700 CST [39409] ERROR:  duplicate key value violates unique constraint "sku_org_id_store_id_source_namespace_external_sku_id_key"
2026-09-27 14:09:53.700 CST [39409] DETAIL:  Key (org_id, store_id, source_namespace, external_sku_id)=(eb075f57-0d8e-4847-93b5-8f56f99a7aff, 7f3e1b8c-745f-461b-a161-39a289e7b85e, ns-dup, S-dup) already exists.
2026-09-27 14:09:53.700 CST [39409] STATEMENT:  INSERT INTO "public"."sku" ("id","org_id","store_id","source_namespace","source_updated_at","import_task_id","row_hash","product_id","external_sku_id","sku_code","name","status","created_at","updated_at","row_version") VALUES ($1,$2,$3,$4,$5,$6,$7,$8,$9,$10,$11,CAST($12::text AS "public"."SkuStatus"),$13,$14,$15) RETURNING "public"."sku"."id", "public"."sku"."org_id", "public"."sku"."store_id", "public"."sku"."source_namespace", "public"."sku"."source_updated_at", "public"."sku"."import_task_id", "public"."sku"."row_hash", "public"."sku"."product_id", "public"."sku"."external_sku_id", "public"."sku"."sku_code", "public"."sku"."name", "public"."sku"."specification", "public"."sku"."status"::text, "public"."sku"."created_at", "public"."sku"."updated_at", "public"."sku"."row_version"
2026-09-27 14:09:53.714 CST [39410] ERROR:  duplicate key value violates unique constraint "uq_membership_single_owner"
2026-09-27 14:09:53.714 CST [39410] DETAIL:  Key (org_id)=(111d4c2d-eee5-4fd5-af6b-8611b35e3987) already exists.
2026-09-27 14:09:53.714 CST [39410] STATEMENT:  INSERT INTO "public"."membership" ("id","org_id","user_id","role","status","created_at","updated_at","row_version") VALUES ($1,$2,$3,CAST($4::text AS "public"."MemberRole"),CAST($5::text AS "public"."MemberStatus"),$6,$7,$8) RETURNING "public"."membership"."id", "public"."membership"."org_id", "public"."membership"."user_id", "public"."membership"."role"::text, "public"."membership"."status"::text, "public"."membership"."created_at", "public"."membership"."updated_at", "public"."membership"."row_version"
2026-09-27 14:09:53.728 CST [39411] ERROR:  new row for relation "order_item" violates check constraint "ck_order_item_quantity_range"
2026-09-27 14:09:53.728 CST [39411] DETAIL:  Failing row contains (db138427-2aa6-483b-8bfc-358da86f4359, c9de1628-4a5d-4ab0-b2d6-5a192c938c80, c90a2a2e-4981-4a3c-b233-0084991aabea, ns-negqty, 2026-09-27 06:09:53.727+00, 374c2596-c957-4944-9332-c555f6b586c1, b9e5efda-fb33-4b6f-83a7-cabc74e79204, 634eda1a-de33-47fa-9ca9-7417de7b5964, L2, 245abc9b-cb94-4996-ad3d-c0f368786524, -1, 5.000000, CNY, 2026-09-27 06:09:53.728+00, 2026-09-27 06:09:53.728+00, 1).
2026-09-27 14:09:53.728 CST [39411] STATEMENT:  INSERT INTO "public"."order_item" ("id","org_id","store_id","source_namespace","source_updated_at","import_task_id","row_hash","order_id","external_order_item_id","sku_id","quantity","item_paid_amount","currency","created_at","updated_at","row_version") VALUES ($1,$2,$3,$4,$5,$6,$7,$8,$9,$10,$11,$12,$13,$14,$15,$16) RETURNING "public"."order_item"."id", "public"."order_item"."org_id", "public"."order_item"."store_id", "public"."order_item"."source_namespace", "public"."order_item"."source_updated_at", "public"."order_item"."import_task_id", "public"."order_item"."row_hash", "public"."order_item"."order_id", "public"."order_item"."external_order_item_id", "public"."order_item"."sku_id", "public"."order_item"."quantity", "public"."order_item"."item_paid_amount", "public"."order_item"."currency", "public"."order_item"."created_at", "public"."order_item"."updated_at", "public"."order_item"."row_version"
2026-09-27 14:09:53.741 CST [39412] ERROR:  new row for relation "order" violates check constraint "ck_order_currency"
2026-09-27 14:09:53.741 CST [39412] DETAIL:  Failing row contains (9236968e-2035-49b3-9018-44f1aa7a919f, cbf2016f-a26b-46c3-8b02-066cbc96f0cb, 4a9e415d-8081-4403-90dd-18fac8926708, ns-badcur, 2026-09-27 06:09:53.74+00, b8c26601-f4f7-4a1b-9611-d84c34eca652, cc32a615-1352-4692-83e4-e95377dc3732, O-badcur-1, unpaid, null, 2026-09-27 06:09:53.74+00, cny, 1, 2026-09-27 06:09:53.741+00, 2026-09-27 06:09:53.741+00, 1).
2026-09-27 14:09:53.741 CST [39412] STATEMENT:  INSERT INTO "public"."order" ("id","org_id","store_id","source_namespace","source_updated_at","import_task_id","row_hash","external_order_id","payment_status","ordered_at","currency","expected_item_count","created_at","updated_at","row_version") VALUES ($1,$2,$3,$4,$5,$6,$7,$8,CAST($9::text AS "public"."OrderPaymentStatus"),$10,$11,$12,$13,$14,$15) RETURNING "public"."order"."id", "public"."order"."org_id", "public"."order"."store_id", "public"."order"."source_namespace", "public"."order"."source_updated_at", "public"."order"."import_task_id", "public"."order"."row_hash", "public"."order"."external_order_id", "public"."order"."payment_status"::text, "public"."order"."paid_at", "public"."order"."ordered_at", "public"."order"."currency", "public"."order"."expected_item_count", "public"."order"."created_at", "public"."order"."updated_at", "public"."order"."row_version"
2026-09-27 14:09:53.746 CST [39413] ERROR:  value too long for type character(3)
2026-09-27 14:09:53.746 CST [39413] STATEMENT:  UPDATE "public"."store" SET "currency" = $1, "updated_at" = $2 WHERE (("public"."store"."org_id" = $3 AND "public"."store"."external_store_id" = $4) AND 1=1) RETURNING "public"."store"."id", "public"."store"."org_id", "public"."store"."name", "public"."store"."external_store_id", "public"."store"."status"::text, "public"."store"."demo_mode", "public"."store"."platform", "public"."store"."currency", "public"."store"."timezone", "public"."store"."dataset_version", "public"."store"."input_evaluation_at", "public"."store"."last_evaluation_date", "public"."store"."current_snapshot_version", "public"."store"."ruleset_version", "public"."store"."current_snapshot_ruleset_version", "public"."store"."current_snapshot_evaluation_at", "public"."store"."previous_snapshot_version", "public"."store"."previous_snapshot_ruleset_version", "public"."store"."previous_snapshot_evaluation_at", "public"."store"."snapshot_status"::text, "public"."store"."settings", "public"."store"."created_at", "public"."store"."updated_at", "public"."store"."row_version"
2026-09-27 14:09:53.761 CST [39414] ERROR:  new row for relation "refund_event" violates check constraint "ck_refund_succeeded_fields"
2026-09-27 14:09:53.761 CST [39414] DETAIL:  Failing row contains (3979ccef-49ae-4b66-8aa0-7a26ef98fd2d, be69a020-d99a-4562-a423-cbf98d0c1d3f, c7695f79-ad46-4c3f-bfa3-9de24943d546, ns-refund, 2026-09-27 06:09:53.759+00, 3c7494cc-29d9-4efc-b26f-623e00f13ba6, c2afa8aa-ba5f-48e8-b630-01512166eacb, RF-1, 4e790fc5-92e3-47a6-894a-8c01584147da, fb5e6f61-f82b-4e23-b9d4-29de8e363657, null, 2026-09-27 06:09:53.759+00, succeeded, 2026-09-27 06:09:53.759+00, null, null, CNY, quality, null, 2026-09-27 06:09:53.76+00, 2026-09-27 06:09:53.76+00, 1).
2026-09-27 14:09:53.761 CST [39414] STATEMENT:  INSERT INTO "public"."refund_event" ("id","org_id","store_id","source_namespace","source_updated_at","import_task_id","row_hash","external_record_id","order_id","order_item_id","occurred_at","status","completed_at","currency","reason_code","created_at","updated_at","row_version") VALUES ($1,$2,$3,$4,$5,$6,$7,$8,$9,$10,$11,CAST($12::text AS "public"."RefundStatus"),$13,$14,$15,$16,$17,$18) RETURNING "public"."refund_event"."id", "public"."refund_event"."org_id", "public"."refund_event"."store_id", "public"."refund_event"."source_namespace", "public"."refund_event"."source_updated_at", "public"."refund_event"."import_task_id", "public"."refund_event"."row_hash", "public"."refund_event"."external_record_id", "public"."refund_event"."order_id", "public"."refund_event"."order_item_id", "public"."refund_event"."after_sale_record_id", "public"."refund_event"."occurred_at", "public"."refund_event"."status"::text, "public"."refund_event"."completed_at", "public"."refund_event"."refund_amount", "public"."refund_event"."refunded_quantity_cumulative", "public"."refund_event"."currency", "public"."refund_event"."reason_code", "public"."refund_event"."reason_text", "public"."refund_event"."created_at", "public"."refund_event"."updated_at", "public"."refund_event"."row_version"
2026-09-27 14:09:53.772 CST [39056] LOG:  checkpoint starting: immediate force wait
2026-09-27 14:09:53.774 CST [39056] LOG:  checkpoint complete: wrote 4 buffers (0.0%); 0 WAL file(s) added, 0 removed, 1 recycled; write=0.001 s, sync=0.001 s, total=0.002 s; sync files=4, longest=0.001 s, average=0.001 s; distance=7683 kB, estimate=11082 kB; lsn=0/8134350, redo lsn=0/81342F8
2026-09-27 14:12:26.667 CST [39680] FATAL:  terminating connection due to administrator command
2026-09-27 14:12:26.667 CST [39681] FATAL:  terminating connection due to administrator command
2026-09-27 14:12:26.771 CST [39056] LOG:  checkpoint starting: immediate force wait
2026-09-27 14:12:26.777 CST [39056] LOG:  checkpoint complete: wrote 63 buffers (0.4%); 0 WAL file(s) added, 0 removed, 0 recycled; write=0.005 s, sync=0.001 s, total=0.007 s; sync files=14, longest=0.001 s, average=0.001 s; distance=9102 kB, estimate=10884 kB; lsn=0/8A17DE0, redo lsn=0/8A17D88
2026-09-27 14:14:42.814 CST [39815] FATAL:  terminating connection due to administrator command
2026-09-27 14:14:42.814 CST [39816] FATAL:  terminating connection due to administrator command
2026-09-27 14:14:42.917 CST [39056] LOG:  checkpoint starting: immediate force wait
2026-09-27 14:14:42.926 CST [39056] LOG:  checkpoint complete: wrote 82 buffers (0.5%); 0 WAL file(s) added, 0 removed, 1 recycled; write=0.007 s, sync=0.002 s, total=0.009 s; sync files=49, longest=0.001 s, average=0.001 s; distance=8089 kB, estimate=10604 kB; lsn=0/91FE3F8, redo lsn=0/91FE3A0
2026-09-27 14:19:42.929 CST [39056] LOG:  checkpoint starting: time
2026-09-27 14:19:43.036 CST [39056] LOG:  checkpoint complete: wrote 2 buffers (0.0%); 0 WAL file(s) added, 0 removed, 0 recycled; write=0.103 s, sync=0.001 s, total=0.107 s; sync files=2, longest=0.001 s, average=0.001 s; distance=0 kB, estimate=9544 kB; lsn=0/91FE590, redo lsn=0/91FE538
2026-09-27 14:20:52.760 CST [39055] LOG:  received fast shutdown request
2026-09-27 14:20:52.760 CST [39055] LOG:  aborting any active transactions
2026-09-27 14:20:52.762 CST [39055] LOG:  background worker "logical replication launcher" (PID 39061) exited with exit code 1
2026-09-27 14:20:52.762 CST [39056] LOG:  shutting down
2026-09-27 14:20:52.762 CST [39056] LOG:  checkpoint starting: shutdown immediate
2026-09-27 14:20:52.763 CST [39056] LOG:  checkpoint complete: wrote 0 buffers (0.0%); 0 WAL file(s) added, 0 removed, 0 recycled; write=0.001 s, sync=0.001 s, total=0.002 s; sync files=0, longest=0.000 s, average=0.000 s; distance=0 kB, estimate=8590 kB; lsn=0/91FE640, redo lsn=0/91FE640
2026-09-27 14:20:52.767 CST [39055] LOG:  database system is shut down
