Loaded Prisma config from prisma.config.ts.

Prisma schema loaded from prisma/schema.prisma.

✔ Generated Prisma Client (7.10.0) to ./src/generated/prisma in 432ms


> ai-ecommerce-assistant@0.1.0 build /private/tmp/aiea-gate01-r2-0oo1wpux/docker-build-layout
> next build && pnpm build:worker

▲ Next.js 16.3.5 (Turbopack)
✓ Running next.config.ts took 29ms

  Creating an optimized production build ...
✓ Compiled successfully in 2.5s
  Running TypeScript ...
  Finished TypeScript in 5.7s ...
  Collecting page data using 9 workers ...
Error: Failed to collect configuration for /api/v1/me
    at ignore-listed frames {
  [cause]: Error [EnvValidationError]: 缺少或非法的启动必需环境变量：BETTER_AUTH_SECRET, BETTER_AUTH_URL。请检查 .env（参考 .env.example）或进程环境；出于安全考虑不输出变量值。
      at <unknown> (src/lib/env.ts:135:33)
      at <unknown> (src/lib/auth.ts:14:13)
    133 |   }
    134 |
  > 135 |   if (invalid.length > 0) throw new EnvValidationError(invalid);
        |                                 ^
    136 |   return env;
    137 | }
    138 | {
    variables: [ 'BETTER_AUTH_SECRET', 'BETTER_AUTH_URL' ]
  }
}

> Build error occurred
Error: Failed to collect page data for /api/v1/me
    at ignore-listed frames {
  type: 'Error'
}
 ELIFECYCLE  Command failed with exit code 1.
