time="2026-09-26T14:59:13+08:00" level=warning msg="buildx Docker CLI plugin not found: falling back to the classic builder. BuildKit-only build features (multi-arch, secrets, ssh, additional contexts, ...) will not be available"
 Image aiea-review4-t6xh-web Building 
 Image aiea-review4-t6xh-web Building 
Sending build context to Docker daemon  246.8kB
Step 1/28 : FROM node:24.21.0-bookworm-slim AS deps
 ---> 0e0ff40c39bc
Step 2/28 : WORKDIR /app
 ---> Using cache
 ---> d2aa452fb1bd
Step 3/28 : RUN corepack enable
 ---> Using cache
 ---> 3769fd7d58b8
Step 4/28 : COPY package.json pnpm-lock.yaml pnpm-workspace.yaml .npmrc ./
 ---> Using cache
 ---> 1f94980968e4
Step 5/28 : COPY prisma/schema.prisma ./prisma/schema.prisma
 ---> Using cache
 ---> 01d9099b5cd5
Step 6/28 : COPY prisma.config.ts ./
 ---> Using cache
 ---> fd8002f98b88
Step 7/28 : COPY src/lib/dbUrl.ts ./src/lib/dbUrl.ts
 ---> Using cache
 ---> d83e21166d23
Step 8/28 : RUN pnpm install --frozen-lockfile
 ---> Using cache
 ---> 3ea83b40364e
Step 9/28 : FROM node:24.21.0-bookworm-slim AS build
 ---> 0e0ff40c39bc
Step 10/28 : WORKDIR /app
 ---> Using cache
 ---> d2aa452fb1bd
Step 11/28 : RUN corepack enable
 ---> Using cache
 ---> 3769fd7d58b8
Step 12/28 : COPY --from=deps /app/node_modules ./node_modules
 ---> Using cache
 ---> c19e10903cfc
Step 13/28 : COPY --from=deps /app/src/generated ./src/generated
 ---> Using cache
 ---> e3201f7b8b37
Step 14/28 : COPY . .
 ---> 3d43bbb83b16
Step 15/28 : ENV NEXT_TELEMETRY_DISABLED=1
 ---> Running in f2b4ebd32c2c
 ---> Removed intermediate container f2b4ebd32c2c
 ---> 65e94c7c7d48
Step 16/28 : ENV DATABASE_URL=postgres://placeholder:placeholder@127.0.0.1:5432/placeholder
 ---> Running in aca33b513398
 ---> Removed intermediate container aca33b513398
 ---> 1209f4d4bbb0
Step 17/28 : ENV BETTER_AUTH_SECRET=build-time-placeholder-not-a-secret
 ---> Running in fd3f0abd3fb9
 ---> Removed intermediate container fd3f0abd3fb9
 ---> dcbff70969d9
Step 18/28 : ENV BETTER_AUTH_URL=http://localhost:3000
 ---> Running in 6502ceaa8051
 ---> Removed intermediate container 6502ceaa8051
 ---> d0b347eaeaea
Step 19/28 : RUN pnpm build
 ---> Running in f77d298bfe91
[91m! Corepack is about to download https://registry.npmjs.org/pnpm/-/pnpm-10.34.5.tgz
[0m
> ai-ecommerce-assistant@0.1.0 build /app
> next build && pnpm build:worker && pnpm build:scripts

▲ Next.js 16.3.5 (Turbopack)
✓ Running next.config.ts took 64ms

  Creating an optimized production build ...
✓ Compiled successfully in 29.6s
  Running TypeScript ...
  Finished TypeScript in 13.2s ...
  Collecting page data using 1 worker ...
  Generating static pages using 1 worker (0/12) ...
  Generating static pages using 1 worker (3/12) 
  Generating static pages using 1 worker (6/12) 
  Generating static pages using 1 worker (9/12) 
✓ Generating static pages using 1 worker (12/12) in 228ms
  Finalizing page optimization ...

Route (app)
┌ ○ /
├ ○ /_not-found
├ ƒ /api/auth/[...all]
├ ƒ /api/health
├ ƒ /api/v1/data-sources
├ ƒ /api/v1/imports
├ ƒ /api/v1/imports/[id]
├ ƒ /api/v1/imports/[id]/file
├ ƒ /api/v1/invitations
├ ƒ /api/v1/invitations/[idOrToken]
├ ƒ /api/v1/invitations/[idOrToken]/accept
├ ƒ /api/v1/me
├ ƒ /api/v1/me/active-organization
├ ƒ /api/v1/members
├ ƒ /api/v1/members/[id]
├ ƒ /api/v1/organization
├ ƒ /api/v1/stores
├ ƒ /api/v1/stores/[id]
├ ƒ /invite/[token]
└ ○ /login


○  (Static)   prerendered as static content
ƒ  (Dynamic)  server-rendered on demand


> ai-ecommerce-assistant@0.1.0 build:worker /app
> esbuild src/jobs/worker.ts src/jobs/status.ts --bundle --platform=node --target=node24 --format=cjs --outdir=dist/jobs --external:ali-oss --external:proxy-agent --banner:js="var __aieaImportMetaUrl=require('url').pathToFileURL(__filename).href;" --define:import.meta.url=__aieaImportMetaUrl

[91m
  dist/jobs/worker.js  7.5mb ⚠️
  dist/jobs/status.js  2.6kb

⚡ Done in 722ms
[0m
> ai-ecommerce-assistant@0.1.0 build:scripts /app
> esbuild scripts/init-owner.ts scripts/reset-owner-password.ts --bundle --platform=node --target=node24 --format=cjs --outdir=dist/scripts --external:ali-oss --external:proxy-agent --banner:js="var __aieaImportMetaUrl=require('url').pathToFileURL(__filename).href;" --define:import.meta.url=__aieaImportMetaUrl

[91m
  dist/scripts/init-owner.js            7.7mb ⚠️
  dist/scripts/reset-owner-password.js  6.1mb ⚠️

⚡ Done in 630ms
[0m ---> Removed intermediate container f77d298bfe91
 ---> 1e8ddbdf04f2
Step 20/28 : FROM node:24.21.0-bookworm-slim AS runner
 ---> 0e0ff40c39bc
Step 21/28 : WORKDIR /app
 ---> Using cache
 ---> d2aa452fb1bd
Step 22/28 : RUN corepack enable
 ---> Using cache
 ---> 3769fd7d58b8
Step 23/28 : ENV NODE_ENV=production
 ---> Using cache
 ---> 6a3a90995eac
Step 24/28 : ENV NEXT_TELEMETRY_DISABLED=1
 ---> Using cache
 ---> 2684c62264fe
Step 25/28 : COPY --from=build /app ./
 ---> 7d42eaeb995d
Step 26/28 : EXPOSE 3000
 ---> Running in ff2bc46631d9
 ---> Removed intermediate container ff2bc46631d9
 ---> 0a3fc62cee8f
Step 27/28 : CMD ["node", "node_modules/next/dist/bin/next", "start"]
 ---> Running in 1b64ac7611f8
 ---> Removed intermediate container 1b64ac7611f8
 ---> 298b692a4d2e
Step 28/28 : LABEL com.docker.compose.image.builder=classic
 ---> Running in fa0fcff2ad39
 ---> Removed intermediate container fa0fcff2ad39
 ---> 1ce637bc1f0f
Successfully built 1ce637bc1f0f
Successfully tagged aiea-review4-t6xh-web:latest
 Image aiea-review4-t6xh-web Built 
 Image aiea-review4-t6xh-web Built 
