time="2026-09-26T15:01:23+08:00" level=warning msg="buildx Docker CLI plugin not found: falling back to the classic builder. BuildKit-only build features (multi-arch, secrets, ssh, additional contexts, ...) will not be available"
 Image aiea-review4-t6xh-worker Building 
 Image aiea-review4-t6xh-worker Building 
Sending build context to Docker daemon  246.8kB
Step 1/28 : FROM node:24.21.0-bookworm-slim AS deps
 ---> 0e0ff40c39bc
Step 2/28 : WORKDIR /app
 ---> Using cache
 ---> d2aa452fb1bd
Step 3/28 : RUN corepack enable
 ---> Using cache
 ---> 3769fd7d58b8
Step 4/28 : COPY package.json pnpm-lock.yaml pnpm-workspace.yaml .npmrc ./
 ---> Using cache
 ---> 1f94980968e4
Step 5/28 : COPY prisma/schema.prisma ./prisma/schema.prisma
 ---> Using cache
 ---> 01d9099b5cd5
Step 6/28 : COPY prisma.config.ts ./
 ---> Using cache
 ---> fd8002f98b88
Step 7/28 : COPY src/lib/dbUrl.ts ./src/lib/dbUrl.ts
 ---> Using cache
 ---> d83e21166d23
Step 8/28 : RUN pnpm install --frozen-lockfile
 ---> Using cache
 ---> 3ea83b40364e
Step 9/28 : FROM node:24.21.0-bookworm-slim AS build
 ---> 0e0ff40c39bc
Step 10/28 : WORKDIR /app
 ---> Using cache
 ---> d2aa452fb1bd
Step 11/28 : RUN corepack enable
 ---> Using cache
 ---> 3769fd7d58b8
Step 12/28 : COPY --from=deps /app/node_modules ./node_modules
 ---> Using cache
 ---> c19e10903cfc
Step 13/28 : COPY --from=deps /app/src/generated ./src/generated
 ---> Using cache
 ---> e3201f7b8b37
Step 14/28 : COPY . .
 ---> Using cache
 ---> 3d43bbb83b16
Step 15/28 : ENV NEXT_TELEMETRY_DISABLED=1
 ---> Using cache
 ---> 65e94c7c7d48
Step 16/28 : ENV DATABASE_URL=postgres://placeholder:placeholder@127.0.0.1:5432/placeholder
 ---> Using cache
 ---> 1209f4d4bbb0
Step 17/28 : ENV BETTER_AUTH_SECRET=build-time-placeholder-not-a-secret
 ---> Using cache
 ---> dcbff70969d9
Step 18/28 : ENV BETTER_AUTH_URL=http://localhost:3000
 ---> Using cache
 ---> d0b347eaeaea
Step 19/28 : RUN pnpm build
 ---> Using cache
 ---> 1e8ddbdf04f2
Step 20/28 : FROM node:24.21.0-bookworm-slim AS runner
 ---> 0e0ff40c39bc
Step 21/28 : WORKDIR /app
 ---> Using cache
 ---> d2aa452fb1bd
Step 22/28 : RUN corepack enable
 ---> Using cache
 ---> 3769fd7d58b8
Step 23/28 : ENV NODE_ENV=production
 ---> Using cache
 ---> 6a3a90995eac
Step 24/28 : ENV NEXT_TELEMETRY_DISABLED=1
 ---> Using cache
 ---> 2684c62264fe
Step 25/28 : COPY --from=build /app ./
 ---> Using cache
 ---> 7d42eaeb995d
Step 26/28 : EXPOSE 3000
 ---> Using cache
 ---> 0a3fc62cee8f
Step 27/28 : CMD ["node", "node_modules/next/dist/bin/next", "start"]
 ---> Using cache
 ---> 298b692a4d2e
Step 28/28 : LABEL com.docker.compose.image.builder=classic
 ---> Using cache
 ---> 1ce637bc1f0f
Successfully built 1ce637bc1f0f
Successfully tagged aiea-review4-t6xh-worker:latest
 Image aiea-review4-t6xh-worker Built 
 Image aiea-review4-t6xh-worker Built 
