 Volume aiea-r5d_pgdata Creating 
 Volume aiea-r5d_pgdata Creating 
 Network aiea-r5d_default Creating 
 Network aiea-r5d_default Creating 
 Volume aiea-r5d_pgdata Created 
 Volume aiea-r5d_pgdata Created 
 Network aiea-r5d_default Created 
 Network aiea-r5d_default Created 
 Container aiea-r5d-postgres-1 Creating 
 Container aiea-r5d-postgres-1 Created 
 Container aiea-r5d-worker-1 Creating 
 Container aiea-r5d-web-1 Creating 
 Container aiea-r5d-worker-1 Created 
 Container aiea-r5d-web-1 Created 
 Container aiea-r5d-postgres-1 Starting 
 Container aiea-r5d-postgres-1 Started 
 Container aiea-r5d-postgres-1 Waiting 
 Container aiea-r5d-postgres-1 Waiting 
 Container aiea-r5d-postgres-1 Healthy 
 Container aiea-r5d-postgres-1 Healthy 
 Container aiea-r5d-web-1 Starting 
 Container aiea-r5d-worker-1 Starting 
 Container aiea-r5d-web-1 Started 
 Container aiea-r5d-worker-1 Started 
