 Volume aiea-r5_pgdata Creating 
 Network aiea-r5_default Creating 
 Volume aiea-r5_pgdata Creating 
 Network aiea-r5_default Creating 
 Volume aiea-r5_pgdata Created 
 Volume aiea-r5_pgdata Created 
 Network aiea-r5_default Created 
 Network aiea-r5_default Created 
 Container aiea-r5-postgres-1 Creating 
 Container aiea-r5-postgres-1 Created 
 Container aiea-r5-worker-1 Creating 
 Container aiea-r5-web-1 Creating 
 Container aiea-r5-worker-1 Created 
 Container aiea-r5-web-1 Created 
 Container aiea-r5-postgres-1 Starting 
 Container aiea-r5-postgres-1 Started 
 Container aiea-r5-postgres-1 Waiting 
 Container aiea-r5-postgres-1 Waiting 
 Container aiea-r5-postgres-1 Healthy 
 Container aiea-r5-postgres-1 Healthy 
 Container aiea-r5-web-1 Starting 
 Container aiea-r5-worker-1 Starting 
 Container aiea-r5-web-1 Started 
 Container aiea-r5-worker-1 Started 
